 minst

 Timestamp is 4cfae5df (Sat Dec 04 17:07:43 2010)

 Preferred load address is 10000000

 Start         Length     Name                   Class
 0001:00000000 00001440H .text                   CODE
 0002:00000000 0000007cH .idata$5                DATA
 0002:00000080 00000098H .rdata                  DATA
 0002:00000118 0000006dH .rdata$debug            DATA
 0002:00000190 00000004H .rdata$sxdata           DATA
 0002:00000194 00000004H .rtc$IAA                DATA
 0002:00000198 00000004H .rtc$IZZ                DATA
 0002:0000019c 00000004H .rtc$TAA                DATA
 0002:000001a0 00000004H .rtc$TZZ                DATA
 0002:000001a4 0000003cH .idata$2                DATA
 0002:000001e0 00000014H .idata$3                DATA
 0002:000001f4 0000007cH .idata$4                DATA
 0002:00000270 0000018eH .idata$6                DATA
 0002:00000400 00000069H .edata                  DATA
 0003:00000000 00000004H .CRT$XCA                DATA
 0003:00000004 00000004H .CRT$XCZ                DATA
 0003:00000008 00000004H .CRT$XIA                DATA
 0003:0000000c 00000004H .CRT$XIZ                DATA
 0003:00000010 00000680H .data                   DATA
 0003:00000690 00000034H .bss                    DATA
 0004:00000000 00000058H .rsrc$01                DATA
 0004:00000060 00000358H .rsrc$02                DATA

  Address         Publics by Value              Rva+Base     Lib:Object

 0000:00000001       ___safe_se_handler_count   00000001     <absolute>
 0001:00000000       _Agent_OnLoad@12           10001000 f   minst.obj
 0001:000009b0       _Agent_OnUnload@4          100019b0 f   minst.obj
 0001:00000a10       _stdout_message            10001a10 f   agent_util.obj
 0001:00000a40       _fatal_error               10001a40 f   agent_util.obj
 0001:00000a90       _get_token                 10001a90 f   agent_util.obj
 0001:00000b20       _interested                10001b20 f   agent_util.obj
 0001:00000d70       _check_jvmti_error         10001d70 f   agent_util.obj
 0001:00000df0       _deallocate                10001df0 f   agent_util.obj
 0001:00000e30       _allocate                  10001e30 f   agent_util.obj
 0001:00000e70       _add_demo_jar_to_bootclasspath 10001e70 f   agent_util.obj
 0001:00001128       _java_crw_demo@76          10002128 f   java_crw_demo:java_crw_demo.dll
 0001:0000112e       _java_crw_demo_classname@12 1000212e f   java_crw_demo:java_crw_demo.dll
 0001:00001134       _memset                    10002134 f   MSVCRT:MSVCR71.dll
 0001:0000113a       _memcpy                    1000213a f   MSVCRT:MSVCR71.dll
 0001:00001140       _strcmp                    10002140 f   MSVCRT:MSVCR71.dll
 0001:00001146       _strlen                    10002146 f   MSVCRT:MSVCR71.dll
 0001:0000114c       _strcat                    1000214c f   MSVCRT:MSVCR71.dll
 0001:00001152       _strcpy                    10002152 f   MSVCRT:MSVCR71.dll
 0001:00001158       __CRT_INIT@12              10002158 f   MSVCRT:crtdll.obj
 0001:00001216       __DllMainCRTStartup@12     10002216 f   MSVCRT:crtdll.obj
 0001:000012fa       __initterm                 100022fa f   MSVCRT:MSVCR71.dll
 0001:00001300       __onexit                   10002300 f   MSVCRT:atonexit.obj
 0001:00001326       _atexit                    10002326 f   MSVCRT:atonexit.obj
 0001:00001338       __RTC_Initialize           10002338 f   MSVCRT:initsect.obj
 0001:0000137c       __RTC_Terminate            1000237c f   MSVCRT:initsect.obj
 0001:000013c0       ___CppXcptFilter           100023c0 f   MSVCRT:MSVCR71.dll
 0001:000013c6       _DllMain@12                100023c6 f   MSVCRT:dllmain.obj
 0001:000013e8       __SEH_prolog               100023e8 f   MSVCRT:sehprolg.obj
 0001:00001423       __SEH_epilog               10002423 f   MSVCRT:sehprolg.obj
 0001:00001434       __except_handler3          10002434 f   MSVCRT:MSVCR71.dll
 0001:0000143a       ___dllonexit               1000243a f   MSVCRT:MSVCR71.dll
 0002:00000000       __imp__DisableThreadLibraryCalls@4 10003000     kernel32:KERNEL32.dll
 0002:00000004       \177KERNEL32_NULL_THUNK_DATA 10003004     kernel32:KERNEL32.dll
 0002:00000008       __imp__strcspn             10003008     MSVCRT:MSVCR71.dll
 0002:0000000c       __imp__memset              1000300c     MSVCRT:MSVCR71.dll
 0002:00000010       __imp__free                10003010     MSVCRT:MSVCR71.dll
 0002:00000014       __imp__memcpy              10003014     MSVCRT:MSVCR71.dll
 0002:00000018       __imp__strcmp              10003018     MSVCRT:MSVCR71.dll
 0002:0000001c       __imp__realloc             1000301c     MSVCRT:MSVCR71.dll
 0002:00000020       __imp__strlen              10003020     MSVCRT:MSVCR71.dll
 0002:00000024       __imp__calloc              10003024     MSVCRT:MSVCR71.dll
 0002:00000028       __imp__exit                10003028     MSVCRT:MSVCR71.dll
 0002:0000002c       __imp__vfprintf            1000302c     MSVCRT:MSVCR71.dll
 0002:00000030       __imp___iob                10003030     MSVCRT:MSVCR71.dll
 0002:00000034       __imp__fflush              10003034     MSVCRT:MSVCR71.dll
 0002:00000038       __imp__strncpy             10003038     MSVCRT:MSVCR71.dll
 0002:0000003c       __imp__strdup              1000303c     MSVCRT:MSVCR71.dll
 0002:0000003c       __imp___strdup             1000303c     MSVCRT:MSVCR71.dll
 0002:00000040       __imp__strspn              10003040     MSVCRT:MSVCR71.dll
 0002:00000044       __imp__strncmp             10003044     MSVCRT:MSVCR71.dll
 0002:00000048       __imp__strcat              10003048     MSVCRT:MSVCR71.dll
 0002:0000004c       __imp__strcpy              1000304c     MSVCRT:MSVCR71.dll
 0002:00000050       __imp___initterm           10003050     MSVCRT:MSVCR71.dll
 0002:00000054       __imp__malloc              10003054     MSVCRT:MSVCR71.dll
 0002:00000058       __imp___adjust_fdiv        10003058     MSVCRT:MSVCR71.dll
 0002:0000005c       __imp____CppXcptFilter     1000305c     MSVCRT:MSVCR71.dll
 0002:00000060       __imp___except_handler3    10003060     MSVCRT:MSVCR71.dll
 0002:00000064       __imp____dllonexit         10003064     MSVCRT:MSVCR71.dll
 0002:00000068       __imp___onexit             10003068     MSVCRT:MSVCR71.dll
 0002:0000006c       \177MSVCR71_NULL_THUNK_DATA 1000306c     MSVCRT:MSVCR71.dll
 0002:00000070       __imp__java_crw_demo_classname@12 10003070     java_crw_demo:java_crw_demo.dll
 0002:00000074       __imp__java_crw_demo@76    10003074     java_crw_demo:java_crw_demo.dll
 0002:00000078       \177java_crw_demo_NULL_THUNK_DATA 10003078     java_crw_demo:java_crw_demo.dll
 0002:000000d0       __load_config_used         100030d0     MSVCRT:loadcfg.obj
 0002:00000190       ___safe_se_handler_table   10003190     <linker-defined>
 0002:00000194       ___rtc_iaa                 10003194     MSVCRT:initsect.obj
 0002:00000198       ___rtc_izz                 10003198     MSVCRT:initsect.obj
 0002:0000019c       ___rtc_taa                 1000319c     MSVCRT:initsect.obj
 0002:000001a0       ___rtc_tzz                 100031a0     MSVCRT:initsect.obj
 0002:000001a4       __IMPORT_DESCRIPTOR_java_crw_demo 100031a4     java_crw_demo:java_crw_demo.dll
 0002:000001b8       __IMPORT_DESCRIPTOR_MSVCR71 100031b8     MSVCRT:MSVCR71.dll
 0002:000001cc       __IMPORT_DESCRIPTOR_KERNEL32 100031cc     kernel32:KERNEL32.dll
 0002:000001e0       __NULL_IMPORT_DESCRIPTOR   100031e0     java_crw_demo:java_crw_demo.dll
 0003:00000000       ___xc_a                    10004000     MSVCRT:cinitexe.obj
 0003:00000004       ___xc_z                    10004004     MSVCRT:cinitexe.obj
 0003:00000008       ___xi_a                    10004008     MSVCRT:cinitexe.obj
 0003:0000000c       ___xi_z                    1000400c     MSVCRT:cinitexe.obj
 0003:0000068c       ___security_cookie         1000468c     MSVCRT:seccook.obj
 0003:000006b4       __adjust_fdiv              100046b4     <common>
 0003:000006b8       ___onexitend               100046b8     <common>
 0003:000006bc       ___onexitbegin             100046bc     <common>
 0003:000006c0       __pRawDllMain              100046c0     <common>

 entry point at        0001:00001216

 Static symbols

 0001:00000270       _cbVMStart@8               10001270 f   minst.obj
 0001:000002a0       _enter_critical_section    100012a0 f   minst.obj
 0001:000002e0       _exit_critical_section     100012e0 f   minst.obj
 0001:00000320       _cbVMInit@12               10001320 f   minst.obj
 0001:000003d0       _cbVMDeath@8               100013d0 f   minst.obj
 0001:00000490       _cbClassFileLoadHook@40    10001490 f   minst.obj
 0001:00000660       _parse_agent_options       10001660 f   minst.obj
 0001:00000b90       _covered_by_list           10001b90 f   agent_util.obj
 0001:00000c30       _covered_by_list_item      10001c30 f   agent_util.obj
