 jqs_plugin

 Timestamp is 4cfaee69 (Sat Dec 04 17:44:09 2010)

 Preferred load address is 10000000

 Start         Length     Name                   Class
 0001:00000000 00017d77H .text                   CODE
 0001:00017d80 00000776H .text$x                 CODE
 0001:00018500 000002b1H .text$yc                CODE
 0001:000187c0 000001a4H .text$yd                CODE
 0002:00000000 00000290H .idata$5                DATA
 0002:00000290 00004238H .rdata                  DATA
 0002:000044c8 0000006cH .rdata$debug            DATA
 0002:00004534 0000013cH .rdata$r                DATA
 0002:00004670 00000004H .rtc$IAA                DATA
 0002:00004674 00000020H .rtc$IMZ                DATA
 0002:00004694 00000004H .rtc$IZZ                DATA
 0002:00004698 00000004H .rtc$TAA                DATA
 0002:0000469c 00000020H .rtc$TMZ                DATA
 0002:000046bc 00000004H .rtc$TZZ                DATA
 0002:000046c0 00000e2cH .xdata$x                DATA
 0002:000054ec 00000004H ATL$__a                 DATA
 0002:000054f0 00000004H ATL$__m                 DATA
 0002:000054f4 00000004H ATL$__z                 DATA
 0002:000054f8 000000a0H .idata$2                DATA
 0002:00005598 00000014H .idata$3                DATA
 0002:000055ac 00000290H .idata$4                DATA
 0002:0000583c 0000090eH .idata$6                DATA
 0002:00006150 000000a7H .edata                  DATA
 0003:00000000 00000004H .CRT$XCA                DATA
 0003:00000004 00000004H .CRT$XCAA               DATA
 0003:00000008 00000008H .CRT$XCL                DATA
 0003:00000010 00000034H .CRT$XCU                DATA
 0003:00000044 00000004H .CRT$XCZ                DATA
 0003:00000048 00000004H .CRT$XIA                DATA
 0003:0000004c 00000004H .CRT$XIZ                DATA
 0003:00000050 00000918H .data                   DATA
 0003:00000968 0000034cH .bss                    DATA
 0004:00000000 00000184H .rsrc$01                DATA
 0004:00000190 00000fe8H .rsrc$02                DATA

  Address         Publics by Value              Rva+Base     Lib:Object

 0000:00000000       ___safe_se_handler_table   00000000     <absolute>
 0000:00000000       ___safe_se_handler_count   00000000     <absolute>
 0000:00000000       __except_list              00000000     <absolute>
 0000:00009876       __fltused                  00009876     <absolute>
 0000:00009876       __ldused                   00009876     <absolute>
 0000:00000000       ___ImageBase               10000000     <linker-defined>
 0001:00000000       ?roundUp@@YAIII@Z          10001000 f   utils.obj
 0001:00000040       ?roundUp64@@YA_K_KI@Z      10001040 f   utils.obj
 0001:000000b0       ?roundDown64@@YA_K_KI@Z    100010b0 f   utils.obj
 0001:00000110       ?trim@@YA?AV?$basic_string@DU?$char_traits@D@std@@V?$allocator@D@2@@std@@ABV12@@Z 10001110 f   utils.obj
 0001:00000200       ?tolowercase@@YA?AV?$basic_string@DU?$char_traits@D@std@@V?$allocator@D@2@@std@@ABV12@@Z 10001200 f   utils.obj
 0001:00000330       ?getline@@YA_NPAU_iobuf@@AAV?$basic_string@DU?$char_traits@D@std@@V?$allocator@D@2@@std@@@Z 10001330 f   utils.obj
 0001:00000450       ??0?$basic_string@DU?$char_traits@D@std@@V?$allocator@D@2@@std@@QAE@ABV01@@Z 10001450 f i utils.obj
 0001:000004c0       ??0?$basic_string@DU?$char_traits@D@std@@V?$allocator@D@2@@std@@QAE@PBD@Z 100014c0 f i utils.obj
 0001:00000530       ??1?$basic_string@DU?$char_traits@D@std@@V?$allocator@D@2@@std@@QAE@XZ 10001530 f i utils.obj
 0001:00000580       ??Y?$basic_string@DU?$char_traits@D@std@@V?$allocator@D@2@@std@@QAEAAV01@PBD@Z 10001580 f i utils.obj
 0001:000005d0       ?erase@?$basic_string@DU?$char_traits@D@std@@V?$allocator@D@2@@std@@QAEAAV12@II@Z 100015d0 f i utils.obj
 0001:00000690       ?move@?$char_traits@D@std@@SAPADPADPBDI@Z 10001690 f i utils.obj
 0001:000006e0       ?clear@?$basic_string@DU?$char_traits@D@std@@V?$allocator@D@2@@std@@QAEXXZ 100016e0 f i utils.obj
 0001:00000750       ??A?$basic_string@DU?$char_traits@D@std@@V?$allocator@D@2@@std@@QAEAADI@Z 10001750 f i utils.obj
 0001:000007a0       ?length@?$basic_string@DU?$char_traits@D@std@@V?$allocator@D@2@@std@@QBEIXZ 100017a0 f i utils.obj
 0001:000007d0       ?find_first_not_of@?$basic_string@DU?$char_traits@D@std@@V?$allocator@D@2@@std@@QBEIPBDI@Z 100017d0 f i utils.obj
 0001:00000830       ?length@?$char_traits@D@std@@SAIPBD@Z 10001830 f i utils.obj
 0001:00000870       ?find_last_not_of@?$basic_string@DU?$char_traits@D@std@@V?$allocator@D@2@@std@@QBEIPBDI@Z 10001870 f i utils.obj
 0001:000008d0       ?substr@?$basic_string@DU?$char_traits@D@std@@V?$allocator@D@2@@std@@QBE?AV12@II@Z 100018d0 f i utils.obj
 0001:00000940       ??0?$basic_string@DU?$char_traits@D@std@@V?$allocator@D@2@@std@@QAE@ABV01@II@Z 10001940 f i utils.obj
 0001:000009b0       ?append@?$basic_string@DU?$char_traits@D@std@@V?$allocator@D@2@@std@@QAEAAV12@PBD@Z 100019b0 f i utils.obj
 0001:00000a10       ?assign@?$basic_string@DU?$char_traits@D@std@@V?$allocator@D@2@@std@@QAEAAV12@ABV12@II@Z 10001a10 f i utils.obj
 0001:00000af0       ?copy@?$char_traits@D@std@@SAPADPADPBDI@Z 10001af0 f i utils.obj
 0001:00000b40       ?size@?$basic_string@DU?$char_traits@D@std@@V?$allocator@D@2@@std@@QBEIXZ 10001b40 f i utils.obj
 0001:00000b70       ?assign@?$basic_string@DU?$char_traits@D@std@@V?$allocator@D@2@@std@@QAEAAV12@PBD@Z 10001b70 f i utils.obj
 0001:00000bd0       ?erase@?$basic_string@DU?$char_traits@D@std@@V?$allocator@D@2@@std@@QAE?AViterator@12@V312@0@Z 10001bd0 f i utils.obj
 0001:00000c90       ?begin@?$basic_string@DU?$char_traits@D@std@@V?$allocator@D@2@@std@@QAE?AViterator@12@XZ 10001c90 f i utils.obj
 0001:00000ce0       ?end@?$basic_string@DU?$char_traits@D@std@@V?$allocator@D@2@@std@@QAE?AViterator@12@XZ 10001ce0 f i utils.obj
 0001:00000d40       ?find_first_not_of@?$basic_string@DU?$char_traits@D@std@@V?$allocator@D@2@@std@@QBEIPBDII@Z 10001d40 f i utils.obj
 0001:00000df0       ?find@?$char_traits@D@std@@SAPBDPBDIABD@Z 10001df0 f i utils.obj
 0001:00000e50       ?find_last_not_of@?$basic_string@DU?$char_traits@D@std@@V?$allocator@D@2@@std@@QBEIPBDII@Z 10001e50 f i utils.obj
 0001:00000f20       ?_Eos@?$basic_string@DU?$char_traits@D@std@@V?$allocator@D@2@@std@@IAEXI@Z 10001f20 f i utils.obj
 0001:00000f90       ?assign@?$char_traits@D@std@@SAXAADABD@Z 10001f90 f i utils.obj
 0001:00000fc0       ?_Tidy@?$basic_string@DU?$char_traits@D@std@@V?$allocator@D@2@@std@@IAEX_NI@Z 10001fc0 f i utils.obj
 0001:00001060       ?_Myptr@?$basic_string@DU?$char_traits@D@std@@V?$allocator@D@2@@std@@QAEPADXZ 10002060 f i utils.obj
 0001:000010c0       ?_Myptr@?$basic_string@DU?$char_traits@D@std@@V?$allocator@D@2@@std@@QBEPBDXZ 100020c0 f i utils.obj
 0001:00001120       ??0?$_String_val@DV?$allocator@D@std@@@std@@IAE@V?$allocator@D@1@@Z 10002120 f i utils.obj
 0001:00001170       ??0?$allocator@D@std@@QAE@XZ 10002170 f i utils.obj
 0001:000011a0       ??0?$allocator@D@std@@QAE@ABV01@@Z 100021a0 f i utils.obj
 0001:000011d0       ?deallocate@?$allocator@D@std@@QAEXPADI@Z 100021d0 f i utils.obj
 0001:00001220       ?append@?$basic_string@DU?$char_traits@D@std@@V?$allocator@D@2@@std@@QAEAAV12@PBDI@Z 10002220 f i utils.obj
 0001:00001300       ?assign@?$basic_string@DU?$char_traits@D@std@@V?$allocator@D@2@@std@@QAEAAV12@PBDI@Z 10002300 f i utils.obj
 0001:000013b0       ?_Grow@?$basic_string@DU?$char_traits@D@std@@V?$allocator@D@2@@std@@IAE_NI_N@Z 100023b0 f i utils.obj
 0001:00001480       ?_Pdif@?$basic_string@DU?$char_traits@D@std@@V?$allocator@D@2@@std@@KAIVconst_iterator@12@0@Z 10002480 f i utils.obj
 0001:000014e0       ??0iterator@?$basic_string@DU?$char_traits@D@std@@V?$allocator@D@2@@std@@QAE@PAD@Z 100024e0 f i utils.obj
 0001:00001530       ?append@?$basic_string@DU?$char_traits@D@std@@V?$allocator@D@2@@std@@QAEAAV12@ABV12@II@Z 10002530 f i utils.obj
 0001:00001610       ?max_size@?$basic_string@DU?$char_traits@D@std@@V?$allocator@D@2@@std@@QBEIXZ 10002610 f i utils.obj
 0001:00001680       ?_Copy@?$basic_string@DU?$char_traits@D@std@@V?$allocator@D@2@@std@@IAEXII@Z 10002680 f i utils.obj
 0001:00001810       ?allocate@?$allocator@D@std@@QAEPADI@Z 10002810 f i utils.obj
 0001:00001860       ?_Inside@?$basic_string@DU?$char_traits@D@std@@V?$allocator@D@2@@std@@IAE_NPBD@Z 10002860 f i utils.obj
 0001:000018c0       ??0const_iterator@?$basic_string@DU?$char_traits@D@std@@V?$allocator@D@2@@std@@QAE@PBD@Z 100028c0 f i utils.obj
 0001:00001900       ??Gconst_iterator@?$basic_string@DU?$char_traits@D@std@@V?$allocator@D@2@@std@@QBEHABV012@@Z 10002900 f i utils.obj
 0001:00001940       ?max_size@?$allocator@D@std@@QBEIXZ 10002940 f i utils.obj
 0001:000019a0       ??$_Allocate@D@std@@YAPADIPAD@Z 100029a0 f i utils.obj
 0001:000019e0       ??0?$basic_string@DU?$char_traits@D@std@@V?$allocator@D@2@@std@@QAE@XZ 100029e0 f i utils.obj
 0001:00001a40       ??0id@locale@std@@QAE@I@Z  10002a40 f i utils.obj
 0001:00001a80       ??0Thread@@QAE@XZ          10002a80 f   thread.obj
 0001:00001ac0       ??_EThread@@UAEPAXI@Z      10002ac0 f i thread.obj
 0001:00001ac0       ??_GThread@@UAEPAXI@Z      10002ac0 f i thread.obj
 0001:00001b20       ??1Thread@@UAE@XZ          10002b20 f   thread.obj
 0001:00001b90       ?start@Thread@@UAE_NXZ     10002b90 f   thread.obj
 0001:00001d60       ?waitToFinish@Thread@@QAEXXZ 10002d60 f   thread.obj
 0001:00001de0       ?initSocketLibrary@@YAXXZ  10002de0 f   sockets.obj
 0001:00001e90       ?cleanupSocketLibrary@@YAXXZ 10002e90 f   sockets.obj
 0001:00001ee0       ??0SocketEvent@@QAE@XZ     10002ee0 f   sockets.obj
 0001:00001f70       ??0SocketException@@QAE@PBD@Z 10002f70 f i sockets.obj
 0001:00001fd0       ??1SocketException@@QAE@XZ 10002fd0 f i sockets.obj
 0001:00002010       ??_ESocketEvent@@UAEPAXI@Z 10003010 f i sockets.obj
 0001:00002010       ??_GSocketEvent@@UAEPAXI@Z 10003010 f i sockets.obj
 0001:00002070       ??0SocketException@@QAE@ABV0@@Z 10003070 f i sockets.obj
 0001:000020d0       ??1SocketEvent@@UAE@XZ     100030d0 f   sockets.obj
 0001:00002130       ?getEvent@SocketEvent@@QBEPAXXZ 10003130 f   sockets.obj
 0001:00002160       ?wait@SocketEvent@@QAEXI@Z 10003160 f   sockets.obj
 0001:00002280       ??0TimeoutException@@QAE@XZ 10003280 f i sockets.obj
 0001:000022d0       ??1TimeoutException@@QAE@XZ 100032d0 f i sockets.obj
 0001:00002310       ??0TimeoutException@@QAE@ABV0@@Z 10003310 f i sockets.obj
 0001:00002360       ?reset@SocketEvent@@QAEXXZ 10003360 f   sockets.obj
 0001:000023e0       ?signal@SocketEvent@@QAEXXZ 100033e0 f   sockets.obj
 0001:00002460       ??0Socket@@QAE@XZ          10003460 f   sockets.obj
 0001:00002540       ??_ESocket@@UAEPAXI@Z      10003540 f i sockets.obj
 0001:00002540       ??_GSocket@@UAEPAXI@Z      10003540 f i sockets.obj
 0001:000025a0       ??0Socket@@QAE@I@Z         100035a0 f   sockets.obj
 0001:00002670       ??1Socket@@UAE@XZ          10003670 f   sockets.obj
 0001:000026e0       ?bind@Socket@@QAEXPAUsockaddr_in@@@Z 100036e0 f   sockets.obj
 0001:000027a0       ??0AddressAlreadyInUseException@@QAE@XZ 100037a0 f i sockets.obj
 0001:000027f0       ??0SocketException@@QAE@XZ 100037f0 f i sockets.obj
 0001:00002840       ??1AddressAlreadyInUseException@@QAE@XZ 10003840 f i sockets.obj
 0001:00002880       ??0AddressAlreadyInUseException@@QAE@ABV0@@Z 10003880 f i sockets.obj
 0001:000028d0       ?listen@Socket@@QAEXXZ     100038d0 f   sockets.obj
 0001:00002950       ?accept@Socket@@QAEPAVConnection@@XZ 10003950 f   sockets.obj
 0001:00002b40       ?connect@Socket@@QAEXPAUsockaddr_in@@@Z 10003b40 f   sockets.obj
 0001:00002c00       ??0ConnectionRefusedException@@QAE@XZ 10003c00 f i sockets.obj
 0001:00002c50       ??1ConnectionRefusedException@@QAE@XZ 10003c50 f i sockets.obj
 0001:00002c90       ??0ConnectionRefusedException@@QAE@ABV0@@Z 10003c90 f i sockets.obj
 0001:00002ce0       ?send@Socket@@QAEXPBDH@Z   10003ce0 f   sockets.obj
 0001:00002d90       ?recv@Socket@@QAEHPADH@Z   10003d90 f   sockets.obj
 0001:00002e70       ??0SocketClosedException@@QAE@XZ 10003e70 f i sockets.obj
 0001:00002ec0       ??1SocketClosedException@@QAE@XZ 10003ec0 f i sockets.obj
 0001:00002f00       ??0SocketClosedException@@QAE@ABV0@@Z 10003f00 f i sockets.obj
 0001:00002f50       ?getLocalAddress@Socket@@QAEXPAUsockaddr_in@@@Z 10003f50 f   sockets.obj
 0001:00003010       ?select@Socket@@QAE_NW4socket_status@1@@Z 10004010 f   sockets.obj
 0001:00003060       ?select@Socket@@QAE_NW4socket_status@1@H@Z 10004060 f   sockets.obj
 0001:00003240       ?eventSelect@Socket@@QAEXJ@Z 10004240 f   sockets.obj
 0001:000032d0       ?setTimeout@Socket@@QAEXH@Z 100042d0 f   sockets.obj
 0001:00003310       ?wait@Socket@@QAEXH@Z      10004310 f   sockets.obj
 0001:000033b0       ??0InterruptedException@@QAE@XZ 100043b0 f i sockets.obj
 0001:00003400       ??1InterruptedException@@QAE@XZ 10004400 f i sockets.obj
 0001:00003440       ??0InterruptedException@@QAE@ABV0@@Z 10004440 f i sockets.obj
 0001:00003490       ?interrupt@Socket@@QAEXXZ  10004490 f   sockets.obj
 0001:000034e0       ??0Connection@@QAE@H@Z     100044e0 f   sockets.obj
 0001:000035e0       ??_EConnection@@UAEPAXI@Z  100045e0 f i sockets.obj
 0001:000035e0       ??_GConnection@@UAEPAXI@Z  100045e0 f i sockets.obj
 0001:00003640       ??1Connection@@UAE@XZ      10004640 f i sockets.obj
 0001:00003690       ??0Connection@@QAE@I@Z     10004690 f   sockets.obj
 0001:00003720       ?sendMessage@Connection@@QAEXABV?$vector@DV?$allocator@D@std@@@std@@@Z 10004720 f   sockets.obj
 0001:00003780       ?receiveMessage@Connection@@QAEXAAV?$vector@DV?$allocator@D@std@@@std@@@Z 10004780 f   sockets.obj
 0001:000038b0       ??0ServerSocket@@QAE@H@Z   100048b0 f   sockets.obj
 0001:000039c0       ??_GServerSocket@@UAEPAXI@Z 100049c0 f i sockets.obj
 0001:000039c0       ??_EServerSocket@@UAEPAXI@Z 100049c0 f i sockets.obj
 0001:00003a20       ??1ServerSocket@@UAE@XZ    10004a20 f i sockets.obj
 0001:00003a70       ??0?$vector@DV?$allocator@D@std@@@std@@QAE@I@Z 10004a70 f i sockets.obj
 0001:00003ae0       ??1?$vector@DV?$allocator@D@std@@@std@@QAE@XZ 10004ae0 f i sockets.obj
 0001:00003b20       ?begin@?$vector@DV?$allocator@D@std@@@std@@QAE?AViterator@12@XZ 10004b20 f i sockets.obj
 0001:00003b70       ?end@?$vector@DV?$allocator@D@std@@@std@@QAE?AViterator@12@XZ 10004b70 f i sockets.obj
 0001:00003bc0       ?size@?$vector@DV?$allocator@D@std@@@std@@QBEIXZ 10004bc0 f i sockets.obj
 0001:00003c20       ??A?$vector@DV?$allocator@D@std@@@std@@QBEABDI@Z 10004c20 f i sockets.obj
 0001:00003c90       ??A?$vector@DV?$allocator@D@std@@@std@@QAEAADI@Z 10004c90 f i sockets.obj
 0001:00003d00       ??Hiterator@?$vector@DV?$allocator@D@std@@@std@@QBE?AV012@H@Z 10004d00 f i sockets.obj
 0001:00003d90       ?_Construct_n@?$vector@DV?$allocator@D@std@@@std@@QAEXIABD@Z 10004d90 f i sockets.obj
 0001:00003e50       ?begin@?$vector@DV?$allocator@D@std@@@std@@QBE?AVconst_iterator@12@XZ 10004e50 f i sockets.obj
 0001:00003ea0       ?_Tidy@?$vector@DV?$allocator@D@std@@@std@@IAEXXZ 10004ea0 f i sockets.obj
 0001:00003f30       ??0?$_Vector_val@DV?$allocator@D@std@@@std@@IAE@V?$allocator@D@1@@Z 10004f30 f i sockets.obj
 0001:00003f80       ??0iterator@?$vector@DV?$allocator@D@std@@@std@@QAE@PAD@Z 10004f80 f i sockets.obj
 0001:00003fd0       ??Diterator@?$vector@DV?$allocator@D@std@@@std@@QBEAADXZ 10004fd0 f i sockets.obj
 0001:00004010       ??Yiterator@?$vector@DV?$allocator@D@std@@@std@@QAEAAV012@H@Z 10005010 f i sockets.obj
 0001:00004050       ??Dconst_iterator@?$vector@DV?$allocator@D@std@@@std@@QBEABDXZ 10005050 f i sockets.obj
 0001:00004080       ??Hconst_iterator@?$vector@DV?$allocator@D@std@@@std@@QBE?AV012@H@Z 10005080 f i sockets.obj
 0001:00004110       ?_Buy@?$vector@DV?$allocator@D@std@@@std@@IAE_NI@Z 10005110 f i sockets.obj
 0001:000041c0       ?_Destroy@?$vector@DV?$allocator@D@std@@@std@@IAEXPAD0@Z 100051c0 f i sockets.obj
 0001:00004210       ?_Ufill@?$vector@DV?$allocator@D@std@@@std@@IAEPADPADIABD@Z 10005210 f i sockets.obj
 0001:00004270       ??0const_iterator@?$vector@DV?$allocator@D@std@@@std@@QAE@PAD@Z 10005270 f i sockets.obj
 0001:000042b0       ??Yconst_iterator@?$vector@DV?$allocator@D@std@@@std@@QAEAAV012@H@Z 100052b0 f i sockets.obj
 0001:000042f0       ?max_size@?$vector@DV?$allocator@D@std@@@std@@QBEIXZ 100052f0 f i sockets.obj
 0001:00004330       ?_Xlen@?$vector@DV?$allocator@D@std@@@std@@IBEXXZ 10005330 f i sockets.obj
 0001:000043c0       ??0length_error@std@@QAE@ABV?$basic_string@DU?$char_traits@D@std@@V?$allocator@D@2@@1@@Z 100053c0 f i sockets.obj
 0001:00004420       ??0logic_error@std@@QAE@ABV?$basic_string@DU?$char_traits@D@std@@V?$allocator@D@2@@1@@Z 10005420 f i sockets.obj
 0001:000044c0       ?what@logic_error@std@@UBEPBDXZ 100054c0 f i sockets.obj
 0001:00004510       ??_Glogic_error@std@@UAEPAXI@Z 10005510 f i sockets.obj
 0001:00004510       ??_Elogic_error@std@@UAEPAXI@Z 10005510 f i sockets.obj
 0001:00004570       ??1logic_error@std@@UAE@XZ 10005570 f i sockets.obj
 0001:00004600       ??1length_error@std@@UAE@XZ 10005600 f i sockets.obj
 0001:00004650       ??_Elength_error@std@@UAEPAXI@Z 10005650 f i sockets.obj
 0001:00004650       ??_Glength_error@std@@UAEPAXI@Z 10005650 f i sockets.obj
 0001:000046b0       ?c_str@?$basic_string@DU?$char_traits@D@std@@V?$allocator@D@2@@std@@QBEPBDXZ 100056b0 f i sockets.obj
 0001:000046f0       ??0length_error@std@@QAE@ABV01@@Z 100056f0 f i sockets.obj
 0001:00004750       ??0logic_error@std@@QAE@ABV01@@Z 10005750 f i sockets.obj
 0001:000047f0       ??$insert@Viterator@?$vector@DV?$allocator@D@std@@@std@@@?$vector@DV?$allocator@D@std@@@std@@QAEXViterator@01@00@Z 100057f0 f i sockets.obj
 0001:00004860       ??$_Destroy_range@DV?$allocator@D@std@@@std@@YAXPAD0AAV?$allocator@D@0@@Z 10005860 f i sockets.obj
 0001:000048d0       ?_Ptr_cat@std@@YA?AU_Scalar_ptr_iterator_tag@1@PAD0@Z 100058d0 f i sockets.obj
 0001:00004930       ??$_Uninitialized_fill_n@PADIDV?$allocator@D@std@@@std@@YAXPADIABDAAV?$allocator@D@0@@Z 10005930 f i sockets.obj
 0001:000049a0       ??$_Iter_cat@Viterator@?$vector@DV?$allocator@D@std@@@std@@@std@@YA?AUrandom_access_iterator_tag@0@ABViterator@?$vector@DV?$allocator@D@std@@@0@@Z 100059a0 f i sockets.obj
 0001:00004a00       ??$_Insert@Viterator@?$vector@DV?$allocator@D@std@@@std@@@?$vector@DV?$allocator@D@std@@@std@@QAEXViterator@01@00Uforward_iterator_tag@1@@Z 10005a00 f i sockets.obj
 0001:00004db0       ??$_Destroy_range@DV?$allocator@D@std@@@std@@YAXPAD0AAV?$allocator@D@0@U_Scalar_ptr_iterator_tag@0@@Z 10005db0 f i sockets.obj
 0001:00004de0       ??$_Uninit_fill_n@DID@std@@YAXPADIABDAAV?$allocator@D@0@U_Scalar_ptr_iterator_tag@0@@Z 10005de0 f i sockets.obj
 0001:00004e30       ?capacity@?$vector@DV?$allocator@D@std@@@std@@QBEIXZ 10005e30 f i sockets.obj
 0001:00004e90       ??Giterator@?$vector@DV?$allocator@D@std@@@std@@QBEHABVconst_iterator@12@@Z 10005e90 f i sockets.obj
 0001:00004ef0       ??Gconst_iterator@?$vector@DV?$allocator@D@std@@@std@@QBEHABV012@@Z 10005ef0 f i sockets.obj
 0001:00004f30       ??$_Distance@Viterator@?$vector@DV?$allocator@D@std@@@std@@I@std@@YAXViterator@?$vector@DV?$allocator@D@std@@@0@0AAI@Z 10005f30 f i sockets.obj
 0001:00004f90       ??$_Ucopy@PAD@?$vector@DV?$allocator@D@std@@@std@@IAEPADPAD00@Z 10005f90 f i sockets.obj
 0001:00004ff0       ??$_Ucopy@Viterator@?$vector@DV?$allocator@D@std@@@std@@@?$vector@DV?$allocator@D@std@@@std@@IAEPADViterator@01@0PAD@Z 10005ff0 f i sockets.obj
 0001:00005050       ??$advance@Viterator@?$vector@DV?$allocator@D@std@@@std@@H@std@@YAXAAViterator@?$vector@DV?$allocator@D@std@@@0@H@Z 10006050 f i sockets.obj
 0001:000050b0       ??$copy@Viterator@?$vector@DV?$allocator@D@std@@@std@@PAD@std@@YAPADViterator@?$vector@DV?$allocator@D@std@@@0@0PAD@Z 100060b0 f i sockets.obj
 0001:00005120       ??$copy_backward@PADPAD@std@@YAPADPAD00@Z 10006120 f i sockets.obj
 0001:00005190       ??$fill_n@PADID@std@@YAXPADIABD@Z 10006190 f i sockets.obj
 0001:000051e0       ??$_Distance2@Viterator@?$vector@DV?$allocator@D@std@@@std@@I@std@@YAXViterator@?$vector@DV?$allocator@D@std@@@0@0AAIUrandom_access_iterator_tag@0@@Z 100061e0 f i sockets.obj
 0001:00005230       ??$_Uninitialized_copy@PADPADV?$allocator@D@std@@@std@@YAPADPAD00AAV?$allocator@D@0@@Z 10006230 f i sockets.obj
 0001:000052a0       ??$_Uninitialized_copy@Viterator@?$vector@DV?$allocator@D@std@@@std@@PADV?$allocator@D@3@@std@@YAPADViterator@?$vector@DV?$allocator@D@std@@@0@0PADAAV?$allocator@D@0@@Z 100062a0 f i sockets.obj
 0001:00005310       ??$_Advance@Viterator@?$vector@DV?$allocator@D@std@@@std@@H@std@@YAXAAViterator@?$vector@DV?$allocator@D@std@@@0@HUrandom_access_iterator_tag@0@@Z 10006310 f i sockets.obj
 0001:00005350       ??$_Ptr_cat@Viterator@?$vector@DV?$allocator@D@std@@@std@@PAD@std@@YA?AU_Nonscalar_ptr_iterator_tag@0@AAViterator@?$vector@DV?$allocator@D@std@@@0@AAPAD@Z 10006350 f i sockets.obj
 0001:000053b0       ??$_Copy_opt@Viterator@?$vector@DV?$allocator@D@std@@@std@@PAD@std@@YAPADViterator@?$vector@DV?$allocator@D@std@@@0@0PADU_Nonscalar_ptr_iterator_tag@0@@Z 100063b0 f i sockets.obj
 0001:00005420       ??$_Copy_backward_opt@PADPAD@std@@YAPADPAD00U_Scalar_ptr_iterator_tag@0@@Z 10006420 f i sockets.obj
 0001:00005480       ??Eiterator@?$vector@DV?$allocator@D@std@@@std@@QAEAAV012@XZ 10006480 f i sockets.obj
 0001:000054c0       ??9const_iterator@?$vector@DV?$allocator@D@std@@@std@@QBE_NABV012@@Z 100064c0 f i sockets.obj
 0001:00005510       ??8const_iterator@?$vector@DV?$allocator@D@std@@@std@@QBE_NABV012@@Z 10006510 f i sockets.obj
 0001:00005550       ??$_Uninit_copy@DD@std@@YAPADPAD00AAV?$allocator@D@0@U_Scalar_ptr_iterator_tag@0@@Z 10006550 f i sockets.obj
 0001:000055b0       ??$_Uninit_copy@Viterator@?$vector@DV?$allocator@D@std@@@std@@PADV?$allocator@D@3@@std@@YAPADViterator@?$vector@DV?$allocator@D@std@@@0@0PADAAV?$allocator@D@0@U_Nonscalar_ptr_iterator_tag@0@@Z 100065b0 f i sockets.obj
 0001:000056a0       ?construct@?$allocator@D@std@@QAEXPADABD@Z 100066a0 f i sockets.obj
 0001:000056f0       ?destroy@?$allocator@D@std@@QAEXPAD@Z 100066f0 f i sockets.obj
 0001:00005740       ??$_Destroy@D@std@@YAXPAD@Z 10006740 f i sockets.obj
 0001:00005770       ??$_Construct@DD@std@@YAXPADABD@Z 10006770 f i sockets.obj
 0001:000057f0       ??2@YAPAXIPAX@Z            100067f0 f i sockets.obj
 0001:00005820       ?addEventSource@@YAXXZ     10006820 f   print.obj
 0001:00005a70       ??0RegKeyCloser@@QAE@PAUHKEY__@@@Z 10006a70 f i print.obj
 0001:00005ab0       ??1RegKeyCloser@@QAE@XZ    10006ab0 f i print.obj
 0001:00005b20       ?removeEventSource@@YAXXZ  10006b20 f   print.obj
 0001:00005cb0       ?openLogFile@@YAXABV?$basic_string@DU?$char_traits@D@std@@V?$allocator@D@2@@std@@@Z 10006cb0 f   print.obj
 0001:00005db0       ?jqs_error@@YAXPBDZZ       10006db0 f   print.obj
 0001:00006240       ?jqs_warn@@YAXPBDZZ        10007240 f   print.obj
 0001:00006330       ?jqs_info@@YAXIPBDZZ       10007330 f   print.obj
 0001:00006430       ?empty@?$basic_string@DU?$char_traits@D@std@@V?$allocator@D@2@@std@@QBE_NXZ 10007430 f i print.obj
 0001:00006470       ?jqs_at_exit@@YAXP6AXH@Z@Z 10007470 f   os_utils.obj
 0001:000064e0       ?jqs_exit@@YAXH@Z          100074e0 f   os_utils.obj
 0001:000065a0       ?jqs_exception_filter@@YAHPAU_EXCEPTION_POINTERS@@@Z 100075a0 f   os_utils.obj
 0001:00006680       ?getMyFileName@@YA?AV?$basic_string@DU?$char_traits@D@std@@V?$allocator@D@2@@std@@PAUHINSTANCE__@@@Z 10007680 f   os_utils.obj
 0001:000067c0       ?getFullPath@@YA?AV?$basic_string@DU?$char_traits@D@std@@V?$allocator@D@2@@std@@ABV12@@Z 100077c0 f   os_utils.obj
 0001:00006a30       ?getBaseName@@YA?AV?$basic_string@DU?$char_traits@D@std@@V?$allocator@D@2@@std@@ABV12@@Z 10007a30 f   os_utils.obj
 0001:00006ae0       ?getSatelliteFileName@@YA?AV?$basic_string@DU?$char_traits@D@std@@V?$allocator@D@2@@std@@ABV12@PAUHINSTANCE__@@@Z 10007ae0 f   os_utils.obj
 0001:00006c40       ?convertMappedFileName@@YA?AV?$basic_string@DU?$char_traits@D@std@@V?$allocator@D@2@@std@@ABV12@@Z 10007c40 f   os_utils.obj
 0001:00006f30       ?openDeviceByFileName@@YAPAXPBD@Z 10007f30 f   os_utils.obj
 0001:00007160       ??0PerformanceCountersMonitor@@QAE@XZ 10008160 f   os_utils.obj
 0001:000071e0       ??1PerformanceCountersMonitor@@QAE@XZ 100081e0 f   os_utils.obj
 0001:00007290       ?init@PerformanceCountersMonitor@@QAE_NXZ 10008290 f   os_utils.obj
 0001:00007540       ?collect@PerformanceCountersMonitor@@QAEXXZ 10008540 f   os_utils.obj
 0001:00007770       ?getCounterValue@PerformanceCountersMonitor@@QAENI@Z 10008770 f   os_utils.obj
 0001:000077e0       ?print_process_working_set_size@@YAXPBDPAUworking_set_size@@@Z 100087e0 f   os_utils.obj
 0001:00007840       ?get_process_working_set_size@@YAXPAUworking_set_size@@@Z 10008840 f   os_utils.obj
 0001:00007910       ?set_process_working_set_size@@YAXPAUworking_set_size@@@Z 10008910 f   os_utils.obj
 0001:00007a70       ?convUnicodeToString@@YA?AV?$basic_string@DU?$char_traits@D@std@@V?$allocator@D@2@@std@@PBG@Z 10008a70 f   os_utils.obj
 0001:00007c10       ?isAdmin@@YA_NXZ           10008c10 f   os_utils.obj
 0001:00007f60       ??0HandleCloser@@QAE@PAX@Z 10008f60 f i os_utils.obj
 0001:00007fa0       ??1HandleCloser@@QAE@XZ    10008fa0 f i os_utils.obj
 0001:00008010       ?has_extension@@YA_NABV?$basic_string@DU?$char_traits@D@std@@V?$allocator@D@2@@std@@PAPBD@Z 10009010 f   os_utils.obj
 0001:00008190       ?is_executable@@YA_NABV?$basic_string@DU?$char_traits@D@std@@V?$allocator@D@2@@std@@@Z 10009190 f   os_utils.obj
 0001:000081e0       ?getLocaleString@@YA?AV?$basic_string@DU?$char_traits@D@std@@V?$allocator@D@2@@std@@XZ 100091e0 f   os_utils.obj
 0001:00008310       ?getDefaultPageSize@@YAIXZ 10009310 f   os_utils.obj
 0001:00008380       ?find_last_of@?$basic_string@DU?$char_traits@D@std@@V?$allocator@D@2@@std@@QBEIDI@Z 10009380 f i os_utils.obj
 0001:000083d0       ?resize@?$vector@DV?$allocator@D@std@@@std@@QAEXI@Z 100093d0 f i os_utils.obj
 0001:00008420       ?clear@?$vector@DV?$allocator@D@std@@@std@@QAEXXZ 10009420 f i os_utils.obj
 0001:00008460       ?rfind@?$basic_string@DU?$char_traits@D@std@@V?$allocator@D@2@@std@@QBEIPBDII@Z 10009460 f i os_utils.obj
 0001:00008580       ?eq@?$char_traits@D@std@@SA_NABD0@Z 10009580 f i os_utils.obj
 0001:000085c0       ?compare@?$char_traits@D@std@@SAHPBD0I@Z 100095c0 f i os_utils.obj
 0001:00008610       ?resize@?$vector@DV?$allocator@D@std@@@std@@QAEXID@Z 10009610 f i os_utils.obj
 0001:000086e0       ?erase@?$vector@DV?$allocator@D@std@@@std@@QAE?AViterator@12@V312@0@Z 100096e0 f i os_utils.obj
 0001:00008770       ?_Insert_n@?$vector@DV?$allocator@D@std@@@std@@IAEXViterator@12@IABD@Z 10009770 f i os_utils.obj
 0001:00008ad0       ??$?HDU?$char_traits@D@std@@V?$allocator@D@1@@std@@YA?AV?$basic_string@DU?$char_traits@D@std@@V?$allocator@D@2@@0@ABV10@0@Z 10009ad0 f i os_utils.obj
 0001:00008b90       ??$?8DU?$char_traits@D@std@@V?$allocator@D@1@@std@@YA_NABV?$basic_string@DU?$char_traits@D@std@@V?$allocator@D@2@@0@PBD@Z 10009b90 f i os_utils.obj
 0001:00008be0       ??$copy@PADPAD@std@@YAPADPAD00@Z 10009be0 f i os_utils.obj
 0001:00008c50       ??$fill@PADD@std@@YAXPAD0ABD@Z 10009c50 f i os_utils.obj
 0001:00008ca0       ??Y?$basic_string@DU?$char_traits@D@std@@V?$allocator@D@2@@std@@QAEAAV01@ABV01@@Z 10009ca0 f i os_utils.obj
 0001:00008cf0       ?compare@?$basic_string@DU?$char_traits@D@std@@V?$allocator@D@2@@std@@QBEHPBD@Z 10009cf0 f i os_utils.obj
 0001:00008d50       ?append@?$basic_string@DU?$char_traits@D@std@@V?$allocator@D@2@@std@@QAEAAV12@ABV12@@Z 10009d50 f i os_utils.obj
 0001:00008da0       ?compare@?$basic_string@DU?$char_traits@D@std@@V?$allocator@D@2@@std@@QBEHIIPBDI@Z 10009da0 f i os_utils.obj
 0001:00008eb0       ??$_Copy_opt@PADPAD@std@@YAPADPAD00U_Scalar_ptr_iterator_tag@0@@Z 10009eb0 f i os_utils.obj
 0001:00008f10       ?initOSLayer@@YAXXZ        10009f10 f   os_layer.obj
 0001:00009410       ?cleanupOSLayer@@YAXXZ     1000a410 f   os_layer.obj
 0001:0000a170       ?_AtlGetThreadACPThunk@ATL@@YGIXZ 1000b170 f i jqsiestartdetectorimpl.obj
 0001:0000a250       ?InterlockedExchangePointer@@YGPAXPAPAXPAX@Z 1000b250 f i jqsiestartdetectorimpl.obj
 0001:0000a2a0       ?_AtlGetThreadACPFake@ATL@@YGIXZ 1000b2a0 f i jqsiestartdetectorimpl.obj
 0001:0000a3a0       ?_AtlGetThreadACPReal@ATL@@YGIXZ 1000b3a0 f i jqsiestartdetectorimpl.obj
 0001:0000a3d0       ?ObjectMain@CComObjectRootBase@ATL@@SGX_N@Z 1000b3d0 f i jqsiestartdetectorimpl.obj
 0001:0000a400       ?GetCategoryMap@CComObjectRootBase@ATL@@SAPBU_ATL_CATMAP_ENTRY@2@XZ 1000b400 f i jqsiestartdetectorimpl.obj
 0001:0000a430       ??_Estringdispid@CComTypeInfoHolder@ATL@@QAEPAXI@Z 1000b430 f i jqsiestartdetectorimpl.obj
 0001:0000a4d0       ??1stringdispid@CComTypeInfoHolder@ATL@@QAE@XZ 1000b4d0 f i jqsiestartdetectorimpl.obj
 0001:0000a510       ??1CComBSTR@ATL@@QAE@XZ    1000b510 f i jqsiestartdetectorimpl.obj
 0001:0000a560       ?UpdateRegistry@CJQSIEStartDetectorImpl@@SGJH@Z 1000b560 f i jqsiestartdetectorimpl.obj
 0001:0000a5b0       ?UpdateRegistryFromResourceS@CAtlModule@ATL@@QAGJIHPAU_ATL_REGMAP_ENTRY@2@@Z 1000b5b0 f i jqsiestartdetectorimpl.obj
 0001:0000aa50       ?_AtlVerifyStackAvailable@_ATL_SAFE_ALLOCA_IMPL@ATL@@YA_NK@Z 1000ba50 f i jqsiestartdetectorimpl.obj
 0001:0000ab40       ?_AtlGetConversionACP@ATL@@YGIXZ 1000bb40 f i jqsiestartdetectorimpl.obj
 0001:0000ab90       ?AtlA2WHelper@@YGPAGPAGPBDHI@Z 1000bb90 f i jqsiestartdetectorimpl.obj
 0001:0000ac10       ?ocslen@@YAHPBG@Z          1000bc10 f i jqsiestartdetectorimpl.obj
 0001:0000ac60       ?ocscpy@@YAPAGPAGPBG@Z     1000bc60 f i jqsiestartdetectorimpl.obj
 0001:0000acc0       ?GetModuleInstance@CAtlBaseModule@ATL@@QAEPAUHINSTANCE__@@XZ 1000bcc0 f i jqsiestartdetectorimpl.obj
 0001:0000acf0       ?AtlHresultFromLastError@ATL@@YAJXZ 1000bcf0 f i jqsiestartdetectorimpl.obj
 0001:0000ad70       ?EscapeSingleQuote@CAtlModule@ATL@@SAXPAGPBG@Z 1000bd70 f i jqsiestartdetectorimpl.obj
 0001:0000adf0       ??1CRegObject@ATL@@UAE@XZ  1000bdf0 f i jqsiestartdetectorimpl.obj
 0001:0000ae80       ??1CExpansionVector@ATL@@QAE@XZ 1000be80 f i jqsiestartdetectorimpl.obj
 0001:0000af00       ?ClearReplacements@CExpansionVector@ATL@@QAEJXZ 1000bf00 f i jqsiestartdetectorimpl.obj
 0001:0000afb0       ?QueryInterface@CRegObject@ATL@@UAGJABU_GUID@@PAPAX@Z 1000bfb0 f i jqsiestartdetectorimpl.obj
 0001:0000afe0       ?AddRef@CRegObject@ATL@@UAGKXZ 1000bfe0 f i jqsiestartdetectorimpl.obj
 0001:0000b010       ?Release@CRegObject@ATL@@UAGKXZ 1000c010 f i jqsiestartdetectorimpl.obj
 0001:0000b040       ??_ECRegObject@ATL@@UAEPAXI@Z 1000c040 f i jqsiestartdetectorimpl.obj
 0001:0000b040       ??_GCRegObject@ATL@@UAEPAXI@Z 1000c040 f i jqsiestartdetectorimpl.obj
 0001:0000b0a0       ?AddReplacement@CRegObject@ATL@@UAGJPBG0@Z 1000c0a0 f i jqsiestartdetectorimpl.obj
 0001:0000b280       ?AtlW2AHelper@@YGPADPADPBGHI@Z 1000c280 f i jqsiestartdetectorimpl.obj
 0001:0000b310       ?Lock@CComFakeCriticalSection@ATL@@QAEJXZ 1000c310 f i jqsiestartdetectorimpl.obj
 0001:0000b340       ?Unlock@CComFakeCriticalSection@ATL@@QAEJXZ 1000c340 f i jqsiestartdetectorimpl.obj
 0001:0000b370       ?Add@CExpansionVector@ATL@@QAEHPBDPBG@Z 1000c370 f i jqsiestartdetectorimpl.obj
 0001:0000b580       ?ResourceRegister@CRegObject@ATL@@QAGJPBGI0@Z 1000c580 f i jqsiestartdetectorimpl.obj
 0001:0000b730       ?RegisterFromResource@CRegObject@ATL@@IAEJPBGPBD1H@Z 1000c730 f i jqsiestartdetectorimpl.obj
 0001:0000bac0       ?ResourceUnregister@CRegObject@ATL@@QAGJPBGI0@Z 1000cac0 f i jqsiestartdetectorimpl.obj
 0001:0000bc70       ?ClearReplacements@CRegObject@ATL@@UAGJXZ 1000cc70 f i jqsiestartdetectorimpl.obj
 0001:0000bcd0       ??0CRegParser@ATL@@QAE@PAVCRegObject@1@@Z 1000ccd0 f i jqsiestartdetectorimpl.obj
 0001:0000bd20       ?RegisterBuffer@CRegParser@ATL@@QAEJPADH@Z 1000cd20 f i jqsiestartdetectorimpl.obj
 0001:0000bf70       ?GenerateError@CRegParser@ATL@@IAEJI@Z 1000cf70 f i jqsiestartdetectorimpl.obj
 0001:0000bfb0       ?HKeyFromString@CRegParser@ATL@@KAPAUHKEY__@@PAD@Z 1000cfb0 f i jqsiestartdetectorimpl.obj
 0001:0000c030       ?SkipWhiteSpace@CRegParser@ATL@@IAEXXZ 1000d030 f i jqsiestartdetectorimpl.obj
 0001:0000c0a0       ?IsSpace@CRegParser@ATL@@IAEHD@Z 1000d0a0 f i jqsiestartdetectorimpl.obj
 0001:0000c130       ?NextToken@CRegParser@ATL@@IAEJPAD@Z 1000d130 f i jqsiestartdetectorimpl.obj
 0001:0000c380       ?EndOfVar@CRegParser@ATL@@IAEHXZ 1000d380 f i jqsiestartdetectorimpl.obj
 0001:0000c400       ?PreProcessBuffer@CRegParser@ATL@@QAEJPADPAPAD@Z 1000d400 f i jqsiestartdetectorimpl.obj
 0001:0000c6f0       ??0CParseBuffer@CRegParser@ATL@@QAE@H@Z 1000d6f0 f i jqsiestartdetectorimpl.obj
 0001:0000c780       ??1CParseBuffer@CRegParser@ATL@@QAE@XZ 1000d780 f i jqsiestartdetectorimpl.obj
 0001:0000c7d0       ?AddChar@CParseBuffer@CRegParser@ATL@@QAEHPBD@Z 1000d7d0 f i jqsiestartdetectorimpl.obj
 0001:0000c840       ?Append@CParseBuffer@CRegParser@ATL@@QAEHPBDH@Z 1000d840 f i jqsiestartdetectorimpl.obj
 0001:0000c930       ?AddString@CParseBuffer@CRegParser@ATL@@QAEHPBG@Z 1000d930 f i jqsiestartdetectorimpl.obj
 0001:0000cad0       ?Detach@CParseBuffer@CRegParser@ATL@@QAEPADXZ 1000dad0 f i jqsiestartdetectorimpl.obj
 0001:0000cb30       ?StrFromMap@CRegObject@ATL@@QAEPBGPAD@Z 1000db30 f i jqsiestartdetectorimpl.obj
 0001:0000cba0       ?StrChrA@CRegParser@ATL@@KAPADPADD@Z 1000dba0 f i jqsiestartdetectorimpl.obj
 0001:0000cc20       ?RegisterSubkeys@CRegParser@ATL@@IAEJPADPAUHKEY__@@HH@Z 1000dc20 f i jqsiestartdetectorimpl.obj
 0001:0000d5a0       ?AtlHresultFromWin32@ATL@@YAJK@Z 1000e5a0 f i jqsiestartdetectorimpl.obj
 0001:0000d600       ??0CRegKey@ATL@@QAE@XZ     1000e600 f i jqsiestartdetectorimpl.obj
 0001:0000d640       ??1CRegKey@ATL@@QAE@XZ     1000e640 f i jqsiestartdetectorimpl.obj
 0001:0000d680       ??BCRegKey@ATL@@QBEPAUHKEY__@@XZ 1000e680 f i jqsiestartdetectorimpl.obj
 0001:0000d6b0       ?Detach@CRegKey@ATL@@QAEPAUHKEY__@@XZ 1000e6b0 f i jqsiestartdetectorimpl.obj
 0001:0000d6f0       ?Attach@CRegKey@ATL@@QAEXPAUHKEY__@@@Z 1000e6f0 f i jqsiestartdetectorimpl.obj
 0001:0000d730       ?DeleteSubKey@CRegKey@ATL@@QAEJPBD@Z 1000e730 f i jqsiestartdetectorimpl.obj
 0001:0000d790       ?DeleteValue@CRegKey@ATL@@QAEJPBD@Z 1000e790 f i jqsiestartdetectorimpl.obj
 0001:0000d7f0       ?Close@CRegKey@ATL@@QAEJXZ 1000e7f0 f i jqsiestartdetectorimpl.obj
 0001:0000d860       ?Create@CRegKey@ATL@@QAEJPAUHKEY__@@PBDPADKKPAU_SECURITY_ATTRIBUTES@@PAK@Z 1000e860 f i jqsiestartdetectorimpl.obj
 0001:0000d940       ?Open@CRegKey@ATL@@QAEJPAUHKEY__@@PBDK@Z 1000e940 f i jqsiestartdetectorimpl.obj
 0001:0000d9f0       ?RecurseDeleteKey@CRegKey@ATL@@QAEJPBD@Z 1000e9f0 f i jqsiestartdetectorimpl.obj
 0001:0000db80       ?AddValue@CRegParser@ATL@@IAEJAAVCRegKey@2@PBDPAD@Z 1000eb80 f i jqsiestartdetectorimpl.obj
 0001:0000e2e0       ?SetDWORDValue@CRegKey@ATL@@QAEJPBDK@Z 1000f2e0 f i jqsiestartdetectorimpl.obj
 0001:0000e340       ?SetStringValue@CRegKey@ATL@@QAEJPBD0K@Z 1000f340 f i jqsiestartdetectorimpl.obj
 0001:0000e3c0       ?SetMultiStringValue@CRegKey@ATL@@QAEJPBD0@Z 1000f3c0 f i jqsiestartdetectorimpl.obj
 0001:0000e460       ?VTFromRegType@CRegParser@ATL@@KAHPBDAAG@Z 1000f460 f i jqsiestartdetectorimpl.obj
 0001:0000e550       ?ChToByte@CRegParser@ATL@@KAED@Z 1000f550 f i jqsiestartdetectorimpl.obj
 0001:0000e610       ?CanForceRemoveKey@CRegParser@ATL@@IAEHPBD@Z 1000f610 f i jqsiestartdetectorimpl.obj
 0001:0000e690       ?HasSubKeys@CRegParser@ATL@@IAEHPAUHKEY__@@@Z 1000f690 f i jqsiestartdetectorimpl.obj
 0001:0000e740       ?SkipAssignment@CRegParser@ATL@@IAEJPAD@Z 1000f740 f i jqsiestartdetectorimpl.obj
 0001:0000e820       ??0CRegObject@ATL@@QAE@XZ  1000f820 f i jqsiestartdetectorimpl.obj
 0001:0000e880       ??0IRegistrarBase@@QAE@XZ  1000f880 f i jqsiestartdetectorimpl.obj
 0001:0000e8d0       ??0CExpansionVector@ATL@@QAE@XZ 1000f8d0 f i jqsiestartdetectorimpl.obj
 0001:0000e920       ??0IUnknown@@QAE@XZ        1000f920 f i jqsiestartdetectorimpl.obj
 0001:0000e950       ?SetSite@CJQSIEStartDetectorImpl@@UAGJPAUIUnknown@@@Z 1000f950 f   jqsiestartdetectorimpl.obj
 0001:0000ea00       ??0?$CAtlSafeAllocBufferManager@VCCRTAllocator@ATL@@@_ATL_SAFE_ALLOCA_IMPL@ATL@@QAE@XZ 1000fa00 f i jqsiestartdetectorimpl.obj
 0001:0000ea40       ?Allocate@?$CAtlSafeAllocBufferManager@VCCRTAllocator@ATL@@@_ATL_SAFE_ALLOCA_IMPL@ATL@@QAEPAXK@Z 1000fa40 f i jqsiestartdetectorimpl.obj
 0001:0000eab0       ?Allocate@CCRTAllocator@ATL@@SAPAXI@Z 1000fab0 f i jqsiestartdetectorimpl.obj
 0001:0000eb00       ??1?$CAtlSafeAllocBufferManager@VCCRTAllocator@ATL@@@_ATL_SAFE_ALLOCA_IMPL@ATL@@QAE@XZ 1000fb00 f i jqsiestartdetectorimpl.obj
 0001:0000eb70       ?Free@CCRTAllocator@ATL@@SAXPAX@Z 1000fb70 f i jqsiestartdetectorimpl.obj
 0001:0000ebc0       ??0?$CSimpleMap@PADPAGVCExpansionVectorEqualHelper@ATL@@@ATL@@QAE@XZ 1000fbc0 f i jqsiestartdetectorimpl.obj
 0001:0000ec10       ??1?$CSimpleMap@PADPAGVCExpansionVectorEqualHelper@ATL@@@ATL@@QAE@XZ 1000fc10 f i jqsiestartdetectorimpl.obj
 0001:0000ec50       ?GetSize@?$CSimpleMap@PADPAGVCExpansionVectorEqualHelper@ATL@@@ATL@@QBEHXZ 1000fc50 f i jqsiestartdetectorimpl.obj
 0001:0000ec80       ?Add@?$CSimpleMap@PADPAGVCExpansionVectorEqualHelper@ATL@@@ATL@@QAEHABQADABQAG@Z 1000fc80 f i jqsiestartdetectorimpl.obj
 0001:0000ed60       ?RemoveAll@?$CSimpleMap@PADPAGVCExpansionVectorEqualHelper@ATL@@@ATL@@QAEXXZ 1000fd60 f i jqsiestartdetectorimpl.obj
 0001:0000ee20       ?Lookup@?$CSimpleMap@PADPAGVCExpansionVectorEqualHelper@ATL@@@ATL@@QBEPAGABQAD@Z 1000fe20 f i jqsiestartdetectorimpl.obj
 0001:0000ee80       ?GetKeyAt@?$CSimpleMap@PADPAGVCExpansionVectorEqualHelper@ATL@@@ATL@@QBEAAPADH@Z 1000fe80 f i jqsiestartdetectorimpl.obj
 0001:0000eef0       ?_AtlRaiseException@ATL@@YAXKK@Z 1000fef0 f i jqsiestartdetectorimpl.obj
 0001:0000ef40       ?GetValueAt@?$CSimpleMap@PADPAGVCExpansionVectorEqualHelper@ATL@@@ATL@@QBEAAPAGH@Z 1000ff40 f i jqsiestartdetectorimpl.obj
 0001:0000efb0       ??0?$CTempBuffer@D$0EAA@VCCRTAllocator@ATL@@@ATL@@QAE@XZ 1000ffb0 f i jqsiestartdetectorimpl.obj
 0001:0000eff0       ??1?$CTempBuffer@D$0EAA@VCCRTAllocator@ATL@@@ATL@@QAE@XZ 1000fff0 f i jqsiestartdetectorimpl.obj
 0001:0000f040       ??B?$CTempBuffer@D$0EAA@VCCRTAllocator@ATL@@@ATL@@QBEPADXZ 10010040 f i jqsiestartdetectorimpl.obj
 0001:0000f070       ?Allocate@?$CTempBuffer@D$0EAA@VCCRTAllocator@ATL@@@ATL@@QAEPADI@Z 10010070 f i jqsiestartdetectorimpl.obj
 0001:0000f0c0       ??0?$CTempBuffer@D$0BAA@VCCRTAllocator@ATL@@@ATL@@QAE@XZ 100100c0 f i jqsiestartdetectorimpl.obj
 0001:0000f100       ??1?$CTempBuffer@D$0BAA@VCCRTAllocator@ATL@@@ATL@@QAE@XZ 10010100 f i jqsiestartdetectorimpl.obj
 0001:0000f150       ??B?$CTempBuffer@D$0BAA@VCCRTAllocator@ATL@@@ATL@@QBEPADXZ 10010150 f i jqsiestartdetectorimpl.obj
 0001:0000f180       ?Allocate@?$CTempBuffer@D$0BAA@VCCRTAllocator@ATL@@@ATL@@QAEPADI@Z 10010180 f i jqsiestartdetectorimpl.obj
 0001:0000f1d0       ??0?$CTempBuffer@E$0BAA@VCCRTAllocator@ATL@@@ATL@@QAE@XZ 100101d0 f i jqsiestartdetectorimpl.obj
 0001:0000f210       ??1?$CTempBuffer@E$0BAA@VCCRTAllocator@ATL@@@ATL@@QAE@XZ 10010210 f i jqsiestartdetectorimpl.obj
 0001:0000f260       ??B?$CTempBuffer@E$0BAA@VCCRTAllocator@ATL@@@ATL@@QBEPAEXZ 10010260 f i jqsiestartdetectorimpl.obj
 0001:0000f290       ?Allocate@?$CTempBuffer@E$0BAA@VCCRTAllocator@ATL@@@ATL@@QAEPAEI@Z 10010290 f i jqsiestartdetectorimpl.obj
 0001:0000f2e0       ?GetObjectDescription@?$CComCoClass@VCJQSIEStartDetectorImpl@@$1?CLSID_JQSIEStartDetectorImpl@@3U_GUID@@B@ATL@@SGPBDXZ 100102e0 f i jqsiestartdetectorimpl.obj
 0001:0000f310       ?SetSite@?$IObjectWithSiteImpl@VCJQSIEStartDetectorImpl@@@ATL@@UAGJPAUIUnknown@@@Z 10010310 f i jqsiestartdetectorimpl.obj
 0001:0000f360       ?CreateInstance@?$CComCreator@V?$CComObjectNoLock@VCComClassFactory@ATL@@@ATL@@@ATL@@SGJPAXABU_GUID@@PAPAX@Z 10010360 f i jqsiestartdetectorimpl.obj
 0001:0000f530       ?FinalConstruct@CComObjectRootBase@ATL@@QAEJXZ 10010530 f i jqsiestartdetectorimpl.obj
 0001:0000f560       ?_AtlFinalConstruct@CComObjectRootBase@ATL@@QAEJXZ 10010560 f i jqsiestartdetectorimpl.obj
 0001:0000f590       ?InternalFinalConstructAddRef@CComObjectRootBase@ATL@@QAEXXZ 10010590 f i jqsiestartdetectorimpl.obj
 0001:0000f5c0       ?InternalFinalConstructRelease@CComObjectRootBase@ATL@@QAEXXZ 100105c0 f i jqsiestartdetectorimpl.obj
 0001:0000f5f0       ?SetVoid@CComClassFactory@ATL@@QAEXPAX@Z 100105f0 f i jqsiestartdetectorimpl.obj
 0001:0000f630       ?CreateInstance@?$CComCreator2@V?$CComCreator@V?$CComObject@VCJQSIEStartDetectorImpl@@@ATL@@@ATL@@V?$CComFailCreator@$0?HPPLPOPA@@2@@ATL@@SGJPAXABU_GUID@@PAPAX@Z 10010630 f i jqsiestartdetectorimpl.obj
 0001:0000f6a0       ??4?$CComPtr@UIUnknown@@@ATL@@QAEPAUIUnknown@@PAU2@@Z 100106a0 f i jqsiestartdetectorimpl.obj
 0001:0000f6f0       ?AtlComPtrAssign@ATL@@YGPAUIUnknown@@PAPAU2@PAU2@@Z 100106f0 f i jqsiestartdetectorimpl.obj
 0001:0000f780       ?FindKey@?$CSimpleMap@PADPAGVCExpansionVectorEqualHelper@ATL@@@ATL@@QBEHABQAD@Z 10010780 f i jqsiestartdetectorimpl.obj
 0001:0000f810       ?IsEqualKey@CExpansionVectorEqualHelper@ATL@@SA_NQAD0@Z 10010810 f i jqsiestartdetectorimpl.obj
 0001:0000f870       ?InternalSetAtIndex@?$CSimpleMap@PADPAGVCExpansionVectorEqualHelper@ATL@@@ATL@@QAEXHABQADABQAG@Z 10010870 f i jqsiestartdetectorimpl.obj
 0001:0000f990       ?AllocateBytes@?$CTempBuffer@D$0EAA@VCCRTAllocator@ATL@@@ATL@@QAEPADI@Z 10010990 f i jqsiestartdetectorimpl.obj
 0001:0000f9f0       ?FreeHeap@?$CTempBuffer@D$0EAA@VCCRTAllocator@ATL@@@ATL@@AAEXXZ 100109f0 f i jqsiestartdetectorimpl.obj
 0001:0000fa40       ?AllocateBytes@?$CTempBuffer@D$0BAA@VCCRTAllocator@ATL@@@ATL@@QAEPADI@Z 10010a40 f i jqsiestartdetectorimpl.obj
 0001:0000faa0       ?FreeHeap@?$CTempBuffer@D$0BAA@VCCRTAllocator@ATL@@@ATL@@AAEXXZ 10010aa0 f i jqsiestartdetectorimpl.obj
 0001:0000faf0       ?AllocateBytes@?$CTempBuffer@E$0BAA@VCCRTAllocator@ATL@@@ATL@@QAEPAEI@Z 10010af0 f i jqsiestartdetectorimpl.obj
 0001:0000fb50       ?FreeHeap@?$CTempBuffer@E$0BAA@VCCRTAllocator@ATL@@@ATL@@AAEXXZ 10010b50 f i jqsiestartdetectorimpl.obj
 0001:0000fba0       ?GetData@CAtlSafeAllocBufferNode@?$CAtlSafeAllocBufferManager@VCCRTAllocator@ATL@@@_ATL_SAFE_ALLOCA_IMPL@ATL@@QAEPAXXZ 10010ba0 f i jqsiestartdetectorimpl.obj
 0001:0000fbd0       ??0?$CComObjectNoLock@VCComClassFactory@ATL@@@ATL@@QAE@PAX@Z 10010bd0 f i jqsiestartdetectorimpl.obj
 0001:0000fc20       ?CreateInstance@CComClassFactory@ATL@@UAGJPAUIUnknown@@ABU_GUID@@PAPAX@Z 10010c20 f i jqsiestartdetectorimpl.obj
 0001:0000fcb0       ?InlineIsEqualUnknown@ATL@@YGHABU_GUID@@@Z 10010cb0 f i jqsiestartdetectorimpl.obj
 0001:0000fd20       ?LockServer@CComClassFactory@ATL@@UAGJH@Z 10010d20 f i jqsiestartdetectorimpl.obj
 0001:0000fd90       ?AddRef@?$CComObjectNoLock@VCComClassFactory@ATL@@@ATL@@UAGKXZ 10010d90 f i jqsiestartdetectorimpl.obj
 0001:0000fdd0       ?Release@?$CComObjectNoLock@VCComClassFactory@ATL@@@ATL@@UAGKXZ 10010dd0 f i jqsiestartdetectorimpl.obj
 0001:0000fe70       ?QueryInterface@?$CComObjectNoLock@VCComClassFactory@ATL@@@ATL@@UAGJABU_GUID@@PAPAX@Z 10010e70 f i jqsiestartdetectorimpl.obj
 0001:0000fec0       ?_InternalQueryInterface@CComClassFactory@ATL@@QAEJABU_GUID@@PAPAX@Z 10010ec0 f i jqsiestartdetectorimpl.obj
 0001:0000ff10       ?InternalQueryInterface@CComObjectRootBase@ATL@@SGJPAXPBU_ATL_INTMAP_ENTRY@2@ABU_GUID@@PAPAX@Z 10010f10 f i jqsiestartdetectorimpl.obj
 0001:0000ff60       ?AtlInternalQueryInterface@ATL@@YGJPAXPBU_ATL_INTMAP_ENTRY@1@ABU_GUID@@PAPAX@Z 10010f60 f i jqsiestartdetectorimpl.obj
 0001:000100c0       _InlineIsEqualGUID         100110c0 f i jqsiestartdetectorimpl.obj
 0001:00010140       ?_GetEntries@CComClassFactory@ATL@@SGPBU_ATL_INTMAP_ENTRY@2@XZ 10011140 f i jqsiestartdetectorimpl.obj
 0001:00010170       ?CreateInstance@?$CComCreator@V?$CComObject@VCJQSIEStartDetectorImpl@@@ATL@@@ATL@@SGJPAXABU_GUID@@PAPAX@Z 10011170 f i jqsiestartdetectorimpl.obj
 0001:00010320       ?SetVoid@CComObjectRootBase@ATL@@QAEXPAX@Z 10011320 f i jqsiestartdetectorimpl.obj
 0001:00010350       ?InternalFinalConstructAddRef@CJQSIEStartDetectorImpl@@QAEXXZ 10011350 f i jqsiestartdetectorimpl.obj
 0001:000103a0       ?InternalAddRef@?$CComObjectRootEx@VCComSingleThreadModel@ATL@@@ATL@@QAEKXZ 100113a0 f i jqsiestartdetectorimpl.obj
 0001:000103e0       ?Increment@CComSingleThreadModel@ATL@@SGKPAJ@Z 100113e0 f i jqsiestartdetectorimpl.obj
 0001:00010420       ?InternalFinalConstructRelease@CJQSIEStartDetectorImpl@@QAEXXZ 10011420 f i jqsiestartdetectorimpl.obj
 0001:00010470       ?InternalRelease@?$CComObjectRootEx@VCComSingleThreadModel@ATL@@@ATL@@QAEKXZ 10011470 f i jqsiestartdetectorimpl.obj
 0001:000104b0       ?Decrement@CComSingleThreadModel@ATL@@SGKPAJ@Z 100114b0 f i jqsiestartdetectorimpl.obj
 0001:000104f0       ?FinalConstruct@CJQSIEStartDetectorImpl@@QAEJXZ 100114f0 f i jqsiestartdetectorimpl.obj
 0001:00010520       ?CreateInstance@?$CComFailCreator@$0?HPPLPOPA@@ATL@@SGJPAXABU_GUID@@PAPAX@Z 10011520 f i jqsiestartdetectorimpl.obj
 0001:00010570       ??_E?$CComObjectNoLock@VCComClassFactory@ATL@@@ATL@@UAEPAXI@Z 10011570 f i jqsiestartdetectorimpl.obj
 0001:00010570       ??_G?$CComObjectNoLock@VCComClassFactory@ATL@@@ATL@@UAEPAXI@Z 10011570 f i jqsiestartdetectorimpl.obj
 0001:000105d0       ??1?$CComObjectNoLock@VCComClassFactory@ATL@@@ATL@@UAE@XZ 100115d0 f i jqsiestartdetectorimpl.obj
 0001:00010660       ?FinalRelease@CComObjectRootBase@ATL@@QAEXXZ 10011660 f i jqsiestartdetectorimpl.obj
 0001:00010690       ??1CComClassFactory@ATL@@UAE@XZ 10011690 f i jqsiestartdetectorimpl.obj
 0001:00010700       ??_GCComClassFactory@ATL@@UAEPAXI@Z 10011700 f i jqsiestartdetectorimpl.obj
 0001:00010700       ??_ECComClassFactory@ATL@@UAEPAXI@Z 10011700 f i jqsiestartdetectorimpl.obj
 0001:00010760       ??1?$CComObjectRootEx@VCComMultiThreadModel@ATL@@@ATL@@QAE@XZ 10011760 f i jqsiestartdetectorimpl.obj
 0001:000107b0       ??1CComAutoCriticalSection@ATL@@QAE@XZ 100117b0 f i jqsiestartdetectorimpl.obj
 0001:000107f0       ?Term@CComCriticalSection@ATL@@QAEJXZ 100117f0 f i jqsiestartdetectorimpl.obj
 0001:00010840       ??0CComClassFactory@ATL@@QAE@XZ 10011840 f i jqsiestartdetectorimpl.obj
 0001:000108a0       ??0IClassFactory@@QAE@XZ   100118a0 f i jqsiestartdetectorimpl.obj
 0001:000108f0       ??0?$CComObjectRootEx@VCComMultiThreadModel@ATL@@@ATL@@QAE@XZ 100118f0 f i jqsiestartdetectorimpl.obj
 0001:00010940       ??0CComAutoCriticalSection@ATL@@QAE@XZ 10011940 f i jqsiestartdetectorimpl.obj
 0001:000109a0       ?AtlThrow@ATL@@YGXJ@Z      100119a0 f i jqsiestartdetectorimpl.obj
 0001:00010a00       ??0CAtlException@ATL@@QAE@J@Z 10011a00 f i jqsiestartdetectorimpl.obj
 0001:00010a40       ??0CComCriticalSection@ATL@@QAE@XZ 10011a40 f i jqsiestartdetectorimpl.obj
 0001:00010a90       ?Init@CComCriticalSection@ATL@@QAEJXZ 10011a90 f i jqsiestartdetectorimpl.obj
 0001:00010b60       ??0CComObjectRootBase@ATL@@QAE@XZ 10011b60 f i jqsiestartdetectorimpl.obj
 0001:00010ba0       ?AllocateHeap@?$CTempBuffer@D$0EAA@VCCRTAllocator@ATL@@@ATL@@AAEXI@Z 10011ba0 f i jqsiestartdetectorimpl.obj
 0001:00010c00       ?AllocateHeap@?$CTempBuffer@D$0BAA@VCCRTAllocator@ATL@@@ATL@@AAEXI@Z 10011c00 f i jqsiestartdetectorimpl.obj
 0001:00010c60       ?AllocateHeap@?$CTempBuffer@E$0BAA@VCCRTAllocator@ATL@@@ATL@@AAEXI@Z 10011c60 f i jqsiestartdetectorimpl.obj
 0001:00010cc0       ?InternalAddRef@?$CComObjectRootEx@VCComMultiThreadModel@ATL@@@ATL@@QAEKXZ 10011cc0 f i jqsiestartdetectorimpl.obj
 0001:00010d00       ?Increment@CComMultiThreadModel@ATL@@SGKPAJ@Z 10011d00 f i jqsiestartdetectorimpl.obj
 0001:00010d50       ?InternalRelease@?$CComObjectRootEx@VCComMultiThreadModel@ATL@@@ATL@@QAEKXZ 10011d50 f i jqsiestartdetectorimpl.obj
 0001:00010d90       ?Decrement@CComMultiThreadModel@ATL@@SGKPAJ@Z 10011d90 f i jqsiestartdetectorimpl.obj
 0001:00010de0       ??0?$Wrapper@PAD@?$CSimpleMap@PADPAGVCExpansionVectorEqualHelper@ATL@@@ATL@@QAE@ABQAD@Z 10011de0 f i jqsiestartdetectorimpl.obj
 0001:00010e20       ??0?$Wrapper@PAG@?$CSimpleMap@PADPAGVCExpansionVectorEqualHelper@ATL@@@ATL@@QAE@ABQAG@Z 10011e20 f i jqsiestartdetectorimpl.obj
 0001:00010e60       ??0?$CComObject@VCJQSIEStartDetectorImpl@@@ATL@@QAE@PAX@Z 10011e60 f i jqsiestartdetectorimpl.obj
 0001:00010ed0       ??0CJQSIEStartDetectorImpl@@QAE@XZ 10011ed0 f i jqsiestartdetectorimpl.obj
 0001:00010f30       ??0?$CComObjectRootEx@VCComSingleThreadModel@ATL@@@ATL@@QAE@XZ 10011f30 f i jqsiestartdetectorimpl.obj
 0001:00010f80       ??0?$IObjectWithSiteImpl@VCJQSIEStartDetectorImpl@@@ATL@@QAE@XZ 10011f80 f i jqsiestartdetectorimpl.obj
 0001:00010fd0       ??0?$IDispatchImpl@UIJQSIEStartDetectorImpl@@$1?IID_IJQSIEStartDetectorImpl@@3U_GUID@@B$1?LIBID_JQSIEStartDetectorLib@@3U3@B$00$0A@VCComTypeInfoHolder@ATL@@@ATL@@QAE@XZ 10011fd0 f i jqsiestartdetectorimpl.obj
 0001:00011020       ??0IObjectWithSite@@QAE@XZ 10012020 f i jqsiestartdetectorimpl.obj
 0001:00011070       ??0IJQSIEStartDetectorImpl@@QAE@XZ 10012070 f i jqsiestartdetectorimpl.obj
 0001:000110c0       ??0IDispatch@@QAE@XZ       100120c0 f i jqsiestartdetectorimpl.obj
 0001:00011110       ??0?$CComPtr@UIUnknown@@@ATL@@QAE@XZ 10012110 f i jqsiestartdetectorimpl.obj
 0001:00011160       ?GetSite@?$IObjectWithSiteImpl@VCJQSIEStartDetectorImpl@@@ATL@@UAGJABU_GUID@@PAPAX@Z 10012160 f i jqsiestartdetectorimpl.obj
 0001:00011210       ?GetTypeInfoCount@?$IDispatchImpl@UIJQSIEStartDetectorImpl@@$1?IID_IJQSIEStartDetectorImpl@@3U_GUID@@B$1?LIBID_JQSIEStartDetectorLib@@3U3@B$00$0A@VCComTypeInfoHolder@ATL@@@ATL@@UAGJPAI@Z 10012210 f i jqsiestartdetectorimpl.obj
 0001:00011250       ?GetTypeInfo@?$IDispatchImpl@UIJQSIEStartDetectorImpl@@$1?IID_IJQSIEStartDetectorImpl@@3U_GUID@@B$1?LIBID_JQSIEStartDetectorLib@@3U3@B$00$0A@VCComTypeInfoHolder@ATL@@@ATL@@UAGJIKPAPAUITypeInfo@@@Z 10012250 f i jqsiestartdetectorimpl.obj
 0001:000112a0       ?GetTypeInfo@CComTypeInfoHolder@ATL@@QAEJIKPAPAUITypeInfo@@@Z 100122a0 f i jqsiestartdetectorimpl.obj
 0001:000112f0       ?GetTI@CComTypeInfoHolder@ATL@@QAEJKPAPAUITypeInfo@@@Z 100122f0 f i jqsiestartdetectorimpl.obj
 0001:00011390       ?GetTI@CComTypeInfoHolder@ATL@@QAEJK@Z 10012390 f i jqsiestartdetectorimpl.obj
 0001:000118a0       ?AddTermFunc@CAtlModule@ATL@@QAEJP6GXK@ZK@Z 100128a0 f i jqsiestartdetectorimpl.obj
 0001:00011910       ?AtlModuleAddTermFunc@ATL@@YGJPAU_ATL_MODULE70@1@P6GXK@ZK@Z 10012910 f i jqsiestartdetectorimpl.obj
 0001:00011a70       ??1?$CComPtr@UITypeInfo@@@ATL@@QAE@XZ 10012a70 f i jqsiestartdetectorimpl.obj
 0001:00011ab0       ?Cleanup@CComTypeInfoHolder@ATL@@SGXK@Z 10012ab0 f i jqsiestartdetectorimpl.obj
 0001:00011b70       ?LoadNameCache@CComTypeInfoHolder@ATL@@QAEJPAUITypeInfo@@@Z 10012b70 f i jqsiestartdetectorimpl.obj
 0001:00011e80       ??0CComBSTR@ATL@@QAE@XZ    10012e80 f i jqsiestartdetectorimpl.obj
 0001:00011ec0       ??BCComBSTR@ATL@@QBEPAGXZ  10012ec0 f i jqsiestartdetectorimpl.obj
 0001:00011ef0       ??ICComBSTR@ATL@@QAEPAPAGXZ 10012ef0 f i jqsiestartdetectorimpl.obj
 0001:00011f20       ?Attach@CComBSTR@ATL@@QAEXPAG@Z 10012f20 f i jqsiestartdetectorimpl.obj
 0001:00011f80       ?Detach@CComBSTR@ATL@@QAEPAGXZ 10012f80 f i jqsiestartdetectorimpl.obj
 0001:00011fc0       ??0stringdispid@CComTypeInfoHolder@ATL@@QAE@XZ 10012fc0 f i jqsiestartdetectorimpl.obj
 0001:00012020       ??1?$CComPtr@UITypeInfo2@@@ATL@@QAE@XZ 10013020 f i jqsiestartdetectorimpl.obj
 0001:00012060       ??0?$CComPtr@UITypeInfo@@@ATL@@QAE@XZ 10013060 f i jqsiestartdetectorimpl.obj
 0001:000120b0       ??0?$CComPtr@UITypeInfo@@@ATL@@QAE@ABV01@@Z 100130b0 f i jqsiestartdetectorimpl.obj
 0001:00012100       ??1?$CComPtrBase@UITypeInfo@@@ATL@@QAE@XZ 10013100 f i jqsiestartdetectorimpl.obj
 0001:00012160       ??I?$CComPtrBase@UITypeInfo@@@ATL@@QAEPAPAUITypeInfo@@XZ 10013160 f i jqsiestartdetectorimpl.obj
 0001:00012190       ??C?$CComPtrBase@UITypeInfo@@@ATL@@QBEPAV?$_NoAddRefReleaseOnCComPtr@UITypeInfo@@@1@XZ 10013190 f i jqsiestartdetectorimpl.obj
 0001:000121c0       ?Detach@?$CComPtrBase@UITypeInfo@@@ATL@@QAEPAUITypeInfo@@XZ 100131c0 f i jqsiestartdetectorimpl.obj
 0001:00012200       ??0?$CComPtr@UITypeInfo2@@@ATL@@QAE@XZ 10013200 f i jqsiestartdetectorimpl.obj
 0001:00012250       ??1?$CComPtrBase@UITypeInfo2@@@ATL@@QAE@XZ 10013250 f i jqsiestartdetectorimpl.obj
 0001:000122b0       ??I?$CComPtrBase@UITypeInfo2@@@ATL@@QAEPAPAUITypeInfo2@@XZ 100132b0 f i jqsiestartdetectorimpl.obj
 0001:000122e0       ?GetIDsOfNames@?$IDispatchImpl@UIJQSIEStartDetectorImpl@@$1?IID_IJQSIEStartDetectorImpl@@3U_GUID@@B$1?LIBID_JQSIEStartDetectorLib@@3U3@B$00$0A@VCComTypeInfoHolder@ATL@@@ATL@@UAGJABU_GUID@@PAPAGIKPAJ@Z 100132e0 f i jqsiestartdetectorimpl.obj
 0001:00012340       ?GetIDsOfNames@CComTypeInfoHolder@ATL@@QAEJABU_GUID@@PAPAGIKPAJ@Z 10013340 f i jqsiestartdetectorimpl.obj
 0001:00012480       ?EnsureTI@CComTypeInfoHolder@ATL@@QAEJK@Z 10013480 f i jqsiestartdetectorimpl.obj
 0001:000124f0       ?Invoke@?$IDispatchImpl@UIJQSIEStartDetectorImpl@@$1?IID_IJQSIEStartDetectorImpl@@3U_GUID@@B$1?LIBID_JQSIEStartDetectorLib@@3U3@B$00$0A@VCComTypeInfoHolder@ATL@@@ATL@@UAGJJABU_GUID@@KGPAUtagDISPPARAMS@@PAUtagVARIANT@@PAUtagEXCEPINFO@@PAI@Z 100134f0 f i jqsiestartdetectorimpl.obj
 0001:00012560       ?Invoke@CComTypeInfoHolder@ATL@@QAEJPAUIDispatch@@JABU_GUID@@KGPAUtagDISPPARAMS@@PAUtagVARIANT@@PAUtagEXCEPINFO@@PAI@Z 10013560 f i jqsiestartdetectorimpl.obj
 0001:000125f0       ??0?$CComPtrBase@UIUnknown@@@ATL@@IAE@XZ 100135f0 f i jqsiestartdetectorimpl.obj
 0001:00012630       ??B?$CComPtrBase@UIUnknown@@@ATL@@QBEPAUIUnknown@@XZ 10013630 f i jqsiestartdetectorimpl.obj
 0001:00012660       ??C?$CComPtrBase@UIUnknown@@@ATL@@QBEPAV?$_NoAddRefReleaseOnCComPtr@UIUnknown@@@1@XZ 10013660 f i jqsiestartdetectorimpl.obj
 0001:00012690       ??0?$CComPtrBase@UITypeInfo@@@ATL@@IAE@XZ 10013690 f i jqsiestartdetectorimpl.obj
 0001:000126d0       ??0?$CComPtrBase@UITypeInfo@@@ATL@@IAE@PAUITypeInfo@@@Z 100136d0 f i jqsiestartdetectorimpl.obj
 0001:00012740       ??0?$CComPtrBase@UITypeInfo2@@@ATL@@IAE@XZ 10013740 f i jqsiestartdetectorimpl.obj
 0001:00012780       ?AddRef@?$CComObject@VCJQSIEStartDetectorImpl@@@ATL@@UAGKXZ 10013780 f i jqsiestartdetectorimpl.obj
 0001:000127c0       ?Release@?$CComObject@VCJQSIEStartDetectorImpl@@@ATL@@UAGKXZ 100137c0 f i jqsiestartdetectorimpl.obj
 0001:00012860       ?QueryInterface@?$CComObject@VCJQSIEStartDetectorImpl@@@ATL@@UAGJABU_GUID@@PAPAX@Z 10013860 f i jqsiestartdetectorimpl.obj
 0001:000128b0       ?_InternalQueryInterface@CJQSIEStartDetectorImpl@@QAEJABU_GUID@@PAPAX@Z 100138b0 f i jqsiestartdetectorimpl.obj
 0001:00012900       ?_GetEntries@CJQSIEStartDetectorImpl@@SGPBU_ATL_INTMAP_ENTRY@ATL@@XZ 10013900 f i jqsiestartdetectorimpl.obj
 0001:00012930       ??_G?$CComObject@VCJQSIEStartDetectorImpl@@@ATL@@UAEPAXI@Z 10013930 f i jqsiestartdetectorimpl.obj
 0001:00012930       ??_E?$CComObject@VCJQSIEStartDetectorImpl@@@ATL@@UAEPAXI@Z 10013930 f i jqsiestartdetectorimpl.obj
 0001:00012990       ??1?$CComObject@VCJQSIEStartDetectorImpl@@@ATL@@UAE@XZ 10013990 f i jqsiestartdetectorimpl.obj
 0001:00012a10       ?FinalRelease@CJQSIEStartDetectorImpl@@QAEXXZ 10013a10 f i jqsiestartdetectorimpl.obj
 0001:00012a40       ??1CJQSIEStartDetectorImpl@@UAE@XZ 10013a40 f i jqsiestartdetectorimpl.obj
 0001:00012a80       ??1?$IObjectWithSiteImpl@VCJQSIEStartDetectorImpl@@@ATL@@UAE@XZ 10013a80 f i jqsiestartdetectorimpl.obj
 0001:00012ad0       ??1?$CComPtr@UIUnknown@@@ATL@@QAE@XZ 10013ad0 f i jqsiestartdetectorimpl.obj
 0001:00012b10       ??1?$CComPtrBase@UIUnknown@@@ATL@@QAE@XZ 10013b10 f i jqsiestartdetectorimpl.obj
 0001:00012b70       ??0?$CComCritSecLock@VCComCriticalSection@ATL@@@ATL@@QAE@AAVCComCriticalSection@1@_N@Z 10013b70 f i jqsiestartdetectorimpl.obj
 0001:00012be0       ??1?$CComCritSecLock@VCComCriticalSection@ATL@@@ATL@@QAE@XZ 10013be0 f i jqsiestartdetectorimpl.obj
 0001:00012c30       ?Lock@?$CComCritSecLock@VCComCriticalSection@ATL@@@ATL@@QAEJXZ 10013c30 f i jqsiestartdetectorimpl.obj
 0001:00012c90       ?Lock@CComCriticalSection@ATL@@QAEJXZ 10013c90 f i jqsiestartdetectorimpl.obj
 0001:00012ce0       ??$QueryInterface@UITypeInfo2@@@IUnknown@@QAGJPAPAUITypeInfo2@@@Z 10013ce0 f i jqsiestartdetectorimpl.obj
 0001:00012d40       ??$?4UITypeInfo2@@@?$CComPtr@UITypeInfo@@@ATL@@QAEPAUITypeInfo@@ABV?$CComPtr@UITypeInfo2@@@1@@Z 10013d40 f i jqsiestartdetectorimpl.obj
 0001:00012d90       ?AtlComQIPtrAssign@ATL@@YGPAUIUnknown@@PAPAU2@PAU2@ABU_GUID@@@Z 10013d90 f i jqsiestartdetectorimpl.obj
 0001:00012e30       ??$?2PAD@?$Wrapper@PAD@?$CSimpleMap@PADPAGVCExpansionVectorEqualHelper@ATL@@@ATL@@SAPAXIPAPAD@Z 10013e30 f i jqsiestartdetectorimpl.obj
 0001:00012e60       ??$?3PAD@?$Wrapper@PAD@?$CSimpleMap@PADPAGVCExpansionVectorEqualHelper@ATL@@@ATL@@SAXPAXPAPAD@Z 10013e60 f i jqsiestartdetectorimpl.obj
 0001:00012e90       ??$?2PAG@?$Wrapper@PAG@?$CSimpleMap@PADPAGVCExpansionVectorEqualHelper@ATL@@@ATL@@SAPAXIPAPAG@Z 10013e90 f i jqsiestartdetectorimpl.obj
 0001:00012ec0       ??$?3PAG@?$Wrapper@PAG@?$CSimpleMap@PADPAGVCExpansionVectorEqualHelper@ATL@@@ATL@@SAXPAXPAPAG@Z 10013ec0 f i jqsiestartdetectorimpl.obj
 0001:00012ef0       ??B?$CComPtrBase@UITypeInfo2@@@ATL@@QBEPAUITypeInfo2@@XZ 10013ef0 f i jqsiestartdetectorimpl.obj
 0001:00012f20       ?Unlock@?$CComCritSecLock@VCComCriticalSection@ATL@@@ATL@@QAEXXZ 10013f20 f i jqsiestartdetectorimpl.obj
 0001:00012f70       ?Unlock@CComCriticalSection@ATL@@QAEJXZ 10013f70 f i jqsiestartdetectorimpl.obj
 0001:00012fc0       ?QueryInterface@?$CComObject@VCJQSIEStartDetectorImpl@@@ATL@@W7AGJABU_GUID@@PAPAX@Z 10013fc0 f i jqsiestartdetectorimpl.obj
 0001:00012fd0       ?AddRef@?$CComObject@VCJQSIEStartDetectorImpl@@@ATL@@W7AGKXZ 10013fd0 f i jqsiestartdetectorimpl.obj
 0001:00012fe0       ?Release@?$CComObject@VCJQSIEStartDetectorImpl@@@ATL@@W7AGKXZ 10013fe0 f i jqsiestartdetectorimpl.obj
 0001:00012ff0       ??0CAtlWinModule@ATL@@QAE@XZ 10013ff0 f i jqsiestartdetectorimpl.obj
 0001:00013060       ??0_ATL_WIN_MODULE70@ATL@@QAE@XZ 10014060 f i jqsiestartdetectorimpl.obj
 0001:000130b0       ?AtlWinModuleInit@ATL@@YGJPAU_ATL_WIN_MODULE70@1@@Z 100140b0 f i jqsiestartdetectorimpl.obj
 0001:00013120       ??0?$CSimpleArray@GV?$CSimpleArrayEqualHelper@G@ATL@@@ATL@@QAE@XZ 10014120 f i jqsiestartdetectorimpl.obj
 0001:00013170       ??1CAtlWinModule@ATL@@QAE@XZ 10014170 f i jqsiestartdetectorimpl.obj
 0001:000131f0       ?Term@CAtlWinModule@ATL@@QAEXXZ 100141f0 f i jqsiestartdetectorimpl.obj
 0001:00013240       ??1_ATL_WIN_MODULE70@ATL@@QAE@XZ 10014240 f i jqsiestartdetectorimpl.obj
 0001:00013290       ?AtlWinModuleTerm@ATL@@YGJPAU_ATL_WIN_MODULE70@1@PAUHINSTANCE__@@@Z 10014290 f i jqsiestartdetectorimpl.obj
 0001:00013360       ??1?$CSimpleArray@GV?$CSimpleArrayEqualHelper@G@ATL@@@ATL@@QAE@XZ 10014360 f i jqsiestartdetectorimpl.obj
 0001:000133a0       ?GetSize@?$CSimpleArray@GV?$CSimpleArrayEqualHelper@G@ATL@@@ATL@@QBEHXZ 100143a0 f i jqsiestartdetectorimpl.obj
 0001:000133d0       ?RemoveAll@?$CSimpleArray@GV?$CSimpleArrayEqualHelper@G@ATL@@@ATL@@QAEXXZ 100143d0 f i jqsiestartdetectorimpl.obj
 0001:00013470       ??A?$CSimpleArray@GV?$CSimpleArrayEqualHelper@G@ATL@@@ATL@@QAEAAGH@Z 10014470 f i jqsiestartdetectorimpl.obj
 0001:000134e0       _DllMain@12                100144e0 f   jqsiestartdetector.obj
 0001:00013540       _DllCanUnloadNow@0         10014540 f   jqsiestartdetector.obj
 0001:00013580       _DllGetClassObject@12      10014580 f   jqsiestartdetector.obj
 0001:000135d0       _DllRegisterServer@0       100145d0 f   jqsiestartdetector.obj
 0001:00013620       _DllUnregisterServer@0     10014620 f   jqsiestartdetector.obj
 0001:00013670       ?DllMain@?$CAtlDllModuleT@VCJQSIEStartDetectorModule@@@ATL@@QAGHKPAX@Z 10014670 f i jqsiestartdetector.obj
 0001:000136c0       ?DllCanUnloadNow@?$CAtlDllModuleT@VCJQSIEStartDetectorModule@@@ATL@@QAEJXZ 100146c0 f i jqsiestartdetector.obj
 0001:00013720       ?DllGetClassObject@?$CAtlDllModuleT@VCJQSIEStartDetectorModule@@@ATL@@QAEJABU_GUID@@0PAPAX@Z 10014720 f i jqsiestartdetector.obj
 0001:00013780       ?DllRegisterServer@?$CAtlDllModuleT@VCJQSIEStartDetectorModule@@@ATL@@QAEJH@Z 10014780 f i jqsiestartdetector.obj
 0001:000137f0       ?DllUnregisterServer@?$CAtlDllModuleT@VCJQSIEStartDetectorModule@@@ATL@@QAEJH@Z 100147f0 f i jqsiestartdetector.obj
 0001:00013860       ?GetClassObject@?$CAtlDllModuleT@VCJQSIEStartDetectorModule@@@ATL@@QAEJABU_GUID@@0PAPAX@Z 10014860 f i jqsiestartdetector.obj
 0001:000138b0       ?AtlComModuleGetClassObject@ATL@@YGJPAU_ATL_COM_MODULE70@1@ABU_GUID@@1PAPAX@Z 100148b0 f i jqsiestartdetector.obj
 0001:00013a70       ?RegisterServer@?$CAtlModuleT@VCJQSIEStartDetectorModule@@@ATL@@QAEJHPBU_GUID@@@Z 10014a70 f i jqsiestartdetector.obj
 0001:00013b00       ?RegisterServer@CAtlComModule@ATL@@QAEJHPBU_GUID@@@Z 10014b00 f i jqsiestartdetector.obj
 0001:00013b50       ?AtlComModuleRegisterServer@ATL@@YGJPAU_ATL_COM_MODULE70@1@HPBU_GUID@@@Z 10014b50 f i jqsiestartdetector.obj
 0001:00013c60       _IsEqualGUID               10014c60 f i jqsiestartdetector.obj
 0001:00013cb0       ?AtlRegisterTypeLib@ATL@@YGJPAUHINSTANCE__@@PBG@Z 10014cb0 f i jqsiestartdetector.obj
 0001:00013f30       ?CharNextO@@YAPAGPBG@Z     10014f30 f i jqsiestartdetector.obj
 0001:00013f80       ?AtlLoadTypeLib@ATL@@YGJPAUHINSTANCE__@@PBGPAPAGPAPAUITypeLib@@@Z 10014f80 f i jqsiestartdetector.obj
 0001:00014510       ??1?$CComPtr@UITypeLib@@@ATL@@QAE@XZ 10015510 f i jqsiestartdetector.obj
 0001:00014550       ?AtlRegisterClassCategoriesHelper@ATL@@YGJABU_GUID@@PBU_ATL_CATMAP_ENTRY@1@H@Z 10015550 f i jqsiestartdetector.obj
 0001:00014bb0       ??0CRegKey@ATL@@QAE@PAUHKEY__@@@Z 10015bb0 f i jqsiestartdetector.obj
 0001:00014bf0       ??1?$CComPtr@UICatRegister@@@ATL@@QAE@XZ 10015bf0 f i jqsiestartdetector.obj
 0001:00014c30       ??0?$CComPtr@UITypeLib@@@ATL@@QAE@XZ 10015c30 f i jqsiestartdetector.obj
 0001:00014c80       ??1?$CComPtrBase@UITypeLib@@@ATL@@QAE@XZ 10015c80 f i jqsiestartdetector.obj
 0001:00014ce0       ??B?$CComPtrBase@UITypeLib@@@ATL@@QBEPAUITypeLib@@XZ 10015ce0 f i jqsiestartdetector.obj
 0001:00014d10       ??I?$CComPtrBase@UITypeLib@@@ATL@@QAEPAPAUITypeLib@@XZ 10015d10 f i jqsiestartdetector.obj
 0001:00014d40       ??0?$CComPtr@UICatRegister@@@ATL@@QAE@XZ 10015d40 f i jqsiestartdetector.obj
 0001:00014d90       ??1?$CComPtrBase@UICatRegister@@@ATL@@QAE@XZ 10015d90 f i jqsiestartdetector.obj
 0001:00014df0       ??I?$CComPtrBase@UICatRegister@@@ATL@@QAEPAPAUICatRegister@@XZ 10015df0 f i jqsiestartdetector.obj
 0001:00014e20       ??C?$CComPtrBase@UICatRegister@@@ATL@@QBEPAV?$_NoAddRefReleaseOnCComPtr@UICatRegister@@@1@XZ 10015e20 f i jqsiestartdetector.obj
 0001:00014e50       ??0?$CComPtrBase@UITypeLib@@@ATL@@IAE@XZ 10015e50 f i jqsiestartdetector.obj
 0001:00014e90       ??0?$CComPtrBase@UICatRegister@@@ATL@@IAE@XZ 10015e90 f i jqsiestartdetector.obj
 0001:00014ed0       ?UnregisterServer@?$CAtlModuleT@VCJQSIEStartDetectorModule@@@ATL@@QAEJHPBU_GUID@@@Z 10015ed0 f i jqsiestartdetector.obj
 0001:00014f50       ?UnregisterServer@CAtlComModule@ATL@@QAEJHPBU_GUID@@@Z 10015f50 f i jqsiestartdetector.obj
 0001:00014fa0       ?AtlComModuleUnregisterServer@ATL@@YGJPAU_ATL_COM_MODULE70@1@HPBU_GUID@@@Z 10015fa0 f i jqsiestartdetector.obj
 0001:000150b0       ?AtlUnRegisterTypeLib@ATL@@YGJPAUHINSTANCE__@@PBG@Z 100160b0 f i jqsiestartdetector.obj
 0001:00015230       ??C?$CComPtrBase@UITypeLib@@@ATL@@QBEPAV?$_NoAddRefReleaseOnCComPtr@UITypeLib@@@1@XZ 10016230 f i jqsiestartdetector.obj
 0001:00015260       ?RegisterAppId@?$CAtlModuleT@VCJQSIEStartDetectorModule@@@ATL@@QAEJXZ 10016260 f i jqsiestartdetector.obj
 0001:000152a0       ?UpdateRegistryAppId@CJQSIEStartDetectorModule@@SGJH@Z 100162a0 f i jqsiestartdetector.obj
 0001:00015340       ?GetAppId@CJQSIEStartDetectorModule@@SAPBGXZ 10016340 f i jqsiestartdetector.obj
 0001:00015370       ?UnregisterAppId@?$CAtlModuleT@VCJQSIEStartDetectorModule@@@ATL@@QAEJXZ 10016370 f i jqsiestartdetector.obj
 0001:000153b0       ??0CJQSIEStartDetectorModule@@QAE@XZ 100163b0 f i jqsiestartdetector.obj
 0001:00015400       ?Lock@CAtlModule@ATL@@UAEJXZ 10016400 f i jqsiestartdetector.obj
 0001:00015450       ?Unlock@CAtlModule@ATL@@UAEJXZ 10016450 f i jqsiestartdetector.obj
 0001:000154a0       ?GetLockCount@CAtlModule@ATL@@UAEJXZ 100164a0 f i jqsiestartdetector.obj
 0001:000154d0       ?GetGITPtr@CAtlModule@ATL@@UAEJPAPAUIGlobalInterfaceTable@@@Z 100164d0 f i jqsiestartdetector.obj
 0001:00015580       ??_ECJQSIEStartDetectorModule@@UAEPAXI@Z 10016580 f i jqsiestartdetector.obj
 0001:00015580       ??_GCJQSIEStartDetectorModule@@UAEPAXI@Z 10016580 f i jqsiestartdetector.obj
 0001:000155e0       ??1CJQSIEStartDetectorModule@@UAE@XZ 100165e0 f i jqsiestartdetector.obj
 0001:00015620       ??0?$CAtlDllModuleT@VCJQSIEStartDetectorModule@@@ATL@@QAE@XZ 10016620 f i jqsiestartdetector.obj
 0001:00015670       ?ExecuteObjectMain@CAtlComModule@ATL@@QAEX_N@Z 10016670 f i jqsiestartdetector.obj
 0001:000156f0       ??1?$CAtlDllModuleT@VCJQSIEStartDetectorModule@@@ATL@@UAE@XZ 100166f0 f i jqsiestartdetector.obj
 0001:00015740       ?AddCommonRGSReplacements@?$CAtlModuleT@VCJQSIEStartDetectorModule@@@ATL@@UAEJPAUIRegistrarBase@@@Z 10016740 f i jqsiestartdetector.obj
 0001:000157a0       ??1?$CAtlModuleT@VCJQSIEStartDetectorModule@@@ATL@@UAE@XZ 100167a0 f i jqsiestartdetector.obj
 0001:000157e0       ??1CAtlModule@ATL@@UAE@XZ  100167e0 f i jqsiestartdetector.obj
 0001:00015820       ?Term@CAtlModule@ATL@@QAEXXZ 10016820 f i jqsiestartdetector.obj
 0001:000158e0       ?AtlCallTermFunc@ATL@@YGXPAU_ATL_MODULE70@1@@Z 100168e0 f i jqsiestartdetector.obj
 0001:00015990       ??0?$CAtlModuleT@VCJQSIEStartDetectorModule@@@ATL@@QAE@XZ 10016990 f i jqsiestartdetector.obj
 0001:000159e0       ??0CAtlModule@ATL@@QAE@XZ  100169e0 f i jqsiestartdetector.obj
 0001:00015a70       ??0_ATL_MODULE70@ATL@@QAE@XZ 10016a70 f i jqsiestartdetector.obj
 0001:00015ac0       ?InitLibId@CJQSIEStartDetectorModule@@SAXXZ 10016ac0 f i jqsiestartdetector.obj
 0001:00015b20       ?sendJQSAPICommand@@YA_NW4JQSAPIMessageKind@@@Z 10016b20 f   jqs_api_client.obj
 0001:00015ce0       ??0JQSAPIMessage@@QAE@W4JQSAPIMessageKind@@I@Z 10016ce0 f i jqs_api_client.obj
 0001:00015d80       ?append@JQSAPIMessage@@QAEXI@Z 10016d80 f i jqs_api_client.obj
 0001:00015e30       ?getBytes@JQSAPIMessage@@QBEABV?$vector@DV?$allocator@D@std@@@std@@XZ 10016e30 f i jqs_api_client.obj
 0001:00015e60       ?getMessage@SocketException@@QBEPBDXZ 10016e60 f i jqs_api_client.obj
 0001:00015ea0       ?getSocketError@SocketException@@QBEHXZ 10016ea0 f i jqs_api_client.obj
 0001:00015ed0       ?setTimeout@Connection@@QAEXH@Z 10016ed0 f i jqs_api_client.obj
 0001:00015f20       ??1JQSAPIMessage@@QAE@XZ   10016f20 f i jqs_api_client.obj
 0001:00015f60       ??0?$vector@DV?$allocator@D@std@@@std@@QAE@XZ 10016f60 f i jqs_api_client.obj
 0001:00015fc0       ?push_back@?$vector@DV?$allocator@D@std@@@std@@QAEXABD@Z 10016fc0 f i jqs_api_client.obj
 0001:00016060       ?insert@?$vector@DV?$allocator@D@std@@@std@@QAE?AViterator@12@V312@ABD@Z 10017060 f i jqs_api_client.obj
 0001:0001610c       _WSAStartup@8              1001710c f   ws2_32:WS2_32.dll
 0001:00016112       _WSACleanup@0              10017112 f   ws2_32:WS2_32.dll
 0001:00016118       _WSACreateEvent@0          10017118 f   ws2_32:WS2_32.dll
 0001:0001611e       _WSAGetLastError@0         1001711e f   ws2_32:WS2_32.dll
 0001:00016124       _WSACloseEvent@4           10017124 f   ws2_32:WS2_32.dll
 0001:0001612a       _WSAResetEvent@4           1001712a f   ws2_32:WS2_32.dll
 0001:00016130       _WSAWaitForMultipleEvents@20 10017130 f   ws2_32:WS2_32.dll
 0001:00016136       _WSASetEvent@4             10017136 f   ws2_32:WS2_32.dll
 0001:0001613c       _socket@12                 1001713c f   ws2_32:WS2_32.dll
 0001:00016142       _closesocket@4             10017142 f   ws2_32:WS2_32.dll
 0001:00016148       _bind@12                   10017148 f   ws2_32:WS2_32.dll
 0001:0001614e       _listen@8                  1001714e f   ws2_32:WS2_32.dll
 0001:00016154       _htonl@4                   10017154 f   ws2_32:WS2_32.dll
 0001:0001615a       _accept@12                 1001715a f   ws2_32:WS2_32.dll
 0001:00016160       _connect@12                10017160 f   ws2_32:WS2_32.dll
 0001:00016166       _send@16                   10017166 f   ws2_32:WS2_32.dll
 0001:0001616c       _recv@16                   1001716c f   ws2_32:WS2_32.dll
 0001:00016172       _getsockname@12            10017172 f   ws2_32:WS2_32.dll
 0001:00016178       _select@20                 10017178 f   ws2_32:WS2_32.dll
 0001:0001617e       _WSAEventSelect@12         1001717e f   ws2_32:WS2_32.dll
 0001:00016184       _htons@4                   10017184 f   ws2_32:WS2_32.dll
 0001:0001618a       _CoTaskMemFree@4           1001718a f   ole32:ole32.dll
 0001:00016190       _CoTaskMemAlloc@4          10017190 f   ole32:ole32.dll
 0001:00016196       _CoTaskMemRealloc@8        10017196 f   ole32:ole32.dll
 0001:0001619c       _StringFromGUID2@12        1001719c f   ole32:ole32.dll
 0001:000161a2       _CoCreateInstance@20       100171a2 f   ole32:ole32.dll
 0001:000161a8       _SysFreeString@4           100171a8 f   oleaut32:OLEAUT32.dll
 0001:000161ae       _VarUI4FromStr@16          100171ae f   oleaut32:OLEAUT32.dll
 0001:000161b4       _LoadRegTypeLib@20         100171b4 f   oleaut32:OLEAUT32.dll
 0001:000161ba       _LoadTypeLib@8             100171ba f   oleaut32:OLEAUT32.dll
 0001:000161c0       _SysStringLen@4            100171c0 f   oleaut32:OLEAUT32.dll
 0001:000161c6       _RegisterTypeLib@12        100171c6 f   oleaut32:OLEAUT32.dll
 0001:000161cc       _SysAllocString@4          100171cc f   oleaut32:OLEAUT32.dll
 0001:000161d2       _UnRegisterTypeLib@20      100171d2 f   oleaut32:OLEAUT32.dll
 0001:000161d8       __RTC_InitBase             100171d8 f   MSVCRT:init.obj
 0001:000161fe       __RTC_Shutdown             100171fe f   MSVCRT:init.obj
 0001:00016210       __RTC_CheckEsp             10017210 f   MSVCRT:stack.obj
 0001:00016233       @_RTC_CheckStackVars@8     10017233 f   MSVCRT:stack.obj
 0001:00016290       __allmul                   10017290 f   MSVCRT:llmul.obj
 0001:000162d0       __aulldiv                  100172d0 f   MSVCRT:ulldiv.obj
 0001:00016338       _tolower                   10017338 f   MSVCRT:MSVCR71.dll
 0001:0001633e       ___CxxFrameHandler         1001733e f   MSVCRT:MSVCR71.dll
 0001:00016375       @__security_check_cookie@4 10017375 f   MSVCRT:secchk.obj
 0001:00016390       _fgets                     10017390 f   MSVCRT:MSVCR71.dll
 0001:00016396       _memmove                   10017396 f   MSVCRT:MSVCR71.dll
 0001:0001639c       _strlen                    1001739c f   MSVCRT:MSVCR71.dll
 0001:000163a2       _memcpy                    100173a2 f   MSVCRT:MSVCR71.dll
 0001:000163a8       _memchr                    100173a8 f   MSVCRT:MSVCR71.dll
 0001:000163ae       ??3@YAXPAX@Z               100173ae f   MSVCRT:MSVCR71.dll
 0001:000163b4       __CxxThrowException@8      100173b4 f   MSVCRT:MSVCR71.dll
 0001:000163ba       ??2@YAPAXI@Z               100173ba f   MSVCRT:MSVCR71.dll
 0001:000163c0       __onexit                   100173c0 f   MSVCRT:atonexit.obj
 0001:000163e6       _atexit                    100173e6 f   MSVCRT:atonexit.obj
 0001:000163f8       __purecall                 100173f8 f   MSVCRT:MSVCR71.dll
 0001:000163fe       _strerror                  100173fe f   MSVCRT:MSVCR71.dll
 0001:00016404       __errno                    10017404 f   MSVCRT:MSVCR71.dll
 0001:0001640a       __beginthreadex            1001740a f   MSVCRT:MSVCR71.dll
 0001:00016410       __endthreadex              10017410 f   MSVCRT:MSVCR71.dll
 0001:00016416       __except_handler3          10017416 f   MSVCRT:MSVCR71.dll
 0001:0001641c       ??0type_info@@AAE@ABV0@@Z  1001741c f   MSVCRT:ti_inst.obj
 0001:00016427       ??_Etype_info@@UAEPAXI@Z   10017427 f i MSVCRT:ti_inst.obj
 0001:00016472       ??4type_info@@AAEAAV0@ABV0@@Z 10017472 f   MSVCRT:ti_inst.obj
 0001:00016478       ??0exception@@QAE@ABV0@@Z  10017478 f   MSVCRT:MSVCR71.dll
 0001:0001647e       ??1exception@@UAE@XZ       1001747e f   MSVCRT:MSVCR71.dll
 0001:00016484       ??0exception@@QAE@XZ       10017484 f   MSVCRT:MSVCR71.dll
 0001:0001648a       _fopen                     1001748a f   MSVCRT:MSVCR71.dll
 0001:00016490       _fclose                    10017490 f   MSVCRT:MSVCR71.dll
 0001:00016496       _setlocale                 10017496 f   MSVCRT:MSVCR71.dll
 0001:0001649c       __vsnprintf                1001749c f   MSVCRT:MSVCR71.dll
 0001:000164a2       _fflush                    100174a2 f   MSVCRT:MSVCR71.dll
 0001:000164a8       _fprintf                   100174a8 f   MSVCRT:MSVCR71.dll
 0001:000164ae       _strftime                  100174ae f   MSVCRT:MSVCR71.dll
 0001:000164b4       _localtime                 100174b4 f   MSVCRT:MSVCR71.dll
 0001:000164ba       _time                      100174ba f   MSVCRT:MSVCR71.dll
 0001:000164c0       _exit                      100174c0 f   MSVCRT:MSVCR71.dll
 0001:000164c6       __strnicmp                 100174c6 f   MSVCRT:MSVCR71.dll
 0001:000164cc       _memcmp                    100174cc f   MSVCRT:MSVCR71.dll
 0001:000164d2       ??_V@YAXPAX@Z              100174d2 f   MSVCRT:MSVCR71.dll
 0001:000164ea       ?__ArrayUnwind@@YGXPAXIHP6EX0@Z@Z 100174ea f   MSVCRT:ehvecdtr.obj
 0001:00016548       ??_M@YGXPAXIHP6EX0@Z@Z     10017548 f   MSVCRT:ehvecdtr.obj
 0001:000165b0       __alloca_probe             100175b0     MSVCRT:chkstk.obj
 0001:000165b0       __chkstk                   100175b0 f   MSVCRT:chkstk.obj
 0001:000165ee       __resetstkoflw             100175ee f   MSVCRT:MSVCR71.dll
 0001:000165f4       ??_U@YAPAXI@Z              100175f4 f   MSVCRT:MSVCR71.dll
 0001:000165fa       _memset                    100175fa f   MSVCRT:MSVCR71.dll
 0001:00016600       _malloc                    10017600 f   MSVCRT:MSVCR71.dll
 0001:00016606       _free                      10017606 f   MSVCRT:MSVCR71.dll
 0001:0001660c       _realloc                   1001760c f   MSVCRT:MSVCR71.dll
 0001:00016612       ??_L@YGXPAXIHP6EX0@Z1@Z    10017612 f   MSVCRT:ehvecctr.obj
 0001:00016674       _wcsncpy                   10017674 f   MSVCRT:MSVCR71.dll
 0001:0001667a       __CRT_INIT@12              1001767a f   MSVCRT:crtdll.obj
 0001:00016738       __DllMainCRTStartup@12     10017738 f   MSVCRT:crtdll.obj
 0001:0001681c       __RTC_NumErrors            1001781c f   MSVCRT:userapi.obj
 0001:00016820       __RTC_GetErrDesc           10017820 f   MSVCRT:userapi.obj
 0001:00016838       __RTC_SetErrorType         10017838 f   MSVCRT:userapi.obj
 0001:00016859       __RTC_SetErrorFunc         10017859 f   MSVCRT:userapi.obj
 0001:00016869       ?_RTC_GetErrorFunc@@YAP6AHHPBDH00ZZPBX@Z 10017869 f   MSVCRT:userapi.obj
 0001:00016870       __CRT_RTC_INIT             10017870 f   MSVCRT:MSVCR71.dll
 0001:00016b23       ?_RTC_Failure@@YAXPAXH@Z   10017b23 f   MSVCRT:error.obj
 0001:00016b61       ?_RTC_MemFailure@@YAXPAXHPBX@Z 10017b61 f   MSVCRT:error.obj
 0001:00016cf5       ?_RTC_StackFailure@@YAXPAXPBD@Z 10017cf5 f   MSVCRT:error.obj
 0001:00016d81       __RTC_UninitUse            10017d81 f   MSVCRT:error.obj
 0001:00016e27       ___security_init_cookie    10017e27 f   MSVCRT:seccinit.obj
 0001:00016e8e       ___security_error_handler  10017e8e f   MSVCRT:MSVCR71.dll
 0001:00016e94       __SEH_prolog               10017e94 f   MSVCRT:sehprolg.obj
 0001:00016ecf       __SEH_epilog               10017ecf f   MSVCRT:sehprolg.obj
 0001:00016ee0       ___dllonexit               10017ee0 f   MSVCRT:MSVCR71.dll
 0001:00016ee6       ??1type_info@@UAE@XZ       10017ee6 f   MSVCRT:MSVCR71.dll
 0001:00016eec       ?terminate@@YAXXZ          10017eec f   MSVCRT:MSVCR71.dll
 0001:00016ef2       __initterm                 10017ef2 f   MSVCRT:MSVCR71.dll
 0001:00016ef8       __RTC_Initialize           10017ef8 f   MSVCRT:initsect.obj
 0001:00016f3c       __RTC_Terminate            10017f3c f   MSVCRT:initsect.obj
 0001:00016f80       ___CppXcptFilter           10017f80 f   MSVCRT:MSVCR71.dll
 0001:0001740f       ?_RTC_GetSrcLine@@YAHKPADHPAHPAPAD@Z 1001840f f   MSVCRT:pdblkup.obj
 0001:0001775e       ??0out_of_range@std@@QAE@ABV?$basic_string@DU?$char_traits@D@std@@V?$allocator@D@2@@1@@Z 1001875e f i libcpmt:string.obj
 0001:00017776       ??_Gout_of_range@std@@UAEPAXI@Z 10018776 f i libcpmt:string.obj
 0001:00017776       ??_Eout_of_range@std@@UAEPAXI@Z 10018776 f i libcpmt:string.obj
 0001:00017792       ??1out_of_range@std@@UAE@XZ 10018792 f i libcpmt:string.obj
 0001:0001779d       ?_Xran@_String_base@std@@QBEXXZ 1001879d f   libcpmt:string.obj
 0001:000177dd       ??0out_of_range@std@@QAE@ABV01@@Z 100187dd f i libcpmt:string.obj
 0001:000177f5       ?_Xlen@_String_base@std@@QBEXXZ 100187f5 f   libcpmt:string.obj
 0001:00017835       ??0?$CSimpleArray@PAUHINSTANCE__@@V?$CSimpleArrayEqualHelper@PAUHINSTANCE__@@@ATL@@@ATL@@QAE@XZ 10018835 f i atls:atlbase.obj
 0001:00017842       ?GetSize@?$CSimpleArray@PAUHINSTANCE__@@V?$CSimpleArrayEqualHelper@PAUHINSTANCE__@@@ATL@@@ATL@@QBEHXZ 10018842 f i atls:atlbase.obj
 0001:00017846       ?RemoveAt@?$CSimpleArray@PAUHINSTANCE__@@V?$CSimpleArrayEqualHelper@PAUHINSTANCE__@@@ATL@@@ATL@@QAEHH@Z 10018846 f i atls:atlbase.obj
 0001:00017889       ?RemoveAll@?$CSimpleArray@PAUHINSTANCE__@@V?$CSimpleArrayEqualHelper@PAUHINSTANCE__@@@ATL@@@ATL@@QAEXXZ 10018889 f i atls:atlbase.obj
 0001:000178a6       ??0Wrapper@?$CSimpleArray@PAUHINSTANCE__@@V?$CSimpleArrayEqualHelper@PAUHINSTANCE__@@@ATL@@@ATL@@QAE@ABQAUHINSTANCE__@@@Z 100188a6 f i atls:atlbase.obj
 0001:000178b3       ??$?2PAUHINSTANCE__@@@Wrapper@?$CSimpleArray@PAUHINSTANCE__@@V?$CSimpleArrayEqualHelper@PAUHINSTANCE__@@@ATL@@@ATL@@SAPAXIPAPAUHINSTANCE__@@@Z 100188b3 f i atls:atlbase.obj
 0001:000178b8       ??1?$CSimpleArray@PAUHINSTANCE__@@V?$CSimpleArrayEqualHelper@PAUHINSTANCE__@@@ATL@@@ATL@@QAE@XZ 100188b8 f i atls:atlbase.obj
 0001:000178bd       ??A?$CSimpleArray@PAUHINSTANCE__@@V?$CSimpleArrayEqualHelper@PAUHINSTANCE__@@@ATL@@@ATL@@QAEAAPAUHINSTANCE__@@H@Z 100188bd f i atls:atlbase.obj
 0001:000178e4       ?InternalSetAtIndex@?$CSimpleArray@PAUHINSTANCE__@@V?$CSimpleArrayEqualHelper@PAUHINSTANCE__@@@ATL@@@ATL@@QAEXHABQAUHINSTANCE__@@@Z 100188e4 f i atls:atlbase.obj
 0001:000178fc       ??0_ATL_BASE_MODULE70@ATL@@QAE@XZ 100188fc f i atls:atlbase.obj
 0001:00017916       ??1_ATL_BASE_MODULE70@ATL@@QAE@XZ 10018916 f i atls:atlbase.obj
 0001:0001791e       ??1CAtlBaseModule@ATL@@QAE@XZ 1001891e f   atls:atlbase.obj
 0001:00017934       ?RemoveResourceInstance@CAtlBaseModule@ATL@@QAE_NPAUHINSTANCE__@@@Z 10018934 f   atls:atlbase.obj
 0001:0001798d       ?GetHInstanceAt@CAtlBaseModule@ATL@@QAEPAUHINSTANCE__@@H@Z 1001898d f   atls:atlbase.obj
 0001:000179db       ?Add@?$CSimpleArray@PAUHINSTANCE__@@V?$CSimpleArrayEqualHelper@PAUHINSTANCE__@@@ATL@@@ATL@@QAEHABQAUHINSTANCE__@@@Z 100189db f i atls:atlbase.obj
 0001:00017a26       ??0CAtlBaseModule@ATL@@QAE@XZ 10018a26 f   atls:atlbase.obj
[...]
   230 0001:000054a3   231 0001:000054b0   232 0001:000054b3   159 0001:000054c0
   160 0001:000054e3   161 0001:000054f7   152 0001:00005510   155 0001:00005533
   156 0001:00005542

Line numbers for C:/BUILD_~1/jdk6_21/control/build/WINDOW~2/tmp/deploy/jqs/jqs_plugin/sockets.obj(c:\build_area\jdk6_21\deploy\src\jqs\windows\sockets.hpp) segment .text

    53 0001:00001f70    68 0001:00002280    48 0001:000027f0   263 0001:00003640
   324 0001:00003a20

Line numbers for C:/BUILD_~1/jdk6_21/control/build/WINDOW~2/tmp/deploy/jqs/jqs_plugin/sockets.obj(c:\build_area\jdk6_21\deploy\src\jqs\windows\sockets.cpp) segment .text

    14 0001:00001de0    18 0001:00001e06    19 0001:00001e27    20 0001:00001e30
    22 0001:00001e44    28 0001:00001e90    29 0001:00001eae    30 0001:00001ebd
    39 0001:00001ee0    40 0001:00001f0c    41 0001:00001f21    42 0001:00001f2a
    44 0001:00001f4b    46 0001:000020d0    47 0001:000020fc    48 0001:00002112
    53 0001:00002130    54 0001:00002153    55 0001:00002159    63 0001:00002160
    65 0001:00002183    71 0001:000021aa    72 0001:000021cd    74 0001:000021ed
    76 0001:000021ef    78 0001:0000220b    81 0001:0000222c    82 0001:00002246
    84 0001:00002267    91 0001:00002360    92 0001:00002383    93 0001:0000239d
    95 0001:000023be   101 0001:000023e0   102 0001:00002403   103 0001:0000241d
   105 0001:0000243e   115 0001:00002460   116 0001:000024ba   117 0001:000024d5
   118 0001:000024de   120 0001:000024ff   121 0001:00002509   130 0001:000025a0
   131 0001:00002603   132 0001:0000260c   134 0001:0000262d   135 0001:00002637
   140 0001:00002670   141 0001:0000269c   142 0001:000026b2   149 0001:000026e0
   152 0001:00002703   153 0001:00002722   154 0001:00002728   155 0001:0000273e
   157 0001:0000275a   159 0001:0000277b   165 0001:000028d0   167 0001:000028f3
   168 0001:00002911   169 0001:00002917   171 0001:00002938   177 0001:00002950
   178 0001:00002990   179 0001:000029a1   182 0001:000029bd   185 0001:000029c4
   186 0001:000029e5   187 0001:000029eb   189 0001:00002a0c   190 0001:00002a25
   195 0001:00002a38   196 0001:00002a59   198 0001:00002a7a   199 0001:00002ad4
   205 0001:00002b40   208 0001:00002b63   209 0001:00002b82   210 0001:00002b88
   212 0001:00002b9e   214 0001:00002bba   216 0001:00002bdb   223 0001:00002ce0
   224 0001:00002d03   225 0001:00002d14   229 0001:00002d30   230 0001:00002d53
   231 0001:00002d59   233 0001:00002d7a   241 0001:00002d90   242 0001:00002db3
   243 0001:00002dc4   247 0001:00002de0   248 0001:00002e03   249 0001:00002e09
   251 0001:00002e2a   252 0001:00002e30   254 0001:00002e4c   255 0001:00002e4f
   261 0001:00002f50   262 0001:00002f73   263 0001:00002f7a   264 0001:00002f9b
   265 0001:00002fa1   267 0001:00002fc2   274 0001:00003010   275 0001:00003033
   276 0001:00003046   284 0001:00003060   286 0001:00003083   287 0001:00003091
   288 0001:000030a5   291 0001:000030ba   292 0001:000030c4   294 0001:00003143
   295 0001:0000315b   297 0001:00003173   298 0001:0000319e   299 0001:000031b9
   301 0001:000031da   302 0001:000031e6   309 0001:00003240   310 0001:00003263
   311 0001:0000328c   312 0001:00003292   314 0001:000032b3   321 0001:000032d0
   322 0001:000032f3   323 0001:000032fc   335 0001:00003310   336 0001:00003333
   337 0001:0000333e   338 0001:00003349   339 0001:0000335c   342 0001:0000336b
   343 0001:00003376   344 0001:0000337d   346 0001:00003399   352 0001:00003490
   353 0001:000034b3   354 0001:000034ba   355 0001:000034c5   363 0001:000034e0
   366 0001:00003538   367 0001:0000353e   368 0001:00003555   371 0001:0000356d
   374 0001:00003579   375 0001:00003583   383 0001:00003690   385 0001:000036e4
   386 0001:000036ee   393 0001:00003720   394 0001:00003743   395 0001:0000375f
   406 0001:00003780   407 0001:000037b8   408 0001:000037bf   409 0001:000037d3
   412 0001:000037e0   414 0001:000037f4   415 0001:00003844   423 0001:000038b0
   425 0001:00003908   426 0001:0000390e   427 0001:00003925   429 0001:0000393d
   430 0001:00003949   433 0001:00003951   434 0001:0000395b

Line numbers for C:/BUILD_~1/jdk6_21/control/build/WINDOW~2/tmp/deploy/jqs/jqs_plugin/thread.obj(c:\build_area\jdk6_21\deploy\src\jqs\windows\thread.cpp) segment .text

    37 0001:00001a80    40 0001:00001b20    41 0001:00001b4c    42 0001:00001b55
    43 0001:00001b6b    45 0001:00001b75    50 0001:00001b90    58 0001:00001bb3
    60 0001:00001bde    61 0001:00001be7    62 0001:00001c19    65 0001:00001c1d
    66 0001:00001c1f    19 0001:00001c70    20 0001:00001cab    21 0001:00001cb2
    22 0001:00001cb8    23 0001:00001ccb    25 0001:00001ce8    26 0001:00001cf8
    28 0001:00001d09    29 0001:00001d0b    71 0001:00001d60    72 0001:00001d83
    73 0001:00001d9e    74 0001:00001da4    76 0001:00001dc1

Line numbers for C:/BUILD_~1/jdk6_21/control/build/WINDOW~2/tmp/deploy/jqs/jqs_plugin/utils.obj(c:\program files\microsoft visual studio .net 2003\vc7\include\xlocale) segment .text

    66 0001:00001a40    67 0001:00001a6b

Line numbers for C:/BUILD_~1/jdk6_21/control/build/WINDOW~2/tmp/deploy/jqs/jqs_plugin/utils.obj(c:\program files\microsoft visual studio .net 2003\vc7\include\xlocnum) segment .text

   806 0001:000185f0   806 0001:00018630

Line numbers for C:/BUILD_~1/jdk6_21/control/build/WINDOW~2/tmp/deploy/jqs/jqs_plugin/utils.obj(c:\program files\microsoft visual studio .net 2003\vc7\include\xmemory) segment .text

   111 0001:00001170   113 0001:00001193   115 0001:000011a0   117 0001:000011c3
   131 0001:000011d0   132 0001:000011f3   133 0001:000011ff   136 0001:00001810
   137 0001:00001833   138 0001:00001841   156 0001:00001940   157 0001:00001963
   158 0001:0000196a   159 0001:0000198b    33 0001:000019a0    34 0001:000019be
    35 0001:000019ca

Line numbers for C:/BUILD_~1/jdk6_21/control/build/WINDOW~2/tmp/deploy/jqs/jqs_plugin/utils.obj(c:\program files\microsoft visual studio .net 2003\vc7\include\iosfwd) segment .text

   369 0001:00000690   370 0001:000006ae   371 0001:000006cc   351 0001:00000830
   352 0001:0000084e   353 0001:0000085a   357 0001:00000af0   358 0001:00000b0e
   359 0001:00000b22   363 0001:00000df0   364 0001:00000e0e   365 0001:00000e2f
   330 0001:00000f90   331 0001:00000fae   332 0001:00000fb8

Line numbers for C:/BUILD_~1/jdk6_21/control/build/WINDOW~2/tmp/deploy/jqs/jqs_plugin/utils.obj(c:\program files\microsoft visual studio .net 2003\vc7\include\xstring) segment .text

   323 0001:00000450   324 0001:00000487   325 0001:00000493   326 0001:000004a7
   360 0001:000004c0   361 0001:000004f3   362 0001:000004ff   363 0001:0000050b
   456 0001:00000530   457 0001:00000553   458 0001:0000055f   486 0001:00000580
   487 0001:000005a3   488 0001:000005af   792 0001:000005d0   793 0001:000005f3
   794 0001:000005fe   795 0001:00000606   796 0001:00000614   797 0001:00000620
   800 0001:00000626   801 0001:00000656   802 0001:00000662   804 0001:0000066e
   805 0001:00000671   822 0001:000006e0   823 0001:00000703   824 0001:00000736
  1078 0001:00000750  1079 0001:00000773  1080 0001:0000077e  1103 0001:000007a0
  1104 0001:000007c3  1105 0001:000007c9  1334 0001:000007d0  1335 0001:000007f3
  1336 0001:00000810  1364 0001:00000870  1365 0001:00000893  1366 0001:000008b0
  1374 0001:000008d0  1375 0001:000008fd  1376 0001:00000923   331 0001:00000940
   332 0001:00000973   333 0001:0000097f   334 0001:00000993   537 0001:000009b0
   538 0001:000009d3   539 0001:000009ec   590 0001:00000a10   591 0001:00000a33
   592 0001:00000a40   593 0001:00000a48   594 0001:00000a56   595 0001:00000a5e
   597 0001:00000a64   598 0001:00000a6c   599 0001:00000a8f   601 0001:00000aa6
   602 0001:00000ac7   604 0001:00000ad3   605 0001:00000ad6  1108 0001:00000b40
  1109 0001:00000b63  1110 0001:00000b69   621 0001:00000b70   622 0001:00000b93
   623 0001:00000bac   815 0001:00000bd0   816 0001:00000bf3   817 0001:00000c2c
   818 0001:00000c61   819 0001:00000c78  1024 0001:00000c90  1025 0001:00000cb3
  1026 0001:00000cc7  1034 0001:00000ce0  1035 0001:00000d03  1036 0001:00000d1d
  1321 0001:00000d40  1322 0001:00000d63  1324 0001:00000d6e  1325 0001:00000d7f
  1326 0001:00000da0  1327 0001:00000db8  1328 0001:00000dc9  1329 0001:00000dcb
  1330 0001:00000dd0  1351 0001:00000e50  1352 0001:00000e73  1354 0001:00000e7c
  1355 0001:00000ebd  1356 0001:00000ed5  1357 0001:00000ee6  1358 0001:00000ef3
  1359 0001:00000ef5  1360 0001:00000efc  1474 0001:00000f20  1475 0001:00000f43
  1476 0001:00000f6e  1509 0001:00000fc0  1510 0001:00000fe3  1512 0001:00000feb
  1514 0001:00000ff6  1515 0001:00000fff  1516 0001:00001005  1517 0001:0000101c
  1519 0001:00001032  1520 0001:0000103c  1521 0001:00001048  1531 0001:00001060
  1532 0001:00001083  1533 0001:000010ac  1536 0001:000010c0  1537 0001:000010e3
  1538 0001:0000110c    34 0001:00001120    35 0001:0000114f   521 0001:00001220
   522 0001:00001243   523 0001:00001256   524 0001:00001276   525 0001:00001287
   528 0001:0000128f   530 0001:000012b6   531 0001:000012d5   533 0001:000012e1
   534 0001:000012e4   608 0001:00001300   609 0001:00001323   610 0001:00001336
   612 0001:00001356   614 0001:0000136b   615 0001:00001384   617 0001:00001390
   618 0001:00001393  1480 0001:000013b0  1481 0001:000013d3  1482 0001:000013e0
  1483 0001:000013e8  1484 0001:000013f3  1485 0001:00001406  1487 0001:00001416
  1488 0001:00001449  1489 0001:00001451  1490 0001:0000145b  1491 0001:00001464
  1503 0001:00001480  1504 0001:0000149e  1505 0001:000014c8   227 0001:000014e0
   228 0001:0000150f   502 0001:00001530   503 0001:00001553   504 0001:00001560
   505 0001:00001568   506 0001:00001576   507 0001:0000157e   508 0001:00001584
   509 0001:00001595   511 0001:0000159d   514 0001:000015c4   515 0001:000015eb
   517 0001:000015f7   518 0001:000015fa  1113 0001:00001610  1114 0001:00001633
  1115 0001:0000163e  1116 0001:00001662  1444 0001:00001680  1445 0001:000016bc
  1446 0001:000016c5  1447 0001:000016d2  1448 0001:000016d8  1449 0001:000016da
  1450 0001:0000170c  1453 0001:0000171d  1454 0001:00001724  1455 0001:00001744
  1456 0001:00001747  1457 0001:0000174d  1458 0001:00001751  1460 0001:00001771
  1461 0001:0000177d  1462 0001:00001786  1463 0001:0000178d  1465 0001:0000179c
  1466 0001:000017a2  1467 0001:000017bb  1468 0001:000017c7  1469 0001:000017d0
  1470 0001:000017d9  1471 0001:000017e5  1494 0001:00001860  1495 0001:00001883
  1496 0001:000018a3  1498 0001:000018a7  1499 0001:000018a9    84 0001:000018c0
    86 0001:000018e3    87 0001:000018eb   151 0001:00001900   154 0001:00001923
   155 0001:0000192d   311 0001:000019e0   312 0001:00001a13   313 0001:00001a1f

Line numbers for C:/BUILD_~1/jdk6_21/control/build/WINDOW~2/tmp/deploy/jqs/jqs_plugin/utils.obj(c:\build_area\jdk6_21\deploy\src\jqs\share\utils.cpp) segment .text

    69 0001:00000000    70 0001:0000001e    71 0001:00000031    73 0001:00000040
    74 0001:0000005e    75 0001:0000008d    77 0001:000000b0    78 0001:000000ce
    79 0001:000000f0    84 0001:00000110    85 0001:00000138    86 0001:0000014a
    87 0001:00000155    89 0001:00000176    90 0001:0000018c    91 0001:000001bc
    92 0001:000001e5    97 0001:00000200    98 0001:00000245    99 0001:00000258
   100 0001:00000277   101 0001:000002a9   102 0001:000002ab   103 0001:000002d5
   109 0001:00000330   110 0001:00000356   113 0001:0000035d   116 0001:00000365
   117 0001:0000036c   118 0001:0000038e   119 0001:00000399   120 0001:000003a8
   121 0001:000003b6   123 0001:000003d0   124 0001:000003e8   126 0001:000003ec
   128 0001:000003f7   130 0001:000003fb   132 0001:000003fd   134 0001:00000401
   135 0001:00000406    29 0001:00018500    33 0001:00018550    37 0001:000185a0

Line numbers for C:\PROGRA~1\MICROS~1.NET\VC7\LIB\MSVCRT.lib(F:\VS70Builds\3077\vc\crtbld\crt\src\intel\chkstk.asm) segment .text

    69 0001:000165b0    65 0001:000165b0    70 0001:000165b5    72 0001:000165b7
    73 0001:000165b9    74 0001:000165bb    75 0001:000165be    76 0001:000165c0
    77 0001:000165c1    78 0001:000165c3    79 0001:000165c4    82 0001:000165c5
    83 0001:000165c6    88 0001:000165ca    89 0001:000165d0    91 0001:000165d5
    93 0001:000165d7    94 0001:000165dc    97 0001:000165de    98 0001:000165e0
   100 0001:000165e2   102 0001:000165e4   104 0001:000165e6   105 0001:000165e8
   107 0001:000165eb   109 0001:000165ec

Line numbers for C:\PROGRA~1\MICROS~1.NET\VC7\LIB\MSVCRT.lib(f:\vs70builds\3077\vc\crtbld\crt\src\atonexit.c) segment .text

    81 0001:000163c0    76 0001:000163c0    90 0001:000163e5    96 0001:000163e6
    95 0001:000163e6    97 0001:000163f7

Line numbers for C:\PROGRA~1\MICROS~1.NET\VC7\LIB\MSVCRT.lib(f:\vs70builds\3077\vc\crtbld\crt\src\crtdll.c) segment .text

   134 0001:0001667a   129 0001:0001667a   135 0001:00016682   136 0001:0001668a
   158 0001:00016690   163 0001:000166a3   168 0001:000166b8   170 0001:000166bc
   172 0001:000166bf   178 0001:000166c9   179 0001:000166ce   184 0001:000166d8
   189 0001:000166e9   192 0001:000166f0   219 0001:000166f6   220 0001:000166ff
   225 0001:00016701   226 0001:0001670d   234 0001:00016723   236 0001:0001672a
   234 0001:00016731   240 0001:00016732   241 0001:00016735   249 0001:00016738
   250 0001:00016744   252 0001:0001674a   257 0001:0001674f   258 0001:0001675c
   260 0001:00016762   262 0001:0001676b   263 0001:00016774   265 0001:00016780
   266 0001:00016789   268 0001:00016798   269 0001:0001679a   272 0001:0001679c
   275 0001:000167ac   283 0001:000167b5   286 0001:000167bf   288 0001:000167c8
   289 0001:000167d6   291 0001:000167d9   292 0001:000167e7   298 0001:000167f5
   294 0001:000167fa   295 0001:00016812   299 0001:00016814

Line numbers for C:\PROGRA~1\MICROS~1.NET\VC7\LIB\MSVCRT.lib(f:\vs70builds\3077\vc\crtbld\crt\src\ti_inst.cpp) segment .text

    17 0001:0001641c    18 0001:00016424    21 0001:00016472    23 0001:00016474

Line numbers for C:\PROGRA~1\MICROS~1.NET\VC7\LIB\MSVCRT.lib(F:\VS70Builds\3077\vc\crtbld\crt\src\intel\llmul.asm) segment .text

    62 0001:00016290    47 0001:00016290    63 0001:00016294    64 0001:00016298
    65 0001:0001629a    66 0001:0001629e    68 0001:000162a0    69 0001:000162a4
    71 0001:000162a6    74 0001:000162a9    81 0001:000162aa    82 0001:000162ac
    84 0001:000162ae    85 0001:000162b2    86 0001:000162b6    88 0001:000162b8
    89 0001:000162bc    90 0001:000162be    92 0001:000162c0    94 0001:000162c1

Line numbers for C:\PROGRA~1\MICROS~1.NET\VC7\LIB\MSVCRT.lib(f:\vs70builds\3077\vc\crtbld\crt\src\secchk.c) segment .text

   114 0001:00016344   116 0001:00016350   117 0001:00016354   119 0001:00016361
   123 0001:0001636c   100 0001:00016375   103 0001:00016375   104 0001:0001637b
   105 0001:0001637d   107 0001:0001637e

Line numbers for C:\PROGRA~1\MICROS~1.NET\VC7\LIB\MSVCRT.lib(f:\vs70builds\3077\vc\crtbld\crt\src\seccinit.c) segment .text

    49 0001:00016e27    58 0001:00016e2d    67 0001:00016e3e    70 0001:00016e48
    75 0001:00016e4e    76 0001:00016e56    77 0001:00016e5e    79 0001:00016e66
    93 0001:00016e70    94 0001:00016e8b

Line numbers for C:\PROGRA~1\MICROS~1.NET\VC7\LIB\MSVCRT.lib(F:\VS70Builds\3077\vc\crtbld\crt\src\intel\ulldiv.asm) segment .text

    46 0001:000162d0    44 0001:000162d0    47 0001:000162d1    81 0001:000162d2
    82 0001:000162d6    83 0001:000162d8    84 0001:000162da    85 0001:000162de
    86 0001:000162e2    87 0001:000162e4    88 0001:000162e6    89 0001:000162e8
    90 0001:000162ec    91 0001:000162ee    92 0001:000162f0    99 0001:000162f2
   100 0001:000162f4   101 0001:000162f8   102 0001:000162fc   104 0001:00016300
   105 0001:00016302   106 0001:00016304   107 0001:00016306   108 0001:00016308
   109 0001:0001630a   110 0001:0001630c   111 0001:0001630e   120 0001:00016310
   121 0001:00016314   122 0001:00016316   123 0001:0001631a   124 0001:0001631c
   125 0001:0001631e   133 0001:00016320   134 0001:00016324   135 0001:00016326
   136 0001:00016328   137 0001:0001632c   139 0001:0001632e   141 0001:0001632f
   142 0001:00016331   151 0001:00016333   152 0001:00016334   154 0001:00016335

Line numbers for C:\PROGRA~1\MICROS~1.NET\VC7\LIB\libcpmt.lib(f:\vs70builds\3077\vc\crtbld\crt\src\string.cpp) segment .text

    12 0001:0001779d    13 0001:000177aa     7 0001:000177f5     8 0001:00017802

Line numbers for C:\PROGRA~1\MICROS~1.NET\VC7\LIB\libcpmt.lib(f:\vs70builds\3077\vc\crtbld\crt\src\stdexcept) segment .text

   118 0001:0001775e   119 0001:00017770   122 0001:00017792

Line numbers for C:\PROGRA~1\MICROS~1.NET\VC7\ATLMFC\LIB\atls.lib(f:\vs70builds\3077\vc\mfcatl\ship\atlmfc\include\atlbase.h) segment .text

  2602 0001:0001876f

Line numbers for C:\PROGRA~1\MICROS~1.NET\VC7\ATLMFC\LIB\atls.lib(f:\vs70builds\3077\vc\mfcatl\ship\atlmfc\src\atl\atls\atlbase.cpp) segment .text

    67 0001:0001791e    68 0001:00017921    69 0001:0001792b    84 0001:00017934
    85 0001:0001793d    86 0001:00017941    92 0001:0001794b    94 0001:00017959
   100 0001:00017970   101 0001:0001797d    96 0001:00017981   103 0001:0001798d
   104 0001:00017995   105 0001:00017998   111 0001:000179a2   116 0001:000179b4
   118 0001:000179b8   121 0001:000179bd   113 0001:000179cc   122 0001:000179d7
    29 0001:00017a26    32 0001:00017a41    36 0001:00017a46    38 0001:00017a69
    39 0001:00017a7a    41 0001:00017a80    46 0001:00017a86    49 0001:00017a8e
    51 0001:00017a9c    58 0001:00017aa0    62 0001:00017aba    64 0001:00017ac1
    72 0001:00017ad1    73 0001:00017ada    74 0001:00017add    80 0001:00017ae7
    81 0001:00017b08   126 0001:00018759

Line numbers for C:\PROGRA~1\MICROS~1.NET\VC7\ATLMFC\LIB\atls.lib(f:\vs70builds\3077\vc\mfcatl\ship\atlmfc\include\atlsimpcoll.h) segment .text

    97 0001:00017835   136 0001:00017842   135 0001:00017842   137 0001:00017845
   162 0001:00017846   164 0001:00017846   167 0001:00017858   168 0001:0001785f
   169 0001:0001787b   170 0001:0001787e   165 0001:00017883   171 0001:00017886
   173 0001:00017889   174 0001:0001788c   178 0001:00017892   179 0001:00017898
   181 0001:0001789c   182 0001:000178a0   183 0001:000178a5   230 0001:000178a6
   231 0001:000178b0   233 0001:000178b3   235 0001:000178b3   236 0001:000178b7
   101 0001:000178b8   100 0001:000178b8   196 0001:000178bd   194 0001:000178bd
   200 0001:000178ca   201 0001:000178cf   247 0001:000178e4   246 0001:000178e4
   248 0001:000178f9   139 0001:000179db   140 0001:000179de   143 0001:000179e9
   144 0001:000179f5   145 0001:00017a02   147 0001:00017a08   148 0001:00017a0b
   150 0001:00017a0d   151 0001:00017a1b   152 0001:00017a1e   153 0001:00017a23

Line numbers for C:\PROGRA~1\MICROS~1.NET\VC7\ATLMFC\LIB\atls.lib(f:\vs70builds\3077\vc\mfcatl\ship\atlmfc\src\atl\atls\atlcommodule.cpp) segment .text

    20 0001:00018785

Line numbers for C:\PROGRA~1\MICROS~1.NET\VC7\ATLMFC\LIB\atls.lib(f:\vs70builds\3077\vc\mfcatl\ship\atlmfc\include\atlbase.h) segment .text

  2272 0001:00017b0c  2273 0001:00017b0f  2276 0001:00017b15  2278 0001:00017b1e
  2281 0001:00017b24  2282 0001:00017b2b  2283 0001:00017b31  2276 0001:00017b35
  2286 0001:00017b3e  2290 0001:00017b48  2291 0001:00017b4d  2248 0001:00017b5d
  2257 0001:00017b6b  2261 0001:00017b91  2263 0001:00017b99  2267 0001:00017b9d
  2266 0001:00017b9d  2602 0001:0001879b

 Exports

  ordinal    name

        1    _DllCanUnloadNow@0
               exported name: DllCanUnloadNow
        2    _DllGetClassObject@12
               exported name: DllGetClassObject
        3    _DllRegisterServer@0
               exported name: DllRegisterServer
        4    _DllUnregisterServer@0
               exported name: DllUnregisterServer
