 gctest

 Timestamp is 4cfae5ce (Sat Dec 04 17:07:26 2010)

 Preferred load address is 10000000

 Start         Length     Name                   Class
 0001:00000000 00000f08H .text                   CODE
 0002:00000000 0000005cH .idata$5                DATA
 0002:00000060 00000098H .rdata                  DATA
 0002:000000f8 0000006fH .rdata$debug            DATA
 0002:00000170 00000004H .rdata$sxdata           DATA
 0002:00000174 00000004H .rtc$IAA                DATA
 0002:00000178 00000004H .rtc$IZZ                DATA
 0002:0000017c 00000004H .rtc$TAA                DATA
 0002:00000180 00000004H .rtc$TZZ                DATA
 0002:00000184 00000028H .idata$2                DATA
 0002:000001ac 00000014H .idata$3                DATA
 0002:000001c0 0000005cH .idata$4                DATA
 0002:0000021c 00000118H .idata$6                DATA
 0002:00000340 0000006aH .edata                  DATA
 0003:00000000 00000004H .CRT$XCA                DATA
 0003:00000004 00000004H .CRT$XCZ                DATA
 0003:00000008 00000004H .CRT$XIA                DATA
 0003:0000000c 00000004H .CRT$XIZ                DATA
 0003:00000010 000003a4H .data                   DATA
 0003:000003b4 00000024H .bss                    DATA
 0004:00000000 00000058H .rsrc$01                DATA
 0004:00000060 00000360H .rsrc$02                DATA

  Address         Publics by Value              Rva+Base     Lib:Object

 0000:00000001       ___safe_se_handler_count   00000001     <absolute>
 0001:00000000       _Agent_OnLoad@12           10001000 f   gctest.obj
 0001:000004e0       _Agent_OnUnload@4          100014e0 f   gctest.obj
 0001:000004f0       _stdout_message            100014f0 f   agent_util.obj
 0001:00000520       _fatal_error               10001520 f   agent_util.obj
 0001:00000570       _get_token                 10001570 f   agent_util.obj
 0001:00000600       _interested                10001600 f   agent_util.obj
 0001:00000850       _check_jvmti_error         10001850 f   agent_util.obj
 0001:000008d0       _deallocate                100018d0 f   agent_util.obj
 0001:00000910       _allocate                  10001910 f   agent_util.obj
 0001:00000950       _add_demo_jar_to_bootclasspath 10001950 f   agent_util.obj
 0001:00000c08       _memset                    10001c08 f   MSVCRT:MSVCR71.dll
 0001:00000c0e       _strlen                    10001c0e f   MSVCRT:MSVCR71.dll
 0001:00000c14       _strcat                    10001c14 f   MSVCRT:MSVCR71.dll
 0001:00000c1a       _strcpy                    10001c1a f   MSVCRT:MSVCR71.dll
 0001:00000c20       __CRT_INIT@12              10001c20 f   MSVCRT:crtdll.obj
 0001:00000cde       __DllMainCRTStartup@12     10001cde f   MSVCRT:crtdll.obj
 0001:00000dc2       __initterm                 10001dc2 f   MSVCRT:MSVCR71.dll
 0001:00000dc8       __onexit                   10001dc8 f   MSVCRT:atonexit.obj
 0001:00000dee       _atexit                    10001dee f   MSVCRT:atonexit.obj
 0001:00000e00       __RTC_Initialize           10001e00 f   MSVCRT:initsect.obj
 0001:00000e44       __RTC_Terminate            10001e44 f   MSVCRT:initsect.obj
 0001:00000e88       ___CppXcptFilter           10001e88 f   MSVCRT:MSVCR71.dll
 0001:00000e8e       _DllMain@12                10001e8e f   MSVCRT:dllmain.obj
 0001:00000eb0       __SEH_prolog               10001eb0 f   MSVCRT:sehprolg.obj
 0001:00000eeb       __SEH_epilog               10001eeb f   MSVCRT:sehprolg.obj
 0001:00000efc       __except_handler3          10001efc f   MSVCRT:MSVCR71.dll
 0001:00000f02       ___dllonexit               10001f02 f   MSVCRT:MSVCR71.dll
 0002:00000000       __imp__DisableThreadLibraryCalls@4 10002000     kernel32:KERNEL32.dll
 0002:00000004       \177KERNEL32_NULL_THUNK_DATA 10002004     kernel32:KERNEL32.dll
 0002:00000008       __imp___iob                10002008     MSVCRT:MSVCR71.dll
 0002:0000000c       __imp__exit                1000200c     MSVCRT:MSVCR71.dll
 0002:00000010       __imp__fflush              10002010     MSVCRT:MSVCR71.dll
 0002:00000014       __imp__strncpy             10002014     MSVCRT:MSVCR71.dll
 0002:00000018       __imp__strcspn             10002018     MSVCRT:MSVCR71.dll
 0002:0000001c       __imp__strspn              1000201c     MSVCRT:MSVCR71.dll
 0002:00000020       __imp__strncmp             10002020     MSVCRT:MSVCR71.dll
 0002:00000024       __imp__strlen              10002024     MSVCRT:MSVCR71.dll
 0002:00000028       __imp__strcat              10002028     MSVCRT:MSVCR71.dll
 0002:0000002c       __imp__vfprintf            1000202c     MSVCRT:MSVCR71.dll
 0002:00000030       __imp__free                10002030     MSVCRT:MSVCR71.dll
 0002:00000034       __imp___initterm           10002034     MSVCRT:MSVCR71.dll
 0002:00000038       __imp__malloc              10002038     MSVCRT:MSVCR71.dll
 0002:0000003c       __imp___adjust_fdiv        1000203c     MSVCRT:MSVCR71.dll
 0002:00000040       __imp____CppXcptFilter     10002040     MSVCRT:MSVCR71.dll
 0002:00000044       __imp___except_handler3    10002044     MSVCRT:MSVCR71.dll
 0002:00000048       __imp____dllonexit         10002048     MSVCRT:MSVCR71.dll
 0002:0000004c       __imp___onexit             1000204c     MSVCRT:MSVCR71.dll
 0002:00000050       __imp__strcpy              10002050     MSVCRT:MSVCR71.dll
 0002:00000054       __imp__memset              10002054     MSVCRT:MSVCR71.dll
 0002:00000058       \177MSVCR71_NULL_THUNK_DATA 10002058     MSVCRT:MSVCR71.dll
 0002:000000b0       __load_config_used         100020b0     MSVCRT:loadcfg.obj
 0002:00000170       ___safe_se_handler_table   10002170     <linker-defined>
 0002:00000174       ___rtc_iaa                 10002174     MSVCRT:initsect.obj
 0002:00000178       ___rtc_izz                 10002178     MSVCRT:initsect.obj
 0002:0000017c       ___rtc_taa                 1000217c     MSVCRT:initsect.obj
 0002:00000180       ___rtc_tzz                 10002180     MSVCRT:initsect.obj
 0002:00000184       __IMPORT_DESCRIPTOR_MSVCR71 10002184     MSVCRT:MSVCR71.dll
 0002:00000198       __IMPORT_DESCRIPTOR_KERNEL32 10002198     kernel32:KERNEL32.dll
 0002:000001ac       __NULL_IMPORT_DESCRIPTOR   100021ac     MSVCRT:MSVCR71.dll
 0003:00000000       ___xc_a                    10003000     MSVCRT:cinitexe.obj
 0003:00000004       ___xc_z                    10003004     MSVCRT:cinitexe.obj
 0003:00000008       ___xi_a                    10003008     MSVCRT:cinitexe.obj
 0003:0000000c       ___xi_z                    1000300c     MSVCRT:cinitexe.obj
 0003:000003b0       ___security_cookie         100033b0     MSVCRT:seccook.obj
 0003:000003c8       __adjust_fdiv              100033c8     <common>
 0003:000003cc       ___onexitend               100033cc     <common>
 0003:000003d0       ___onexitbegin             100033d0     <common>
 0003:000003d4       __pRawDllMain              100033d4     <common>

 entry point at        0001:00000cde

 Static symbols

 0001:00000200       _vm_init@12                10001200 f   gctest.obj
 0001:00000260       _worker@12                 10001260 f   gctest.obj
 0001:00000350       _alloc_thread              10001350 f   gctest.obj
 0001:000003f0       _gc_start@4                100013f0 f   gctest.obj
 0001:00000410       _gc_finish@4               10001410 f   gctest.obj
 0001:00000670       _covered_by_list           10001670 f   agent_util.obj
 0001:00000710       _covered_by_list_item      10001710 f   agent_util.obj
