 awt

 Timestamp is 4cfac24e (Sat Dec 04 14:35:58 2010)

 Preferred load address is 10000000

 Start         Length     Name                   Class
 0001:00000000 000bd3e0H .text                   CODE
 0001:000bd3e0 0000238aH .text$x                 CODE
 0001:000bf770 0000054cH .text$yc                CODE
 0001:000bfcc0 00000131H .text$yd                CODE
 0002:00000000 00000670H .idata$5                DATA
 0002:00000670 0001e410H .rdata                  DATA
 0002:0001ea80 00000063H .rdata$debug            DATA
 0002:0001eae4 00000044H .rdata$r                DATA
 0002:0001eb30 00000790H .rdata$sxdata           DATA
 0002:0001f2c0 00000004H .rtc$IAA                DATA
 0002:0001f2c4 00000004H .rtc$IZZ                DATA
 0002:0001f2c8 00000004H .rtc$TAA                DATA
 0002:0001f2cc 00000004H .rtc$TZZ                DATA
 0002:0001f2d0 0000b6d4H .xdata$x                DATA
 0002:0002a9a4 000000dcH .idata$2                DATA
 0002:0002aa80 00000014H .idata$3                DATA
 0002:0002aa94 00000670H .idata$4                DATA
 0002:0002b104 00001b1cH .idata$6                DATA
 0002:0002cc20 0000b372H .edata                  DATA
 0003:00000000 00000004H .CRT$XCA                DATA
 0003:00000004 00000098H .CRT$XCU                DATA
 0003:0000009c 00000004H .CRT$XCZ                DATA
 0003:000000a0 00000004H .CRT$XIA                DATA
 0003:000000a4 00000004H .CRT$XIZ                DATA
 0003:000000b0 00006facH .data                   DATA
 0003:0000705c 00000004H .data$_advapi32_RegCreateKeyExW DATA
 0003:00007060 00000004H .data$_advapi32_RegDeleteKeyW DATA
 0003:00007064 00000004H .data$_advapi32_RegEnumKeyExW DATA
 0003:00007068 00000004H .data$_advapi32_RegOpenKeyExW DATA
 0003:0000706c 00000004H .data$_advapi32_RegQueryValueExW DATA
 0003:00007070 00000004H .data$_advapi32_RegSetValueExW DATA
 0003:00007074 00000004H .data$_gdi32_CreateDCW  DATA
 0003:00007078 00000004H .data$_gdi32_CreateEnhMetaFileW DATA
 0003:0000707c 00000004H .data$_gdi32_CreateFontIndirectW DATA
 0003:00007080 00000004H .data$_gdi32_CreateICW  DATA
 0003:00007084 00000004H .data$_gdi32_CreateMetaFileW DATA
 0003:00007088 00000004H .data$_gdi32_EnumFontFamiliesExW DATA
 0003:0000708c 00000004H .data$_gdi32_ExtTextOutW DATA
 0003:00007090 00000004H .data$_gdi32_GetCharWidthW DATA
 0003:00007094 00000004H .data$_gdi32_GetObjectW DATA
 0003:00007098 00000004H .data$_gdi32_GetTextExtentPoint32W DATA
 0003:0000709c 00000004H .data$_gdi32_GetTextExtentPointW DATA
 0003:000070a0 00000004H .data$_gdi32_GetTextFaceW DATA
 0003:000070a4 00000004H .data$_gdi32_GetTextMetricsW DATA
 0003:000070a8 00000004H .data$_gdi32_ResetDCW   DATA
 0003:000070ac 00000004H .data$_gdi32_StartDocW  DATA
 0003:000070b0 00000004H .data$_gdi32_TextOutW   DATA
 0003:000070b4 00000004H .data$_kernel32_CreateEventW DATA
 0003:000070b8 00000004H .data$_kernel32_CreateFileW DATA
 0003:000070bc 00000004H .data$_kernel32_CreateMutexW DATA
 0003:000070c0 00000004H .data$_kernel32_ExpandEnvironmentStringsW DATA
 0003:000070c4 00000004H .data$_kernel32_FormatMessageW DATA
 0003:000070c8 00000004H .data$_kernel32_GetCurrentDirectoryW DATA
 0003:000070cc 00000004H .data$_kernel32_GetLocaleInfoW DATA
 0003:000070d0 00000004H .data$_kernel32_GetModuleFileNameW DATA
 0003:000070d4 00000004H .data$_kernel32_GetModuleHandleW DATA
 0003:000070d8 00000004H .data$_kernel32_GetProcAddress DATA
 0003:000070dc 00000004H .data$_kernel32_GetProfileStringW DATA
 0003:000070e0 00000004H .data$_kernel32_GetVersionExW DATA
 0003:000070e4 00000004H .data$_kernel32_GetWindowsDirectoryW DATA
 0003:000070e8 00000004H .data$_kernel32_LCMapStringW DATA
 0003:000070ec 00000004H .data$_kernel32_LoadLibraryW DATA
 0003:000070f0 00000004H .data$_kernel32_MultiByteToWideChar DATA
 0003:000070f4 00000004H .data$_kernel32_SetCurrentDirectoryW DATA
 0003:000070f8 00000004H .data$_kernel32_WideCharToMultiByte DATA
 0003:000070fc 00000004H .data$_kernel32_lstrcmpW DATA
 0003:00007100 00000004H .data$_kernel32_lstrcpyW DATA
 0003:00007104 00000004H .data$_kernel32_lstrcpynW DATA
 0003:00007108 00000004H .data$_kernel32_lstrlenW DATA
 0003:0000710c 00000004H .data$_shell32_ShellExecuteW DATA
 0003:00007110 00000004H .data$_shell32_Shell_NotifyIconW DATA
 0003:00007114 00000004H .data$_user32_AppendMenuW DATA
 0003:00007118 00000004H .data$_user32_CallWindowProcW DATA
 0003:0000711c 00000004H .data$_user32_ChangeDisplaySettingsW DATA
 0003:00007120 00000004H .data$_user32_CreateWindowExW DATA
 0003:00007124 00000004H .data$_user32_DefWindowProcW DATA
 0003:00007128 00000004H .data$_user32_DispatchMessageW DATA
 0003:0000712c 00000004H .data$_user32_EnableWindow DATA
 0003:00007130 00000004H .data$_user32_EnumClipboardFormats DATA
 0003:00007134 00000004H .data$_user32_EnumDisplaySettingsW DATA
 0003:00007138 00000004H .data$_user32_FindWindowW DATA
 0003:0000713c 00000004H .data$_user32_GetClassInfoExW DATA
 0003:00007140 00000004H .data$_user32_GetClassInfoW DATA
 0003:00007144 00000004H .data$_user32_GetClassLongW DATA
 0003:00007148 00000004H .data$_user32_GetClipboardData DATA
 0003:0000714c 00000004H .data$_user32_GetClipboardFormatNameW DATA
 0003:00007150 00000004H .data$_user32_GetMenuItemInfoW DATA
 0003:00007154 00000004H .data$_user32_GetPropW  DATA
 0003:00007158 00000004H .data$_user32_GetWindowLongW DATA
 0003:0000715c 00000004H .data$_user32_GetWindowTextLengthW DATA
 0003:00007160 00000004H .data$_user32_GetWindowTextW DATA
 0003:00007164 00000004H .data$_user32_InsertMenuItemW DATA
 0003:00007168 00000004H .data$_user32_IsClipboardFormatAvailable DATA
 0003:0000716c 00000004H .data$_user32_LoadBitmapW DATA
 0003:00007170 00000004H .data$_user32_LoadCursorFromFileW DATA
 0003:00007174 00000004H .data$_user32_LoadCursorW DATA
 0003:00007178 00000004H .data$_user32_LoadIconW DATA
 0003:0000717c 00000004H .data$_user32_LoadImageW DATA
 0003:00007180 00000004H .data$_user32_LoadKeyboardLayoutW DATA
 0003:00007184 00000004H .data$_user32_MapVirtualKeyExW DATA
 0003:00007188 00000004H .data$_user32_MapVirtualKeyW DATA
 0003:0000718c 00000004H .data$_user32_MessageBoxW DATA
 0003:00007190 00000004H .data$_user32_PeekMessageW DATA
 0003:00007194 00000004H .data$_user32_PostMessageW DATA
 0003:00007198 00000004H .data$_user32_RegisterClassExW DATA
 0003:0000719c 00000004H .data$_user32_RegisterClassW DATA
 0003:000071a0 00000004H .data$_user32_RegisterClipboardFormatW DATA
 0003:000071a4 00000004H .data$_user32_RegisterWindowMessageW DATA
 0003:000071a8 00000004H .data$_user32_RemovePropW DATA
 0003:000071ac 00000004H .data$_user32_SendMessageW DATA
 0003:000071b0 00000004H .data$_user32_SetClassLongW DATA
 0003:000071b4 00000004H .data$_user32_SetMenuItemInfoW DATA
 0003:000071b8 00000004H .data$_user32_SetPropW  DATA
 0003:000071bc 00000004H .data$_user32_SetWindowLongW DATA
 0003:000071c0 00000004H .data$_user32_SetWindowTextW DATA
 0003:000071c4 00000004H .data$_user32_SetWindowsHookExW DATA
 0003:000071c8 00000004H .data$_user32_SystemParametersInfoW DATA
 0003:000071cc 00000004H .data$_user32_UnregisterClassW DATA
 0003:000071d0 00000004H .data$_user32_VkKeyScanW DATA
 0003:000071d4 00000004H .data$_user32_wsprintfW DATA
 0003:000071d8 00000004H .data$_winspool_DeviceCapabilitiesW DATA
 0003:000071dc 00000004H .data$_winspool_DocumentPropertiesW DATA
 0003:000071e0 00000004H .data$_winspool_EnumPrintersW DATA
 0003:000071e4 00000004H .data$_winspool_GetPrinterW DATA
 0003:000071e8 00000004H .data$_winspool_OpenPrinterW DATA
 0003:000071ec 00000004H .data$_winspool_StartDocPrinterW DATA
 0003:00007200 00023514H .bss                    DATA
 0004:00000000 00000758H .rsrc$01                DATA
 0004:00000760 00014778H .rsrc$02                DATA

  Address         Publics by Value              Rva+Base     Lib:Object

 0000:00000000       __except_list              00000000     <absolute>
 0000:000001e4       ___safe_se_handler_count   000001e4     <absolute>
 0000:00009876       __fltused                  00009876     <absolute>
 0000:00009876       __ldused                   00009876     <absolute>
 0001:00000000       _GrPrim_RefineBounds       10001000 f   GraphicsPrimitiveMgr.obj
 0001:00000110       _Java_sun_java2d_loops_GraphicsPrimitiveMgr_registerNativeLoops@8 10001110 f   GraphicsPrimitiveMgr.obj
 0001:00000310       _RegisterPrimitives        10001310 f   GraphicsPrimitiveMgr.obj
 0001:00000460       _GetNativePrim@8           10001460 f   GraphicsPrimitiveMgr.obj
 0001:000004a0       _GrPrim_Sg2dGetCompInfo@16 100014a0 f   GraphicsPrimitiveMgr.obj
 0001:000004e0       _GrPrim_CompGetXorColor@8  100014e0 f   GraphicsPrimitiveMgr.obj
 0001:00000530       _GrPrim_Sg2dGetClip@12     10001530 f   GraphicsPrimitiveMgr.obj
 0001:00000560       _GrPrim_Sg2dGetPixel@8     10001560 f   GraphicsPrimitiveMgr.obj
 0001:00000580       _GrPrim_Sg2dGetEaRGB@8     10001580 f   GraphicsPrimitiveMgr.obj
 0001:000005a0       _GrPrim_Sg2dGetLCDTextContrast@8 100015a0 f   GraphicsPrimitiveMgr.obj
 0001:000005c0       _GrPrim_CompGetXorInfo@12  100015c0 f   GraphicsPrimitiveMgr.obj
 0001:00000610       _GrPrim_CompGetAlphaInfo@12 10001610 f   GraphicsPrimitiveMgr.obj
 0001:00000650       _Transform_GetInfo@12      10001650 f   GraphicsPrimitiveMgr.obj
 0001:000006e0       _Transform_transform@12    100016e0 f   GraphicsPrimitiveMgr.obj
 0001:00000720       _Java_sun_java2d_loops_GraphicsPrimitiveMgr_initIDs@52 10001720 f   GraphicsPrimitiveMgr.obj
 0001:00000a70       _Java_sun_java2d_loops_Blit_Blit@48 10001a70 f   Blit.obj
 0001:00000db0       _Java_sun_java2d_loops_BlitBg_BlitBg@52 10001db0 f   BlitBg.obj
 0001:000012b0       _Java_sun_java2d_loops_ScaledBlit_Scale@72 100022b0 f   ScaledBlit.obj
 0001:00001c60       _Java_sun_java2d_loops_FillRect_FillRect@32 10002c60 f   FillRect.obj
 0001:00001de0       _Java_sun_java2d_loops_FillSpans_FillSpans@32 10002de0 f   FillSpans.obj
 0001:00001f60       _Java_sun_java2d_loops_FillParallelogram_FillParallelogram@64 10002f60 f   FillParallelogram.obj
 0001:00002630       _Java_sun_java2d_loops_DrawParallelogram_DrawParallelogram@80 10003630 f   DrawParallelogram.obj
 0001:00004100       _LineUtils_SetupBresenham  10005100 f   DrawLine.obj
 0001:000045d0       _Java_sun_java2d_loops_DrawLine_DrawLine@32 100055d0 f   DrawLine.obj
 0001:00004890       _Java_sun_java2d_loops_DrawRect_DrawRect@32 10005890 f   DrawRect.obj
 0001:00005140       _Java_sun_java2d_loops_DrawPolygons_DrawPolygons@44 10006140 f   DrawPolygons.obj
 0001:00005680       _Java_sun_java2d_loops_DrawPath_DrawPath@28 10006680 f   DrawPath.obj
 0001:00005a30       _Java_sun_java2d_loops_FillPath_FillPath@28 10006a30 f   FillPath.obj
 0001:00005db0       _ProcessFixedLine          10006db0 f   ProcessPath.obj
 0001:00007e70       _ProcessPath               10008e70 f   ProcessPath.obj
 0001:00008640       _FillPolygon               10009640 f   ProcessPath.obj
 0001:00008b90       _StoreFixedLine            10009b90 f   ProcessPath.obj
 0001:000090b0       ?DoUpdateIcon@AwtWindow@@UAEXXZ 1000a0b0 f   awt_Window.obj
 0001:000090b0       ?EndValidate@AwtScrollPane@@UAEXXZ 1000a0b0 f   awt_ScrollPane.obj
 0001:000090b0       ?BeginValidate@AwtScrollPane@@UAEXXZ 1000a0b0 f   awt_ScrollPane.obj
 0001:000090b0       ?DoCommand@AwtObject@@UAEXXZ 1000a0b0 f   awt_Button.obj
 0001:000090c0       _doFillPath                1000a0c0 f   ProcessPath.obj
 0001:000091c0       _doDrawPath                1000a1c0 f   ProcessPath.obj
 0001:00009230       _Java_sun_java2d_loops_MaskBlit_MaskBlit@60 1000a230 f   MaskBlit.obj
 0001:00009620       _Java_sun_java2d_loops_MaskFill_MaskFill@48 1000a620 f   MaskFill.obj
 0001:0000ad80       _Java_sun_java2d_loops_MaskFill_FillAAPgram@68 1000bd80 f   MaskFill.obj
 0001:0000cbe0       _Java_sun_java2d_loops_MaskFill_DrawAAPgram@84 1000dbe0 f   MaskFill.obj
 0001:0000d2a0       _Java_sun_java2d_loops_TransformHelper_Transform@80 1000e2a0 f   TransformHelper.obj
 0001:0000e340       _initAlphaTables           1000f340 f   AlphaMath.obj
 0001:0000e420       _RegisterAnyByte           1000f420 f   AnyByte.obj
 0001:0000e440       _AnyByteIsomorphicCopy     1000f440 f   AnyByte.obj
 0001:0000e490       _AnyByteIsomorphicScaleCopy 1000f490 f   AnyByte.obj
 0001:0000e520       _AnyByteIsomorphicXorCopy  1000f520 f   AnyByte.obj
 0001:0000e580       _AnyByteSetRect            1000f580 f   AnyByte.obj
 0001:0000e5d0       _AnyByteSetSpans           1000f5d0 f   AnyByte.obj
 0001:0000e680       _AnyByteSetParallelogram   1000f680 f   AnyByte.obj
 0001:0000e750       _AnyByteSetLine            1000f750 f   AnyByte.obj
 0001:0000e810       _AnyByteXorRect            1000f810 f   AnyByte.obj
 0001:0000e870       _AnyByteXorSpans           1000f870 f   AnyByte.obj
 0001:0000e920       _AnyByteXorLine            1000f920 f   AnyByte.obj
 0001:0000ea00       _AnyByteDrawGlyphList      1000fa00 f   AnyByte.obj
 0001:0000eb00       _AnyByteDrawGlyphListXor   1000fb00 f   AnyByte.obj
 0001:0000ec30       _RegisterByteBinary1Bit    1000fc30 f   ByteBinary1Bit.obj
 0001:0000ec50       _PixelForByteBinary        1000fc50 f   ByteBinary1Bit.obj
 0001:0000ec50       _PixelForByteIndexed       1000fc50 f   ByteIndexed.obj
 0001:0000ec90       _ByteBinary1BitSetRect     1000fc90 f   ByteBinary1Bit.obj
 0001:0000ed40       _ByteBinary1BitSetSpans    1000fd40 f   ByteBinary1Bit.obj
 0001:0000ee40       _ByteBinary1BitSetLine     1000fe40 f   ByteBinary1Bit.obj
 0001:0000efe0       _ByteBinary1BitXorRect     1000ffe0 f   ByteBinary1Bit.obj
 0001:0000f090       _ByteBinary1BitXorSpans    10010090 f   ByteBinary1Bit.obj
 0001:0000f190       _ByteBinary1BitXorLine     10010190 f   ByteBinary1Bit.obj
 0001:0000f310       _ByteBinary1BitDrawGlyphList 10010310 f   ByteBinary1Bit.obj
 0001:0000f480       _ByteBinary1BitDrawGlyphListAA 10010480 f   ByteBinary1Bit.obj
 0001:0000f710       _ByteBinary1BitDrawGlyphListXor 10010710 f   ByteBinary1Bit.obj
 0001:0000f880       _ByteBinary1BitToByteBinary1BitConvert 10010880 f   ByteBinary1Bit.obj
 0001:0000fa20       _ByteBinary1BitToIntArgbConvert 10010a20 f   ByteBinary1Bit.obj
 0001:0000fae0       _IntArgbToByteBinary1BitConvert 10010ae0 f   ByteBinary1Bit.obj
 0001:0000fc00       _IntArgbToByteBinary1BitXorBlit 10010c00 f   ByteBinary1Bit.obj
 0001:0000fd20       _ByteBinary1BitToIntArgbAlphaMaskBlit 10010d20 f   ByteBinary1Bit.obj
 0001:00010140       _IntArgbToByteBinary1BitAlphaMaskBlit 10011140 f   ByteBinary1Bit.obj
 0001:00010560       _ByteBinary1BitAlphaMaskFill 10011560 f   ByteBinary1Bit.obj
 0001:00010950       _RegisterByteBinary2Bit    10011950 f   ByteBinary2Bit.obj
 0001:00010970       _ByteBinary2BitSetRect     10011970 f   ByteBinary2Bit.obj
 0001:00010a30       _ByteBinary2BitSetSpans    10011a30 f   ByteBinary2Bit.obj
 0001:00010b40       _ByteBinary2BitSetLine     10011b40 f   ByteBinary2Bit.obj
 0001:00010d00       _ByteBinary2BitXorRect     10011d00 f   ByteBinary2Bit.obj
 0001:00010dc0       _ByteBinary2BitXorSpans    10011dc0 f   ByteBinary2Bit.obj
 0001:00010ed0       _ByteBinary2BitXorLine     10011ed0 f   ByteBinary2Bit.obj
 0001:00011060       _ByteBinary2BitDrawGlyphList 10012060 f   ByteBinary2Bit.obj
 0001:000111e0       _ByteBinary2BitDrawGlyphListAA 100121e0 f   ByteBinary2Bit.obj
 0001:00011480       _ByteBinary2BitDrawGlyphListXor 10012480 f   ByteBinary2Bit.obj
 0001:00011610       _ByteBinary2BitToByteBinary2BitConvert 10012610 f   ByteBinary2Bit.obj
 0001:000117c0       _ByteBinary2BitToIntArgbConvert 100127c0 f   ByteBinary2Bit.obj
 0001:00011890       _IntArgbToByteBinary2BitConvert 10012890 f   ByteBinary2Bit.obj
 0001:000119b0       _IntArgbToByteBinary2BitXorBlit 100129b0 f   ByteBinary2Bit.obj
 0001:00011ae0       _ByteBinary2BitToIntArgbAlphaMaskBlit 10012ae0 f   ByteBinary2Bit.obj
 0001:00011f10       _IntArgbToByteBinary2BitAlphaMaskBlit 10012f10 f   ByteBinary2Bit.obj
 0001:00012340       _ByteBinary2BitAlphaMaskFill 10013340 f   ByteBinary2Bit.obj
 0001:00012750       _RegisterByteBinary4Bit    10013750 f   ByteBinary4Bit.obj
 0001:00012770       _ByteBinary4BitSetRect     10013770 f   ByteBinary4Bit.obj
 0001:00012830       _ByteBinary4BitSetSpans    10013830 f   ByteBinary4Bit.obj
 0001:00012940       _ByteBinary4BitSetLine     10013940 f   ByteBinary4Bit.obj
 0001:00012ad0       _ByteBinary4BitXorRect     10013ad0 f   ByteBinary4Bit.obj
 0001:00012b90       _ByteBinary4BitXorSpans    10013b90 f   ByteBinary4Bit.obj
 0001:00012ca0       _ByteBinary4BitXorLine     10013ca0 f   ByteBinary4Bit.obj
 0001:00012e30       _ByteBinary4BitDrawGlyphList 10013e30 f   ByteBinary4Bit.obj
 0001:00012fc0       _ByteBinary4BitDrawGlyphListAA 10013fc0 f   ByteBinary4Bit.obj
 0001:00013260       _ByteBinary4BitDrawGlyphListXor 10014260 f   ByteBinary4Bit.obj
 0001:000133f0       _ByteBinary4BitToByteBinary4BitConvert 100143f0 f   ByteBinary4Bit.obj
 0001:000135a0       _ByteBinary4BitToIntArgbConvert 100145a0 f   ByteBinary4Bit.obj
 0001:00013670       _IntArgbToByteBinary4BitConvert 10014670 f   ByteBinary4Bit.obj
 0001:000137a0       _IntArgbToByteBinary4BitXorBlit 100147a0 f   ByteBinary4Bit.obj
 0001:000138d0       _ByteBinary4BitToIntArgbAlphaMaskBlit 100148d0 f   ByteBinary4Bit.obj
 0001:00013d00       _IntArgbToByteBinary4BitAlphaMaskBlit 10014d00 f   ByteBinary4Bit.obj
 0001:00014150       _ByteBinary4BitAlphaMaskFill 10015150 f   ByteBinary4Bit.obj
 0001:00014560       _RegisterByteIndexed       10015560 f   ByteIndexed.obj
 0001:00014580       _checkSameLut              10015580 f   ByteIndexed.obj
 0001:000145c0       _IntArgbToByteIndexedConvert 100155c0 f   ByteIndexed.obj
 0001:00014740       _ThreeByteBgrToByteIndexedConvert 10015740 f   ByteIndexed.obj
 0001:000148b0       _ByteGrayToByteIndexedConvert 100158b0 f   ByteIndexed.obj
 0001:00014a10       _Index12GrayToByteIndexedConvert 10015a10 f   ByteIndexed.obj
 0001:00014b90       _ByteIndexedToByteIndexedConvert 10015b90 f   ByteIndexed.obj
 0001:00014da0       _IntArgbToByteIndexedScaleConvert 10015da0 f   ByteIndexed.obj
 0001:00014f50       _ThreeByteBgrToByteIndexedScaleConvert 10015f50 f   ByteIndexed.obj
 0001:00015110       _ByteGrayToByteIndexedScaleConvert 10016110 f   ByteIndexed.obj
 0001:000152b0       _Index12GrayToByteIndexedScaleConvert 100162b0 f   ByteIndexed.obj
 0001:00015460       _ByteIndexedToByteIndexedScaleConvert 10016460 f   ByteIndexed.obj
 0001:000156d0       _ByteIndexedBmToByteIndexedXparOver 100166d0 f   ByteIndexed.obj
 0001:00015850       _ByteIndexedBmToByteIndexedScaleXparOver 10016850 f   ByteIndexed.obj
 0001:00015a10       _IntArgbBmToByteIndexedScaleXparOver 10016a10 f   ByteIndexed.obj
 0001:00015bd0       _ByteIndexedBmToByteIndexedXparBgCopy 10016bd0 f   ByteIndexed.obj
 0001:00015d60       _IntArgbBmToByteIndexedXparOver 10016d60 f   ByteIndexed.obj
 0001:00015ee0       _IntArgbBmToByteIndexedXparBgCopy 10016ee0 f   ByteIndexed.obj
 0001:00016070       _IntArgbToByteIndexedXorBlit 10017070 f   ByteIndexed.obj
 0001:00016130       _ByteIndexedAlphaMaskFill  10017130 f   ByteIndexed.obj
 0001:00016570       _IntArgbToByteIndexedAlphaMaskBlit 10017570 f   ByteIndexed.obj
 0001:00016a10       _IntArgbPreToByteIndexedAlphaMaskBlit 10017a10 f   ByteIndexed.obj
 0001:00016ec0       _IntRgbToByteIndexedAlphaMaskBlit 10017ec0 f   ByteIndexed.obj
 0001:00017340       _ByteIndexedDrawGlyphListAA 10018340 f   ByteIndexed.obj
 0001:00017620       _ByteIndexedNrstNbrTransformHelper 10018620 f   ByteIndexed.obj
 0001:00017760       _ByteIndexedBilinearTransformHelper 10018760 f   ByteIndexed.obj
 0001:00017a60       _ByteIndexedBicubicTransformHelper 10018a60 f   ByteIndexed.obj
 0001:00018360       _ByteIndexedBmNrstNbrTransformHelper 10019360 f   ByteIndexed.obj
 0001:00018420       _ByteIndexedBmBilinearTransformHelper 10019420 f   ByteIndexed.obj
 0001:000185a0       _ByteIndexedBmBicubicTransformHelper 100195a0 f   ByteIndexed.obj
 0001:00018870       _RegisterByteGray          10019870 f   ByteGray.obj
 0001:00018890       _PixelForByteGray          10019890 f   ByteGray.obj
 0001:000188d0       _ByteGrayToIntArgbConvert  100198d0 f   ByteGray.obj
 0001:00018940       _IntArgbToByteGrayConvert  10019940 f   ByteGray.obj
 0001:000189d0       _ThreeByteBgrToByteGrayConvert 100199d0 f   ByteGray.obj
 0001:00018a50       _UshortGrayToByteGrayConvert 10019a50 f   ByteGray.obj
 0001:00018aa0       _ByteIndexedToByteGrayConvert 10019aa0 f   ByteGray.obj
 0001:00018b80       _Index8GrayToByteGrayConvert 10019b80 f   ByteGray.obj
 0001:00018be0       _Index12GrayToByteGrayConvert 10019be0 f   ByteGray.obj
 0001:00018c40       _ByteGrayToIntArgbScaleConvert 10019c40 f   ByteGray.obj
 0001:00018ce0       _IntArgbToByteGrayScaleConvert 10019ce0 f   ByteGray.obj
 0001:00018da0       _ThreeByteBgrToByteGrayScaleConvert 10019da0 f   ByteGray.obj
 0001:00018e50       _UshortGrayToByteGrayScaleConvert 10019e50 f   ByteGray.obj
 0001:00018ee0       _Index8GrayToByteGrayScaleConvert 10019ee0 f   ByteGray.obj
 0001:00018f80       _Index12GrayToByteGrayScaleConvert 10019f80 f   ByteGray.obj
 0001:00019020       _ByteIndexedToByteGrayScaleConvert 1001a020 f   ByteGray.obj
 0001:00019150       _ByteIndexedBmToByteGrayXparOver 1001a150 f   ByteGray.obj
 0001:00019260       _ByteIndexedBmToByteGrayScaleXparOver 1001a260 f   ByteGray.obj
 0001:000193b0       _IntArgbBmToByteGrayScaleXparOver 1001a3b0 f   ByteGray.obj
 0001:00019480       _ByteIndexedBmToByteGrayXparBgCopy 1001a480 f   ByteGray.obj
 0001:00019580       _IntArgbBmToByteGrayXparOver 1001a580 f   ByteGray.obj
 0001:00019610       _IntArgbBmToByteGrayXparBgCopy 1001a610 f   ByteGray.obj
 0001:000196b0       _IntArgbToByteGrayXorBlit  1001a6b0 f   ByteGray.obj
 0001:00019770       _ByteGraySrcMaskFill       1001a770 f   ByteGray.obj
 0001:000198d0       _ByteGraySrcOverMaskFill   1001a8d0 f   ByteGray.obj
 0001:00019a30       _ByteGrayAlphaMaskFill     1001aa30 f   ByteGray.obj
 0001:00019c90       _IntArgbToByteGraySrcOverMaskBlit 1001ac90 f   ByteGray.obj
 0001:00019ea0       _IntArgbToByteGrayAlphaMaskBlit 1001aea0 f   ByteGray.obj
 0001:0001a170       _IntArgbPreToByteGraySrcOverMaskBlit 1001b170 f   ByteGray.obj
 0001:0001a3d0       _IntArgbPreToByteGrayAlphaMaskBlit 1001b3d0 f   ByteGray.obj
 0001:0001a6e0       _IntRgbToByteGrayAlphaMaskBlit 1001b6e0 f   ByteGray.obj
 0001:0001a9c0       _ByteGrayDrawGlyphListAA   1001b9c0 f   ByteGray.obj
 0001:0001ab50       _ByteGrayNrstNbrTransformHelper 1001bb50 f   ByteGray.obj
 0001:0001ac10       _ByteGrayBilinearTransformHelper 1001bc10 f   ByteGray.obj
 0001:0001ada0       _ByteGrayBicubicTransformHelper 1001bda0 f   ByteGray.obj
 0001:0001b0d0       _RegisterIndex8Gray        1001c0d0 f   Index8Gray.obj
 0001:0001b0f0       _PixelForIndex12Gray       1001c0f0 f   Index12Gray.obj
 0001:0001b0f0       _PixelForIndex8Gray        1001c0f0 f   Index8Gray.obj
 0001:0001b140       _IntArgbToIndex8GrayConvert 1001c140 f   Index8Gray.obj
 0001:0001b1e0       _ThreeByteBgrToIndex8GrayConvert 1001c1e0 f   Index8Gray.obj
 0001:0001b270       _ByteGrayToIndex8GrayConvert 1001c270 f   Index8Gray.obj
 0001:0001b2d0       _Index12GrayToIndex8GrayConvert 1001c2d0 f   Index8Gray.obj
 0001:0001b350       _ByteIndexedToIndex8GrayConvert 1001c350 f   Index8Gray.obj
 0001:0001b440       _Index8GrayToIndex8GrayConvert 1001c440 f   Index8Gray.obj
 0001:0001b500       _IntArgbToIndex8GrayScaleConvert 1001c500 f   Index8Gray.obj
 0001:0001b5d0       _ThreeByteBgrToIndex8GrayScaleConvert 1001c5d0 f   Index8Gray.obj
 0001:0001b6a0       _UshortGrayToIndex8GrayScaleConvert 1001c6a0 f   Index8Gray.obj
 0001:0001b730       _ByteIndexedToIndex8GrayScaleConvert 1001c730 f   Index8Gray.obj
 0001:0001b870       _ByteGrayToIndex8GrayScaleConvert 1001c870 f   Index8Gray.obj
 0001:0001b900       _Index12GrayToIndex8GrayScaleConvert 1001c900 f   Index8Gray.obj
 0001:0001b9b0       _ByteIndexedBmToIndex8GrayXparOver 1001c9b0 f   Index8Gray.obj
 0001:0001bad0       _ByteIndexedBmToIndex8GrayXparBgCopy 1001cad0 f   Index8Gray.obj
 0001:0001bbf0       _IntArgbToIndex8GrayXorBlit 1001cbf0 f   Index8Gray.obj
 0001:0001bcc0       _Index8GrayAlphaMaskFill   1001ccc0 f   Index8Gray.obj
 0001:0001bf40       _IntArgbToIndex8GrayAlphaMaskBlit 1001cf40 f   Index8Gray.obj
 0001:0001c230       _IntArgbPreToIndex8GrayAlphaMaskBlit 1001d230 f   Index8Gray.obj
 0001:0001c530       _IntRgbToIndex8GrayAlphaMaskBlit 1001d530 f   Index8Gray.obj
 0001:0001c820       _Index8GraySrcOverMaskFill 1001d820 f   Index8Gray.obj
 0001:0001c9c0       _IntArgbToIndex8GraySrcOverMaskBlit 1001d9c0 f   Index8Gray.obj
 0001:0001cc00       _IntArgbPreToIndex8GraySrcOverMaskBlit 1001dc00 f   Index8Gray.obj
 0001:0001cea0       _Index8GrayDrawGlyphListAA 1001dea0 f   Index8Gray.obj
 0001:0001d050       _Index8GrayNrstNbrTransformHelper 1001e050 f   Index8Gray.obj
 0001:0001d110       _Index8GrayBilinearTransformHelper 1001e110 f   Index8Gray.obj
 0001:0001d260       _Index8GrayBicubicTransformHelper 1001e260 f   Index8Gray.obj
 0001:0001d4c0       _RegisterIndex12Gray       1001e4c0 f   Index12Gray.obj
 0001:0001d4e0       _IntArgbToIndex12GrayConvert 1001e4e0 f   Index12Gray.obj
 0001:0001d590       _ThreeByteBgrToIndex12GrayConvert 1001e590 f   Index12Gray.obj
 0001:0001d630       _ByteGrayToIndex12GrayConvert 1001e630 f   Index12Gray.obj
 0001:0001d690       _Index8GrayToIndex12GrayConvert 1001e690 f   Index12Gray.obj
 0001:0001d710       _ByteIndexedToIndex12GrayConvert 1001e710 f   Index12Gray.obj
 0001:0001d7c0       _Index12GrayToIndex12GrayConvert 1001e7c0 f   Index12Gray.obj
 0001:0001d890       _Index8GrayToIndex8GrayScaleConvert 1001e890 f   Index8Gray.obj
 0001:0001d890       _Index12GrayToIndex12GrayScaleConvert 1001e890 f   Index12Gray.obj
 0001:0001d9c0       _Index12GrayToIntArgbScaleConvert 1001e9c0 f   Index12Gray.obj
 0001:0001da60       _IntArgbToIndex12GrayScaleConvert 1001ea60 f   Index12Gray.obj
 0001:0001db40       _ThreeByteBgrToIndex12GrayScaleConvert 1001eb40 f   Index12Gray.obj
 0001:0001dc10       _UshortGrayToIndex12GrayScaleConvert 1001ec10 f   Index12Gray.obj
 0001:0001dcb0       _Index8GrayToIndex12GrayScaleConvert 1001ecb0 f   Index12Gray.obj
 0001:0001dcb0       _ByteIndexedToIndex12GrayScaleConvert 1001ecb0 f   Index12Gray.obj
 0001:0001de10       _ByteGrayToIndex12GrayScaleConvert 1001ee10 f   Index12Gray.obj
 0001:0001deb0       _ByteIndexedBmToIndex12GrayXparOver 1001eeb0 f   Index12Gray.obj
 0001:0001dfd0       _ByteIndexedBmToIndex12GrayXparBgCopy 1001efd0 f   Index12Gray.obj
 0001:0001e100       _IntArgbToIndex12GrayXorBlit 1001f100 f   Index12Gray.obj
 0001:0001e1e0       _Index12GrayAlphaMaskFill  1001f1e0 f   Index12Gray.obj
 0001:0001e460       _IntArgbToIndex12GrayAlphaMaskBlit 1001f460 f   Index12Gray.obj
 0001:0001e770       _IntArgbPreToIndex12GrayAlphaMaskBlit 1001f770 f   Index12Gray.obj
 0001:0001ea80       _IntRgbToIndex12GrayAlphaMaskBlit 1001fa80 f   Index12Gray.obj
 0001:0001ed80       _Index12GraySrcOverMaskFill 1001fd80 f   Index12Gray.obj
 0001:0001ef50       _IntArgbToIndex12GraySrcOverMaskBlit 1001ff50 f   Index12Gray.obj
 0001:0001f1a0       _IntArgbPreToIndex12GraySrcOverMaskBlit 100201a0 f   Index12Gray.obj
 0001:0001f450       _Index12GrayDrawGlyphListAA 10020450 f   Index12Gray.obj
 0001:0001f5f0       _Index12GrayNrstNbrTransformHelper 100205f0 f   Index12Gray.obj
 0001:0001f6b0       _Index12GrayBilinearTransformHelper 100206b0 f   Index12Gray.obj
 0001:0001f820       _Index12GrayBicubicTransformHelper 10020820 f   Index12Gray.obj
 0001:0001faf0       _RegisterAnyShort          10020af0 f   AnyShort.obj
 0001:0001fb10       _AnyShortIsomorphicCopy    10020b10 f   AnyShort.obj
 0001:0001fb70       _AnyShortIsomorphicScaleCopy 10020b70 f   AnyShort.obj
 0001:0001fbf0       _AnyShortIsomorphicXorCopy 10020bf0 f   AnyShort.obj
 0001:0001fc50       _AnyShortSetRect           10020c50 f   AnyShort.obj
 0001:0001fca0       _AnyShortSetSpans          10020ca0 f   AnyShort.obj
 0001:0001fd40       _AnyShortSetParallelogram  10020d40 f   AnyShort.obj
 0001:0001fe00       _AnyShortSetLine           10020e00 f   AnyShort.obj
 0001:0001fed0       _AnyShortXorRect           10020ed0 f   AnyShort.obj
 0001:0001ff40       _AnyShortXorSpans          10020f40 f   AnyShort.obj
 0001:0001fff0       _AnyShortXorLine           10020ff0 f   AnyShort.obj
 0001:000200d0       _AnyShortDrawGlyphList     100210d0 f   AnyShort.obj
 0001:000201c0       _AnyShortDrawGlyphListXor  100211c0 f   AnyShort.obj
 0001:000202e0       _RegisterUshort555Rgb      100212e0 f   Ushort555Rgb.obj
 0001:00020300       _PixelForUshort555Rgb      10021300 f   Ushort555Rgb.obj
 0001:00020330       _Ushort555RgbToIntArgbConvert 10021330 f   Ushort555Rgb.obj
 0001:000203e0       _IntArgbToUshort555RgbConvert 100213e0 f   Ushort555Rgb.obj
 0001:00020460       _ThreeByteBgrToUshort555RgbConvert 10021460 f   Ushort555Rgb.obj
 0001:000204e0       _ByteGrayToUshort555RgbConvert 100214e0 f   Ushort555Rgb.obj
 0001:00020550       _ByteIndexedToUshort555RgbConvert 10021550 f   Ushort555Rgb.obj
 0001:00020630       _Ushort555RgbToIntArgbScaleConvert 10021630 f   Ushort555Rgb.obj
 0001:00020710       _IntArgbToUshort555RgbScaleConvert 10021710 f   Ushort555Rgb.obj
 0001:000207c0       _ThreeByteBgrToUshort555RgbScaleConvert 100217c0 f   Ushort555Rgb.obj
 0001:00020880       _ByteGrayToUshort555RgbScaleConvert 10021880 f   Ushort555Rgb.obj
 0001:00020920       _ByteIndexedToUshort555RgbScaleConvert 10021920 f   Ushort555Rgb.obj
 0001:00020a50       _ByteIndexedBmToUshort555RgbXparOver 10021a50 f   Ushort555Rgb.obj
 0001:00020b50       _ByteIndexedBmToUshort555RgbScaleXparOver 10021b50 f   Ushort555Rgb.obj
 0001:00020ca0       _IntArgbBmToUshort555RgbScaleXparOver 10021ca0 f   Ushort555Rgb.obj
 0001:00020d60       _ByteIndexedBmToUshort555RgbXparBgCopy 10021d60 f   Ushort555Rgb.obj
 0001:00020e60       _IntArgbBmToUshort555RgbXparOver 10021e60 f   Ushort555Rgb.obj
 0001:00020ef0       _IntArgbBmToUshort555RgbXparBgCopy 10021ef0 f   Ushort555Rgb.obj
 0001:00020f90       _IntArgbToUshort555RgbXorBlit 10021f90 f   Ushort555Rgb.obj
 0001:00021040       _Ushort555RgbSrcMaskFill   10022040 f   Ushort555Rgb.obj
 0001:00021290       _Ushort555RgbSrcOverMaskFill 10022290 f   Ushort555Rgb.obj
 0001:00021560       _Ushort555RgbAlphaMaskFill 10022560 f   Ushort555Rgb.obj
 0001:000218c0       _IntArgbToUshort555RgbSrcOverMaskBlit 100228c0 f   Ushort555Rgb.obj
 0001:00021c10       _IntArgbToUshort555RgbAlphaMaskBlit 10022c10 f   Ushort555Rgb.obj
 0001:00021fd0       _IntArgbPreToUshort555RgbSrcOverMaskBlit 10022fd0 f   Ushort555Rgb.obj
 0001:00022390       _IntArgbPreToUshort555RgbAlphaMaskBlit 10023390 f   Ushort555Rgb.obj
 0001:00022760       _IntRgbToUshort555RgbAlphaMaskBlit 10023760 f   Ushort555Rgb.obj
 0001:00022ad0       _Ushort555RgbDrawGlyphListAA 10023ad0 f   Ushort555Rgb.obj
 0001:00022ce0       _Ushort555RgbDrawGlyphListLCD 10023ce0 f   Ushort555Rgb.obj
 0001:00022fc0       _RegisterUshort565Rgb      10023fc0 f   Ushort565Rgb.obj
 0001:00022fe0       _PixelForUshort565Rgb      10023fe0 f   Ushort565Rgb.obj
 0001:00023010       _Ushort565RgbToIntArgbConvert 10024010 f   Ushort565Rgb.obj
 0001:000230b0       _IntArgbToUshort565RgbConvert 100240b0 f   Ushort565Rgb.obj
 0001:00023130       _ThreeByteBgrToUshort565RgbConvert 10024130 f   Ushort565Rgb.obj
 0001:000231b0       _ByteGrayToUshort565RgbConvert 100241b0 f   Ushort565Rgb.obj
 0001:00023220       _ByteIndexedToUshort565RgbConvert 10024220 f   Ushort565Rgb.obj
 0001:00023300       _Ushort565RgbToIntArgbScaleConvert 10024300 f   Ushort565Rgb.obj
 0001:000233d0       _IntArgbToUshort565RgbScaleConvert 100243d0 f   Ushort565Rgb.obj
 0001:00023480       _ThreeByteBgrToUshort565RgbScaleConvert 10024480 f   Ushort565Rgb.obj
 0001:00023540       _ByteGrayToUshort565RgbScaleConvert 10024540 f   Ushort565Rgb.obj
 0001:000235e0       _ByteIndexedToUshort565RgbScaleConvert 100245e0 f   Ushort565Rgb.obj
 0001:00023710       _ByteIndexedBmToUshort565RgbXparOver 10024710 f   Ushort565Rgb.obj
 0001:00023810       _ByteIndexedBmToUshort565RgbScaleXparOver 10024810 f   Ushort565Rgb.obj
 0001:00023960       _IntArgbBmToUshort565RgbScaleXparOver 10024960 f   Ushort565Rgb.obj
 0001:00023a20       _ByteIndexedBmToUshort565RgbXparBgCopy 10024a20 f   Ushort565Rgb.obj
 0001:00023b20       _IntArgbBmToUshort565RgbXparOver 10024b20 f   Ushort565Rgb.obj
 0001:00023bb0       _IntArgbBmToUshort565RgbXparBgCopy 10024bb0 f   Ushort565Rgb.obj
 0001:00023c50       _IntArgbToUshort565RgbXorBlit 10024c50 f   Ushort565Rgb.obj
 0001:00023d00       _Ushort565RgbSrcMaskFill   10024d00 f   Ushort565Rgb.obj
 0001:00023f50       _Ushort565RgbSrcOverMaskFill 10024f50 f   Ushort565Rgb.obj
 0001:00024220       _Ushort565RgbAlphaMaskFill 10025220 f   Ushort565Rgb.obj
 0001:00024580       _IntArgbToUshort565RgbSrcOverMaskBlit 10025580 f   Ushort565Rgb.obj
 0001:000248d0       _IntArgbPreToUshort565RgbSrcOverMaskBlit 100258d0 f   Ushort565Rgb.obj
 0001:00024c70       _Ushort4444ArgbToUshort565RgbSrcOverMaskBlit 10025c70 f   Ushort565Rgb.obj
 0001:00025050       _IntArgbToUshort565RgbAlphaMaskBlit 10026050 f   Ushort565Rgb.obj
 0001:00025410       _IntArgbPreToUshort565RgbAlphaMaskBlit 10026410 f   Ushort565Rgb.obj
 0001:000257d0       _IntRgbToUshort565RgbAlphaMaskBlit 100267d0 f   Ushort565Rgb.obj
 0001:00025b30       _Ushort565RgbDrawGlyphListAA 10026b30 f   Ushort565Rgb.obj
 0001:00025d40       _Ushort565RgbDrawGlyphListLCD 10026d40 f   Ushort565Rgb.obj
 0001:00026010       _RegisterUshort4444Argb    10027010 f   Ushort4444Argb.obj
 0001:00026030       _PixelForUshort4444Argb    10027030 f   Ushort4444Argb.obj
 0001:00026070       _IntArgbToUshort4444ArgbSrcOverMaskBlit 10027070 f   Ushort4444Argb.obj
 0001:00026470       _RegisterUshort555Rgbx     10027470 f   Ushort555Rgbx.obj
 0001:00026490       _PixelForUshort555Rgbx     10027490 f   Ushort555Rgbx.obj
 0001:000264c0       _Ushort555RgbxToIntArgbConvert 100274c0 f   Ushort555Rgbx.obj
 0001:00026570       _IntArgbToUshort555RgbxConvert 10027570 f   Ushort555Rgbx.obj
 0001:000265f0       _ThreeByteBgrToUshort555RgbxConvert 100275f0 f   Ushort555Rgbx.obj
 0001:00026680       _ByteGrayToUshort555RgbxConvert 10027680 f   Ushort555Rgbx.obj
 0001:00026700       _ByteIndexedToUshort555RgbxConvert 10027700 f   Ushort555Rgbx.obj
 0001:000267e0       _Ushort555RgbxToIntArgbScaleConvert 100277e0 f   Ushort555Rgbx.obj
 0001:000268c0       _IntArgbToUshort555RgbxScaleConvert 100278c0 f   Ushort555Rgbx.obj
 0001:00026970       _ThreeByteBgrToUshort555RgbxScaleConvert 10027970 f   Ushort555Rgbx.obj
 0001:00026a30       _ByteGrayToUshort555RgbxScaleConvert 10027a30 f   Ushort555Rgbx.obj
 0001:00026ae0       _ByteIndexedToUshort555RgbxScaleConvert 10027ae0 f   Ushort555Rgbx.obj
 0001:00026c10       _ByteIndexedBmToUshort555RgbxXparOver 10027c10 f   Ushort555Rgbx.obj
 0001:00026d10       _ByteIndexedBmToUshort555RgbxScaleXparOver 10027d10 f   Ushort555Rgbx.obj
 0001:00026e60       _IntArgbBmToUshort555RgbxScaleXparOver 10027e60 f   Ushort555Rgbx.obj
 0001:00026f20       _ByteIndexedBmToUshort555RgbxXparBgCopy 10027f20 f   Ushort555Rgbx.obj
 0001:00027020       _IntArgbToUshort555RgbxXorBlit 10028020 f   Ushort555Rgbx.obj
 0001:000270d0       _Ushort555RgbxDrawGlyphListAA 100280d0 f   Ushort555Rgbx.obj
 0001:000272e0       _Ushort555RgbxDrawGlyphListLCD 100282e0 f   Ushort555Rgbx.obj
 0001:000275c0       _RegisterUshortGray        100285c0 f   UshortGray.obj
 0001:000275e0       _PixelForUshortGray        100285e0 f   UshortGray.obj
 0001:00027620       _UshortGrayToIntArgbConvert 10028620 f   UshortGray.obj
 0001:00027690       _IntArgbToUshortGrayConvert 10028690 f   UshortGray.obj
 0001:00027730       _ThreeByteBgrToUshortGrayConvert 10028730 f   UshortGray.obj
 0001:000277b0       _ByteGrayToUshortGrayConvert 100287b0 f   UshortGray.obj
 0001:00027810       _ByteIndexedToUshortGrayConvert 10028810 f   UshortGray.obj
 0001:00027900       _UshortGrayToIntArgbScaleConvert 10028900 f   UshortGray.obj
 0001:000279b0       _IntArgbToUshortGrayScaleConvert 100289b0 f   UshortGray.obj
 0001:00027a80       _ThreeByteBgrToUshortGrayScaleConvert 10028a80 f   UshortGray.obj
 0001:00027b50       _ByteGrayToUshortGrayScaleConvert 10028b50 f   UshortGray.obj
 0001:00027be0       _ByteIndexedToUshortGrayScaleConvert 10028be0 f   UshortGray.obj
 0001:00027d20       _ByteIndexedBmToUshortGrayXparOver 10028d20 f   UshortGray.obj
 0001:00027e30       _ByteIndexedBmToUshortGrayScaleXparOver 10028e30 f   UshortGray.obj
 0001:00027f90       _IntArgbBmToUshortGrayScaleXparOver 10028f90 f   UshortGray.obj
 0001:00028070       _ByteIndexedBmToUshortGrayXparBgCopy 10029070 f   UshortGray.obj
 0001:00028190       _IntArgbToUshortGrayXorBlit 10029190 f   UshortGray.obj
 0001:00028260       _UshortGraySrcMaskFill     10029260 f   UshortGray.obj
 0001:00028410       _UshortGraySrcOverMaskFill 10029410 f   UshortGray.obj
 0001:000285d0       _UshortGrayAlphaMaskFill   100295d0 f   UshortGray.obj
 0001:00028890       _IntArgbToUshortGraySrcOverMaskBlit 10029890 f   UshortGray.obj
 0001:00028ad0       _IntArgbToUshortGrayAlphaMaskBlit 10029ad0 f   UshortGray.obj
 0001:00028e40       _IntArgbPreToUshortGraySrcOverMaskBlit 10029e40 f   UshortGray.obj
 0001:000290d0       _IntArgbPreToUshortGrayAlphaMaskBlit 1002a0d0 f   UshortGray.obj
 0001:00029460       _IntRgbToUshortGrayAlphaMaskBlit 1002a460 f   UshortGray.obj
 0001:000297d0       _UshortGrayDrawGlyphListAA 1002a7d0 f   UshortGray.obj
 0001:00029950       _RegisterUshortIndexed     1002a950 f   UshortIndexed.obj
 0001:00029970       _PixelForUshortIndexed     1002a970 f   UshortIndexed.obj
 0001:00029980       _IntArgbToUshortIndexedConvert 1002a980 f   UshortIndexed.obj
 0001:00029b00       _ThreeByteBgrToUshortIndexedConvert 1002ab00 f   UshortIndexed.obj
 0001:00029c80       _ByteGrayToUshortIndexedConvert 1002ac80 f   UshortIndexed.obj
 0001:00029de0       _Index12GrayToUshortIndexedConvert 1002ade0 f   UshortIndexed.obj
 0001:00029f50       _Index12GrayToIntArgbConvert 1002af50 f   IntArgb.obj
 0001:00029f50       _UshortIndexedToIntArgbConvert 1002af50 f   UshortIndexed.obj
 0001:00029fb0       _UshortIndexedToIntArgbScaleConvert 1002afb0 f   UshortIndexed.obj
 0001:0002a050       _UshortIndexedToUshortIndexedConvert 1002b050 f   UshortIndexed.obj
 0001:0002a240       _IntArgbToUshortIndexedScaleConvert 1002b240 f   UshortIndexed.obj
 0001:0002a3f0       _ThreeByteBgrToUshortIndexedScaleConvert 1002b3f0 f   UshortIndexed.obj
 0001:0002a5b0       _ByteGrayToUshortIndexedScaleConvert 1002b5b0 f   UshortIndexed.obj
 0001:0002a750       _Index12GrayToUshortIndexedScaleConvert 1002b750 f   UshortIndexed.obj
 0001:0002a900       _UshortIndexedToUshortIndexedScaleConvert 1002b900 f   UshortIndexed.obj
 0001:0002ab50       _ByteIndexedBmToUshortIndexedXparOver 1002bb50 f   UshortIndexed.obj
 0001:0002ace0       _ByteIndexedBmToUshortIndexedScaleXparOver 1002bce0 f   UshortIndexed.obj
 0001:0002aeb0       _IntArgbBmToUshortIndexedScaleXparOver 1002beb0 f   UshortIndexed.obj
 0001:0002b080       _ByteIndexedBmToUshortIndexedXparBgCopy 1002c080 f   UshortIndexed.obj
 0001:0002b220       _IntArgbBmToUshortIndexedXparOver 1002c220 f   UshortIndexed.obj
 0001:0002b3c0       _IntArgbBmToUshortIndexedXparBgCopy 1002c3c0 f   UshortIndexed.obj
 0001:0002b560       _IntArgbToUshortIndexedXorBlit 1002c560 f   UshortIndexed.obj
 0001:0002b620       _UshortIndexedAlphaMaskFill 1002c620 f   UshortIndexed.obj
 0001:0002ba70       _IntArgbToUshortIndexedAlphaMaskBlit 1002ca70 f   UshortIndexed.obj
 0001:0002bf00       _IntArgbPreToUshortIndexedAlphaMaskBlit 1002cf00 f   UshortIndexed.obj
 0001:0002c3a0       _IntRgbToUshortIndexedAlphaMaskBlit 1002d3a0 f   UshortIndexed.obj
 0001:0002c810       _UshortIndexedDrawGlyphListAA 1002d810 f   UshortIndexed.obj
 0001:0002cad0       _RegisterAny3Byte          1002dad0 f   Any3Byte.obj
 0001:0002caf0       _Any3ByteIsomorphicCopy    1002daf0 f   Any3Byte.obj
 0001:0002cb50       _Any3ByteIsomorphicScaleCopy 1002db50 f   Any3Byte.obj
 0001:0002cbf0       _Any3ByteIsomorphicXorCopy 1002dbf0 f   Any3Byte.obj
 0001:0002cc90       _Any3ByteSetRect           1002dc90 f   Any3Byte.obj
 0001:0002cd10       _Any3ByteSetSpans          1002dd10 f   Any3Byte.obj
 0001:0002cdc0       _Any3ByteSetParallelogram  1002ddc0 f   Any3Byte.obj
 0001:0002ce90       _Any3ByteSetLine           1002de90 f   Any3Byte.obj
 0001:0002cf80       _Any3ByteXorRect           1002df80 f   Any3Byte.obj
 0001:0002d060       _Any3ByteXorSpans          1002e060 f   Any3Byte.obj
 0001:0002d190       _Any3ByteXorLine           1002e190 f   Any3Byte.obj
 0001:0002d340       _Any3ByteDrawGlyphList     1002e340 f   Any3Byte.obj
 0001:0002d460       _Any3ByteDrawGlyphListXor  1002e460 f   Any3Byte.obj
 0001:0002d610       _RegisterThreeByteBgr      1002e610 f   ThreeByteBgr.obj
 0001:0002d630       _ThreeByteBgrToIntArgbConvert 1002e630 f   ThreeByteBgr.obj
 0001:0002d6b0       _IntArgbToThreeByteBgrConvert 1002e6b0 f   ThreeByteBgr.obj
 0001:0002d720       _ByteGrayToThreeByteBgrConvert 1002e720 f   ThreeByteBgr.obj
 0001:0002d770       _ByteIndexedToThreeByteBgrConvert 1002e770 f   ThreeByteBgr.obj
 0001:0002d7e0       _ThreeByteBgrToIntArgbScaleConvert 1002e7e0 f   ThreeByteBgr.obj
 0001:0002d890       _IntArgbToThreeByteBgrScaleConvert 1002e890 f   ThreeByteBgr.obj
 0001:0002d920       _ByteGrayToThreeByteBgrScaleConvert 1002e920 f   ThreeByteBgr.obj
 0001:0002d9b0       _ByteIndexedToThreeByteBgrScaleConvert 1002e9b0 f   ThreeByteBgr.obj
 0001:0002da60       _ByteIndexedBmToThreeByteBgrXparOver 1002ea60 f   ThreeByteBgr.obj
 0001:0002dad0       _ByteIndexedBmToThreeByteBgrScaleXparOver 1002ead0 f   ThreeByteBgr.obj
 0001:0002db80       _IntArgbBmToThreeByteBgrScaleXparOver 1002eb80 f   ThreeByteBgr.obj
 0001:0002dc20       _ByteIndexedBmToThreeByteBgrXparBgCopy 1002ec20 f   ThreeByteBgr.obj
 0001:0002dce0       _IntArgbBmToThreeByteBgrXparOver 1002ece0 f   ThreeByteBgr.obj
 0001:0002dd50       _IntArgbBmToThreeByteBgrXparBgCopy 1002ed50 f   ThreeByteBgr.obj
 0001:0002ddf0       _IntArgbToThreeByteBgrXorBlit 1002edf0 f   ThreeByteBgr.obj
 0001:0002dee0       _ThreeByteBgrSrcMaskFill   1002eee0 f   ThreeByteBgr.obj
 0001:0002e120       _ThreeByteBgrSrcOverMaskFill 1002f120 f   ThreeByteBgr.obj
 0001:0002e350       _ThreeByteBgrAlphaMaskFill 1002f350 f   ThreeByteBgr.obj
 0001:0002e650       _IntArgbToThreeByteBgrSrcOverMaskBlit 1002f650 f   ThreeByteBgr.obj
 0001:0002e8e0       _IntArgbToThreeByteBgrAlphaMaskBlit 1002f8e0 f   ThreeByteBgr.obj
 0001:0002ec30       _IntArgbPreToThreeByteBgrSrcOverMaskBlit 1002fc30 f   ThreeByteBgr.obj
 0001:0002ef40       _IntArgbPreToThreeByteBgrAlphaMaskBlit 1002ff40 f   ThreeByteBgr.obj
 0001:0002f2a0       _IntRgbToThreeByteBgrAlphaMaskBlit 100302a0 f   ThreeByteBgr.obj
 0001:0002f5f0       _ThreeByteBgrDrawGlyphListAA 100305f0 f   ThreeByteBgr.obj
 0001:0002f7e0       _ThreeByteBgrDrawGlyphListLCD 100307e0 f   ThreeByteBgr.obj
 0001:0002fac0       _ThreeByteBgrNrstNbrTransformHelper 10030ac0 f   ThreeByteBgr.obj
 0001:0002fb90       _ThreeByteBgrBilinearTransformHelper 10030b90 f   ThreeByteBgr.obj
 0001:0002fd40       _ThreeByteBgrBicubicTransformHelper 10030d40 f   ThreeByteBgr.obj
 0001:00030110       _RegisterAnyInt            10031110 f   AnyInt.obj
 0001:00030130       _AnyIntIsomorphicCopy      10031130 f   AnyInt.obj
 0001:00030130       _Any4ByteIsomorphicCopy    10031130 f   Any4Byte.obj
 0001:00030190       _AnyIntIsomorphicXorCopy   10031190 f   AnyInt.obj
 0001:000301f0       _AnyIntIsomorphicScaleCopy 100311f0 f   AnyInt.obj
 0001:00030280       _AnyIntSetRect             10031280 f   AnyInt.obj
 0001:000302d0       _AnyIntSetSpans            100312d0 f   AnyInt.obj
 0001:00030360       _AnyIntSetParallelogram    10031360 f   AnyInt.obj
 0001:00030410       _AnyIntSetLine             10031410 f   AnyInt.obj
 0001:000304e0       _AnyIntXorRect             100314e0 f   AnyInt.obj
 0001:00030550       _AnyIntXorSpans            10031550 f   AnyInt.obj
 0001:00030600       _AnyIntXorLine             10031600 f   AnyInt.obj
 0001:000306e0       _AnyIntDrawGlyphList       100316e0 f   AnyInt.obj
 0001:000307d0       _AnyIntDrawGlyphListXor    100317d0 f   AnyInt.obj
 0001:000308f0       _RegisterIntArgb           100318f0 f   IntArgb.obj
 0001:00030910       _ByteIndexedToIntArgbConvert 10031910 f   IntArgb.obj
 0001:00030970       _ByteIndexedToIntArgbScaleConvert 10031970 f   IntArgb.obj
 0001:00030a10       _ByteIndexedBmToIntArgbXparOver 10031a10 f   IntArgb.obj
 0001:00030a70       _ByteIndexedBmToIntArgbScaleXparOver 10031a70 f   IntArgb.obj
 0001:00030b10       _IntArgbBmToIntArgbScaleXparOver 10031b10 f   IntArgb.obj
 0001:00030bb0       _ByteIndexedBmToIntArgbXparBgCopy 10031bb0 f   IntArgb.obj
 0001:00030c10       _IntArgbToIntArgbXorBlit   10031c10 f   IntArgb.obj
 0001:00030c10       _IntArgbToIntRgbXorBlit    10031c10 f   IntRgb.obj
 0001:00030c90       _IntArgbSrcMaskFill        10031c90 f   IntArgb.obj
 0001:00030ec0       _IntArgbSrcOverMaskFill    10031ec0 f   IntArgb.obj
 0001:000311c0       _IntArgbAlphaMaskFill      100321c0 f   IntArgb.obj
 0001:000314e0       _IntArgbToIntArgbSrcOverMaskBlit 100324e0 f   IntArgb.obj
 0001:00031800       _IntArgbToIntArgbAlphaMaskBlit 10032800 f   IntArgb.obj
 0001:00031b80       _IntArgbPreToIntArgbSrcOverMaskBlit 10032b80 f   IntArgb.obj
 0001:00031f10       _IntArgbPreToIntArgbAlphaMaskBlit 10032f10 f   IntArgb.obj
 0001:00032280       _IntRgbToIntArgbAlphaMaskBlit 10033280 f   IntArgb.obj
 0001:000325d0       _IntArgbDrawGlyphListAA    100335d0 f   IntArgb.obj
 0001:00032810       _IntArgbDrawGlyphListLCD   10033810 f   IntArgb.obj
 0001:00032b30       _IntArgbNrstNbrTransformHelper 10033b30 f   IntArgb.obj
 0001:00032c40       _IntArgbBilinearTransformHelper 10033c40 f   IntArgb.obj
 0001:00032f10       _IntArgbBicubicTransformHelper 10033f10 f   IntArgb.obj
 0001:000336e0       _RegisterIntArgbPre        100346e0 f   IntArgbPre.obj
 0001:00033700       _PixelForIntArgbPre        10034700 f   IntArgbPre.obj
 0001:00033760       _IntArgbPreToIntArgbConvert 10034760 f   IntArgbPre.obj
 0001:00033820       _IntArgbToIntArgbPreConvert 10034820 f   IntArgbPre.obj
 0001:000338e0       _IntRgbToIntArgbPreConvert 100348e0 f   IntArgbPre.obj
 0001:000339a0       _ThreeByteBgrToIntArgbPreConvert 100349a0 f   IntArgbPre.obj
 0001:00033a80       _ByteGrayToIntArgbPreConvert 10034a80 f   IntArgbPre.obj
 0001:00033b50       _ByteIndexedToIntArgbPreConvert 10034b50 f   IntArgbPre.obj
 0001:00033c20       _IntArgbPreToIntArgbScaleConvert 10034c20 f   IntArgbPre.obj
 0001:00033d30       _IntArgbToIntArgbPreScaleConvert 10034d30 f   IntArgbPre.obj
 0001:00033e30       _IntRgbToIntArgbPreScaleConvert 10034e30 f   IntArgbPre.obj
 0001:00033f30       _ThreeByteBgrToIntArgbPreScaleConvert 10034f30 f   IntArgbPre.obj
 0001:00034050       _ByteGrayToIntArgbPreScaleConvert 10035050 f   IntArgbPre.obj
 0001:00034160       _ByteIndexedToIntArgbPreScaleConvert 10035160 f   IntArgbPre.obj
 0001:00034280       _ByteIndexedBmToIntArgbPreXparOver 10035280 f   IntArgbPre.obj
 0001:00034350       _ByteIndexedBmToIntArgbPreScaleXparOver 10035350 f   IntArgbPre.obj
 0001:00034470       _ByteIndexedBmToIntArgbPreXparBgCopy 10035470 f   IntArgbPre.obj
 0001:00034540       _IntArgbToIntArgbPreXorBlit 10035540 f   IntArgbPre.obj
 0001:00034620       _IntArgbPreSrcMaskFill     10035620 f   IntArgbPre.obj
 0001:00034800       _IntArgbPreSrcOverMaskFill 10035800 f   IntArgbPre.obj
 0001:00034aa0       _IntArgbPreAlphaMaskFill   10035aa0 f   IntArgbPre.obj
 0001:00034d90       _IntArgbToIntArgbPreSrcOverMaskBlit 10035d90 f   IntArgbPre.obj
 0001:00035070       _IntArgbToIntArgbPreAlphaMaskBlit 10036070 f   IntArgbPre.obj
 0001:000353e0       _IntArgbPreToIntArgbPreSrcOverMaskBlit 100363e0 f   IntArgbPre.obj
 0001:00035730       _IntArgbPreToIntArgbPreAlphaMaskBlit 10036730 f   IntArgbPre.obj
 0001:00035a60       _IntRgbToIntArgbPreAlphaMaskBlit 10036a60 f   IntArgbPre.obj
 0001:00035d70       _IntArgbPreDrawGlyphListAA 10036d70 f   IntArgbPre.obj
 0001:00035fc0       _IntArgbPreDrawGlyphListLCD 10036fc0 f   IntArgbPre.obj
 0001:00036360       _IntArgbPreNrstNbrTransformHelper 10037360 f   IntArgbPre.obj
 0001:00036410       _IntArgbPreBilinearTransformHelper 10037410 f   IntArgbPre.obj
 0001:00036550       _IntArgbPreBicubicTransformHelper 10037550 f   IntArgbPre.obj
 0001:00036740       _RegisterIntArgbBm         10037740 f   IntArgbBm.obj
 0001:00036760       _PixelForIntArgbBm         10037760 f   IntArgbBm.obj
 0001:00036780       _IntArgbBmToIntArgbConvert 10037780 f   IntArgbBm.obj
 0001:000367e0       _IntArgbToIntArgbBmConvert 100377e0 f   IntArgbBm.obj
 0001:00036840       _ByteIndexedToIntArgbBmConvert 10037840 f   IntArgbBm.obj
 0001:000368b0       _IntArgbToIntArgbBmScaleConvert 100378b0 f   IntArgbBm.obj
 0001:00036950       _ByteIndexedToIntArgbBmScaleConvert 10037950 f   IntArgbBm.obj
 0001:00036a00       _ByteIndexedBmToIntArgbBmXparOver 10037a00 f   IntArgbBm.obj
 0001:00036ae0       _ByteIndexedBmToIntArgbBmScaleXparOver 10037ae0 f   IntArgbBm.obj
 0001:00036c10       _ByteIndexedBmToIntArgbBmXparBgCopy 10037c10 f   IntArgbBm.obj
 0001:00036cf0       _IntArgbToIntArgbBmXorBlit 10037cf0 f   IntArgbBm.obj
 0001:00036d80       _IntArgbBmAlphaMaskFill    10037d80 f   IntArgbBm.obj
 0001:000370b0       _IntArgbToIntArgbBmAlphaMaskBlit 100380b0 f   IntArgbBm.obj
 0001:00037430       _IntArgbPreToIntArgbBmAlphaMaskBlit 10038430 f   IntArgbBm.obj
 0001:000377d0       _IntArgbBmDrawGlyphListAA  100387d0 f   IntArgbBm.obj
 0001:00037a10       _IntArgbBmDrawGlyphListLCD 10038a10 f   IntArgbBm.obj
 0001:00037d40       _IntArgbBmNrstNbrTransformHelper 10038d40 f   IntArgbBm.obj
 0001:00037e00       _IntArgbBmBilinearTransformHelper 10038e00 f   IntArgbBm.obj
 0001:00037f70       _IntArgbBmBicubicTransformHelper 10038f70 f   IntArgbBm.obj
 0001:00038240       _RegisterIntRgb            10039240 f   IntRgb.obj
 0001:00038260       _IntRgbToIntArgbConvert    10039260 f   IntRgb.obj
 0001:000382c0       _ThreeByteBgrToIntRgbConvert 100392c0 f   IntRgb.obj
 0001:00038330       _ByteGrayToIntRgbConvert   10039330 f   IntRgb.obj
 0001:00038390       _IntArgbBmToIntRgbXparOver 10039390 f   IntRgb.obj
 0001:000383f0       _IntArgbBmToIntRgbXparBgCopy 100393f0 f   IntRgb.obj
 0001:00038450       _IntRgbToIntArgbScaleConvert 10039450 f   IntRgb.obj
 0001:000384e0       _ThreeByteBgrToIntRgbScaleConvert 100394e0 f   IntRgb.obj
 0001:00038580       _ByteGrayToIntRgbScaleConvert 10039580 f   IntRgb.obj
 0001:00038620       _IntRgbSrcMaskFill         10039620 f   IntRgb.obj
 0001:00038820       _IntRgbSrcOverMaskFill     10039820 f   IntRgb.obj
 0001:00038a60       _IntRgbAlphaMaskFill       10039a60 f   IntRgb.obj
 0001:00038d80       _IntArgbToIntRgbSrcOverMaskBlit 10039d80 f   IntRgb.obj
 0001:00039020       _IntArgbToIntRgbAlphaMaskBlit 1003a020 f   IntRgb.obj
 0001:000393a0       _IntArgbPreToIntRgbSrcOverMaskBlit 1003a3a0 f   IntRgb.obj
 0001:000396a0       _IntArgbPreToIntRgbAlphaMaskBlit 1003a6a0 f   IntRgb.obj
 0001:00039a20       _IntRgbToIntRgbAlphaMaskBlit 1003aa20 f   IntRgb.obj
 0001:00039d70       _IntRgbDrawGlyphListAA     1003ad70 f   IntRgb.obj
 0001:00039f50       _IntRgbDrawGlyphListLCD    1003af50 f   IntRgb.obj
 0001:0003a1f0       _IntRgbNrstNbrTransformHelper 1003b1f0 f   IntRgb.obj
 0001:0003a2a0       _IntRgbBilinearTransformHelper 1003b2a0 f   IntRgb.obj
 0001:0003a3f0       _IntRgbBicubicTransformHelper 1003b3f0 f   IntRgb.obj
 0001:0003a640       _RegisterIntBgr            1003b640 f   IntBgr.obj
 0001:0003a660       _PixelForIntBgr            1003b660 f   IntBgr.obj
 0001:0003a680       _IntBgrToIntArgbConvert    1003b680 f   IntBgr.obj
 0001:0003a700       _IntArgbToIntBgrConvert    1003b700 f   IntBgr.obj
 0001:0003a770       _ThreeByteBgrToIntBgrConvert 1003b770 f   IntBgr.obj
 0001:0003a7e0       _ByteIndexedToIntBgrConvert 1003b7e0 f   IntBgr.obj
 0001:0003a8c0       _IntBgrToIntArgbScaleConvert 1003b8c0 f   IntBgr.obj
 0001:0003a970       _IntArgbToIntBgrScaleConvert 1003b970 f   IntBgr.obj
 0001:0003aa20       _ThreeByteBgrToIntBgrScaleConvert 1003ba20 f   IntBgr.obj
 0001:0003aac0       _ByteIndexedToIntBgrScaleConvert 1003bac0 f   IntBgr.obj
 0001:0003ac00       _ByteIndexedBmToIntBgrXparOver 1003bc00 f   IntBgr.obj
 0001:0003ad00       _IntArgbBmToIntBgrXparOver 1003bd00 f   IntBgr.obj
 0001:0003ad70       _IntArgbBmToIntBgrScaleXparOver 1003bd70 f   IntBgr.obj
 0001:0003ae20       _ByteIndexedBmToIntBgrScaleXparOver 1003be20 f   IntBgr.obj
 0001:0003af70       _ByteIndexedBmToIntBgrXparBgCopy 1003bf70 f   IntBgr.obj
 0001:0003b070       _IntArgbBmToIntBgrXparBgCopy 1003c070 f   IntBgr.obj
 0001:0003b100       _IntArgbToIntBgrXorBlit    1003c100 f   IntBgr.obj
 0001:0003b1a0       _IntBgrSrcMaskFill         1003c1a0 f   IntBgr.obj
 0001:0003b3a0       _IntBgrSrcOverMaskFill     1003c3a0 f   IntBgr.obj
 0001:0003b5f0       _IntBgrAlphaMaskFill       1003c5f0 f   IntBgr.obj
 0001:0003b910       _IntArgbToIntBgrSrcOverMaskBlit 1003c910 f   IntBgr.obj
 0001:0003bbb0       _IntArgbToIntBgrAlphaMaskBlit 1003cbb0 f   IntBgr.obj
 0001:0003bf30       _IntArgbPreToIntBgrSrcOverMaskBlit 1003cf30 f   IntBgr.obj
 0001:0003c230       _IntArgbPreToIntBgrAlphaMaskBlit 1003d230 f   IntBgr.obj
 0001:0003c5c0       _IntRgbToIntBgrAlphaMaskBlit 1003d5c0 f   IntBgr.obj
 0001:0003c910       _IntBgrToIntBgrAlphaMaskBlit 1003d910 f   IntBgr.obj
 0001:0003cc60       _IntBgrDrawGlyphListAA     1003dc60 f   IntBgr.obj
 0001:0003ce30       _IntBgrDrawGlyphListLCD    1003de30 f   IntBgr.obj
 0001:0003d0d0       _IntBgrNrstNbrTransformHelper 1003e0d0 f   IntBgr.obj
 0001:0003d1a0       _IntBgrBilinearTransformHelper 1003e1a0 f   IntBgr.obj
 0001:0003d360       _IntBgrBicubicTransformHelper 1003e360 f   IntBgr.obj
 0001:0003d770       _RegisterIntRgbx           1003e770 f   IntRgbx.obj
 0001:0003d790       _PixelForIntRgbx           1003e790 f   IntRgbx.obj
 0001:0003d7a0       _IntRgbxToIntArgbConvert   1003e7a0 f   IntRgbx.obj
 0001:0003d800       _IntArgbToIntRgbxConvert   1003e800 f   IntRgbx.obj
 0001:0003d850       _ThreeByteBgrToIntRgbxConvert 1003e850 f   IntRgbx.obj
 0001:0003d8c0       _ByteGrayToIntRgbxConvert  1003e8c0 f   IntRgbx.obj
 0001:0003d920       _ByteIndexedToIntRgbxConvert 1003e920 f   IntRgbx.obj
 0001:0003d980       _IntRgbxToIntArgbScaleConvert 1003e980 f   IntRgbx.obj
 0001:0003da10       _IntArgbToIntRgbxScaleConvert 1003ea10 f   IntRgbx.obj
 0001:0003daa0       _ThreeByteBgrToIntRgbxScaleConvert 1003eaa0 f   IntRgbx.obj
 0001:0003db50       _ByteGrayToIntRgbxScaleConvert 1003eb50 f   IntRgbx.obj
 0001:0003dbf0       _ByteIndexedToIntRgbxScaleConvert 1003ebf0 f   IntRgbx.obj
 0001:0003dc90       _ByteIndexedBmToIntRgbxXparOver 1003ec90 f   IntRgbx.obj
 0001:0003dcf0       _ByteIndexedBmToIntRgbxScaleXparOver 1003ecf0 f   IntRgbx.obj
 0001:0003dd90       _IntArgbBmToIntRgbxScaleXparOver 1003ed90 f   IntRgbx.obj
 0001:0003de30       _ByteIndexedBmToIntRgbxXparBgCopy 1003ee30 f   IntRgbx.obj
 0001:0003dea0       _IntArgbToIntRgbxXorBlit   1003eea0 f   IntRgbx.obj
 0001:0003df20       _IntRgbxSrcMaskFill        1003ef20 f   IntRgbx.obj
 0001:0003e120       _IntRgbxSrcOverMaskFill    1003f120 f   IntRgbx.obj
 0001:0003e360       _IntRgbxAlphaMaskFill      1003f360 f   IntRgbx.obj
 0001:0003e680       _IntArgbToIntRgbxSrcOverMaskBlit 1003f680 f   IntRgbx.obj
 0001:0003e920       _IntArgbToIntRgbxAlphaMaskBlit 1003f920 f   IntRgbx.obj
 0001:0003ec90       _IntArgbPreToIntRgbxSrcOverMaskBlit 1003fc90 f   IntRgbx.obj
 0001:0003ef70       _IntArgbPreToIntRgbxAlphaMaskBlit 1003ff70 f   IntRgbx.obj
 0001:0003f2f0       _IntRgbToIntRgbxAlphaMaskBlit 100402f0 f   IntRgbx.obj
 0001:0003f630       _IntRgbxDrawGlyphListAA    10040630 f   IntRgbx.obj
 0001:0003f800       _IntRgbxDrawGlyphListLCD   10040800 f   IntRgbx.obj
 0001:0003faa0       _IntRgbxNrstNbrTransformHelper 10040aa0 f   IntRgbx.obj
 0001:0003fb50       _IntRgbxBilinearTransformHelper 10040b50 f   IntRgbx.obj
 0001:0003fcb0       _IntRgbxBicubicTransformHelper 10040cb0 f   IntRgbx.obj
 0001:0003ff30       _RegisterAny4Byte          10040f30 f   Any4Byte.obj
 0001:0003ff50       _Any4ByteIsomorphicScaleCopy 10040f50 f   Any4Byte.obj
 0001:00040000       _Any4ByteSetRect           10041000 f   Any4Byte.obj
 0001:00040090       _Any4ByteSetSpans          10041090 f   Any4Byte.obj
 0001:00040160       _Any4ByteSetParallelogram  10041160 f   Any4Byte.obj
 0001:00040240       _Any4ByteSetLine           10041240 f   Any4Byte.obj
 0001:00040340       _Any4ByteXorRect           10041340 f   Any4Byte.obj
 0001:00040460       _Any4ByteXorSpans          10041460 f   Any4Byte.obj
 0001:000405e0       _Any4ByteXorLine           100415e0 f   Any4Byte.obj
 0001:000407d0       _Any4ByteDrawGlyphList     100417d0 f   Any4Byte.obj
 0001:00040900       _Any4ByteDrawGlyphListXor  10041900 f   Any4Byte.obj
 0001:00040ad0       _RegisterFourByteAbgr      10041ad0 f   FourByteAbgr.obj
 0001:00040af0       _PixelForFourByteAbgr      10041af0 f   FourByteAbgr.obj
 0001:00040b00       _FourByteAbgrToIntArgbConvert 10041b00 f   FourByteAbgr.obj
 0001:00040b70       _IntArgbToFourByteAbgrConvert 10041b70 f   FourByteAbgr.obj
 0001:00040be0       _IntRgbToFourByteAbgrPreConvert 10041be0 f   FourByteAbgrPre.obj
 0001:00040be0       _IntRgbToFourByteAbgrConvert 10041be0 f   FourByteAbgr.obj
 0001:00040c50       _ThreeByteBgrToFourByteAbgrConvert 10041c50 f   FourByteAbgr.obj
 0001:00040c50       _ThreeByteBgrToFourByteAbgrPreConvert 10041c50 f   FourByteAbgrPre.obj
 0001:00040cc0       _ByteGrayToFourByteAbgrPreConvert 10041cc0 f   FourByteAbgrPre.obj
 0001:00040cc0       _ByteGrayToFourByteAbgrConvert 10041cc0 f   FourByteAbgr.obj
 0001:00040d20       _ByteIndexedToFourByteAbgrConvert 10041d20 f   FourByteAbgr.obj
 0001:00040da0       _FourByteAbgrToIntArgbScaleConvert 10041da0 f   FourByteAbgr.obj
 0001:00040e50       _IntArgbToFourByteAbgrScaleConvert 10041e50 f   FourByteAbgr.obj
 0001:00040ef0       _ByteGrayToFourByteAbgrPreScaleConvert 10041ef0 f   FourByteAbgrPre.obj
 0001:00040ef0       _ByteGrayToFourByteAbgrScaleConvert 10041ef0 f   FourByteAbgr.obj
 0001:00040f80       _ByteIndexedToFourByteAbgrScaleConvert 10041f80 f   FourByteAbgr.obj
 0001:00041030       _ByteIndexedBmToFourByteAbgrXparOver 10042030 f   FourByteAbgr.obj
 0001:000410c0       _ByteIndexedBmToFourByteAbgrScaleXparOver 100420c0 f   FourByteAbgr.obj
 0001:00041180       _IntArgbBmToFourByteAbgrScaleXparOver 10042180 f   FourByteAbgr.obj
 0001:00041180       _IntArgbBmToFourByteAbgrPreScaleXparOver 10042180 f   FourByteAbgrPre.obj
 0001:00041230       _ByteIndexedBmToFourByteAbgrXparBgCopy 10042230 f   FourByteAbgr.obj
 0001:00041310       _IntArgbToFourByteAbgrXorBlit 10042310 f   FourByteAbgr.obj
 0001:00041420       _FourByteAbgrSrcMaskFill   10042420 f   FourByteAbgr.obj
 0001:00041690       _FourByteAbgrSrcOverMaskFill 10042690 f   FourByteAbgr.obj
 0001:000419a0       _FourByteAbgrAlphaMaskFill 100429a0 f   FourByteAbgr.obj
 0001:00041cb0       _IntArgbToFourByteAbgrSrcOverMaskBlit 10042cb0 f   FourByteAbgr.obj
 0001:00041fd0       _IntArgbToFourByteAbgrAlphaMaskBlit 10042fd0 f   FourByteAbgr.obj
 0001:00042330       _IntArgbPreToFourByteAbgrSrcOverMaskBlit 10043330 f   FourByteAbgr.obj
 0001:000426e0       _IntArgbPreToFourByteAbgrAlphaMaskBlit 100436e0 f   FourByteAbgr.obj
 0001:00042a40       _IntRgbToFourByteAbgrAlphaMaskBlit 10043a40 f   FourByteAbgr.obj
 0001:00042da0       _FourByteAbgrDrawGlyphListAA 10043da0 f   FourByteAbgr.obj
 0001:00043020       _FourByteAbgrDrawGlyphListLCD 10044020 f   FourByteAbgr.obj
 0001:00043390       _FourByteAbgrNrstNbrTransformHelper 10044390 f   FourByteAbgr.obj
 0001:000434b0       _FourByteAbgrBilinearTransformHelper 100444b0 f   FourByteAbgr.obj
 0001:00043790       _FourByteAbgrBicubicTransformHelper 10044790 f   FourByteAbgr.obj
 0001:00044090       _RegisterFourByteAbgrPre   10045090 f   FourByteAbgrPre.obj
 0001:000440b0       _PixelForFourByteAbgrPre   100450b0 f   FourByteAbgrPre.obj
 0001:00044110       _FourByteAbgrPreToIntArgbConvert 10045110 f   FourByteAbgrPre.obj
 0001:000441d0       _IntArgbToFourByteAbgrPreConvert 100451d0 f   FourByteAbgrPre.obj
 0001:00044290       _ByteIndexedToFourByteAbgrPreConvert 10045290 f   FourByteAbgrPre.obj
 0001:00044370       _FourByteAbgrPreToIntArgbScaleConvert 10045370 f   FourByteAbgrPre.obj
 0001:00044480       _IntArgbToFourByteAbgrPreScaleConvert 10045480 f   FourByteAbgrPre.obj
 0001:00044590       _IntRgbToFourByteAbgrPreScaleConvert 10045590 f   FourByteAbgrPre.obj
 0001:00044590       _IntRgbToFourByteAbgrScaleConvert 10045590 f   FourByteAbgr.obj
 0001:00044630       _ThreeByteBgrToFourByteAbgrScaleConvert 10045630 f   FourByteAbgr.obj
 0001:00044630       _ThreeByteBgrToFourByteAbgrPreScaleConvert 10045630 f   FourByteAbgrPre.obj
 0001:000446e0       _ByteIndexedToFourByteAbgrPreScaleConvert 100456e0 f   FourByteAbgrPre.obj
 0001:00044800       _ByteIndexedBmToFourByteAbgrPreXparOver 10045800 f   FourByteAbgrPre.obj
 0001:000448e0       _ByteIndexedBmToFourByteAbgrPreScaleXparOver 100458e0 f   FourByteAbgrPre.obj
 0001:00044a00       _ByteIndexedBmToFourByteAbgrPreXparBgCopy 10045a00 f   FourByteAbgrPre.obj
 0001:00044b20       _IntArgbToFourByteAbgrPreXorBlit 10045b20 f   FourByteAbgrPre.obj
 0001:00044cb0       _FourByteAbgrPreSrcMaskFill 10045cb0 f   FourByteAbgrPre.obj
 0001:00044eb0       _FourByteAbgrPreSrcOverMaskFill 10045eb0 f   FourByteAbgrPre.obj
 0001:00045140       _FourByteAbgrPreAlphaMaskFill 10046140 f   FourByteAbgrPre.obj
 0001:00045420       _IntArgbToFourByteAbgrPreSrcOverMaskBlit 10046420 f   FourByteAbgrPre.obj
 0001:00045700       _IntArgbToFourByteAbgrPreAlphaMaskBlit 10046700 f   FourByteAbgrPre.obj
 0001:00045a40       _IntArgbPreToFourByteAbgrPreSrcOverMaskBlit 10046a40 f   FourByteAbgrPre.obj
 0001:00045d80       _IntArgbPreToFourByteAbgrPreAlphaMaskBlit 10046d80 f   FourByteAbgrPre.obj
 0001:000460c0       _IntRgbToFourByteAbgrPreAlphaMaskBlit 100470c0 f   FourByteAbgrPre.obj
 0001:00046410       _FourByteAbgrPreDrawGlyphListAA 10047410 f   FourByteAbgrPre.obj
 0001:000466a0       _FourByteAbgrPreDrawGlyphListLCD 100476a0 f   FourByteAbgrPre.obj
 0001:00046a90       _FourByteAbgrPreNrstNbrTransformHelper 10047a90 f   FourByteAbgrPre.obj
 0001:00046b60       _FourByteAbgrPreBilinearTransformHelper 10047b60 f   FourByteAbgrPre.obj
 0001:00046d00       _FourByteAbgrPreBicubicTransformHelper 10047d00 f   FourByteAbgrPre.obj
 0001:000470a0       _Java_sun_java2d_pipe_BufferedMaskBlit_enqueueTile@76 100480a0 f   BufferedMaskBlit.obj
 0001:000476a0       _Java_sun_java2d_pipe_BufferedRenderPipe_fillSpans@48 100486a0 f   BufferedRenderPipe.obj
 0001:00047870       _Java_sun_java2d_pipe_RenderBuffer_copyFromArray@36 10048870 f   RenderBuffer.obj
 0001:000479e0       _Java_sun_java2d_pipe_ShapeSpanIterator_initIDs@8 100489e0 f   ShapeSpanIterator.obj
 0001:00047a10       _Java_sun_java2d_pipe_ShapeSpanIterator_setNormalize@12 10048a10 f   ShapeSpanIterator.obj
 0001:00047a30       _Java_sun_java2d_pipe_ShapeSpanIterator_setOutputAreaXYXY@24 10048a30 f   ShapeSpanIterator.obj
 0001:00047aa0       _Java_sun_java2d_pipe_ShapeSpanIterator_setRule@12 10048aa0 f   ShapeSpanIterator.obj
 0001:00047b00       _Java_sun_java2d_pipe_ShapeSpanIterator_getNativeIterator@8 10048b00 f   ShapeSpanIterator.obj
 0001:00047b10       _Java_sun_java2d_pipe_ShapeSpanIterator_dispose@8 10048b10 f   ShapeSpanIterator.obj
 0001:00047b80       _Java_sun_java2d_pipe_ShapeSpanIterator_getCPathConsumer@8 10048b80 f   ShapeSpanIterator.obj
 0001:000487e0       _Java_sun_java2d_pipe_ShapeSpanIterator_addSegment@16 100497e0 f   ShapeSpanIterator.obj
 0001:00049050       _Java_sun_java2d_pipe_ShapeSpanIterator_getPathBox@12 1004a050 f   ShapeSpanIterator.obj
 0001:000490d0       _Java_sun_java2d_pipe_ShapeSpanIterator_intersectClipBox@24 1004a0d0 f   ShapeSpanIterator.obj
 0001:00049150       _Java_sun_java2d_pipe_ShapeSpanIterator_beginSubpath@16 1004a150 f   ShapeSpanIterator.obj
 0001:00049300       _Java_sun_java2d_pipe_ShapeSpanIterator_appendPoly@28 1004a300 f   ShapeSpanIterator.obj
 0001:00049760       _Java_sun_java2d_pipe_ShapeSpanIterator_appendLine@16 1004a760 f   ShapeSpanIterator.obj
 0001:000498e0       _Java_sun_java2d_pipe_ShapeSpanIterator_appendQuadratic@24 1004a8e0 f   ShapeSpanIterator.obj
 0001:00049b10       _Java_sun_java2d_pipe_ShapeSpanIterator_appendCubic@32 1004ab10 f   ShapeSpanIterator.obj
 0001:00049dd0       _Java_sun_java2d_pipe_ShapeSpanIterator_endPath@8 1004add0 f   ShapeSpanIterator.obj
 0001:0004a8d0       _Java_sun_java2d_pipe_ShapeSpanIterator_nextSpan@12 1004b8d0 f   ShapeSpanIterator.obj
 0001:0004a960       _Java_sun_java2d_pipe_ShapeSpanIterator_skipDownTo@12 1004b960 f   ShapeSpanIterator.obj
 0001:0004a9e0       _Java_sun_java2d_pipe_SpanClipRenderer_initIDs@16 1004b9e0 f   SpanClipRenderer.obj
 0001:0004ab20       _Java_sun_java2d_pipe_SpanClipRenderer_eraseTile@28 1004bb20 f   SpanClipRenderer.obj
 0001:0004af20       _Java_sun_java2d_pipe_SpanClipRenderer_fillTile@28 1004bf20 f   SpanClipRenderer.obj
 0001:0004b020       _Java_sun_java2d_SurfaceData_initIDs@8 1004c020 f   SurfaceData.obj
 0001:0004b140       _Java_sun_java2d_SurfaceData_isOpaqueGray@12 1004c140 f   SurfaceData.obj
 0001:0004b170       _SurfaceData_MarkDirty     1004c170 f   SurfaceData.obj
 0001:0004b1e0       _SurfaceData_SetValid      1004c1e0 f   SurfaceData.obj
 0001:0004b220       _SurfaceData_ThrowInvalidPipeException@8 1004c220 f   SurfaceData.obj
 0001:0004b240       _SurfaceData_IntersectBounds@8 1004c240 f   SurfaceData.obj
 0001:0004b280       _SurfaceData_IntersectBoundsXYXY@20 1004c280 f   SurfaceData.obj
 0001:0004b2c0       _SurfaceData_IntersectBoundsXYWH@20 1004c2c0 f   SurfaceData.obj
 0001:0004b320       _SurfaceData_IntersectBlitBounds@16 1004c320 f   SurfaceData.obj
 0001:0004b3b0       _SurfaceData_DisposeOps    1004c3b0 f   SurfaceData.obj
 0001:0004b490       _SurfaceData_GetOps@8      1004c490 f   SurfaceData.obj
 0001:0004b4b0       _SurfaceData_GetOpsNoSetup@8 1004c4b0 f   SurfaceData.obj
 0001:0004b4d0       _SurfaceData_SetOps@12     1004c4d0 f   SurfaceData.obj
 0001:0004b540       _SurfaceData_InitOps       1004c540 f   SurfaceData.obj
 0001:0004b590       _Java_sun_java2d_SurfaceData_setDirtyNative@16 1004c590 f   SurfaceData.obj
 0001:0004b5c0       _Java_sun_java2d_pipe_Region_initIDs@8 1004c5c0 f   Region.obj
 0001:0004b680       _Region_GetInfo@12         1004c680 f   Region.obj
 0001:0004b750       _Region_GetBounds@12       1004c750 f   Region.obj
 0001:0004b7e0       _Region_StartIteration@8   1004c7e0 f   Region.obj
 0001:0004b820       _Region_CountIterationRects@4 1004c820 f   Region.obj
 0001:0004b900       _Region_NextIteration@8    1004c900 f   Region.obj
 0001:0004ba00       _Region_EndIteration@8     1004ca00 f   Region.obj
 0001:0004ba30       _RegionToYXBandedRectangles@32 1004ca30 f   Region.obj
 0001:0004bba0       _DBN_GetPixelPointer       1004cba0 f   DataBufferNative.obj
 0001:0004bc30       _Java_sun_awt_image_DataBufferNative_getElem@20 1004cc30 f   DataBufferNative.obj
 0001:0004bcd0       _Java_sun_awt_image_DataBufferNative_setElem@24 1004ccd0 f   DataBufferNative.obj
 0001:0004bd70       _Java_sun_awt_image_BufImgSurfaceData_initIDs@8 1004cd70 f   BufImgSurfaceData.obj
 0001:0004be30       _Java_sun_awt_image_BufImgSurfaceData_freeNativeICMData@12 1004ce30 f   BufImgSurfaceData.obj
 0001:0004c140       _Java_sun_awt_image_BufImgSurfaceData_initRaster@40 1004d140 f   BufImgSurfaceData.obj
 0001:0004c220       _Java_sun_java2d_Disposer_initIDs@8 1004d220 f   Disposer.obj
 0001:0004c270       _Disposer_AddRecord@20     1004d270 f   Disposer.obj
 0001:0004c2c0       _Java_sun_java2d_DefaultDisposerRecord_invokeNativeDispose@24 1004d2c0 f   Disposer.obj
 0001:0004c2f0       _J2dTraceInit@0            1004d2f0 f   Trace.obj
 0001:0004c3a0       _J2dTraceImpl              1004d3a0 f   Trace.obj
 0001:0004c470       _make_uns_ordered_dither_array 1004d470 f   img_globals.obj
 0001:0004c590       _make_sgn_ordered_dither_array 1004d590 f   img_globals.obj
 0001:0004c6c0       _Java_sun_awt_image_GifImageDecoder_initIDs@8 1004d6c0 f   gifdecoder.obj
 0001:0004c750       _Java_sun_awt_image_GifImageDecoder_parseImage@44 1004d750 f   gifdecoder.obj
 0001:0004d320       _awt_parseRaster           1004e320 f   awt_parseImage.obj
 0001:0004d920       _awt_parseColorModel       1004e920 f   awt_parseImage.obj
 0001:0004dce0       _awt_freeParsedRaster      1004ece0 f   awt_parseImage.obj
 0001:0004dd10       _awt_freeParsedImage       1004ed10 f   awt_parseImage.obj
 0001:0004e2b0       _awt_getPixelByte          1004f2b0 f   awt_parseImage.obj
 0001:0004e550       _awt_setPixelByte          1004f550 f   awt_parseImage.obj
 0001:0004e800       _awt_getPixelShort         1004f800 f   awt_parseImage.obj
 0001:0004eac0       _awt_setPixelShort         1004fac0 f   awt_parseImage.obj
 0001:0004ed70       _awt_parseImage            1004fd70 f   awt_parseImage.obj
 0001:0004eeb0       _Java_sun_awt_image_ImageRepresentation_initIDs@8 1004feb0 f   awt_ImageRep.obj
 0001:0004ef00       _Java_sun_awt_image_ImageRepresentation_setICMpixels@44 1004ff00 f   awt_ImageRep.obj
 0001:0004f2d0       _Java_sun_awt_image_ImageRepresentation_setDiffICM@60 100502d0 f   awt_ImageRep.obj
 0001:0004f600       _Java_sun_awt_image_ImagingLib_init@8 10050600 f   awt_ImagingLib.obj
 0001:00052b20       _Java_sun_awt_image_ImagingLib_convolveRaster@24 10053b20 f   awt_ImagingLib.obj
 0001:000533e0       _Java_sun_awt_image_ImagingLib_transformRaster@24 100543e0 f   awt_ImagingLib.obj
 0001:00053860       _Java_sun_awt_image_ImagingLib_lookupByteRaster@20 10054860 f   awt_ImagingLib.obj
 0001:00054030       _Java_sun_awt_image_ImagingLib_convolveBI@24 10055030 f   awt_ImagingLib.obj
 0001:00054850       _Java_sun_awt_image_ImagingLib_transformBI@24 10055850 f   awt_ImagingLib.obj
 0001:00054cd0       _Java_sun_awt_image_ImagingLib_lookupByteBI@20 10055cd0 f   awt_ImagingLib.obj
 0001:000552d0       _initInverseGrayLut        100562d0 f   dither.obj
 0001:000553a0       _freeICMColorData          100563a0 f   dither.obj
 0001:000556d0       _initCubemap               100566d0 f   dither.obj
 0001:000558e0       _make_dither_arrays        100568e0 f   dither.obj
 0001:00055a10       _initDitherTables          10056a10 f   dither.obj
 0001:00055a50       _Java_java_awt_image_BufferedImage_initIDs@8 10056a50 f   imageInitIDs.obj
 0001:00055b10       _Java_java_awt_image_Raster_initIDs@8 10056b10 f   imageInitIDs.obj
 0001:00055cc0       _Java_sun_awt_image_ByteComponentRaster_initIDs@8 10056cc0 f   imageInitIDs.obj
 0001:00055da0       _Java_sun_awt_image_BytePackedRaster_initIDs@8 10056da0 f   imageInitIDs.obj
 0001:00055e60       _Java_sun_awt_image_ShortComponentRaster_initIDs@8 10056e60 f   imageInitIDs.obj
 0001:00055f50       _Java_sun_awt_image_IntegerComponentRaster_initIDs@8 10056f50 f   imageInitIDs.obj
 0001:00056060       _Java_java_awt_image_SinglePixelPackedSampleModel_initIDs@8 10057060 f   imageInitIDs.obj
 0001:00056100       _Java_java_awt_image_ColorModel_initIDs@8 10057100 f   imageInitIDs.obj
 0001:00056290       _Java_java_awt_image_IndexColorModel_initIDs@8 10057290 f   imageInitIDs.obj
 0001:00056310       _Java_java_awt_image_SampleModel_initIDs@8 10057310 f   imageInitIDs.obj
 0001:000563b0       _Java_java_awt_image_ComponentSampleModel_initIDs@8 100573b0 f   imageInitIDs.obj
 0001:00056430       _Java_java_awt_image_Kernel_initIDs@8 10057430 f   imageInitIDs.obj
 0001:000564b0       _Java_java_awt_image_DataBufferInt_initIDs@8 100574b0 f   imageInitIDs.obj
 0001:00056550       _Java_sun_awt_DebugHelperImpl_printImpl@12 10057550 f   debug_trace.obj
 0001:000565a0       _Java_sun_awt_DebugHelperImpl_printlnImpl@12 100575a0 f   debug_trace.obj
 0001:000565d0       _Java_sun_awt_DebugHelperImpl_setCTracingOn__Z@12 100575d0 f   debug_trace.obj
 0001:000565d0       ?GetData@CSegTable@@MAEXKPAXK@Z 100575d0 f   awt_Font.obj
 0001:000565e0       _Java_sun_awt_DebugHelperImpl_setCTracingOn__ZLjava_lang_String_2@16 100575e0 f   debug_trace.obj
 0001:000565f0       _Java_sun_awt_DebugHelperImpl_setCTracingOn__ZLjava_lang_String_2I@20 100575f0 f   debug_trace.obj
 0001:00056fc0       _OGLBlitLoops_IsoBlit      10057fc0 f   OGLBlitLoops.obj
 0001:00057210       _OGLBlitLoops_Blit         10058210 f   OGLBlitLoops.obj
 0001:00057540       _OGLBlitLoops_SurfaceToSwBlit 10058540 f   OGLBlitLoops.obj
 0001:00057830       _OGLBlitLoops_CopyArea     10058830 f   OGLBlitLoops.obj
 0001:00057a10       _OGLBufImgOps_EnableConvolveOp 10058a10 f   OGLBufImgOps.obj
 0001:00057d00       _OGLBufImgOps_DisableConvolveOp 10058d00 f   OGLBufImgOps.obj
 0001:00057d00       _OGLBufImgOps_DisableRescaleOp 10058d00 f   OGLBufImgOps.obj
 0001:00057dd0       _OGLBufImgOps_EnableRescaleOp 10058dd0 f   OGLBufImgOps.obj
 0001:00057f90       _OGLBufImgOps_EnableLookupOp 10058f90 f   OGLBufImgOps.obj
 0001:00058160       _OGLBufImgOps_DisableLookupOp 10059160 f   OGLBufImgOps.obj
 0001:000582c0       _OGLContext_SetSurfaces    100592c0 f   OGLContext.obj
 0001:00058390       _OGLContext_ResetClip      10059390 f   OGLContext.obj
 0001:000583c0       _OGLContext_SetRectClip    100593c0 f   OGLContext.obj
 0001:00058440       _OGLContext_BeginShapeClip 10059440 f   OGLContext.obj
 0001:000584d0       _OGLContext_EndShapeClip   100594d0 f   OGLContext.obj
 0001:00058520       _OGLContext_SetExtraAlpha  10059520 f   OGLContext.obj
 0001:00058560       _OGLContext_ResetComposite 10059560 f   OGLContext.obj
 0001:000585b0       _OGLContext_SetAlphaComposite 100595b0 f   OGLContext.obj
 0001:00058660       _OGLContext_SetXorComposite 10059660 f   OGLContext.obj
 0001:000586d0       _OGLContext_ResetTransform 100596d0 f   OGLContext.obj
 0001:00058700       _OGLContext_SetTransform   10059700 f   OGLContext.obj
 0001:000587b0       _OGLContext_CreateBlitTexture 100597b0 f   OGLContext.obj
 0001:00058930       _OGLContext_InitBlitTileTexture 10059930 f   OGLContext.obj
 0001:00058950       _OGLContext_DestroyContextResources 10059950 f   OGLContext.obj
 0001:00058980       _OGLContext_IsExtensionAvailable 10059980 f   OGLContext.obj
 0001:00058cd0       _OGLContext_GetExtensionInfo 10059cd0 f   OGLContext.obj
 0001:00058e10       _OGLContext_IsVersionSupported 10059e10 f   OGLContext.obj
 0001:00058e50       _OGLContext_CreateFragmentProgram 10059e50 f   OGLContext.obj
 0001:00058fc0       _Java_sun_java2d_opengl_OGLContext_getOGLIdString@8 10059fc0 f   OGLContext.obj
 0001:000590a0       _OGLFuncs_OpenLibrary      1005a0a0 f   OGLFuncs.obj
 0001:000590e0       _OGLFuncs_CloseLibrary     1005a0e0 f   OGLFuncs.obj
 0001:00059130       _OGLFuncs_InitPlatformFuncs 1005a130 f   OGLFuncs.obj
 0001:000592a0       _OGLFuncs_InitBaseFuncs    1005a2a0 f   OGLFuncs.obj
 0001:0005a050       _OGLFuncs_InitExtFuncs     1005b050 f   OGLFuncs.obj
 0001:0005a400       _OGLMaskBlit_MaskBlit      1005b400 f   OGLMaskBlit.obj
 0001:0005a570       _OGLMaskFill_MaskFill      1005b570 f   OGLMaskFill.obj
 0001:0005a670       _Java_sun_java2d_opengl_OGLMaskFill_maskFill@40 1005b670 f   OGLMaskFill.obj
 0001:0005a700       _OGLPaints_ResetPaint      1005b700 f   OGLPaints.obj
 0001:0005a830       _OGLPaints_SetColor        1005b830 f   OGLPaints.obj
 0001:0005a970       _OGLPaints_SetGradientPaint 1005b970 f   OGLPaints.obj
 0001:0005aad0       _OGLPaints_SetTexturePaint 1005bad0 f   OGLPaints.obj
 0001:0005b070       _OGLPaints_SetLinearGradientPaint 1005c070 f   OGLPaints.obj
 0001:0005b190       _OGLPaints_SetRadialGradientPaint 1005c190 f   OGLPaints.obj
 0001:0005b300       _OGLRenderQueue_GetCurrentContext 1005c300 f   OGLRenderQueue.obj
 0001:0005b310       _OGLRenderQueue_GetCurrentDestination 1005c310 f   OGLRenderQueue.obj
 0001:0005b320       _OGLRenderQueue_CheckPreviousOp 1005c320 f   OGLRenderQueue.obj
 0001:0005b430       _Java_sun_java2d_opengl_OGLRenderQueue_flushBuffer@20 1005c430 f   OGLRenderQueue.obj
 0001:0005c2f0       _OGLRenderer_DrawLine      1005d2f0 f   OGLRenderer.obj
 0001:0005c490       _OGLRenderer_DrawRect      1005d490 f   OGLRenderer.obj
 0001:0005c5d0       _OGLRenderer_DrawPoly      1005d5d0 f   OGLRenderer.obj
 0001:0005c750       _Java_sun_java2d_opengl_OGLRenderer_drawPoly@32 1005d750 f   OGLRenderer.obj
 0001:0005c7f0       _OGLRenderer_DrawScanlines 1005d7f0 f   OGLRenderer.obj
 0001:0005c870       _OGLRenderer_FillRect      1005d870 f   OGLRenderer.obj
 0001:0005c8d0       _OGLRenderer_FillSpans     1005d8d0 f   OGLRenderer.obj
 0001:0005c950       _OGLRenderer_FillParallelogram 1005d950 f   OGLRenderer.obj
 0001:0005c9f0       _OGLRenderer_DrawParallelogram 1005d9f0 f   OGLRenderer.obj
 0001:0005cd60       _OGLRenderer_FillAAParallelogram 1005dd60 f   OGLRenderer.obj
 0001:0005d0c0       _OGLRenderer_FillAAParallelogramInnerOuter 1005e0c0 f   OGLRenderer.obj
 0001:0005d5d0       _OGLRenderer_DrawAAParallelogram 1005e5d0 f   OGLRenderer.obj
 0001:0005d750       _OGLRenderer_EnableAAParallelogramProgram 1005e750 f   OGLRenderer.obj
 0001:0005d790       _OGLRenderer_DisableAAParallelogramProgram 1005e790 f   OGLRenderer.obj
 0001:0005da20       _OGLSD_InitFBObject        1005ea20 f   OGLSurfaceData.obj
 0001:0005db80       _Java_sun_java2d_opengl_OGLSurfaceData_getTextureTarget@16 1005eb80 f   OGLSurfaceData.obj
 0001:0005dbb0       _Java_sun_java2d_opengl_OGLSurfaceData_getTextureID@16 1005ebb0 f   OGLSurfaceData.obj
 0001:0005dbe0       _OGLSD_SetNativeDimensions 1005ebe0 f   OGLSurfaceData.obj
 0001:0005dc40       _OGLSD_Flush               1005ec40 f   OGLSurfaceData.obj
 0001:0005dce0       _OGLSD_Dispose             1005ece0 f   OGLSurfaceData.obj
 0001:0005dd20       _OGLSD_Lock                1005ed20 f   OGLSurfaceData.obj
 0001:0005dd40       _OGLSD_GetRasInfo          1005ed40 f   OGLSurfaceData.obj
 0001:0005dd50       _OGLSD_Unlock              1005ed50 f   OGLSurfaceData.obj
 0001:0005dd60       _Java_sun_java2d_opengl_OGLSurfaceData_initTexture@36 1005ed60 f   OGLSurfaceData.obj
 0001:0005de10       _Java_sun_java2d_opengl_OGLSurfaceData_initFBObject@36 1005ee10 f   OGLSurfaceData.obj
 0001:0005def0       _Java_sun_java2d_opengl_OGLSurfaceData_initFlipBackbuffer@16 1005eef0 f   OGLSurfaceData.obj
 0001:0005e5a0       _OGLTR_EnableGlyphVertexCache 1005f5a0 f   OGLTextRenderer.obj
 0001:0005e610       _OGLTR_DisableGlyphVertexCache 1005f610 f   OGLTextRenderer.obj
 0001:0005f080       _OGLTR_DrawGlyphList       10060080 f   OGLTextRenderer.obj
 0001:0005f380       _Java_sun_java2d_opengl_OGLTextRenderer_drawGlyphList@44 10060380 f   OGLTextRenderer.obj
[...]
 0001:000bf090       __ehhandler$_Java_sun_awt_windows_WWindowPeer_setIconImagesData@32 100c0090 f   awt_Window.obj
 0001:000bf0a0       __ehhandler$_Java_sun_awt_windows_WWindowPeer_setMinSize@16 100c00a0 f   awt_Window.obj
 0001:000bf0b0       __ehhandler$_Java_sun_awt_windows_WWindowPeer_getScreenImOn@8 100c00b0 f   awt_Window.obj
 0001:000bf0c0       __ehhandler$_Java_sun_awt_windows_WWindowPeer_modalDisable@20 100c00c0 f   awt_Window.obj
 0001:000bf0d0       __ehhandler$_Java_sun_awt_windows_WWindowPeer_modalEnable@12 100c00d0 f   awt_Window.obj
 0001:000bf0e0       __ehhandler$_Java_sun_awt_windows_WWindowPeer_setFocusableWindow@12 100c00e0 f   awt_Window.obj
 0001:000bf0f0       __ehhandler$_Java_sun_awt_windows_WWindowPeer_nativeGrab@8 100c00f0 f   awt_Window.obj
 0001:000bf100       __ehhandler$_Java_sun_awt_windows_WWindowPeer_nativeUngrab@8 100c0100 f   awt_Window.obj
 0001:000bf110       $L77527                    100c0110 f   awt_Window.obj
 0001:000bf118       __ehhandler$??1AwtWindow@@UAE@XZ 100c0118 f   awt_Window.obj
 0001:000bf130       __ehhandler$_Java_sun_awt_windows_WWindowPeer_updateWindowImpl@20 100c0130 f   awt_Window.obj
 0001:000bf140       __ehhandler$_AwtWindow_UpdateWindow 100c0140 f   awt_Window.obj
 0001:000bf150       __ehhandler$_Java_sun_awt_windows_WWindowPeer_repositionSecurityWarning@8 100c0150 f   awt_Window.obj
 0001:000bf160       $L78188                    100c0160 f   awt_Window.obj
 0001:000bf16b       __ehhandler$?Create@AwtWindow@@SAPAV1@PAV_jobject@@0@Z 100c016b f   awt_Window.obj
 0001:000bf180       __ehhandler$_Java_sun_awt_windows_WWindowPeer_createAwtWindow@12 100c0180 f   awt_Window.obj
 0001:000bf190       __ehhandler$_Java_sun_awt_windows_WWindowPeer_setOpacity@12 100c0190 f   awt_Window.obj
 0001:000bf1a0       __ehhandler$_Java_sun_awt_windows_WWindowPeer_setOpaqueImpl@12 100c01a0 f   awt_Window.obj
 0001:000bf1b0       __ehhandler$_Java_sun_awt_Win32GraphicsEnvironment_getXResolution@8 100c01b0 f   awt_Win32GraphicsEnv.obj
 0001:000bf1c0       __ehhandler$_Java_sun_awt_Win32GraphicsEnvironment_getYResolution@8 100c01c0 f   awt_Win32GraphicsEnv.obj
 0001:000bf1d0       $L74757                    100c01d0 f   awt_Win32GraphicsDevice.obj
 0001:000bf1db       __ehhandler$?Initialize@AwtWin32GraphicsDevice@@QAEXXZ 100c01db f   awt_Win32GraphicsDevice.obj
 0001:000bf1f0       $L74799                    100c01f0 f   awt_Win32GraphicsDevice.obj
 0001:000bf1fb       __ehhandler$?GetColorModel@AwtWin32GraphicsDevice@@QAEPAV_jobject@@PAUJNIEnv_@@E@Z 100c01fb f   awt_Win32GraphicsDevice.obj
 0001:000bf210       $L74988                    100c0210 f   awt_Win32GraphicsDevice.obj
 0001:000bf210       $L75535                    100c0210 f   awt_Win32GraphicsDevice.obj
 0001:000bf210       $L75146                    100c0210 f   awt_Win32GraphicsDevice.obj
 0001:000bf210       $L75166                    100c0210 f   awt_Win32GraphicsDevice.obj
 0001:000bf210       $L75011                    100c0210 f   awt_Win32GraphicsDevice.obj
 0001:000bf210       $L75192                    100c0210 f   awt_Win32GraphicsDevice.obj
 0001:000bf210       $L75115                    100c0210 f   awt_Win32GraphicsDevice.obj
 0001:000bf210       $L74968                    100c0210 f   awt_Win32GraphicsDevice.obj
 0001:000bf210       $L75217                    100c0210 f   awt_Win32GraphicsDevice.obj
 0001:000bf210       $L75091                    100c0210 f   awt_Win32GraphicsDevice.obj
 0001:000bf210       $L75266                    100c0210 f   awt_Win32GraphicsDevice.obj
 0001:000bf210       $L75318                    100c0210 f   awt_Win32GraphicsDevice.obj
 0001:000bf210       $L75290                    100c0210 f   awt_Win32GraphicsDevice.obj
 0001:000bf218       __ehhandler$?RealizePalette@AwtWin32GraphicsDevice@@SAXPAUHDC__@@H@Z 100c0218 f   awt_Win32GraphicsDevice.obj
 0001:000bf218       __ehhandler$?GetDCFromScreen@AwtWin32GraphicsDevice@@SAPAUHDC__@@H@Z 100c0218 f   awt_Win32GraphicsDevice.obj
 0001:000bf218       __ehhandler$?SelectPalette@AwtWin32GraphicsDevice@@SAPAUHPALETTE__@@PAUHDC__@@H@Z 100c0218 f   awt_Win32GraphicsDevice.obj
 0001:000bf218       __ehhandler$?ResetAllMonitorInfo@AwtWin32GraphicsDevice@@SAXXZ 100c0218 f   awt_Win32GraphicsDevice.obj
 0001:000bf218       __ehhandler$?GetGrayness@AwtWin32GraphicsDevice@@SAHH@Z 100c0218 f   awt_Win32GraphicsDevice.obj
 0001:000bf218       __ehhandler$?UpdateSystemPalette@AwtWin32GraphicsDevice@@SAHH@Z 100c0218 f   awt_Win32GraphicsDevice.obj
 0001:000bf218       __ehhandler$?GetPalette@AwtWin32GraphicsDevice@@SAPAUHPALETTE__@@H@Z 100c0218 f   awt_Win32GraphicsDevice.obj
 0001:000bf218       __ehhandler$?GetScreenFromMHND@AwtWin32GraphicsDevice@@SAHPAX@Z 100c0218 f   awt_Win32GraphicsDevice.obj
 0001:000bf218       __ehhandler$?_getMonitorInfo@AwtWin32GraphicsDevice@@SAPAUtagMONITOR_INFO@@H@Z 100c0218 f   awt_Win32GraphicsDevice.obj
 0001:000bf218       __ehhandler$?GetMonitor@AwtWin32GraphicsDevice@@SAPAXH@Z 100c0218 f   awt_Win32GraphicsDevice.obj
 0001:000bf218       __ehhandler$?GetAttachedDisplayDevice@@YAHHPAUtagDISPLAY_DEVICE@@@Z 100c0218 f   awt_Win32GraphicsDevice.obj
 0001:000bf218       __ehhandler$?GetColorModel@AwtWin32GraphicsDevice@@SAPAV_jobject@@PAUJNIEnv_@@EH@Z 100c0218 f   awt_Win32GraphicsDevice.obj
 0001:000bf218       __ehhandler$?UpdateDynamicColorModel@AwtWin32GraphicsDevice@@SAXH@Z 100c0218 f   awt_Win32GraphicsDevice.obj
 0001:000bf230       __ehhandler$_Java_sun_awt_Win32GraphicsDevice_initIDs@8 100c0230 f   awt_Win32GraphicsDevice.obj
 0001:000bf240       __ehhandler$_Java_sun_awt_Win32GraphicsDevice_getMaxConfigsImpl@12 100c0240 f   awt_Win32GraphicsDevice.obj
 0001:000bf250       __ehhandler$_Java_sun_awt_Win32GraphicsDevice_isPixFmtSupported@16 100c0250 f   awt_Win32GraphicsDevice.obj
 0001:000bf260       __ehhandler$_Java_sun_awt_Win32GraphicsDevice_getDefaultPixIDImpl@12 100c0260 f   awt_Win32GraphicsDevice.obj
 0001:000bf270       __ehhandler$_Java_sun_awt_Win32GraphicsDevice_enterFullScreenExclusive@16 100c0270 f   awt_Win32GraphicsDevice.obj
 0001:000bf280       __ehhandler$_Java_sun_awt_Win32GraphicsDevice_exitFullScreenExclusive@16 100c0280 f   awt_Win32GraphicsDevice.obj
 0001:000bf290       __ehhandler$?CreateDisplayMode@@YAPAV_jobject@@PAUJNIEnv_@@JJJJ@Z 100c0290 f   awt_Win32GraphicsDevice.obj
 0001:000bf2a0       __ehhandler$_Java_sun_awt_Win32GraphicsDevice_getCurrentDisplayMode@12 100c02a0 f   awt_Win32GraphicsDevice.obj
 0001:000bf2b0       __ehhandler$_Java_sun_awt_Win32GraphicsDevice_configDisplayMode@32 100c02b0 f   awt_Win32GraphicsDevice.obj
 0001:000bf2c0       __ehhandler$?addDisplayMode@@YAXPAUJNIEnv_@@PAV_jobject@@JJJJ@Z 100c02c0 f   awt_Win32GraphicsDevice.obj
 0001:000bf2d0       __ehhandler$_Java_sun_awt_Win32GraphicsDevice_enumDisplayModes@16 100c02d0 f   awt_Win32GraphicsDevice.obj
 0001:000bf2e0       __ehhandler$_Java_sun_awt_Win32GraphicsConfig_initIDs@8 100c02e0 f   awt_Win32GraphicsConfig.obj
 0001:000bf2f0       __ehhandler$?QueryInterface@AwtDropTarget@@UAGJABU_GUID@@PAPAX@Z 100c02f0 f   awt_DnDDT.obj
 0001:000bf300       __ehhandler$_Java_sun_awt_windows_WDropTargetContextPeer_getData@24 100c0300 f   awt_DnDDT.obj
 0001:000bf310       __ehhandler$_Java_sun_awt_windows_WDropTargetContextPeer_dropDone@24 100c0310 f   awt_DnDDT.obj
 0001:000bf320       __ehhandler$_Java_sun_awt_windows_WDropTargetContextPeerFileStream_freeStgMedium@16 100c0320 f   awt_DnDDT.obj
 0001:000bf330       $L75507                    100c0330 f   awt_DnDDT.obj
 0001:000bf338       __ehhandler$?DragEnter@AwtDropTarget@@UAGJPAUIDataObject@@KU_POINTL@@PAK@Z 100c0338 f   awt_DnDDT.obj
 0001:000bf350       $L75565                    100c0350 f   awt_DnDDT.obj
 0001:000bf358       __ehhandler$?DragOver@AwtDropTarget@@UAGJKU_POINTL@@PAK@Z 100c0358 f   awt_DnDDT.obj
 0001:000bf370       $L75637                    100c0370 f   awt_DnDDT.obj
 0001:000bf378       __ehhandler$?DragLeave@AwtDropTarget@@UAGJXZ 100c0378 f   awt_DnDDT.obj
 0001:000bf390       $L75682                    100c0390 f   awt_DnDDT.obj
 0001:000bf398       __ehhandler$?Drop@AwtDropTarget@@UAGJPAUIDataObject@@KU_POINTL@@PAK@Z 100c0398 f   awt_DnDDT.obj
 0001:000bf3b0       $L75865                    100c03b0 f   awt_DnDDT.obj
 0001:000bf3bb       __ehhandler$?GetData@AwtDropTarget@@MAEPAV_jobject@@_J@Z 100c03bb f   awt_DnDDT.obj
 0001:000bf3d0       __ehhandler$_Java_sun_awt_windows_WDropTargetContextPeerIStream_Available@16 100c03d0 f   awt_DnDDT.obj
 0001:000bf3e0       __ehhandler$_Java_sun_awt_windows_WDropTargetContextPeerIStream_Read@16 100c03e0 f   awt_DnDDT.obj
 0001:000bf3f0       __ehhandler$_Java_sun_awt_windows_WDropTargetContextPeerIStream_ReadBytes@28 100c03f0 f   awt_DnDDT.obj
 0001:000bf400       __ehhandler$_Java_sun_awt_windows_WDropTargetContextPeerIStream_Close@16 100c0400 f   awt_DnDDT.obj
 0001:000bf410       __ehhandler$?MatchFormatEtc@AwtDragSource@@IAGJPAUtagFORMATETC@@0@Z 100c0410 f   awt_DnDDS.obj
 0001:000bf420       __ehhandler$?QueryInterface@AwtDragSource@@UAGJABU_GUID@@PAPAX@Z 100c0420 f   awt_DnDDS.obj
 0001:000bf430       __ehhandler$?GetDataHere@AwtDragSource@@UAGJPAUtagFORMATETC@@PAUtagSTGMEDIUM@@@Z 100c0430 f   awt_DnDDS.obj
 0001:000bf440       __ehhandler$?QueryGetData@AwtDragSource@@UAGJPAUtagFORMATETC@@@Z 100c0440 f   awt_DnDDS.obj
 0001:000bf450       __ehhandler$?GetCanonicalFormatEtc@AwtDragSource@@UAGJPAUtagFORMATETC@@0@Z 100c0450 f   awt_DnDDS.obj
 0001:000bf460       __ehhandler$?QueryInterface@ADSIEnumFormatEtc@AwtDragSource@@UAGJABU_GUID@@PAPAX@Z 100c0460 f   awt_DnDDS.obj
 0001:000bf470       __ehhandler$?Next@ADSIEnumFormatEtc@AwtDragSource@@UAGJKPAUtagFORMATETC@@PAK@Z 100c0470 f   awt_DnDDS.obj
 0001:000bf480       __ehhandler$?Skip@ADSIEnumFormatEtc@AwtDragSource@@UAGJK@Z 100c0480 f   awt_DnDDS.obj
 0001:000bf490       __ehhandler$?QueryInterface@ADSIStreamProxy@AwtDragSource@@UAGJABU_GUID@@PAPAX@Z 100c0490 f   awt_DnDDS.obj
 0001:000bf4a0       __ehhandler$?Read@ADSIStreamProxy@AwtDragSource@@UAGJPAXKPAK@Z 100c04a0 f   awt_DnDDS.obj
 0001:000bf4b0       __ehhandler$?Write@ADSIStreamProxy@AwtDragSource@@UAGJPBXKPAK@Z 100c04b0 f   awt_DnDDS.obj
 0001:000bf4c0       __ehhandler$?Seek@ADSIStreamProxy@AwtDragSource@@UAGJT_LARGE_INTEGER@@KPAT_ULARGE_INTEGER@@@Z 100c04c0 f   awt_DnDDS.obj
 0001:000bf4d0       __ehhandler$?CopyTo@ADSIStreamProxy@AwtDragSource@@UAGJPAUIStream@@T_ULARGE_INTEGER@@PAT4@2@Z 100c04d0 f   awt_DnDDS.obj
 0001:000bf4e0       __ehhandler$?Stat@ADSIStreamProxy@AwtDragSource@@UAGJPAUtagSTATSTG@@K@Z 100c04e0 f   awt_DnDDS.obj
 0001:000bf4f0       __ehhandler$_Java_sun_awt_windows_WDragSourceContextPeer_setNativeCursor@24 100c04f0 f   awt_DnDDS.obj
 0001:000bf500       __ehhandler$?LoadCache@AwtDragSource@@AAEXPAV_jlongArray@@@Z 100c0500 f   awt_DnDDS.obj
 0001:000bf510       __ehhandler$?QueryContinueDrag@AwtDragSource@@UAGJHK@Z 100c0510 f   awt_DnDDS.obj
 0001:000bf520       __ehhandler$?GiveFeedback@AwtDragSource@@UAGJK@Z 100c0520 f   awt_DnDDS.obj
 0001:000bf530       $L74273                    100c0530 f   awt_DnDDS.obj
 0001:000bf53b       __ehhandler$?Clone@ADSIEnumFormatEtc@AwtDragSource@@UAGJPAPAUIEnumFORMATETC@@@Z 100c053b f   awt_DnDDS.obj
 0001:000bf550       $L74322                    100c0550 f   awt_DnDDS.obj
 0001:000bf55b       __ehhandler$?Clone@ADSIStreamProxy@AwtDragSource@@UAGJPAPAUIStream@@@Z 100c055b f   awt_DnDDS.obj
 0001:000bf570       $L74438                    100c0570 f   awt_DnDDS.obj
 0001:000bf57b       __ehhandler$?EnumFormatEtc@AwtDragSource@@UAGJKPAPAUIEnumFORMATETC@@@Z 100c057b f   awt_DnDDS.obj
 0001:000bf590       $L74488                    100c0590 f   awt_DnDDS.obj
 0001:000bf59b       __ehhandler$_Java_sun_awt_windows_WDragSourceContextPeer_createDragSource@32 100c059b f   awt_DnDDS.obj
 0001:000bf5b0       __ehhandler$_Java_sun_awt_windows_WDragSourceContextPeer_doDragDrop@20 100c05b0 f   awt_DnDDS.obj
 0001:000bf5c0       $L74545                    100c05c0 f   awt_DnDDS.obj
 0001:000bf5cb       __ehhandler$?GetData@AwtDragSource@@UAGJPAUtagFORMATETC@@PAUtagSTGMEDIUM@@@Z 100c05cb f   awt_DnDDS.obj
 0001:000bf5e0       __ehhandler$_Java_java_awt_TrayIcon_initIDs@8 100c05e0 f   awt_TrayIcon.obj
 0001:000bf5f0       __ehhandler$_Java_sun_awt_windows_WTrayIconPeer__1dispose@8 100c05f0 f   awt_TrayIcon.obj
 0001:000bf600       __ehhandler$_Java_sun_awt_windows_WTrayIconPeer_setToolTip@12 100c0600 f   awt_TrayIcon.obj
 0001:000bf610       __ehhandler$_Java_sun_awt_windows_WTrayIconPeer_setNativeIcon@28 100c0610 f   awt_TrayIcon.obj
 0001:000bf620       __ehhandler$_Java_sun_awt_windows_WTrayIconPeer_updateNativeIcon@12 100c0620 f   awt_TrayIcon.obj
 0001:000bf630       __ehhandler$_Java_sun_awt_windows_WTrayIconPeer__1displayMessage@20 100c0630 f   awt_TrayIcon.obj
 0001:000bf640       $L32189                    100c0640 f   awt_TrayIcon.obj
 0001:000bf640       $L31991                    100c0640 f   awt_TrayIcon.obj
 0001:000bf648       __ehhandler$??0AwtTrayIcon@@QAE@XZ 100c0648 f   awt_TrayIcon.obj
 0001:000bf648       __ehhandler$??1AwtTrayIcon@@UAE@XZ 100c0648 f   awt_TrayIcon.obj
 0001:000bf660       $L32225                    100c0660 f   awt_TrayIcon.obj
 0001:000bf66b       __ehhandler$?Create@AwtTrayIcon@@SAPAV1@PAV_jobject@@0@Z 100c066b f   awt_TrayIcon.obj
 0001:000bf680       __ehhandler$_Java_sun_awt_windows_WTrayIconPeer_create@8 100c0680 f   awt_TrayIcon.obj
 0001:000bf690       $L53971                    100c0690 f   D3DPipelineManager.obj
 0001:000bf698       __ehhandler$??1D3DInitializer@@EAE@XZ 100c0698 f   D3DPipelineManager.obj
 0001:000bf6b0       $L54218                    100c06b0 f   D3DPipelineManager.obj
 0001:000bf6bb       __ehhandler$?InitImpl@D3DInitializer@@MAEXXZ 100c06bb f   D3DPipelineManager.obj
 0001:000bf6d0       $L52249                    100c06d0 f   D3DResourceManager.obj
 0001:000bf6d0       $L52279                    100c06d0 f   D3DResourceManager.obj
 0001:000bf6d0       $L52232                    100c06d0 f   D3DResourceManager.obj
 0001:000bf6d8       __ehhandler$??0D3DResource@@QAE@PAUIDirect3DSwapChain9@@@Z 100c06d8 f   D3DResourceManager.obj
 0001:000bf6d8       __ehhandler$??0D3DResource@@QAE@PAUIDirect3DResource9@@@Z 100c06d8 f   D3DResourceManager.obj
 0001:000bf6d8       __ehhandler$??1D3DResource@@MAE@XZ 100c06d8 f   D3DResourceManager.obj
 0001:000bf6f0       $L52312                    100c06f0 f   D3DResourceManager.obj
 0001:000bf6fb       __ehhandler$?CreateTexture@D3DResourceManager@@QAEJIIHHPAW4_D3DFORMAT@@KPAPAVD3DResource@@@Z 100c06fb f   D3DResourceManager.obj
 0001:000bf710       $L52357                    100c0710 f   D3DResourceManager.obj
 0001:000bf710       $L52377                    100c0710 f   D3DResourceManager.obj
 0001:000bf71b       __ehhandler$?CreateRTSurface@D3DResourceManager@@QAEJIIHHPAW4_D3DFORMAT@@PAPAVD3DResource@@@Z 100c071b f   D3DResourceManager.obj
 0001:000bf71b       __ehhandler$?CreateOSPSurface@D3DResourceManager@@AAEJIIW4_D3DFORMAT@@PAPAVD3DResource@@@Z 100c071b f   D3DResourceManager.obj
 0001:000bf730       $L52397                    100c0730 f   D3DResourceManager.obj
 0001:000bf73b       __ehhandler$?CreateSwapChain@D3DResourceManager@@QAEJPAUHWND__@@IIIW4_D3DSWAPEFFECT@@IPAPAVD3DResource@@@Z 100c073b f   D3DResourceManager.obj
 0001:000bf750       __ehhandler$?SharedWindowProc@ComCtl32Util@@CGJPAUHWND__@@IIJIK@Z 100c0750 f   ComCtl32Util.obj
 0001:000bf760       __ehhandler$?load_rich_edit_library@@YAXXZ 100c0760 f   awt_dlls.obj
 0001:000bf770       _$E1                       100c0770 f   GDIHashtable.obj
 0001:000bf790       _$E3                       100c0790 f   Devices.obj
 0001:000bf7c0       _$E1                       100c07c0 f   ObjectList.obj
 0001:000bf7e0       _$E1                       100c07e0 f   awt_Brush.obj
 0001:000bf810       _$E1                       100c0810 f   awt_Component.obj
 0001:000bf830       _$E3                       100c0830 f   awt_Component.obj
 0001:000bf850       _$E6                       100c0850 f   awt_Component.obj
 0001:000bf870       _$E9                       100c0870 f   awt_Component.obj
 0001:000bf880       _$E11                      100c0880 f   awt_Component.obj
 0001:000bf890       _$E13                      100c0890 f   awt_Component.obj
 0001:000bf8e0       _$E15                      100c08e0 f   awt_Component.obj
 0001:000bf910       _$E17                      100c0910 f   awt_Component.obj
 0001:000bf940       _$E19                      100c0940 f   awt_Component.obj
 0001:000bf960       _$E21                      100c0960 f   awt_Component.obj
 0001:000bf990       _$E23                      100c0990 f   awt_Component.obj
 0001:000bf9b0       _$E25                      100c09b0 f   awt_Component.obj
 0001:000bf9e0       _$E28                      100c09e0 f   awt_Component.obj
 0001:000bfa00       _$E30                      100c0a00 f   awt_Component.obj
 0001:000bfa10       _$E32                      100c0a10 f   awt_Component.obj
 0001:000bfa20       _$E1                       100c0a20 f   awt_Cursor.obj
 0001:000bfa40       _$E3                       100c0a40 f   awt_Font.obj
 0001:000bfa60       _$E1                       100c0a60 f   awt_Frame.obj
 0001:000bfa90       _$E1                       100c0a90 f   awt_GDIObject.obj
 0001:000bfaa0       _$E1                       100c0aa0 f   awt_MenuItem.obj
 0001:000bfab0       _$E3                       100c0ab0 f   awt_MenuItem.obj
 0001:000bfb00       _$E5                       100c0b00 f   awt_MenuItem.obj
 0001:000bfb30       _$E7                       100c0b30 f   awt_MenuItem.obj
 0001:000bfb60       _$E9                       100c0b60 f   awt_MenuItem.obj
 0001:000bfb80       _$E1                       100c0b80 f   awt_Pen.obj
 0001:000bfbb0       _$E1                       100c0bb0 f   awt_TextArea.obj
 0001:000bfbf0       _$E4                       100c0bf0 f   awt_Toolkit.obj
 0001:000bfc10       _$E2                       100c0c10 f   awt_DnDDS.obj
 0001:000bfc30       _$E1                       100c0c30 f   awt_TrayIcon.obj
 0001:000bfc50       _$E3                       100c0c50 f   awt_TrayIcon.obj
 0001:000bfc60       _$E5                       100c0c60 f   awt_TrayIcon.obj
 0001:000bfc70       _$E3                       100c0c70 f   D3DPipelineManager.obj
 0001:000bfc90       _$E5                       100c0c90 f   D3DPipelineManager.obj
 0001:000bfcb0       _$E1                       100c0cb0 f   ComCtl32Util.obj
 0001:000bfcc0       _$E2                       100c0cc0 f   GDIHashtable.obj
 0001:000bfcd0       _$E4                       100c0cd0 f   Devices.obj
 0001:000bfd00       _$E2                       100c0d00 f   ObjectList.obj
 0001:000bfd10       _$E2                       100c0d10 f   awt_Brush.obj
 0001:000bfd20       _$E7                       100c0d20 f   awt_Component.obj
 0001:000bfd30       _$E26                      100c0d30 f   awt_Component.obj
 0001:000bfd60       _$E35                      100c0d60 f   awt_Component.obj
 0001:000bfd70       _$E4                       100c0d70 f   awt_Component.obj
 0001:000bfd80       _$E2                       100c0d80 f   awt_Cursor.obj
 0001:000bfd90       _$E4                       100c0d90 f   awt_Font.obj
 0001:000bfda0       _$E7                       100c0da0 f   awt_Font.obj
 0001:000bfdb0       _$E2                       100c0db0 f   awt_Frame.obj
 0001:000bfdc0       _$E2                       100c0dc0 f   awt_Pen.obj
 0001:000bfdd0       _$E5                       100c0dd0 f   awt_Toolkit.obj
 0001:000bfde0       _$E6                       100c0de0 f   D3DPipelineManager.obj
 0001:000bfdf0       _$E2                       100c0df0 f   ComCtl32Util.obj
