 java

 Timestamp is 4cfabc5b (Sat Dec 04 14:10:35 2010)

 Preferred load address is 10000000

 Start         Length     Name                   Class
 0001:00000000 0000f680H .text                   CODE
 0002:00000000 00000468H .idata$5                DATA
 0002:00000470 00002738H .rdata                  DATA
 0002:00002ba8 00000068H .rdata$debug            DATA
 0002:00002c10 00000004H .rdata$sxdata           DATA
 0002:00002c14 00000004H .rtc$IAA                DATA
 0002:00002c18 00000004H .rtc$IZZ                DATA
 0002:00002c1c 00000004H .rtc$TAA                DATA
 0002:00002c20 00000004H .rtc$TZZ                DATA
 0002:00002c24 00000064H .idata$2                DATA
 0002:00002c88 00000014H .idata$3                DATA
 0002:00002c9c 00000468H .idata$4                DATA
 0002:00003104 0000167cH .idata$6                DATA
 0002:00004780 00003bdeH .edata                  DATA
 0003:00000000 00000004H .CRT$XCA                DATA
 0003:00000004 00000004H .CRT$XCZ                DATA
 0003:00000008 00000004H .CRT$XIA                DATA
 0003:0000000c 00000004H .CRT$XIZ                DATA
 0003:00000010 000014b4H .data                   DATA
 0003:000014c8 00000164H .bss                    DATA
 0004:00000000 00000058H .rsrc$01                DATA
 0004:00000060 00000348H .rsrc$02                DATA

  Address         Publics by Value              Rva+Base     Lib:Object

 0000:00000000       __except_list              00000000     <absolute>
 0000:00000001       ___safe_se_handler_count   00000001     <absolute>
 0000:00009876       __ldused                   00009876     <absolute>
 0000:00009876       __fltused                  00009876     <absolute>
 0001:00000000       _Java_java_security_AccessController_doPrivileged__Ljava_security_PrivilegedAction_2@12 10001000 f   AccessController.obj
 0001:00000018       _Java_java_security_AccessController_doPrivileged__Ljava_security_PrivilegedAction_2Ljava_security_AccessControlContext_2@16 10001018 f   AccessController.obj
 0001:00000032       _Java_java_security_AccessController_doPrivileged__Ljava_security_PrivilegedExceptionAction_2@12 10001032 f   AccessController.obj
 0001:0000004a       _Java_java_security_AccessController_doPrivileged__Ljava_security_PrivilegedExceptionAction_2Ljava_security_AccessControlContext_2@16 1000104a f   AccessController.obj
 0001:00000064       _Java_java_security_AccessController_getStackAccessControlContext@8 10001064 f   AccessController.obj
 0001:00000069       _Java_java_security_AccessController_getInheritedAccessControlContext@8 10001069 f   AccessController.obj
 0001:0000006e       _Java_java_lang_reflect_Array_getLength@12 1000106e f   Array.obj
 0001:0000007e       _Java_java_lang_reflect_Array_get@16 1000107e f   Array.obj
 0001:00000092       _Java_java_lang_reflect_Array_getBoolean@16 10001092 f   Array.obj
 0001:000000ae       _Java_java_lang_reflect_Array_getByte@16 100010ae f   Array.obj
 0001:000000ca       _Java_java_lang_reflect_Array_getChar@16 100010ca f   Array.obj
 0001:000000e6       _Java_java_lang_reflect_Array_getShort@16 100010e6 f   Array.obj
 0001:00000102       _Java_java_lang_reflect_Array_getInt@16 10001102 f   Array.obj
 0001:0000011e       _Java_java_lang_reflect_Array_getLong@16 1000111e f   Array.obj
 0001:00000134       _Java_java_lang_reflect_Array_getFloat@16 10001134 f   Array.obj
 0001:00000156       _Java_java_lang_reflect_Array_getDouble@16 10001156 f   Array.obj
 0001:00000178       _Java_java_lang_reflect_Array_set@20 10001178 f   Array.obj
 0001:00000190       _Java_java_lang_reflect_Array_setBoolean@20 10001190 f   Array.obj
 0001:000001b5       _Java_java_lang_reflect_Array_setByte@20 100011b5 f   Array.obj
 0001:000001da       _Java_java_lang_reflect_Array_setChar@20 100011da f   Array.obj
 0001:00000201       _Java_java_lang_reflect_Array_setShort@20 10001201 f   Array.obj
 0001:00000228       _Java_java_lang_reflect_Array_setInt@20 10001228 f   Array.obj
 0001:00000248       _Java_java_lang_reflect_Array_setLong@24 10001248 f   Array.obj
 0001:00000265       _Java_java_lang_reflect_Array_setFloat@20 10001265 f   Array.obj
 0001:00000288       _Java_java_lang_reflect_Array_setDouble@24 10001288 f   Array.obj
 0001:000002ab       _Java_java_lang_reflect_Array_newArray@16 100012ab f   Array.obj
 0001:000002bf       _Java_java_lang_reflect_Array_multiNewArray@16 100012bf f   Array.obj
 0001:000002d3       _Java_java_lang_String_intern@8 100012d3 f   String.obj
 0001:000002d8       _Java_java_lang_Class_registerNatives@8 100012d8 f   Class.obj
 0001:000002fe       _Java_java_lang_Class_forName0@20 100012fe f   Class.obj
 0001:000003db       _Java_java_lang_Class_isInstance@12 100013db f   Class.obj
 0001:000003fe       _Java_java_lang_Class_isAssignableFrom@12 100013fe f   Class.obj
 0001:00000428       _Java_java_lang_Class_getPrimitiveClass@12 10001428 f   Class.obj
 0001:0000047b       _Java_java_lang_ClassLoader_registerNatives@8 1000147b f   ClassLoader.obj
 0001:000004ef       _Java_java_lang_ClassLoader_defineClass1@36 100014ef f   ClassLoader.obj
 0001:00000620       _Java_java_lang_ClassLoader_defineClass2@36 10001620 f   ClassLoader.obj
 0001:00000776       _Java_java_lang_ClassLoader_resolveClass0@12 10001776 f   ClassLoader.obj
 0001:0000079a       _Java_java_lang_ClassLoader_findBootstrapClass@12 1000179a f   ClassLoader.obj
 0001:00000811       _Java_java_lang_ClassLoader_findLoadedClass0@12 10001811 f   ClassLoader.obj
 0001:0000087f       _Java_java_lang_ClassLoader_00024NativeLibrary_load@12 1000187f f   ClassLoader.obj
 0001:000009d1       _Java_java_lang_ClassLoader_00024NativeLibrary_unload@8 100019d1 f   ClassLoader.obj
 0001:00000a47       _Java_java_lang_ClassLoader_00024NativeLibrary_find@12 10001a47 f   ClassLoader.obj
 0001:00000ab6       _Java_java_lang_ClassLoader_defineClass0@32 10001ab6 f   ClassLoader.obj
 0001:00000adc       _Java_java_lang_Compiler_registerNatives@8 10001adc f   Compiler.obj
 0001:00000af7       _Java_java_io_Console_istty@8 10001af7 f   Console_md.obj
 0001:00000b6b       _Java_java_io_Console_encoding@8 10001b6b f   Console_md.obj
 0001:00000bb0       _Java_java_io_Console_echo@12 10001bb0 f   Console_md.obj
 0001:00000c20       _Java_java_lang_Double_longBitsToDouble@16 10001c20 f   Double.obj
 0001:00000c38       _Java_java_lang_Double_doubleToRawLongBits@16 10001c38 f   Double.obj
 0001:00000c4b       _Java_java_io_FileSystem_getFileSystem@8 10001c4b f   FileSystem_md.obj
 0001:00000c79       _Java_java_io_FileDescriptor_initIDs@8 10001c79 f   FileDescriptor_md.obj
 0001:00000cba       _Java_java_io_FileDescriptor_set@12 10001cba f   FileDescriptor_md.obj
 0001:00000ce7       _Java_java_io_FileDescriptor_sync@8 10001ce7 f   FileDescriptor_md.obj
 0001:00000d21       _Java_java_io_FileInputStream_initIDs@8 10001d21 f   FileInputStream.obj
 0001:00000d44       _Java_java_io_FileInputStream_open@12 10001d44 f   FileInputStream.obj
 0001:00000d63       _Java_java_io_FileInputStream_read@8 10001d63 f   FileInputStream.obj
 0001:00000d7c       _Java_java_io_FileInputStream_readBytes@20 10001d7c f   FileInputStream.obj
 0001:00000da0       _Java_java_io_FileInputStream_skip@16 10001da0 f   FileInputStream.obj
 0001:00000e4f       _Java_java_io_FileInputStream_available@8 10001e4f f   FileInputStream.obj
 0001:00000ed6       _Java_java_io_FileInputStream_close0@8 10001ed6 f   FileInputStream_md.obj
 0001:00000eef       _Java_java_io_FileOutputStream_initIDs@8 10001eef f   FileOutputStream_md.obj
 0001:00000f30       _Java_java_io_FileOutputStream_open@12 10001f30 f   FileOutputStream_md.obj
 0001:00000f52       _Java_java_io_FileOutputStream_openAppend@12 10001f52 f   FileOutputStream_md.obj
 0001:00000f74       _Java_java_io_FileOutputStream_write@12 10001f74 f   FileOutputStream_md.obj
 0001:0000100e       _Java_java_io_FileOutputStream_writeBytes@20 1000200e f   FileOutputStream_md.obj
 0001:000010ae       _Java_java_io_FileOutputStream_close0@8 100020ae f   FileOutputStream_md.obj
 0001:000010c7       _Java_java_lang_ref_Finalizer_invokeFinalizeMethod@12 100020c7 f   Finalizer.obj
 0001:00001107       _Java_java_lang_Float_intBitsToFloat@12 10002107 f   Float.obj
 0001:00001117       _Java_java_lang_Float_floatToRawIntBits@12 10002117 f   Float.obj
 0001:00001124       _Java_java_lang_Object_registerNatives@8 10002124 f   Object.obj
 0001:0000113f       _Java_java_lang_Object_getClass@8 1000213f f   Object.obj
 0001:00001166       _Java_java_io_ObjectOutputStream_floatsToBytes@28 10002166 f   ObjectOutputStream.obj
 0001:00001267       _Java_java_io_ObjectOutputStream_doublesToBytes@28 10002267 f   ObjectOutputStream.obj
 0001:000013d2       _Java_java_io_ObjectInputStream_bytesToFloats@28 100023d2 f   ObjectInputStream.obj
 0001:000014b2       _Java_java_io_ObjectInputStream_bytesToDoubles@28 100024b2 f   ObjectInputStream.obj
 0001:0000164d       _Java_java_io_ObjectInputStream_latestUserDefinedLoader@8 1000264d f   ObjectInputStream.obj
 0001:00001659       _Java_java_io_ObjectStreamClass_initNative@8 10002659 f   ObjectStreamClass.obj
 0001:0000167d       _Java_java_io_ObjectStreamClass_hasStaticInitializer@12 1000267d f   ObjectStreamClass.obj
 0001:0000172b       _Java_java_lang_Package_getSystemPackage0@12 1000272b f   Package.obj
 0001:0000173b       _Java_java_lang_Package_getSystemPackages0@8 1000273b f   Package.obj
 0001:000017d9       _Java_java_lang_ProcessEnvironment_environmentBlock@8 100027d9 f   ProcessEnvironment_md.obj
 0001:00001828       _Java_java_lang_reflect_Proxy_defineClass0@28 10002828 f   Proxy.obj
 0001:00001945       _Java_java_io_RandomAccessFile_initIDs@8 10002945 f   RandomAccessFile.obj
 0001:00001968       _Java_java_io_RandomAccessFile_open@16 10002968 f   RandomAccessFile.obj
 0001:000019b1       _Java_java_io_RandomAccessFile_read@8 100029b1 f   RandomAccessFile.obj
 0001:000019ca       _Java_java_io_RandomAccessFile_readBytes@20 100029ca f   RandomAccessFile.obj
 0001:000019ee       _Java_java_io_RandomAccessFile_write@12 100029ee f   RandomAccessFile.obj
 0001:00001a0b       _Java_java_io_RandomAccessFile_writeBytes@20 10002a0b f   RandomAccessFile.obj
 0001:00001a2f       _Java_java_io_RandomAccessFile_getFilePointer@8 10002a2f f   RandomAccessFile.obj
 0001:00001aa5       _Java_java_io_RandomAccessFile_length@8 10002aa5 f   RandomAccessFile.obj
 0001:00001b65       _Java_java_io_RandomAccessFile_seek@16 10002b65 f   RandomAccessFile.obj
 0001:00001bef       _Java_java_io_RandomAccessFile_setLength@16 10002bef f   RandomAccessFile.obj
 0001:00001caf       _Java_java_io_RandomAccessFile_close0@8 10002caf f   RandomAccessFile_md.obj
 0001:00001cc8       _Java_java_util_ResourceBundle_getClassContext@8 10002cc8 f   ResourceBundle.obj
 0001:00001cd4       _Java_java_lang_Runtime_freeMemory@8 10002cd4 f   Runtime.obj
 0001:00001cdc       _Java_java_lang_Runtime_totalMemory@8 10002cdc f   Runtime.obj
 0001:00001ce4       _Java_java_lang_Runtime_maxMemory@8 10002ce4 f   Runtime.obj
 0001:00001cec       _Java_java_lang_Runtime_gc@8 10002cec f   Runtime.obj
 0001:00001cf4       _Java_java_lang_Runtime_traceInstructions@12 10002cf4 f   Runtime.obj
 0001:00001d00       _Java_java_lang_Runtime_traceMethodCalls@12 10002d00 f   Runtime.obj
 0001:00001d0c       _Java_java_lang_Runtime_runFinalization0@8 10002d0c f   Runtime.obj
 0001:00001d4e       _Java_java_lang_Runtime_availableProcessors@8 10002d4e f   Runtime.obj
 0001:00001dc4       _Java_java_lang_SecurityManager_getClassContext@8 10002dc4 f   SecurityManager.obj
 0001:00001de5       _Java_java_lang_SecurityManager_currentLoadedClass0@8 10002de5 f   SecurityManager.obj
 0001:00001e06       _Java_java_lang_SecurityManager_currentClassLoader0@8 10002e06 f   SecurityManager.obj
 0001:00001e27       _Java_java_lang_SecurityManager_classDepth@12 10002e27 f   SecurityManager.obj
 0001:00001e5c       _Java_java_lang_SecurityManager_classLoaderDepth0@8 10002e5c f   SecurityManager.obj
 0001:00001e7e       _Java_java_lang_Shutdown_halt0@12 10002e7e f   Shutdown.obj
 0001:00001e8a       _Java_java_lang_Shutdown_runAllFinalizers@8 10002e8a f   Shutdown.obj
 0001:00001ecc       _Java_java_lang_StrictMath_cos@16 10002ecc f   StrictMath.obj
 0001:00001edf       _Java_java_lang_StrictMath_sin@16 10002edf f   StrictMath.obj
 0001:00001ef2       _Java_java_lang_StrictMath_tan@16 10002ef2 f   StrictMath.obj
 0001:00001f05       _Java_java_lang_StrictMath_asin@16 10002f05 f   StrictMath.obj
 0001:00001f18       _Java_java_lang_StrictMath_acos@16 10002f18 f   StrictMath.obj
 0001:00001f2b       _Java_java_lang_StrictMath_atan@16 10002f2b f   StrictMath.obj
 0001:00001f3e       _Java_java_lang_StrictMath_exp@16 10002f3e f   StrictMath.obj
 0001:00001f51       _Java_java_lang_StrictMath_log@16 10002f51 f   StrictMath.obj
 0001:00001f64       _Java_java_lang_StrictMath_log10@16 10002f64 f   StrictMath.obj
 0001:00001f77       _Java_java_lang_StrictMath_sqrt@16 10002f77 f   StrictMath.obj
 0001:00001f8a       _Java_java_lang_StrictMath_cbrt@16 10002f8a f   StrictMath.obj
 0001:00001f9d       _Java_java_lang_StrictMath_atan2@24 10002f9d f   StrictMath.obj
 0001:00001fba       _Java_java_lang_StrictMath_pow@24 10002fba f   StrictMath.obj
 0001:00001fd7       _Java_java_lang_StrictMath_IEEEremainder@24 10002fd7 f   StrictMath.obj
 0001:00001ff4       _Java_java_lang_StrictMath_cosh@16 10002ff4 f   StrictMath.obj
 0001:00002007       _Java_java_lang_StrictMath_sinh@16 10003007 f   StrictMath.obj
 0001:0000201a       _Java_java_lang_StrictMath_tanh@16 1000301a f   StrictMath.obj
 0001:0000202d       _Java_java_lang_StrictMath_hypot@24 1000302d f   StrictMath.obj
 0001:0000204a       _Java_java_lang_StrictMath_log1p@16 1000304a f   StrictMath.obj
 0001:0000205d       _Java_java_lang_StrictMath_expm1@16 1000305d f   StrictMath.obj
 0001:00002070       _Java_java_lang_System_registerNatives@8 10003070 f   System.obj
 0001:0000208b       _Java_java_lang_System_identityHashCode@12 1000308b f   System.obj
 0001:0000209b       _Java_java_lang_System_initProperties@12 1000309b f   System.obj
 0001:00002e4c       _Java_java_lang_System_setIn0@12 10003e4c f   System.obj
 0001:00002e82       _Java_java_lang_System_setOut0@12 10003e82 f   System.obj
 0001:00002eb8       _Java_java_lang_System_setErr0@12 10003eb8 f   System.obj
 0001:00002f0f       _Java_java_lang_System_mapLibraryName@12 10003f0f f   System.obj
 0001:00002fe0       _Java_java_lang_Thread_registerNatives@8 10003fe0 f   Thread.obj
 0001:00002ffb       _Java_java_lang_Throwable_fillInStackTrace@8 10003ffb f   Throwable.obj
 0001:0000300f       _Java_java_lang_Throwable_getStackTraceDepth@8 1000400f f   Throwable.obj
 0001:00003014       _Java_java_lang_Throwable_getStackTraceElement@12 10004014 f   Throwable.obj
 0001:00003019       _Java_sun_misc_Signal_findSignal@12 10004019 f   Signal.obj
 0001:00003053       _Java_sun_misc_Signal_handle0@20 10004053 f   Signal.obj
 0001:00003064       _Java_sun_misc_Signal_raise0@12 10004064 f   Signal.obj
 0001:00003070       _Java_sun_misc_NativeSignalHandler_handle0@20 10004070 f   NativeSignalHandler.obj
 0001:00003082       _VerifyClassCodes          10004082 f   verify_stub.obj
 0001:00003088       _VerifyClassCodesForMajorVersion 10004088 f   verify_stub.obj
 0001:00003092       _readSingle                10004092 f   io_util.obj
 0001:00003117       _readBytes                 10004117 f   io_util.obj
 0001:00003266       _writeSingle               10004266 f   io_util.obj
 0001:000032e4       _writeBytes                100042e4 f   io_util.obj
 0001:00003448       _throwFileNotFoundException 10004448 f   io_util.obj
 0001:000034a2       _initializeWindowsVersion  100044a2 f   io_util_md.obj
 0001:000034d3       _currentDirLength          100044d3 f   io_util_md.obj
 0001:00003585       _prefixAbpath              10004585 f   io_util_md.obj
 0001:000035f4       _pathToNTPath              100045f4 f   io_util_md.obj
 0001:000036f2       _winFileHandleOpen         100046f2 f   io_util_md.obj
 0001:00003834       _fileOpen                  10004834 f   io_util_md.obj
 0001:000039ab       _handleSync                100049ab f   io_util_md.obj
 0001:000039cb       _handleSetLength           100049cb f   io_util_md.obj
 0001:00003a18       _handleRead                10004a18 f   io_util_md.obj
 0001:00003a55       _handleWrite               10004a55 f   io_util_md.obj
 0001:00003a86       _handleClose               10004a86 f   io_util_md.obj
 0001:00003b19       _handleLseek               10004b19 f   io_util_md.obj
 0001:00003b80       _fileToNTPath              10004b80 f   io_util_md.obj
 0001:00003bac       _handleAvailable           10004bac f   io_util_md.obj
 0001:00003c5a       _jio_snprintf              10004c5a f   jio.obj
 0001:00003c74       _jio_fprintf               10004c74 f   jio.obj
 0001:00003c8a       _Java_java_util_logging_FileHandler_isSetUID@8 10004c8a f   logging.obj
 0001:00003c8f       _JNU_ThrowByName@12        10004c8f f   jni_util.obj
 0001:00003cb1       _JNU_ThrowNullPointerException@8 10004cb1 f   jni_util.obj
 0001:00003cc6       _JNU_ThrowArrayIndexOutOfBoundsException@8 10004cc6 f   jni_util.obj
 0001:00003cdb       _JNU_ThrowOutOfMemoryError@8 10004cdb f   jni_util.obj
 0001:00003cf0       _JNU_ThrowIllegalArgumentException@8 10004cf0 f   jni_util.obj
 0001:00003d05       _JNU_ThrowIllegalAccessError@8 10004d05 f   jni_util.obj
 0001:00003d1a       _JNU_ThrowIllegalAccessException@8 10004d1a f   jni_util.obj
 0001:00003d2f       _JNU_ThrowInternalError@8  10004d2f f   jni_util.obj
 0001:00003d44       _JNU_ThrowNoSuchFieldException@8 10004d44 f   jni_util.obj
 0001:00003d59       _JNU_ThrowNoSuchMethodException@8 10004d59 f   jni_util.obj
 0001:00003d6e       _JNU_ThrowClassNotFoundException@8 10004d6e f   jni_util.obj
 0001:00003d83       _JNU_ThrowNumberFormatException@8 10004d83 f   jni_util.obj
 0001:00003d98       _JNU_ThrowIOException@8    10004d98 f   jni_util.obj
 0001:00003dad       _JNU_ThrowNoSuchFieldError@8 10004dad f   jni_util.obj
 0001:00003dc2       _JNU_ThrowNoSuchMethodError@8 10004dc2 f   jni_util.obj
 0001:00003dd7       _JNU_ThrowStringIndexOutOfBoundsException@8 10004dd7 f   jni_util.obj
 0001:00003dec       _JNU_ThrowInstantiationException@8 10004dec f   jni_util.obj
 0001:00003e01       _JNU_CallStaticMethodByName 10004e01 f   jni_util.obj
 0001:00003f9c       _JNU_CallMethodByNameV@24  10004f9c f   jni_util.obj
 0001:00004123       _JNU_NewObjectByName       10005123 f   jni_util.obj
 0001:00004667       _getFastEncoding           10005667 f   jni_util.obj
 0001:000046ab       _JNU_ReleaseStringPlatformChars@12 100056ab f   jni_util.obj
 0001:000046b9       _Canonicalize              100056b9 f   jni_util.obj
 0001:000046ce       _JNU_ClassString@4         100056ce f   jni_util.obj
 0001:00004717       _JNU_ClassClass@4          10005717 f   jni_util.obj
 0001:00004760       _JNU_ClassObject@4         10005760 f   jni_util.obj
 0001:000047a9       _JNU_ClassThrowable@4      100057a9 f   jni_util.obj
 0001:000047f2       _JNU_CopyObjectArray@16    100057f2 f   jni_util.obj
 0001:00004846       _JNU_GetEnv@8              10005846 f   jni_util.obj
 0001:00004860       _JNU_IsInstanceOfByName@12 10005860 f   jni_util.obj
 0001:000048ad       _JNU_Equals@12             100058ad f   jni_util.obj
 0001:000048f5       _JNU_MonitorWait@16        100058f5 f   jni_util.obj
 0001:0000495c       _JNU_Notify@8              1000595c f   jni_util.obj
 0001:000049bd       _JNU_NotifyAll@8           100059bd f   jni_util.obj
 0001:00004a1e       _JNU_GetFieldByName@20     10005a1e f   jni_util.obj
 0001:00004b54       _JNU_SetFieldByName        10005b54 f   jni_util.obj
 0001:00004c9b       _JNU_GetStaticFieldByName@20 10005c9b f   jni_util.obj
 0001:00004dd5       _JNU_SetStaticFieldByName  10005dd5 f   jni_util.obj
 0001:00004f20       _JNU_CallMethodByName      10005f20 f   jni_util.obj
 0001:00004f3d       _initializeEncoding        10005f3d f   jni_util.obj
 0001:000050eb       _JNU_NewStringPlatform@8   100060eb f   jni_util.obj
 0001:000051e8       _JNU_GetStringPlatformChars@12 100061e8 f   jni_util.obj
 0001:00005330       _JNU_PrintString@12        10006330 f   jni_util.obj
 0001:00005390       _JNU_ToString@8            10006390 f   jni_util.obj
 0001:000053cf       _JNU_ThrowByNameWithLastError@12 100063cf f   jni_util.obj
 0001:0000543a       _JNU_ThrowIOExceptionWithLastError@8 1000643a f   jni_util.obj
 0001:0000544f       _NewStringPlatform         1000644f f   jni_util.obj
 0001:0000545d       _GetStringPlatformChars    1000645d f   jni_util.obj
 0001:0000546f       _JNU_PrintClass@12         1000646f f   jni_util.obj
 0001:00005510       _useNativeConverter        10006510 f   jni_util_md.obj
 0001:000055d9       _nativeNewStringPlatform   100065d9 f   jni_util_md.obj
 0001:000056b4       _nativeGetStringPlatformChars 100066b4 f   jni_util_md.obj
 0001:00005746       _JDK_GetVersionInfo0       10006746 f   jdk_util.obj
 0001:0000581e       _JDK_InitJvmHandle         1000681e f   jdk_util_md.obj
 0001:00005838       _JDK_FindJvmEntry          10006838 f   jdk_util_md.obj
 0001:00005849       _JNI_OnLoad@8              10006849 f   check_version.obj
 0001:000059fe       _getEncodingFromLangID     100069fe f   java_props_md.obj
 0001:00005a18       _getJavaIDFromLangID       10006a18 f   java_props_md.obj
 0001:00005ac5       _getHomeFromShell32        10006ac5 f   java_props_md.obj
 0001:00005c0d       _GetJavaProperties         10006c0d f   java_props_md.obj
 0001:00005ff1       _Java_java_sql_DriverManager_getCallerClassLoader@8 10006ff1 f   DriverManager.obj
 0001:00006011       _Java_sun_reflect_ConstantPool_getSize0@12 10007011 f   ConstantPool.obj
 0001:00006016       _Java_sun_reflect_ConstantPool_getClassAt0@16 10007016 f   ConstantPool.obj
 0001:0000601b       _Java_sun_reflect_ConstantPool_getClassAtIfLoaded0@16 1000701b f   ConstantPool.obj
 0001:00006020       _Java_sun_reflect_ConstantPool_getMethodAt0@16 10007020 f   ConstantPool.obj
 0001:00006025       _Java_sun_reflect_ConstantPool_getMethodAtIfLoaded0@16 10007025 f   ConstantPool.obj
 0001:0000602a       _Java_sun_reflect_ConstantPool_getFieldAt0@16 1000702a f   ConstantPool.obj
 0001:0000602f       _Java_sun_reflect_ConstantPool_getFieldAtIfLoaded0@16 1000702f f   ConstantPool.obj
 0001:00006034       _Java_sun_reflect_ConstantPool_getMemberRefInfoAt0@16 10007034 f   ConstantPool.obj
 0001:00006039       _Java_sun_reflect_ConstantPool_getIntAt0@16 10007039 f   ConstantPool.obj
 0001:0000603e       _Java_sun_reflect_ConstantPool_getLongAt0@16 1000703e f   ConstantPool.obj
 0001:00006043       _Java_sun_reflect_ConstantPool_getFloatAt0@16 10007043 f   ConstantPool.obj
 0001:00006048       _Java_sun_reflect_ConstantPool_getDoubleAt0@16 10007048 f   ConstantPool.obj
 0001:0000604d       _Java_sun_reflect_ConstantPool_getStringAt0@16 1000704d f   ConstantPool.obj
 0001:00006052       _Java_sun_reflect_ConstantPool_getUTF8At0@16 10007052 f   ConstantPool.obj
 0001:000060d0       _Java_sun_misc_MessageUtils_toStderr@12 100070d0 f   MessageUtils.obj
 0001:000060ed       _Java_sun_misc_MessageUtils_toStdout@12 100070ed f   MessageUtils.obj
 0001:0000610a       _Java_sun_misc_GC_maxObjectInspectionAge@8 1000710a f   GC.obj
 0001:00006112       _Java_sun_reflect_NativeMethodAccessorImpl_invoke0@20 10007112 f   NativeAccessors.obj
 0001:0000612a       _Java_sun_reflect_NativeConstructorAccessorImpl_newInstance0@16 1000712a f   NativeAccessors.obj
 0001:0000613e       _Java_sun_reflect_Reflection_getCallerClass@12 1000713e f   Reflection.obj
 0001:0000614e       _Java_sun_reflect_Reflection_getClassAccessFlags@12 1000714e f   Reflection.obj
 0001:0000615e       _Java_java_nio_Bits_copyFromShortArray@36 1000715e f   Bits.obj
 0001:00006223       _Java_java_nio_Bits_copyToShortArray@36 10007223 f   Bits.obj
 0001:000062e8       _Java_java_nio_Bits_copyFromIntArray@36 100072e8 f   Bits.obj
 0001:000063d1       _Java_java_nio_Bits_copyToIntArray@36 100073d1 f   Bits.obj
 0001:000064b7       _Java_java_nio_Bits_copyFromLongArray@36 100074b7 f   Bits.obj
 0001:000065f0       _Java_java_nio_Bits_copyToLongArray@36 100075f0 f   Bits.obj
 0001:00006724       _Java_sun_misc_AtomicLong_VMSupportsCS8@8 10007724 f   Atomic.obj
 0001:00006724       _Java_java_util_concurrent_atomic_AtomicLong_VMSupportsCS8@8 10007724 f   AtomicLong.obj
 0001:0000672c       _Java_sun_misc_AtomicLongCSImpl_attemptUpdate@24 1000772c f   Atomic.obj
 0001:000067cc       _Java_sun_misc_Version_getJvmVersionInfo@8 100077cc f   Version.obj
 0001:0000687b       _Java_sun_misc_Version_getJvmSpecialVersion@8 1000787b f   Version.obj
 0001:0000689f       _Java_sun_misc_Version_getJdkVersionInfo@8 1000789f f   Version.obj
 0001:00006927       _Java_sun_misc_Version_getJdkSpecialVersion@8 10007927 f   Version.obj
 0001:000069ae       _Java_sun_misc_VM_getThreadStateValues@16 100079ae f   VM.obj
 0001:00006a99       _Java_sun_misc_VM_initialize@8 10007a99 f   VM.obj
 0001:00006ab3       _Java_sun_misc_VMSupport_initAgentProperties@12 10007ab3 f   VMSupport.obj
 0001:00006b06       _extractExecutablePath     10007b06 f   ProcessImpl_md.obj
 0001:00006b4e       _selectProcessFlag         10007b4e f   ProcessImpl_md.obj
 0001:00006cd8       _Java_java_lang_ProcessImpl_create@36 10007cd8 f   ProcessImpl_md.obj
 0001:00006fae       _Java_java_lang_ProcessImpl_exitValue@8 10007fae f   ProcessImpl_md.obj
 0001:00007008       _Java_java_lang_ProcessImpl_waitFor@8 10008008 f   ProcessImpl_md.obj
 0001:0000707a       _Java_java_lang_ProcessImpl_destroy@8 1000807a f   ProcessImpl_md.obj
 0001:000070ae       _Java_java_lang_ProcessImpl_close@8 100080ae f   ProcessImpl_md.obj
 0001:000070e0       _Java_java_io_Win32FileSystem_initIDs@8 100080e0 f   Win32FileSystem_md.obj
 0001:00007111       _Java_java_io_Win32FileSystem_canonicalize0@12 10008111 f   Win32FileSystem_md.obj
 0001:00007190       _Java_java_io_Win32FileSystem_canonicalizeWithPrefix0@16 10008190 f   Win32FileSystem_md.obj
 0001:0000723a       _isReservedDeviceName      1000823a f   Win32FileSystem_md.obj
 0001:00007324       _Java_java_io_Win32FileSystem_getBooleanAttributes@12 10008324 f   Win32FileSystem_md.obj
 0001:000073bc       _Java_java_io_Win32FileSystem_checkAccess@16 100083bc f   Win32FileSystem_md.obj
 0001:00007463       _Java_java_io_Win32FileSystem_setPermission@24 10008463 f   Win32FileSystem_md.obj
 0001:000074fe       _Java_java_io_Win32FileSystem_getLastModifiedTime@12 100084fe f   Win32FileSystem_md.obj
 0001:000075ac       _Java_java_io_Win32FileSystem_getLength@12 100085ac f   Win32FileSystem_md.obj
 0001:0000762c       _Java_java_io_Win32FileSystem_createFileExclusively@12 1000862c f   Win32FileSystem_md.obj
 0001:000076bc       _Java_java_io_Win32FileSystem_delete0@12 100086bc f   Win32FileSystem_md.obj
 0001:0000774d       _Java_java_io_Win32FileSystem_list@12 1000874d f   Win32FileSystem_md.obj
 0001:000078c9       _Java_java_io_Win32FileSystem_createDirectory@12 100088c9 f   Win32FileSystem_md.obj
 0001:00007935       _Java_java_io_Win32FileSystem_rename0@16 10008935 f   Win32FileSystem_md.obj
 0001:000079ed       _Java_java_io_Win32FileSystem_setLastModifiedTime@20 100089ed f   Win32FileSystem_md.obj
 0001:00007ab0       _Java_java_io_Win32FileSystem_setReadOnly@12 10008ab0 f   Win32FileSystem_md.obj
 0001:00007b2b       _Java_java_io_Win32FileSystem_getDriveDirectory@12 10008b2b f   Win32FileSystem_md.obj
 0001:00007b78       _Java_java_io_Win32FileSystem_listRoots0@8 10008b78 f   Win32FileSystem_md.obj
 0001:00007b81       _Java_java_io_Win32FileSystem_getSpace0@16 10008b81 f   Win32FileSystem_md.obj
 0001:00007c3d       _Java_java_io_WinNTFileSystem_initIDs@8 10008c3d f   WinNTFileSystem_md.obj
 0001:00007c6e       _Java_java_io_WinNTFileSystem_canonicalize0@12 10008c6e f   WinNTFileSystem_md.obj
 0001:00007d73       _Java_java_io_WinNTFileSystem_canonicalizeWithPrefix0@16 10008d73 f   WinNTFileSystem_md.obj
 0001:00007f96       _Java_java_io_WinNTFileSystem_getBooleanAttributes@12 10008f96 f   WinNTFileSystem_md.obj
 0001:00008066       _Java_java_io_WinNTFileSystem_checkAccess@16 10009066 f   WinNTFileSystem_md.obj
 0001:000080e4       _Java_java_io_WinNTFileSystem_setPermission@24 100090e4 f   WinNTFileSystem_md.obj
 0001:00008151       _Java_java_io_WinNTFileSystem_getLastModifiedTime@12 10009151 f   WinNTFileSystem_md.obj
 0001:000081e4       _Java_java_io_WinNTFileSystem_getLength@12 100091e4 f   WinNTFileSystem_md.obj
 0001:00008273       _Java_java_io_WinNTFileSystem_createFileExclusively@12 10009273 f   WinNTFileSystem_md.obj
 0001:0000830b       _Java_java_io_WinNTFileSystem_delete0@12 1000930b f   WinNTFileSystem_md.obj
 0001:00008370       _Java_java_io_WinNTFileSystem_list@12 10009370 f   WinNTFileSystem_md.obj
 0001:000085e9       _Java_java_io_WinNTFileSystem_createDirectory@12 100095e9 f   WinNTFileSystem_md.obj
 0001:00008628       _Java_java_io_WinNTFileSystem_rename0@16 10009628 f   WinNTFileSystem_md.obj
 0001:0000868c       _Java_java_io_WinNTFileSystem_setLastModifiedTime@20 1000968c f   WinNTFileSystem_md.obj
 0001:00008725       _Java_java_io_WinNTFileSystem_setReadOnly@12 10009725 f   WinNTFileSystem_md.obj
 0001:00008775       _Java_java_io_WinNTFileSystem_getDriveDirectory@12 10009775 f   WinNTFileSystem_md.obj
 0001:000087e3       _Java_java_io_WinNTFileSystem_getSpace0@16 100097e3 f   WinNTFileSystem_md.obj
 0001:0000896e       _lastErrorReportable       1000996e f   canonicalize_md.obj
 0001:000089a7       _canonicalize              100099a7 f   canonicalize_md.obj
 0001:00008c90       _canonicalizeWithPrefix    10009c90 f   canonicalize_md.obj
 0001:00008d7a       _getPrefixed               10009d7a f   canonicalize_md.obj
 0001:00008dec       _wcanonicalize             10009dec f   canonicalize_md.obj
 0001:000090fb       _wcanonicalizeWithPrefix   1000a0fb f   canonicalize_md.obj
 0001:00009235       _opendir                   1000a235 f   dirent_md.obj
 0001:000093b4       _readdir                   1000a3b4 f   dirent_md.obj
 0001:0000941a       _closedir                  1000a41a f   dirent_md.obj
 0001:00009466       _Java_java_util_TimeZone_getSystemTimeZoneID@16 1000a466 f   TimeZone.obj
 0001:000094dd       _Java_java_util_TimeZone_getSystemGMTOffsetID@8 1000a4dd f   TimeZone.obj
 0001:00009b65       _findJavaTZ_md             1000ab65 f   TimeZone_md.obj
 0001:00009bc1       _getGMTOffsetID            1000abc1 f   TimeZone_md.obj
 0001:00009bc4       _Java_java_util_prefs_WindowsPreferences_WindowsRegOpenKey@20 1000abc4 f   WindowsPreferences.obj
 0001:00009c36       _Java_java_util_prefs_WindowsPreferences_WindowsRegCloseKey@12 1000ac36 f   WindowsPreferences.obj
 0001:00009c43       _Java_java_util_prefs_WindowsPreferences_WindowsRegCreateKeyEx@16 1000ac43 f   WindowsPreferences.obj
 0001:00009cc4       _Java_java_util_prefs_WindowsPreferences_WindowsRegDeleteKey@16 1000acc4 f   WindowsPreferences.obj
 0001:00009d01       _Java_java_util_prefs_WindowsPreferences_WindowsRegFlushKey@12 1000ad01 f   WindowsPreferences.obj
 0001:00009d0e       _Java_java_util_prefs_WindowsPreferences_WindowsRegQueryValueEx@16 1000ad0e f   WindowsPreferences.obj
 0001:00009db9       _Java_java_util_prefs_WindowsPreferences_WindowsRegSetValueEx@20 1000adb9 f   WindowsPreferences.obj
 0001:00009e3f       _Java_java_util_prefs_WindowsPreferences_WindowsRegDeleteValue@16 1000ae3f f   WindowsPreferences.obj
 0001:00009e87       _Java_java_util_prefs_WindowsPreferences_WindowsRegQueryInfoKey@12 1000ae87 f   WindowsPreferences.obj
 0001:00009f06       _Java_java_util_prefs_WindowsPreferences_WindowsRegEnumKeyEx@20 1000af06 f   WindowsPreferences.obj
 0001:00009f76       _Java_java_util_prefs_WindowsPreferences_WindowsRegEnumValue@20 1000af76 f   WindowsPreferences.obj
 0001:00009fe6       _Java_sun_security_provider_NativeSeedGenerator_nativeGenerateSeed@12 1000afe6 f   WinCAPISeedGenerator.obj
 0001:0000a0c5       _Java_sun_io_Win32ErrorMode_setErrorMode@16 1000b0c5 f   Win32ErrorMode.obj
 0001:0000a0d4       _JVM_DoPrivileged@20       1000b0d4 f   jvm:jvm.dll
 0001:0000a0da       _JVM_GetStackAccessControlContext@8 1000b0da f   jvm:jvm.dll
 0001:0000a0e0       _JVM_GetInheritedAccessControlContext@8 1000b0e0 f   jvm:jvm.dll
 0001:0000a0e6       _JVM_GetArrayLength@8      1000b0e6 f   jvm:jvm.dll
 0001:0000a0ec       _JVM_GetArrayElement@12    1000b0ec f   jvm:jvm.dll
 0001:0000a0f2       _JVM_GetPrimitiveArrayElement@16 1000b0f2 f   jvm:jvm.dll
 0001:0000a0f8       _JVM_SetArrayElement@16    1000b0f8 f   jvm:jvm.dll
 0001:0000a0fe       _JVM_SetPrimitiveArrayElement@24 1000b0fe f   jvm:jvm.dll
 0001:0000a104       _JVM_NewArray@12           1000b104 f   jvm:jvm.dll
 0001:0000a10a       _JVM_NewMultiArray@12      1000b10a f   jvm:jvm.dll
 0001:0000a110       _JVM_InternString@8        1000b110 f   jvm:jvm.dll
 0001:0000a116       _JVM_GetEnclosingMethodInfo@8 1000b116 f   jvm:jvm.dll
 0001:0000a11c       _JVM_DesiredAssertionStatus@12 1000b11c f   jvm:jvm.dll
 0001:0000a122       _JVM_GetClassConstantPool@8 1000b122 f   jvm:jvm.dll
 0001:0000a128       _JVM_GetClassAnnotations@8 1000b128 f   jvm:jvm.dll
 0001:0000a12e       _JVM_GetClassSignature@8   1000b12e f   jvm:jvm.dll
 0001:0000a134       _JVM_GetDeclaringClass@8   1000b134 f   jvm:jvm.dll
 0001:0000a13a       _JVM_GetDeclaredClasses@8  1000b13a f   jvm:jvm.dll
 0001:0000a140       _JVM_SetProtectionDomain@12 1000b140 f   jvm:jvm.dll
 0001:0000a146       _JVM_GetProtectionDomain@8 1000b146 f   jvm:jvm.dll
 0001:0000a14c       _JVM_GetClassDeclaredConstructors@12 1000b14c f   jvm:jvm.dll
 0001:0000a152       _JVM_GetClassDeclaredMethods@12 1000b152 f   jvm:jvm.dll
 0001:0000a158       _JVM_GetClassDeclaredFields@12 1000b158 f   jvm:jvm.dll
 0001:0000a15e       _JVM_GetClassModifiers@8   1000b15e f   jvm:jvm.dll
 0001:0000a164       _JVM_GetComponentType@8    1000b164 f   jvm:jvm.dll
 0001:0000a16a       _JVM_IsPrimitiveClass@8    1000b16a f   jvm:jvm.dll
 0001:0000a170       _JVM_IsArrayClass@8        1000b170 f   jvm:jvm.dll
 0001:0000a176       _JVM_SetClassSigners@12    1000b176 f   jvm:jvm.dll
 0001:0000a17c       _JVM_GetClassSigners@8     1000b17c f   jvm:jvm.dll
 0001:0000a182       _JVM_IsInterface@8         1000b182 f   jvm:jvm.dll
 0001:0000a188       _JVM_GetClassLoader@8      1000b188 f   jvm:jvm.dll
 0001:0000a18e       _JVM_GetClassInterfaces@8  1000b18e f   jvm:jvm.dll
 0001:0000a194       _JVM_GetClassName@8        1000b194 f   jvm:jvm.dll
 0001:0000a19a       _JVM_FindClassFromClassLoader@20 1000b19a f   jvm:jvm.dll
 0001:0000a1a0       _JVM_FindPrimitiveClass@8  1000b1a0 f   jvm:jvm.dll
 0001:0000a1a6       _JVM_AssertionStatusDirectives@8 1000b1a6 f   jvm:jvm.dll
 0001:0000a1ac       _JVM_DefineClassWithSourceCond@32 1000b1ac f   jvm:jvm.dll
 0001:0000a1b2       _JVM_ResolveClass@8        1000b1b2 f   jvm:jvm.dll
 0001:0000a1b8       _JVM_FindClassFromBootLoader@8 1000b1b8 f   jvm:jvm.dll
 0001:0000a1be       _JVM_FindLoadedClass@12    1000b1be f   jvm:jvm.dll
 0001:0000a1c4       _JVM_UnloadLibrary@4       1000b1c4 f   jvm:jvm.dll
 0001:0000a1ca       _JVM_IsSupportedJNIVersion@4 1000b1ca f   jvm:jvm.dll
 0001:0000a1d0       _JVM_FindLibraryEntry@8    1000b1d0 f   jvm:jvm.dll
 0001:0000a1d6       _JVM_LoadLibrary@4         1000b1d6 f   jvm:jvm.dll
 0001:0000a1dc       _JVM_DisableCompiler@8     1000b1dc f   jvm:jvm.dll
 0001:0000a1e2       _JVM_EnableCompiler@8      1000b1e2 f   jvm:jvm.dll
 0001:0000a1e8       _JVM_CompilerCommand@12    1000b1e8 f   jvm:jvm.dll
 0001:0000a1ee       _JVM_CompileClasses@12     1000b1ee f   jvm:jvm.dll
 0001:0000a1f4       _JVM_CompileClass@12       1000b1f4 f   jvm:jvm.dll
 0001:0000a1fa       _JVM_Clone@8               1000b1fa f   jvm:jvm.dll
 0001:0000a200       _JVM_MonitorNotifyAll@8    1000b200 f   jvm:jvm.dll
 0001:0000a206       _JVM_MonitorNotify@8       1000b206 f   jvm:jvm.dll
 0001:0000a20c       _JVM_MonitorWait@16        1000b20c f   jvm:jvm.dll
 0001:0000a212       _JVM_IHashCode@8           1000b212 f   jvm:jvm.dll
 0001:0000a218       _JVM_IsNaN@8               1000b218 f   jvm:jvm.dll
 0001:0000a21e       _JVM_LatestUserDefinedLoader@4 1000b21e f   jvm:jvm.dll
 0001:0000a224       _JVM_GetSystemPackage@8    1000b224 f   jvm:jvm.dll
 0001:0000a22a       _JVM_GetSystemPackages@4   1000b22a f   jvm:jvm.dll
 0001:0000a230       _JVM_GetClassContext@4     1000b230 f   jvm:jvm.dll
 0001:0000a236       _JVM_FreeMemory@0          1000b236 f   jvm:jvm.dll
 0001:0000a23c       _JVM_TotalMemory@0         1000b23c f   jvm:jvm.dll
 0001:0000a242       _JVM_MaxMemory@0           1000b242 f   jvm:jvm.dll
 0001:0000a248       _JVM_GC@0                  1000b248 f   jvm:jvm.dll
 0001:0000a24e       _JVM_TraceInstructions@4   1000b24e f   jvm:jvm.dll
 0001:0000a254       _JVM_TraceMethodCalls@4    1000b254 f   jvm:jvm.dll
 0001:0000a25a       _JVM_ActiveProcessorCount@0 1000b25a f   jvm:jvm.dll
 0001:0000a260       _JVM_CurrentLoadedClass@4  1000b260 f   jvm:jvm.dll
 0001:0000a266       _JVM_CurrentClassLoader@4  1000b266 f   jvm:jvm.dll
 0001:0000a26c       _JVM_ClassDepth@8          1000b26c f   jvm:jvm.dll
 0001:0000a272       _JVM_ClassLoaderDepth@4    1000b272 f   jvm:jvm.dll
 0001:0000a278       _JVM_Halt@4                1000b278 f   jvm:jvm.dll
 0001:0000a27e       _JVM_ArrayCopy@28          1000b27e f   jvm:jvm.dll
 0001:0000a284       _JVM_NanoTime@8            1000b284 f   jvm:jvm.dll
 0001:0000a28a       _JVM_CurrentTimeMillis@8   1000b28a f   jvm:jvm.dll
 0001:0000a290       _JVM_InitProperties@8      1000b290 f   jvm:jvm.dll
 0001:0000a296       _JVM_DumpThreads@12        1000b296 f   jvm:jvm.dll
 0001:0000a29c       _JVM_GetAllThreads@8       1000b29c f   jvm:jvm.dll
 0001:0000a2a2       _JVM_HoldsLock@12          1000b2a2 f   jvm:jvm.dll
 0001:0000a2a8       _JVM_IsInterrupted@12      1000b2a8 f   jvm:jvm.dll
 0001:0000a2ae       _JVM_Interrupt@8           1000b2ae f   jvm:jvm.dll
 0001:0000a2b4       _JVM_CountStackFrames@8    1000b2b4 f   jvm:jvm.dll
 0001:0000a2ba       _JVM_CurrentThread@8       1000b2ba f   jvm:jvm.dll
 0001:0000a2c0       _JVM_Sleep@16              1000b2c0 f   jvm:jvm.dll
 0001:0000a2c6       _JVM_Yield@8               1000b2c6 f   jvm:jvm.dll
 0001:0000a2cc       _JVM_SetThreadPriority@12  1000b2cc f   jvm:jvm.dll
 0001:0000a2d2       _JVM_ResumeThread@8        1000b2d2 f   jvm:jvm.dll
 0001:0000a2d8       _JVM_SuspendThread@8       1000b2d8 f   jvm:jvm.dll
 0001:0000a2de       _JVM_IsThreadAlive@8       1000b2de f   jvm:jvm.dll
 0001:0000a2e4       _JVM_StopThread@12         1000b2e4 f   jvm:jvm.dll
 0001:0000a2ea       _JVM_StartThread@8         1000b2ea f   jvm:jvm.dll
 0001:0000a2f0       _JVM_FillInStackTrace@8    1000b2f0 f   jvm:jvm.dll
 0001:0000a2f6       _JVM_GetStackTraceDepth@8  1000b2f6 f   jvm:jvm.dll
 0001:0000a2fc       _JVM_GetStackTraceElement@12 1000b2fc f   jvm:jvm.dll
 0001:0000a302       _JVM_FindSignal@4          1000b302 f   jvm:jvm.dll
 0001:0000a308       _JVM_RegisterSignal@8      1000b308 f   jvm:jvm.dll
 0001:0000a30e       _JVM_RaiseSignal@4         1000b30e f   jvm:jvm.dll
 0001:0000a314       _JVM_GetLastErrorString@8  1000b314 f   jvm:jvm.dll
 0001:0000a31a       _jio_vsnprintf             1000b31a f   jvm:jvm.dll
 0001:0000a320       _jio_vfprintf              1000b320 f   jvm:jvm.dll
 0001:0000a326       _JVM_GetInterfaceVersion@0 1000b326 f   jvm:jvm.dll
 0001:0000a32c       _JVM_GetCallerClass@8      1000b32c f   jvm:jvm.dll
 0001:0000a332       _JVM_ConstantPoolGetSize@12 1000b332 f   jvm:jvm.dll
 0001:0000a338       _JVM_ConstantPoolGetClassAt@16 1000b338 f   jvm:jvm.dll
 0001:0000a33e       _JVM_ConstantPoolGetClassAtIfLoaded@16 1000b33e f   jvm:jvm.dll
 0001:0000a344       _JVM_ConstantPoolGetMethodAt@16 1000b344 f   jvm:jvm.dll
 0001:0000a34a       _JVM_ConstantPoolGetMethodAtIfLoaded@16 1000b34a f   jvm:jvm.dll
 0001:0000a350       _JVM_ConstantPoolGetFieldAt@16 1000b350 f   jvm:jvm.dll
 0001:0000a356       _JVM_ConstantPoolGetFieldAtIfLoaded@16 1000b356 f   jvm:jvm.dll
 0001:0000a35c       _JVM_ConstantPoolGetMemberRefInfoAt@16 1000b35c f   jvm:jvm.dll
 0001:0000a362       _JVM_ConstantPoolGetIntAt@16 1000b362 f   jvm:jvm.dll
 0001:0000a368       _JVM_ConstantPoolGetLongAt@16 1000b368 f   jvm:jvm.dll
 0001:0000a36e       _JVM_ConstantPoolGetFloatAt@16 1000b36e f   jvm:jvm.dll
 0001:0000a374       _JVM_ConstantPoolGetDoubleAt@16 1000b374 f   jvm:jvm.dll
 0001:0000a37a       _JVM_ConstantPoolGetStringAt@16 1000b37a f   jvm:jvm.dll
 0001:0000a380       _JVM_ConstantPoolGetUTF8At@16 1000b380 f   jvm:jvm.dll
 0001:0000a386       _JVM_MaxObjectInspectionAge@0 1000b386 f   jvm:jvm.dll
 0001:0000a38c       _JVM_InvokeMethod@16       1000b38c f   jvm:jvm.dll
 0001:0000a392       _JVM_NewInstanceFromConstructor@12 1000b392 f   jvm:jvm.dll
 0001:0000a398       _JVM_GetClassAccessFlags@8 1000b398 f   jvm:jvm.dll
 0001:0000a39e       _JVM_SupportsCX8@0         1000b39e f   jvm:jvm.dll
 0001:0000a3a4       _JVM_CX8Field@28           1000b3a4 f   jvm:jvm.dll
 0001:0000a3aa       _JVM_NativePath@4          1000b3aa f   jvm:jvm.dll
 0001:0000a3b0       _JVM_GetThreadInterruptEvent@0 1000b3b0 f   jvm:jvm.dll
 0001:0000a3b6       _JVM_Close@4               1000b3b6 f   jvm:jvm.dll
 0001:0000a3bc       _JVM_Open@12               1000b3bc f   jvm:jvm.dll
 0001:0000a3d0       _jcos                      1000b3d0 f   fdlibm:s_cos.obj
 0001:0000a4e0       _jsin                      1000b4e0 f   fdlibm:s_sin.obj
 0001:0000a5f0       _jtan                      1000b5f0 f   fdlibm:s_tan.obj
 0001:0000a690       _jasin                     1000b690 f   fdlibm:w_asin.obj
 0001:0000a6b0       _jacos                     1000b6b0 f   fdlibm:w_acos.obj
 0001:0000a6d0       _jatan                     1000b6d0 f   fdlibm:s_atan.obj
 0001:0000a900       _jexp                      1000b900 f   fdlibm:w_exp.obj
 0001:0000a920       _jlog                      1000b920 f   fdlibm:w_log.obj
 0001:0000a940       _jlog10                    1000b940 f   fdlibm:w_log10.obj
 0001:0000a960       _jsqrt                     1000b960 f   fdlibm:w_sqrt.obj
 0001:0000a980       _jcbrt                     1000b980 f   fdlibm:s_cbrt.obj
 0001:0000aab0       _jatan2                    1000bab0 f   fdlibm:w_atan2.obj
 0001:0000aad0       _jpow                      1000bad0 f   fdlibm:w_pow.obj
 0001:0000aaf0       _jremainder                1000baf0 f   fdlibm:w_remainder.obj
 0001:0000ab10       _jcosh                     1000bb10 f   fdlibm:w_cosh.obj
 0001:0000ab30       _jsinh                     1000bb30 f   fdlibm:w_sinh.obj
 0001:0000ab50       _jtanh                     1000bb50 f   fdlibm:s_tanh.obj
 0001:0000ac80       _jhypot                    1000bc80 f   fdlibm:w_hypot.obj
 0001:0000aca0       _jlog1p                    1000bca0 f   fdlibm:s_log1p.obj
 0001:0000afc0       _jexpm1                    1000bfc0 f   fdlibm:s_expm1.obj
 0001:0000b330       ___kernel_sin              1000c330 f   fdlibm:k_sin.obj
 0001:0000b3e0       ___ieee754_rem_pio2        1000c3e0 f   fdlibm:e_rem_pio2.obj
 0001:0000b7a0       ___kernel_cos              1000c7a0 f   fdlibm:k_cos.obj
 0001:0000b8a0       ___kernel_tan              1000c8a0 f   fdlibm:k_tan.obj
 0001:0000bb10       ___ieee754_asin            1000cb10 f   fdlibm:e_asin.obj
 0001:0000bd80       ___ieee754_acos            1000cd80 f   fdlibm:e_acos.obj
 0001:0000c020       _jfabs                     1000d020 f   fdlibm:s_fabs.obj
 0001:0000c040       ___ieee754_exp             1000d040 f   fdlibm:e_exp.obj
 0001:0000c280       ___ieee754_log             1000d280 f   fdlibm:e_log.obj
 0001:0000c520       ___ieee754_log10           1000d520 f   fdlibm:e_log10.obj
 0001:0000c640       ___ieee754_sqrt            1000d640 f   fdlibm:e_sqrt.obj
 0001:0000c990       ___ieee754_atan2           1000d990 f   fdlibm:e_atan2.obj
 0001:0000ccb0       ___ieee754_pow             1000dcb0 f   fdlibm:e_pow.obj
 0001:0000d850       ___ieee754_remainder       1000e850 f   fdlibm:e_remainder.obj
 0001:0000d9d0       ___ieee754_cosh            1000e9d0 f   fdlibm:e_cosh.obj
 0001:0000db40       ___ieee754_sinh            1000eb40 f   fdlibm:e_sinh.obj
 0001:0000dcb0       ___ieee754_hypot           1000ecb0 f   fdlibm:e_hypot.obj
 0001:0000df30       ___kernel_rem_pio2         1000ef30 f   fdlibm:k_rem_pio2.obj
 0001:0000ea10       _scalbn                    1000fa10 f   fdlibm:s_scalbn.obj
 0001:0000eb80       ___ieee754_fmod            1000fb80 f   fdlibm:e_fmod.obj
 0001:0000efd0       _jfloor                    1000ffd0 f   fdlibm:s_floor.obj
 0001:0000f170       _copysign                  10010170 f   fdlibm:s_copysign.obj
 0001:0000f18e       _VerifyClassname           1001018e f   verify:verify.dll
 0001:0000f194       _VerifyFixClassname        10010194 f   verify:verify.dll
 0001:0000f1a0       __allshr                   100101a0 f   MSVCRT:llshr.obj
 0001:0000f1d0       __allmul                   100101d0 f   MSVCRT:llmul.obj
 0001:0000f204       _strlen                    10010204 f   MSVCRT:MSVCR71.dll
 0001:0000f210       __alloca_probe             10010210     MSVCRT:chkstk.obj
 0001:0000f210       __chkstk                   10010210 f   MSVCRT:chkstk.obj
 0001:0000f24e       _strcmp                    1001024e f   MSVCRT:MSVCR71.dll
 0001:0000f254       _strcpy                    10010254 f   MSVCRT:MSVCR71.dll
 0001:0000f25a       _memset                    1001025a f   MSVCRT:MSVCR71.dll
 0001:0000f260       _strcat                    10010260 f   MSVCRT:MSVCR71.dll
 0001:0000f270       __alldiv                   10010270 f   MSVCRT:lldiv.obj
 0001:0000f31a       _memcmp                    1001031a f   MSVCRT:MSVCR71.dll
 0001:0000f320       __CRT_INIT@12              10010320 f   MSVCRT:crtdll.obj
 0001:0000f3de       __DllMainCRTStartup@12     100103de f   MSVCRT:crtdll.obj
 0001:0000f4c4       __ftol2                    100104c4 f   MSVCRT:ftol2.obj
 0001:0000f53a       __initterm                 1001053a f   MSVCRT:MSVCR71.dll
 0001:0000f540       __onexit                   10010540 f   MSVCRT:atonexit.obj
 0001:0000f566       _atexit                    10010566 f   MSVCRT:atonexit.obj
 0001:0000f578       __RTC_Initialize           10010578 f   MSVCRT:initsect.obj
 0001:0000f5bc       __RTC_Terminate            100105bc f   MSVCRT:initsect.obj
 0001:0000f600       ___CppXcptFilter           10010600 f   MSVCRT:MSVCR71.dll
 0001:0000f606       _DllMain@12                10010606 f   MSVCRT:dllmain.obj
 0001:0000f628       __SEH_prolog               10010628 f   MSVCRT:sehprolg.obj
 0001:0000f663       __SEH_epilog               10010663 f   MSVCRT:sehprolg.obj
 0001:0000f674       __except_handler3          10010674 f   MSVCRT:MSVCR71.dll
 0001:0000f67a       ___dllonexit               1001067a f   MSVCRT:MSVCR71.dll
 0002:00000000       __imp__RegFlushKey@4       10011000     advapi32:ADVAPI32.dll
 0002:00000004       __imp__RegEnumValueA@32    10011004     advapi32:ADVAPI32.dll
 0002:00000008       __imp__RegDeleteValueA@8   10011008     advapi32:ADVAPI32.dll
 0002:0000000c       __imp__RegSetValueExA@24   1001100c     advapi32:ADVAPI32.dll
 0002:00000010       __imp__RegDeleteKeyA@8     10011010     advapi32:ADVAPI32.dll
 0002:00000014       __imp__RegCreateKeyExA@36  10011014     advapi32:ADVAPI32.dll
 0002:00000018       __imp__RegQueryInfoKeyA@48 10011018     advapi32:ADVAPI32.dll
 0002:0000001c       __imp__RegEnumKeyExA@32    1001101c     advapi32:ADVAPI32.dll
 0002:00000020       __imp__RegOpenKeyExW@20    10011020     advapi32:ADVAPI32.dll
 0002:00000024       __imp__RegQueryValueExW@24 10011024     advapi32:ADVAPI32.dll
 0002:00000028       __imp__GetUserNameA@8      10011028     advapi32:ADVAPI32.dll
 0002:0000002c       __imp__RegOpenKeyExA@20    1001102c     advapi32:ADVAPI32.dll
 0002:00000030       __imp__RegQueryValueExA@24 10011030     advapi32:ADVAPI32.dll
 0002:00000034       __imp__RegCloseKey@4       10011034     advapi32:ADVAPI32.dll
 0002:00000038       \177ADVAPI32_NULL_THUNK_DATA 10011038     advapi32:ADVAPI32.dll
 0002:0000003c       __imp__GetFileTime@16      1001103c     kernel32:KERNEL32.dll
 0002:00000040       __imp__GetFileAttributesW@4 10011040     kernel32:KERNEL32.dll
 0002:00000044       __imp__SetFileAttributesW@8 10011044     kernel32:KERNEL32.dll
 0002:00000048       __imp__GetFileAttributesExW@12 10011048     kernel32:KERNEL32.dll
 0002:0000004c       __imp__GetFullPathNameW@16 1001104c     kernel32:KERNEL32.dll
 0002:00000050       __imp__GetDiskFreeSpaceExA@16 10011050     kernel32:KERNEL32.dll
 0002:00000054       __imp__GetLogicalDrives@0  10011054     kernel32:KERNEL32.dll
 0002:00000058       __imp__SetFileTime@16      10011058     kernel32:KERNEL32.dll
 0002:0000005c       __imp__RemoveDirectoryA@4  1001105c     kernel32:KERNEL32.dll
 0002:00000060       __imp__DeleteFileA@4       10011060     kernel32:KERNEL32.dll
 0002:00000064       __imp__SetLastError@4      10011064     kernel32:KERNEL32.dll
 0002:00000068       __imp__FindFirstFileA@8    10011068     kernel32:KERNEL32.dll
 0002:0000006c       __imp__FindClose@4         1001106c     kernel32:KERNEL32.dll
 0002:00000070       __imp__GetFileAttributesA@4 10011070     kernel32:KERNEL32.dll
 0002:00000074       __imp__SetFileAttributesA@8 10011074     kernel32:KERNEL32.dll
 0002:00000078       __imp__GetFileAttributesExA@12 10011078     kernel32:KERNEL32.dll
 0002:0000007c       __imp__GetFullPathNameA@16 1001107c     kernel32:KERNEL32.dll
 0002:00000080       __imp__TerminateProcess@8  10011080     kernel32:KERNEL32.dll
 0002:00000084       __imp__WaitForMultipleObjects@16 10011084     kernel32:KERNEL32.dll
 0002:00000088       __imp__GetExitCodeProcess@8 10011088     kernel32:KERNEL32.dll
 0002:0000008c       __imp__CreatePipe@16       1001108c     kernel32:KERNEL32.dll
 0002:00000090       __imp__SetHandleInformation@12 10011090     kernel32:KERNEL32.dll
 0002:00000094       __imp__CreateProcessA@40   10011094     kernel32:KERNEL32.dll
 0002:00000098       __imp__SearchPathA@24      10011098     kernel32:KERNEL32.dll
 0002:0000009c       __imp__GetTempPathA@8      1001109c     kernel32:KERNEL32.dll
 0002:000000a0       __imp__GetUserDefaultLCID@0 100110a0     kernel32:KERNEL32.dll
 0002:000000a4       __imp__GetSystemDefaultLCID@0 100110a4     kernel32:KERNEL32.dll
 0002:000000a8       __imp__GetCurrentDirectoryA@8 100110a8     kernel32:KERNEL32.dll
 0002:000000ac       __imp__GetSystemInfo@4     100110ac     kernel32:KERNEL32.dll
 0002:000000b0       __imp__FreeLibrary@4       100110b0     kernel32:KERNEL32.dll
 0002:000000b4       __imp__LoadLibraryA@4      100110b4     kernel32:KERNEL32.dll
 0002:000000b8       __imp__MultiByteToWideChar@24 100110b8     kernel32:KERNEL32.dll
 0002:000000bc       __imp__IsValidCodePage@4   100110bc     kernel32:KERNEL32.dll
 0002:000000c0       __imp__GetWindowsDirectoryA@8 100110c0     kernel32:KERNEL32.dll
 0002:000000c4       __imp__GetProcAddress@8    100110c4     kernel32:KERNEL32.dll
 0002:000000c8       __imp__GetModuleHandleA@4  100110c8     kernel32:KERNEL32.dll
 0002:000000cc       __imp__GetModuleFileNameA@12 100110cc     kernel32:KERNEL32.dll
 0002:000000d0       __imp__CloseHandle@4       100110d0     kernel32:KERNEL32.dll
 0002:000000d4       __imp__WriteFile@20        100110d4     kernel32:KERNEL32.dll
 0002:000000d8       __imp__ReadFile@20         100110d8     kernel32:KERNEL32.dll
 0002:000000dc       __imp__GetFileSize@8       100110dc     kernel32:KERNEL32.dll
 0002:000000e0       __imp__SetFilePointer@16   100110e0     kernel32:KERNEL32.dll
 0002:000000e4       __imp__SetEndOfFile@4      100110e4     kernel32:KERNEL32.dll
 0002:000000e8       __imp__FlushFileBuffers@4  100110e8     kernel32:KERNEL32.dll
 0002:000000ec       __imp__GetNumberOfConsoleInputEvents@8 100110ec     kernel32:KERNEL32.dll
 0002:000000f0       __imp__PeekConsoleInputA@16 100110f0     kernel32:KERNEL32.dll
 0002:000000f4       __imp__PeekNamedPipe@24    100110f4     kernel32:KERNEL32.dll
 0002:000000f8       __imp__CreateFileW@28      100110f8     kernel32:KERNEL32.dll
 0002:000000fc       __imp__CreateFileA@28      100110fc     kernel32:KERNEL32.dll
 0002:00000100       __imp__GetLastError@0      10011100     kernel32:KERNEL32.dll
 0002:00000104       __imp__GetVersionExA@4     10011104     kernel32:KERNEL32.dll
 0002:00000108       __imp__GetEnvironmentStringsW@0 10011108     kernel32:KERNEL32.dll
 0002:0000010c       __imp__FreeEnvironmentStringsW@4 1001110c     kernel32:KERNEL32.dll
 0002:00000110       __imp__GetEnvironmentStrings@0 10011110     kernel32:KERNEL32.dll
 0002:00000114       __imp__FreeEnvironmentStringsA@4 10011114     kernel32:KERNEL32.dll
 0002:00000118       __imp__GetConsoleMode@8    10011118     kernel32:KERNEL32.dll
 0002:0000011c       __imp__SetConsoleMode@8    1001111c     kernel32:KERNEL32.dll
 0002:00000120       __imp__GetConsoleCP@0      10011120     kernel32:KERNEL32.dll
 0002:00000124       __imp__DeleteFileW@4       10011124     kernel32:KERNEL32.dll
 0002:00000128       __imp__GetFileType@4       10011128     kernel32:KERNEL32.dll
 0002:0000012c       __imp__DisableThreadLibraryCalls@4 1001112c     kernel32:KERNEL32.dll
 0002:00000130       __imp__SetErrorMode@4      10011130     kernel32:KERNEL32.dll
 0002:00000134       __imp__GetTimeZoneInformation@4 10011134     kernel32:KERNEL32.dll
 0002:00000138       __imp__FindNextFileA@8     10011138     kernel32:KERNEL32.dll
 0002:0000013c       __imp__GetStdHandle@4      1001113c     kernel32:KERNEL32.dll
 0002:00000140       __imp__IsDBCSLeadByte@4    10011140     kernel32:KERNEL32.dll
 0002:00000144       __imp__GetDiskFreeSpaceExW@16 10011144     kernel32:KERNEL32.dll
 0002:00000148       __imp__CreateDirectoryW@8  10011148     kernel32:KERNEL32.dll
 0002:0000014c       __imp__FindFirstFileW@8    1001114c     kernel32:KERNEL32.dll
 0002:00000150       __imp__FindNextFileW@8     10011150     kernel32:KERNEL32.dll
 0002:00000154       __imp__RemoveDirectoryW@4  10011154     kernel32:KERNEL32.dll
 0002:00000158       \177KERNEL32_NULL_THUNK_DATA 10011158     kernel32:KERNEL32.dll
 0002:0000015c       __imp___fullpath           1001115c     MSVCRT:MSVCR71.dll
 0002:00000160       __imp__toupper             10011160     MSVCRT:MSVCR71.dll
 0002:00000164       __imp__wcschr              10011164     MSVCRT:MSVCR71.dll
 0002:00000168       __imp__iswctype            10011168     MSVCRT:MSVCR71.dll
 0002:0000016c       __imp___wrename            1001116c     MSVCRT:MSVCR71.dll
 0002:00000170       __imp___errno              10011170     MSVCRT:MSVCR71.dll
 0002:00000174       __imp__wcscat              10011174     MSVCRT:MSVCR71.dll
 0002:00000178       __imp___wstati64           10011178     MSVCRT:MSVCR71.dll
 0002:0000017c       __imp___waccess            1001117c     MSVCRT:MSVCR71.dll
 0002:00000180       __imp___wcsicmp            10011180     MSVCRT:MSVCR71.dll
 0002:00000184       __imp___wcsupr             10011184     MSVCRT:MSVCR71.dll
 0002:00000188       __imp__wcscmp              10011188     MSVCRT:MSVCR71.dll
 0002:0000018c       __imp__wcsncmp             1001118c     MSVCRT:MSVCR71.dll
 0002:00000190       __imp___getdcwd            10011190     MSVCRT:MSVCR71.dll
 0002:00000194       __imp__isalpha             10011194     MSVCRT:MSVCR71.dll
 0002:00000198       __imp__rename              10011198     MSVCRT:MSVCR71.dll
 0002:0000019c       __imp___stati64            1001119c     MSVCRT:MSVCR71.dll
 0002:000001a0       __imp___strupr             100111a0     MSVCRT:MSVCR71.dll
 0002:000001a4       __imp__strncmp             100111a4     MSVCRT:MSVCR71.dll
 0002:000001a8       __imp___open               100111a8     MSVCRT:MSVCR71.dll
 0002:000001ac       __imp___read               100111ac     MSVCRT:MSVCR71.dll
 0002:000001b0       __imp___lseek              100111b0     MSVCRT:MSVCR71.dll
 0002:000001b4       __imp___close              100111b4     MSVCRT:MSVCR71.dll
 0002:000001b8       __imp__strchr              100111b8     MSVCRT:MSVCR71.dll
 0002:000001bc       __imp__getenv              100111bc     MSVCRT:MSVCR71.dll
 0002:000001c0       __imp__strcat              100111c0     MSVCRT:MSVCR71.dll
 0002:000001c4       __imp__fopen               100111c4     MSVCRT:MSVCR71.dll
 0002:000001c8       __imp__fclose              100111c8     MSVCRT:MSVCR71.dll
 0002:000001cc       __imp__atoi                100111cc     MSVCRT:MSVCR71.dll
 0002:000001d0       __imp__memset              100111d0     MSVCRT:MSVCR71.dll
 0002:000001d4       __imp__wcstombs            100111d4     MSVCRT:MSVCR71.dll
 0002:000001d8       __imp__mbstowcs            100111d8     MSVCRT:MSVCR71.dll
 0002:000001dc       __imp__calloc              100111dc     MSVCRT:MSVCR71.dll
 0002:000001e0       __imp__setlocale           100111e0     MSVCRT:MSVCR71.dll
 0002:000001e4       __imp__strrchr             100111e4     MSVCRT:MSVCR71.dll
 0002:000001e8       __imp__strcpy              100111e8     MSVCRT:MSVCR71.dll
 0002:000001ec       __imp___iob                100111ec     MSVCRT:MSVCR71.dll
 0002:000001f0       __imp__fprintf             100111f0     MSVCRT:MSVCR71.dll
 0002:000001f4       __imp__strcmp              100111f4     MSVCRT:MSVCR71.dll
 0002:000001f8       __imp___wfullpath          100111f8     MSVCRT:MSVCR71.dll
 0002:000001fc       __imp__wcscpy              100111fc     MSVCRT:MSVCR71.dll
 0002:00000200       __imp___wgetdcwd           10011200     MSVCRT:MSVCR71.dll
 0002:00000204       __imp__wcslen              10011204     MSVCRT:MSVCR71.dll
 0002:00000208       __imp___wgetcwd            10011208     MSVCRT:MSVCR71.dll
 0002:0000020c       __imp__towupper            1001120c     MSVCRT:MSVCR71.dll
 0002:00000210       __imp___getdrive           10011210     MSVCRT:MSVCR71.dll
 0002:00000214       __imp__memcmp              10011214     MSVCRT:MSVCR71.dll
 0002:00000218       __imp__strncpy             10011218     MSVCRT:MSVCR71.dll
 0002:0000021c       __imp__fgets               1001121c     MSVCRT:MSVCR71.dll
 0002:00000220       __imp___initterm           10011220     MSVCRT:MSVCR71.dll
 0002:00000224       __imp____CppXcptFilter     10011224     MSVCRT:MSVCR71.dll
 0002:00000228       __imp___except_handler3    10011228     MSVCRT:MSVCR71.dll
 0002:0000022c       __imp____dllonexit         1001122c     MSVCRT:MSVCR71.dll
 0002:00000230       __imp___mkdir              10011230     MSVCRT:MSVCR71.dll
 0002:00000230       __imp__mkdir               10011230     MSVCRT:MSVCR71.dll
 0002:00000234       __imp___onexit             10011234     MSVCRT:MSVCR71.dll
 0002:00000238       __imp__strdup              10011238     MSVCRT:MSVCR71.dll
 0002:00000238       __imp___strdup             10011238     MSVCRT:MSVCR71.dll
 0002:0000023c       __imp__access              1001123c     MSVCRT:MSVCR71.dll
 0002:0000023c       __imp___access             1001123c     MSVCRT:MSVCR71.dll
 0002:00000240       __imp___adjust_fdiv        10011240     MSVCRT:MSVCR71.dll
 0002:00000244       __imp__free                10011244     MSVCRT:MSVCR71.dll
 0002:00000248       __imp__malloc              10011248     MSVCRT:MSVCR71.dll
 0002:0000024c       __imp___assert             1001124c     MSVCRT:MSVCR71.dll
 0002:00000250       __imp__sprintf             10011250     MSVCRT:MSVCR71.dll
 0002:00000254       __imp__strlen              10011254     MSVCRT:MSVCR71.dll
 0002:00000258       \177MSVCR71_NULL_THUNK_DATA 10011258     MSVCRT:MSVCR71.dll
 0002:0000025c       __imp__JVM_ActiveProcessorCount@0 1001125c     jvm:jvm.dll
 0002:00000260       __imp__JVM_GetStackAccessControlContext@8 10011260     jvm:jvm.dll
 0002:00000264       __imp__JVM_GetInheritedAccessControlContext@8 10011264     jvm:jvm.dll
 0002:00000268       __imp__JVM_GetArrayLength@8 10011268     jvm:jvm.dll
 0002:0000026c       __imp__JVM_GetArrayElement@12 1001126c     jvm:jvm.dll
 0002:00000270       __imp__JVM_Open@12         10011270     jvm:jvm.dll
 0002:00000274       __imp__JVM_Close@4         10011274     jvm:jvm.dll
 0002:00000278       __imp__JVM_GetThreadInterruptEvent@0 10011278     jvm:jvm.dll
 0002:0000027c       __imp__JVM_NativePath@4    1001127c     jvm:jvm.dll
 0002:00000280       __imp__JVM_CX8Field@28     10011280     jvm:jvm.dll
 0002:00000284       __imp__JVM_SupportsCX8@0   10011284     jvm:jvm.dll
 0002:00000288       __imp__JVM_GetClassAccessFlags@8 10011288     jvm:jvm.dll
 0002:0000028c       __imp__JVM_NewInstanceFromConstructor@12 1001128c     jvm:jvm.dll
 0002:00000290       __imp__JVM_InvokeMethod@16 10011290     jvm:jvm.dll
 0002:00000294       __imp__JVM_MaxObjectInspectionAge@0 10011294     jvm:jvm.dll
 0002:00000298       __imp__JVM_ConstantPoolGetUTF8At@16 10011298     jvm:jvm.dll
 0002:0000029c       __imp__JVM_ConstantPoolGetStringAt@16 1001129c     jvm:jvm.dll
 0002:000002a0       __imp__JVM_ConstantPoolGetDoubleAt@16 100112a0     jvm:jvm.dll
 0002:000002a4       __imp__JVM_ConstantPoolGetFloatAt@16 100112a4     jvm:jvm.dll
 0002:000002a8       __imp__JVM_ConstantPoolGetLongAt@16 100112a8     jvm:jvm.dll
 0002:000002ac       __imp__JVM_ConstantPoolGetIntAt@16 100112ac     jvm:jvm.dll
 0002:000002b0       __imp__JVM_ConstantPoolGetMemberRefInfoAt@16 100112b0     jvm:jvm.dll
 0002:000002b4       __imp__JVM_ConstantPoolGetFieldAtIfLoaded@16 100112b4     jvm:jvm.dll
 0002:000002b8       __imp__JVM_ConstantPoolGetFieldAt@16 100112b8     jvm:jvm.dll
 0002:000002bc       __imp__JVM_ConstantPoolGetMethodAtIfLoaded@16 100112bc     jvm:jvm.dll
 0002:000002c0       __imp__JVM_ConstantPoolGetMethodAt@16 100112c0     jvm:jvm.dll
 0002:000002c4       __imp__JVM_ConstantPoolGetClassAtIfLoaded@16 100112c4     jvm:jvm.dll
 0002:000002c8       __imp__JVM_ConstantPoolGetClassAt@16 100112c8     jvm:jvm.dll
 0002:000002cc       __imp__JVM_ConstantPoolGetSize@12 100112cc     jvm:jvm.dll
 0002:000002d0       __imp__JVM_GetCallerClass@8 100112d0     jvm:jvm.dll
 0002:000002d4       __imp__JVM_GetInterfaceVersion@0 100112d4     jvm:jvm.dll
 0002:000002d8       __imp__jio_vfprintf        100112d8     jvm:jvm.dll
 0002:000002dc       __imp__jio_vsnprintf       100112dc     jvm:jvm.dll
 0002:000002e0       __imp__JVM_GetLastErrorString@8 100112e0     jvm:jvm.dll
 0002:000002e4       __imp__JVM_RaiseSignal@4   100112e4     jvm:jvm.dll
 0002:000002e8       __imp__JVM_RegisterSignal@8 100112e8     jvm:jvm.dll
 0002:000002ec       __imp__JVM_FindSignal@4    100112ec     jvm:jvm.dll
 0002:000002f0       __imp__JVM_GetStackTraceElement@12 100112f0     jvm:jvm.dll
 0002:000002f4       __imp__JVM_GetStackTraceDepth@8 100112f4     jvm:jvm.dll
 0002:000002f8       __imp__JVM_FillInStackTrace@8 100112f8     jvm:jvm.dll
 0002:000002fc       __imp__JVM_StartThread@8   100112fc     jvm:jvm.dll
 0002:00000300       __imp__JVM_StopThread@12   10011300     jvm:jvm.dll
 0002:00000304       __imp__JVM_IsThreadAlive@8 10011304     jvm:jvm.dll
 0002:00000308       __imp__JVM_SuspendThread@8 10011308     jvm:jvm.dll
 0002:0000030c       __imp__JVM_ResumeThread@8  1001130c     jvm:jvm.dll
 0002:00000310       __imp__JVM_SetThreadPriority@12 10011310     jvm:jvm.dll
 0002:00000314       __imp__JVM_Yield@8         10011314     jvm:jvm.dll
 0002:00000318       __imp__JVM_Sleep@16        10011318     jvm:jvm.dll
 0002:0000031c       __imp__JVM_CurrentThread@8 1001131c     jvm:jvm.dll
 0002:00000320       __imp__JVM_CountStackFrames@8 10011320     jvm:jvm.dll
 0002:00000324       __imp__JVM_Interrupt@8     10011324     jvm:jvm.dll
 0002:00000328       __imp__JVM_IsInterrupted@12 10011328     jvm:jvm.dll
 0002:0000032c       __imp__JVM_HoldsLock@12    1001132c     jvm:jvm.dll
 0002:00000330       __imp__JVM_GetAllThreads@8 10011330     jvm:jvm.dll
 0002:00000334       __imp__JVM_DumpThreads@12  10011334     jvm:jvm.dll
 0002:00000338       __imp__JVM_InitProperties@8 10011338     jvm:jvm.dll
 0002:0000033c       __imp__JVM_CurrentTimeMillis@8 1001133c     jvm:jvm.dll
 0002:00000340       __imp__JVM_NanoTime@8      10011340     jvm:jvm.dll
 0002:00000344       __imp__JVM_ArrayCopy@28    10011344     jvm:jvm.dll
 0002:00000348       __imp__JVM_Halt@4          10011348     jvm:jvm.dll
 0002:0000034c       __imp__JVM_ClassLoaderDepth@4 1001134c     jvm:jvm.dll
 0002:00000350       __imp__JVM_ClassDepth@8    10011350     jvm:jvm.dll
 0002:00000354       __imp__JVM_CurrentClassLoader@4 10011354     jvm:jvm.dll
 0002:00000358       __imp__JVM_CurrentLoadedClass@4 10011358     jvm:jvm.dll
 0002:0000035c       __imp__JVM_DoPrivileged@20 1001135c     jvm:jvm.dll
 0002:00000360       __imp__JVM_TraceMethodCalls@4 10011360     jvm:jvm.dll
 0002:00000364       __imp__JVM_TraceInstructions@4 10011364     jvm:jvm.dll
 0002:00000368       __imp__JVM_GC@0            10011368     jvm:jvm.dll
 0002:0000036c       __imp__JVM_MaxMemory@0     1001136c     jvm:jvm.dll
 0002:00000370       __imp__JVM_TotalMemory@0   10011370     jvm:jvm.dll
 0002:00000374       __imp__JVM_FreeMemory@0    10011374     jvm:jvm.dll
 0002:00000378       __imp__JVM_GetClassContext@4 10011378     jvm:jvm.dll
 0002:0000037c       __imp__JVM_GetSystemPackages@4 1001137c     jvm:jvm.dll
 0002:00000380       __imp__JVM_GetSystemPackage@8 10011380     jvm:jvm.dll
 0002:00000384       __imp__JVM_LatestUserDefinedLoader@4 10011384     jvm:jvm.dll
 0002:00000388       __imp__JVM_IsNaN@8         10011388     jvm:jvm.dll
 0002:0000038c       __imp__JVM_IHashCode@8     1001138c     jvm:jvm.dll
 0002:00000390       __imp__JVM_MonitorWait@16  10011390     jvm:jvm.dll
 0002:00000394       __imp__JVM_MonitorNotify@8 10011394     jvm:jvm.dll
 0002:00000398       __imp__JVM_MonitorNotifyAll@8 10011398     jvm:jvm.dll
 0002:0000039c       __imp__JVM_Clone@8         1001139c     jvm:jvm.dll
 0002:000003a0       __imp__JVM_CompileClass@12 100113a0     jvm:jvm.dll
 0002:000003a4       __imp__JVM_CompileClasses@12 100113a4     jvm:jvm.dll
 0002:000003a8       __imp__JVM_CompilerCommand@12 100113a8     jvm:jvm.dll
 0002:000003ac       __imp__JVM_EnableCompiler@8 100113ac     jvm:jvm.dll
 0002:000003b0       __imp__JVM_DisableCompiler@8 100113b0     jvm:jvm.dll
 0002:000003b4       __imp__JVM_LoadLibrary@4   100113b4     jvm:jvm.dll
 0002:000003b8       __imp__JVM_FindLibraryEntry@8 100113b8     jvm:jvm.dll
 0002:000003bc       __imp__JVM_IsSupportedJNIVersion@4 100113bc     jvm:jvm.dll
 0002:000003c0       __imp__JVM_UnloadLibrary@4 100113c0     jvm:jvm.dll
 0002:000003c4       __imp__JVM_FindLoadedClass@12 100113c4     jvm:jvm.dll
 0002:000003c8       __imp__JVM_FindClassFromBootLoader@8 100113c8     jvm:jvm.dll
 0002:000003cc       __imp__JVM_ResolveClass@8  100113cc     jvm:jvm.dll
 0002:000003d0       __imp__JVM_DefineClassWithSourceCond@32 100113d0     jvm:jvm.dll
 0002:000003d4       __imp__JVM_AssertionStatusDirectives@8 100113d4     jvm:jvm.dll
 0002:000003d8       __imp__JVM_FindPrimitiveClass@8 100113d8     jvm:jvm.dll
 0002:000003dc       __imp__JVM_FindClassFromClassLoader@20 100113dc     jvm:jvm.dll
 0002:000003e0       __imp__JVM_GetClassName@8  100113e0     jvm:jvm.dll
 0002:000003e4       __imp__JVM_GetClassInterfaces@8 100113e4     jvm:jvm.dll
 0002:000003e8       __imp__JVM_GetClassLoader@8 100113e8     jvm:jvm.dll
 0002:000003ec       __imp__JVM_IsInterface@8   100113ec     jvm:jvm.dll
 0002:000003f0       __imp__JVM_GetClassSigners@8 100113f0     jvm:jvm.dll
 0002:000003f4       __imp__JVM_SetClassSigners@12 100113f4     jvm:jvm.dll
 0002:000003f8       __imp__JVM_IsArrayClass@8  100113f8     jvm:jvm.dll
 0002:000003fc       __imp__JVM_IsPrimitiveClass@8 100113fc     jvm:jvm.dll
 0002:00000400       __imp__JVM_GetComponentType@8 10011400     jvm:jvm.dll
 0002:00000404       __imp__JVM_GetClassModifiers@8 10011404     jvm:jvm.dll
 0002:00000408       __imp__JVM_GetClassDeclaredFields@12 10011408     jvm:jvm.dll
 0002:0000040c       __imp__JVM_GetClassDeclaredMethods@12 1001140c     jvm:jvm.dll
 0002:00000410       __imp__JVM_GetClassDeclaredConstructors@12 10011410     jvm:jvm.dll
 0002:00000414       __imp__JVM_GetProtectionDomain@8 10011414     jvm:jvm.dll
 0002:00000418       __imp__JVM_SetProtectionDomain@12 10011418     jvm:jvm.dll
 0002:0000041c       __imp__JVM_GetDeclaredClasses@8 1001141c     jvm:jvm.dll
 0002:00000420       __imp__JVM_GetDeclaringClass@8 10011420     jvm:jvm.dll
 0002:00000424       __imp__JVM_GetClassSignature@8 10011424     jvm:jvm.dll
 0002:00000428       __imp__JVM_GetClassAnnotations@8 10011428     jvm:jvm.dll
 0002:0000042c       __imp__JVM_GetClassConstantPool@8 1001142c     jvm:jvm.dll
 0002:00000430       __imp__JVM_DesiredAssertionStatus@12 10011430     jvm:jvm.dll
 0002:00000434       __imp__JVM_GetEnclosingMethodInfo@8 10011434     jvm:jvm.dll
 0002:00000438       __imp__JVM_InternString@8  10011438     jvm:jvm.dll
 0002:0000043c       __imp__JVM_NewMultiArray@12 1001143c     jvm:jvm.dll
 0002:00000440       __imp__JVM_NewArray@12     10011440     jvm:jvm.dll
 0002:00000444       __imp__JVM_SetPrimitiveArrayElement@24 10011444     jvm:jvm.dll
 0002:00000448       __imp__JVM_SetArrayElement@16 10011448     jvm:jvm.dll
 0002:0000044c       __imp__JVM_GetPrimitiveArrayElement@16 1001144c     jvm:jvm.dll
 0002:00000450       \177jvm_NULL_THUNK_DATA    10011450     jvm:jvm.dll
 0002:00000454       __imp__VerifyFixClassname  10011454     verify:verify.dll
 0002:00000458       __imp__VerifyClass         10011458     verify:verify.dll
 0002:0000045c       __imp__VerifyClassForMajorVersion 1001145c     verify:verify.dll
 0002:00000460       __imp__VerifyClassname     10011460     verify:verify.dll
 0002:00000464       \177verify_NULL_THUNK_DATA 10011464     verify:verify.dll
 0002:0000048c       ??_C@_0BE@OLDEPMPN@getEnclosingMethod0?$AA@ 1001148c     Class.obj
 0002:000004a0       ??_C@_0BF@CBMAAKJJ@?$CILjava?1lang?1Class?$DL?$CJZ?$AA@ 100114a0     Class.obj
 0002:000004b8       ??_C@_0BI@EOEBGMEG@desiredAssertionStatus0?$AA@ 100114b8     Class.obj
 0002:000004d0       ??_C@_0BN@EKDNFIIL@?$CI?$CJLsun?1reflect?1ConstantPool?$DL?$AA@ 100114d0     Class.obj
 0002:000004f0       ??_C@_0BA@DLHKEBGM@getConstantPool?$AA@ 100114f0     Class.obj
 0002:00000500       ??_C@_04LHPAGAEF@?$CI?$CJ?$FLB?$AA@ 10011500     Class.obj
 0002:00000508       ??_C@_0BC@CDJDGCDH@getRawAnnotations?$AA@ 10011508     Class.obj
 0002:0000051c       ??_C@_0BE@OJJGIBIL@getGenericSignature?$AA@ 1001151c     Class.obj
 0002:00000530       ??_C@_0BC@NIOCLLEN@getDeclaringClass?$AA@ 10011530     Class.obj
 0002:00000544       ??_C@_0BE@CIFNAIBM@getDeclaredClasses0?$AA@ 10011544     Class.obj
 0002:00000558       ??_C@_0CE@CLEPEBBH@?$CILjava?1security?1ProtectionDomain@ 10011558     Class.obj
 0002:0000057c       ??_C@_0BF@HPMCPDCB@setProtectionDomain0?$AA@ 1001157c     Class.obj
 0002:00000594       ??_C@_0CD@LEMBAENN@?$CI?$CJLjava?1security?1ProtectionDomai@ 10011594     Class.obj
 0002:000005b8       ??_C@_0BF@CGNPOFHG@getProtectionDomain0?$AA@ 100115b8     Class.obj
 0002:000005d0       ??_C@_0CE@FDMOFPI@?$CIZ?$CJ?$FLLjava?1lang?1reflect?1Construct@ 100115d0     Class.obj
 0002:000005f4       ??_C@_0BJ@KLPKFLFA@getDeclaredConstructors0?$AA@ 100115f4     Class.obj
 0002:00000610       ??_C@_0BP@IIIKNIKA@?$CIZ?$CJ?$FLLjava?1lang?1reflect?1Method?$DL?$AA@ 10011610     Class.obj
 0002:00000630       ??_C@_0BE@LOILJEHC@getDeclaredMethods0?$AA@ 10011630     Class.obj
 0002:00000644       ??_C@_0BO@KFNILMGC@?$CIZ?$CJ?$FLLjava?1lang?1reflect?1Field?$DL?$AA@ 10011644     Class.obj
 0002:00000664       ??_C@_0BD@BEKBHNDA@getDeclaredFields0?$AA@ 10011664     Class.obj
 0002:00000678       ??_C@_03KNBKCOBB@?$CI?$CJI?$AA@ 10011678     Class.obj
 0002:0000067c       ??_C@_0N@MKAAFCEB@getModifiers?$AA@ 1001167c     Class.obj
 0002:0000068c       ??_C@_0BB@GHIIKNJ@getComponentType?$AA@ 1001168c     Class.obj
 0002:000006a0       ??_C@_0M@DJOEILEB@isPrimitive?$AA@ 100116a0     Class.obj
 0002:000006ac       ??_C@_07LJDBDAGJ@isArray?$AA@ 100116ac     Class.obj
 0002:000006b4       ??_C@_0BH@JBNAJHIH@?$CI?$FLLjava?1lang?1Object?$DL?$CJV?$AA@ 100116b4     Class.obj
 0002:000006cc       ??_C@_0L@MANCLNOL@setSigners?$AA@ 100116cc     Class.obj
 0002:000006d8       ??_C@_0BG@PFDHKCPA@?$CI?$CJ?$FLLjava?1lang?1Object?$DL?$AA@ 100116d8     Class.obj
 0002:000006f0       ??_C@_0L@NOPNAKKC@getSigners?$AA@ 100116f0     Class.obj
 0002:000006fc       ??_C@_03MMPFGPID@?$CI?$CJZ?$AA@ 100116fc     Class.obj
 0002:00000700       ??_C@_0M@NAJCIFFF@isInterface?$AA@ 10011700     Class.obj
 0002:0000070c       ??_C@_0BK@JHGGPLEI@?$CI?$CJLjava?1lang?1ClassLoader?$DL?$AA@ 1001170c     Class.obj
 0002:00000728       ??_C@_0BA@BFIODJNB@getClassLoader0?$AA@ 10011728     Class.obj
 0002:00000738       ??_C@_0BF@BNKCIMJP@?$CI?$CJ?$FLLjava?1lang?1Class?$DL?$AA@ 10011738     Class.obj
 0002:00000750       ??_C@_0O@MGDOFHBD@getInterfaces?$AA@ 10011750     Class.obj
 0002:00000760       ??_C@_0BE@IIFEGCLG@?$CI?$CJLjava?1lang?1Class?$DL?$AA@ 10011760     Class.obj
 0002:00000774       ??_C@_0O@BCDKKCAE@getSuperclass?$AA@ 10011774     Class.obj
 0002:00000784       ??_C@_0BF@FOHFOJOB@?$CI?$CJLjava?1lang?1String?$DL?$AA@ 10011784     Class.obj
 0002:0000079c       ??_C@_08GIMOHINM@getName0?$AA@ 1001179c     Class.obj
 0002:000007a8       ??_C@_0CI@FCANAINE@?$CI?$CJLjava?1lang?1AssertionStatusDire@ 100117a8     ClassLoader.obj
 0002:000007d0       ??_C@_0BD@EELMJMNJ@retrieveDirectives?$AA@ 100117d0     ClassLoader.obj
 0002:000007e8       ??_C@_0EA@DPCBDDEK@?$CI?$CKenv?$CJ?9?$DOGetDirectBufferCapacity?$CI@ 100117e8     ClassLoader.obj
 0002:00000828       ??_C@_0M@BDGJDEJL@length?5?$DO?$DN?50?$AA@ 10011828     ClassLoader.obj
 0002:00000834       ??_C@_0N@LKIBCLDH@data?5?$CB?$DN?5NULL?$AA@ 10011834     ClassLoader.obj
 0002:00000844       ??_C@_0DC@LPFBFHHH@?4?4?1?4?4?1?4?4?1src?1share?1native?1java?1l@ 10011844     ClassLoader.obj
 0002:00000878       ??_C@_0L@FFGJFOPI@jniVersion?$AA@ 10011878     ClassLoader.obj
 0002:00000884       ??_C@_01JPJNBJEM@I?$AA@    10011884     ClassLoader.obj
 0002:00000888       ??_C@_06NCGDPKCC@handle?$AA@ 10011888     ClassLoader.obj
 0002:00000890       ??_C@_01LELAEKIP@J?$AA@    10011890     ClassLoader.obj
 0002:00000894       ??_C@_0CE@JCAGBDAJ@java?1lang?1ClassLoader$NativeLibr@ 10011894     ClassLoader.obj
 0002:000008b8       ??_C@_0BP@JABHMODJ@java?1lang?1UnsatisfiedLinkError?$AA@ 100118b8     ClassLoader.obj
 0002:000008d8       ??_C@_0CO@NLJCNFHA@unsupported?5JNI?5version?50x?$CF08X?5r@ 100118d8     ClassLoader.obj
 0002:00000908       ??_C@_0L@OIKEFKEO@JNI_OnLoad?$AA@ 10011908     ClassLoader.obj
 0002:00000914       ??_C@_0O@CNBBEDNA@_JNI_OnLoad?$EA8?$AA@ 10011914     ClassLoader.obj
 0002:00000924       ??_C@_0N@LLELHEHJ@JNI_OnUnload?$AA@ 10011924     ClassLoader.obj
 0002:00000934       ??_C@_0BA@LDELBKAG@_JNI_OnUnload?$EA8?$AA@ 10011934     ClassLoader.obj
 0002:00000944       ??_C@_07DBNODEFN@disable?$AA@ 10011944     Compiler.obj
 0002:0000094c       ??_C@_03GAEACAIP@?$CI?$CJV?$AA@ 1001194c     Compiler.obj
 0002:00000950       ??_C@_06OFNJOBDK@enable?$AA@ 10011950     Compiler.obj
 0002:00000958       ??_C@_0CH@JHKCBJOB@?$CILjava?1lang?1Object?$DL?$CJLjava?1lang?1O@ 10011958     Compiler.obj
 0002:00000980       ??_C@_07KMMNMMFF@command?$AA@ 10011980     Compiler.obj
 0002:00000988       ??_C@_0BG@CGIGLAGP@?$CILjava?1lang?1String?$DL?$CJZ?$AA@ 10011988     Compiler.obj
 0002:000009a0       ??_C@_0P@JPFPNCNC@compileClasses?$AA@ 100119a0     Compiler.obj
 0002:000009b0       ??_C@_0N@NOEGMNKO@compileClass?$AA@ 100119b0     Compiler.obj
 0002:000009c0       ??_C@_0BL@DHAIEGHH@Open?5Console?5output?5failed?$AA@ 100119c0     Console_md.obj
 0002:000009dc       ??_C@_0BK@PMJACEPK@Open?5Console?5input?5failed?$AA@ 100119dc     Console_md.obj
 0002:000009f8       ??_C@_04LDGHIPEL@cp?$CFd?$AA@ 100119f8     Console_md.obj
 0002:00000a00       ??_C@_04BOOCJOME@ms?$CFd?$AA@ 10011a00     Console_md.obj
 0002:00000a08       ??_C@_0BG@CBAKADNB@SetConsoleMode?5failed?$AA@ 10011a08     Console_md.obj
 0002:00000a20       ??_C@_0BG@NEFMNKJA@GetConsoleMode?5failed?$AA@ 10011a20     Console_md.obj
 0002:00000a38       ??_C@_0BI@JDGLJBJC@java?1io?1Win32FileSystem?$AA@ 10011a38     FileSystem_md.obj
 0002:00000a50       ??_C@_0BI@KJNMEEIA@java?1io?1WinNTFileSystem?$AA@ 10011a50     FileSystem_md.obj
 0002:00000a68       ??_C@_02ENHFDPNM@fd?$AA@   10011a68     FileDescriptor_md.obj
 0002:00000a6c       ??_C@_0BM@MBMINGIL@java?1io?1SyncFailedException?$AA@ 10011a6c     FileDescriptor_md.obj
 0002:00000a88       ??_C@_0M@IALGLCNJ@sync?5failed?$AA@ 10011a88     FileDescriptor_md.obj
 0002:00000a94       ??_C@_0BJ@BDFOFHPL@Ljava?1io?1FileDescriptor?$DL?$AA@ 10011a94     FileInputStream.obj
 0002:00000ab0       ??_C@_0L@FCLNKJKA@Seek?5error?$AA@ 10011ab0     FileInputStream.obj
 0002:00000abc       ??_C@_06PCICMFGG@append?$AA@ 10011abc     FileOutputStream_md.obj
 0002:00000ac4       ??_C@_01POHCFINO@Z?$AA@    10011ac4     FileOutputStream_md.obj
 0002:00000ac8       ??_C@_0O@PLIJIOEH@Append?5failed?$AA@ 10011ac8     FileOutputStream_md.obj
 0002:00000ad8       ??_C@_08LKAKBDAJ@finalize?$AA@ 10011ad8     Finalizer.obj
 0002:00000ae4       ??_C@_0BF@LHBAMMHC@?$CI?$CJLjava?1lang?1Object?$DL?$AA@ 10011ae4     Object.obj
 0002:00000afc       ??_C@_05KFBJCHHJ@clone?$AA@ 10011afc     Object.obj
 0002:00000b04       ??_C@_09OHPHDMCN@notifyAll?$AA@ 10011b04     Object.obj
 0002:00000b10       ??_C@_06LIGDCBBN@notify?$AA@ 10011b10     Object.obj
 0002:00000b18       ??_C@_04OHLIFDMD@?$CIJ?$CJV?$AA@ 10011b18     Object.obj
 0002:00000b20       ??_C@_04PNOAOIAG@wait?$AA@ 10011b20     Object.obj
 0002:00000b28       ??_C@_08PAGJBGJL@hashCode?$AA@ 10011b28     Object.obj
 0002:00000b34       ??_C@_0BM@LKJNLDJK@java?1lang?1NoSuchMethodError?$AA@ 10011b34     ObjectStreamClass.obj
 0002:00000b50       ??_C@_08JOGLKNJI@?$DMclinit?$DO?$AA@ 10011b50     ObjectStreamClass.obj
 0002:00000b5c       ??_C@_0BN@PKAKOFME@GetEnvironmentStrings?5failed?$AA@ 10011b5c     ProcessEnvironment_md.obj
 0002:00000b7c       ??_C@_06FALKBLGB@?$DMinit?$DO?$AA@ 10011b7c     ProcessEnvironment_md.obj
 0002:00000b84       ??_C@_05GBDANG@?$CI?$FLB?$CJV?$AA@ 10011b84     ProcessEnvironment_md.obj
 0002:00000b8c       ??_C@_0M@HPFDGGMC@Seek?5failed?$AA@ 10011b8c     RandomAccessFile.obj
 0002:00000b98       ??_C@_0BF@HDGNMJHD@Negative?5seek?5offset?$AA@ 10011b98     RandomAccessFile.obj
 0002:00000bb0       ??_C@_0BB@GOOEHMBA@setLength?5failed?$AA@ 10011bb0     RandomAccessFile.obj
 0002:00000bc4       ??_C@_0BA@KBMBPIMJ@runFinalization?$AA@ 10011bc4     Runtime.obj
 0002:00000bd4       ??_C@_0BI@EEGABGMA@java?1lang?1ref?1Finalizer?$AA@ 10011bd4     Runtime.obj
 0002:00000bec       ??_C@_0CC@HPKFBHGI@security?5manager?5not?5initialized@ 10011bec     SecurityManager.obj
 0002:00000c10       ??_C@_0BM@MPFHLPCE@java?1lang?1SecurityException?$AA@ 10011c10     SecurityManager.obj
 0002:00000c2c       ??_C@_0M@PBLAKOBI@initialized?$AA@ 10011c2c     SecurityManager.obj
[...]
 0002:00001f6c       ??_C@_0M@JNHAKOPM@MS950_HKSCS?$AA@ 10012f6c     java_props_md.obj
 0002:00001f78       ??_C@_07FDJHENA@Desktop?$AA@ 10012f78     java_props_md.obj
 0002:00001f80       ??_C@_0EB@JCFECKEL@Software?2Microsoft?2Windows?2Curre@ 10012f80     java_props_md.obj
 0002:00001fc4       ??_C@_0BF@IDJPDFF@SHGetPathFromIDListA?$AA@ 10012fc4     java_props_md.obj
 0002:00001fdc       ??_C@_0BL@FHKIMDIG@SHGetSpecialFolderLocation?$AA@ 10012fdc     java_props_md.obj
 0002:00001ff8       ??_C@_0M@CLBJBFI@SHELL32?4DLL?$AA@ 10012ff8     java_props_md.obj
 0002:00002004       ??_C@_0BK@NHEOCAHP@IsProcessorFeaturePresent?$AA@ 10013004     java_props_md.obj
 0002:00002020       ??_C@_08CPNIBGIE@KERNEL32?$AA@ 10013020     java_props_md.obj
 0002:0000202c       ??_C@_08IPFADFGF@i386?5i86?$AA@ 1001302c     java_props_md.obj
 0002:00002038       ??_C@_0O@MAAOGNKJ@i486?5i386?5i86?$AA@ 10013038     java_props_md.obj
 0002:00002048       ??_C@_0BG@CMPGKFGL@pentium?5i486?5i386?5i86?$AA@ 10013048     java_props_md.obj
 0002:00002060       ??_C@_0CC@PPFBHJAM@pentium?$CLmmx?5pentium?5i486?5i386?5i8@ 10013060     java_props_md.obj
 0002:00002084       ??_C@_0CC@BIODACBF@pentium_pro?5pentium?5i486?5i386?5i8@ 10013084     java_props_md.obj
 0002:000020a8       ??_C@_0DO@DIFICBBG@pentium_pro?$CLmmx?5pentium_pro?5pent@ 100130a8     java_props_md.obj
 0002:000020e8       ??_C@_04LFKJOHGN@ia64?$AA@ 100130e8     java_props_md.obj
 0002:000020f0       ??_C@_05MDLPDLNO@amd64?$AA@ 100130f0     java_props_md.obj
 0002:000020f8       ??_C@_02PCIJFNDE@?$AN?6?$AA@ 100130f8     java_props_md.obj
 0002:000020fc       ??_C@_01ICJEACDI@?$DL?$AA@ 100130fc     java_props_md.obj
 0002:00002100       ??_C@_01KICIPPFI@?2?$AA@   10013100     java_props_md.obj
 0002:00002104       ??_C@_0O@KBEEOPPB@UnicodeLittle?$AA@ 10013104     java_props_md.obj
 0002:00002114       ??_C@_02PLFPMECB@US?$AA@   10013114     java_props_md.obj
 0002:00002118       ??_C@_03GIOIKFCO@C?3?2?$AA@ 10013118     java_props_md.obj
 0002:0000211c       ??_C@_07CIFAGBMG@unknown?$AA@ 1001311c     java_props_md.obj
 0002:00002124       ??_C@_08JMMIJEMM@USERNAME?$AA@ 10013124     java_props_md.obj
 0002:00002130       ??_C@_06LADGIEOA@little?$AA@ 10013130     java_props_md.obj
 0002:00002138       ??_C@_07EKMDLNDL@windows?$AA@ 10013138     java_props_md.obj
 0002:00002140       ??_C@_03NDFEINMN@x86?$AA@  10013140     java_props_md.obj
 0002:00002144       ??_C@_0M@FDJCPBAL@Windows?53?41?$AA@ 10013144     java_props_md.obj
 0002:00002150       ??_C@_0L@NEBNHFIE@Windows?595?$AA@ 10013150     java_props_md.obj
 0002:0000215c       ??_C@_0L@GBLDALMJ@Windows?598?$AA@ 1001315c     java_props_md.obj
 0002:00002168       ??_C@_0L@DNFOOIFM@Windows?5Me?$AA@ 10013168     java_props_md.obj
 0002:00002174       ??_C@_0BF@KOJMMOAG@Windows?59X?5?$CIunknown?$CJ?$AA@ 10013174     java_props_md.obj
 0002:0000218c       ??_C@_0BE@GHBPPLPA@Windows?5Server?52008?$AA@ 1001318c     java_props_md.obj
 0002:000021a0       ??_C@_0BH@ONPOEHKF@Windows?5Server?52008?5R2?$AA@ 100131a0     java_props_md.obj
 0002:000021b8       ??_C@_0O@IFKHFILP@Windows?5Vista?$AA@ 100131b8     java_props_md.obj
 0002:000021c8       ??_C@_09GOHFIPMO@Windows?57?$AA@ 100131c8     java_props_md.obj
 0002:000021d4       ??_C@_0N@MEKDBOKB@Windows?52000?$AA@ 100131d4     java_props_md.obj
 0002:000021e4       ??_C@_0N@OPIOENGC@Windows?52003?$AA@ 100131e4     java_props_md.obj
 0002:000021f4       ??_C@_0L@IFICELHB@Windows?5XP?$AA@ 100131f4     java_props_md.obj
 0002:00002200       ??_C@_0BF@GMBBPJFL@Windows?5NT?5?$CIunknown?$CJ?$AA@ 10013200     java_props_md.obj
 0002:00002218       ??_C@_0L@PJEFFBLH@Windows?5NT?$AA@ 10013218     java_props_md.obj
 0002:00002224       ??_C@_0BC@JFKFADHL@Windows?5?$CIunknown?$CJ?$AA@ 10013224     java_props_md.obj
 0002:00002238       ??_C@_0N@MDJJJHMB@kernel32?4dll?$AA@ 10013238     java_props_md.obj
 0002:00002248       ??_C@_0BE@HLKFLAJF@GetNativeSystemInfo?$AA@ 10013248     java_props_md.obj
 0002:0000225c       ??_C@_0BA@EFHHNCCE@JAVA2D_FONTPATH?$AA@ 1001325c     java_props_md.obj
 0002:0000226c       ??_C@_0CB@BDHJBLNP@sun?4awt?4Win32GraphicsEnvironment@ 1001326c     java_props_md.obj
 0002:00002290       ??_C@_0BM@DKPHMFNL@sun?4awt?4windows?4WPrinterJob?$AA@ 10013290     java_props_md.obj
 0002:000022ac       ??_C@_0BJ@LLNEBFHD@sun?4awt?4windows?4WToolkit?$AA@ 100132ac     java_props_md.obj
 0002:000022c8       ??_C@_02DKCKIIND@?$CFs?$AA@ 100132c8     MessageUtils.obj
 0002:000022cc       ??_C@_0BE@COIKCEDE@Unable?5to?5get?5array?$AA@ 100132cc     Bits.obj
 0002:000022e0       ??_C@_05MFEJDJP@value?$AA@ 100132e0     Atomic.obj
 0002:000022e8       ??_C@_0BK@IMCEAMOA@sun?1misc?1AtomicLongCSImpl?$AA@ 100132e8     Atomic.obj
 0002:00002304       ??_C@_0BO@CKONEJJD@Static?5int?5field?5?$CFs?5not?5found?$AA@ 10013304     Version.obj
 0002:00002324       ??_C@_0BD@BALHFMEF@jvm_update_version?$AA@ 10013324     Version.obj
 0002:00002338       ??_C@_0BB@KIPCMFBN@jvm_build_number?$AA@ 10013338     Version.obj
 0002:0000234c       ??_C@_0BC@DHAGLIAO@jvm_micro_version?$AA@ 1001334c     Version.obj
 0002:00002360       ??_C@_0BC@BOJLDKHE@jvm_minor_version?$AA@ 10013360     Version.obj
 0002:00002374       ??_C@_0BC@EHJONCGG@jvm_major_version?$AA@ 10013374     Version.obj
 0002:00002388       ??_C@_0BD@MMOMEHNP@JVM_GetVersionInfo?$AA@ 10013388     Version.obj
 0002:0000239c       ??_C@_0CL@NBAOCADG@Handle?5for?5JVM?5not?5found?5for?5sym@ 1001339c     Version.obj
 0002:000023c8       ??_C@_0BD@JMPENMNG@jdk_update_version?$AA@ 100133c8     Version.obj
 0002:000023dc       ??_C@_0BB@OLIPAKBC@jdk_build_number?$AA@ 100133dc     Version.obj
 0002:000023f0       ??_C@_0BC@KHPKNIFA@jdk_micro_version?$AA@ 100133f0     Version.obj
 0002:00002404       ??_C@_0BC@IOGHFKCK@jdk_minor_version?$AA@ 10013404     Version.obj
 0002:00002418       ??_C@_0BC@NHGCLCDI@jdk_major_version?$AA@ 10013418     Version.obj
 0002:0000242c       ??_C@_0DH@NCDMGMP@Mismatched?5VM?5version?3?5Thread?5st@ 1001342c     VM.obj
 0002:00002468       ??_C@_0EN@BFPNHFEP@Mismatched?5VM?5version?3?5JAVA_THRE@ 10013468     VM.obj
 0002:000024b8       ??_C@_0DJ@LDKHLPGB@Mismatched?5VM?5version?3?5JVM_GetTh@ 100134b8     VM.obj
 0002:000024f4       ??_C@_0BI@ILKAHLDG@JVM_GetThreadStateNames?$AA@ 100134f4     VM.obj
 0002:0000250c       ??_C@_0DK@HOJGCLOJ@Mismatched?5VM?5version?3?5JVM_GetTh@ 1001350c     VM.obj
 0002:00002548       ??_C@_0BJ@OKMAGMJD@JVM_GetThreadStateValues?$AA@ 10013548     VM.obj
 0002:00002564       ??_C@_0DJ@BIJAJCPP@Mismatched?5VM?5version?3?5JVM_InitA@ 10013564     VMSupport.obj
 0002:000025a0       ??_C@_0BI@NBGDONIH@JVM_InitAgentProperties?$AA@ 100135a0     VMSupport.obj
 0002:000025bc       ??_C@_0BL@DKPEBOPN@CreateProcess?5error?$DN?$CFd?0?5?$CFs?$AA@ 100135bc     ProcessImpl_md.obj
 0002:000025d8       ??_C@_04JLMDILM@?4exe?$AA@ 100135d8     ProcessImpl_md.obj
 0002:000025e0       ??_C@_0BC@KPBNNGNG@CreatePipe?5failed?$AA@ 100135e0     ProcessImpl_md.obj
 0002:000025f4       ??_C@_0BF@EDNAOMOJ@CreateProcess?5failed?$AA@ 100135f4     ProcessImpl_md.obj
 0002:0000260c       ??_C@_0M@NPMDLEIH@cmd?5?$CB?$DN?5NULL?$AA@ 1001360c     ProcessImpl_md.obj
 0002:00002618       ??_C@_0DH@GBOENKK@?4?4?1?4?4?1?4?4?1src?1windows?1native?1java@ 10013618     ProcessImpl_md.obj
 0002:00002650       ??_C@_0CG@EMFMHMOK@java?1lang?1IllegalThreadStateExce@ 10013650     ProcessImpl_md.obj
 0002:00002678       ??_C@_0BH@EDAMMHNI@process?5has?5not?5exited?$AA@ 10013678     ProcessImpl_md.obj
 0002:00002690       ??_C@_0BP@MPALLHPL@java?1lang?1InterruptedException?$AA@ 10013690     ProcessImpl_md.obj
 0002:000026b0       ??_C@_04LNEJFJGI@path?$AA@ 100136b0     Win32FileSystem_md.obj
 0002:000026b8       ??_C@_0BD@JFADHEFE@Ljava?1lang?1String?$DL?$AA@ 100136b8     Win32FileSystem_md.obj
 0002:000026cc       ??_C@_0N@IOFABHFH@java?1io?1File?$AA@ 100136cc     Win32FileSystem_md.obj
 0002:000026dc       ??_C@_0N@NMICNPLE@Bad?5pathname?$AA@ 100136dc     Win32FileSystem_md.obj
 0002:000026ec       ??_C@_03LNBCHBIG@LPT?$AA@  100136ec     Win32FileSystem_md.obj
 0002:000026f0       ??_C@_03GJALCMIF@COM?$AA@  100136f0     Win32FileSystem_md.obj
 0002:000026f4       ??_C@_03JDMLODLP@NUL?$AA@  100136f4     Win32FileSystem_md.obj
 0002:000026f8       ??_C@_03OFAGCELM@AUX?$AA@  100136f8     Win32FileSystem_md.obj
 0002:000026fc       ??_C@_03BEHELHBE@PRN?$AA@  100136fc     Win32FileSystem_md.obj
 0002:00002700       ??_C@_03ECCGHPEG@CON?$AA@  10013700     Win32FileSystem_md.obj
 0002:00002704       ??_C@_0DJ@MJMGMMMP@?4?4?1?4?4?1?4?4?1src?1windows?1native?1java@ 10013704     Win32FileSystem_md.obj
 0002:00002740       ??_C@_02DJGKEECL@?4?4?$AA@ 10013740     Win32FileSystem_md.obj
 0002:00002744       ??_C@_01LFCBOECM@?4?$AA@   10013744     Win32FileSystem_md.obj
 0002:00002748       ??_C@_17KMAOGHDG@?$AAL?$AAP?$AAT?$AA?$AA@ 10013748     WinNTFileSystem_md.obj
 0002:00002750       ??_C@_17KKLPNNMB@?$AAC?$AAO?$AAM?$AA?$AA@ 10013750     WinNTFileSystem_md.obj
 0002:00002758       ??_C@_17CLELIOII@?$AAN?$AAU?$AAL?$AA?$AA@ 10013758     WinNTFileSystem_md.obj
 0002:00002760       ??_C@_17CNBAFMOM@?$AAA?$AAU?$AAX?$AA?$AA@ 10013760     WinNTFileSystem_md.obj
 0002:00002768       ??_C@_17PFHGFFKC@?$AAP?$AAR?$AAN?$AA?$AA@ 10013768     WinNTFileSystem_md.obj
 0002:00002770       ??_C@_17LIAKHCCP@?$AAC?$AAO?$AAN?$AA?$AA@ 10013770     WinNTFileSystem_md.obj
 0002:00002778       ??_C@_1BK@CCELACBA@?$AAh?$AAi?$AAb?$AAe?$AAr?$AAf?$AAi?$AAl?$AA?4?$AAs?$AAy?$AAs?$AA?$AA@ 10013778     WinNTFileSystem_md.obj
 0002:00002794       ??_C@_1BK@PGFPAHHC@?$AAp?$AAa?$AAg?$AAe?$AAf?$AAi?$AAl?$AAe?$AA?4?$AAs?$AAy?$AAs?$AA?$AA@ 10013794     WinNTFileSystem_md.obj
 0002:000027b0       ??_C@_0DJ@CHNEHHGK@?4?4?1?4?4?1?4?4?1src?1windows?1native?1java@ 100137b0     WinNTFileSystem_md.obj
 0002:000027ec       ??_C@_0BE@LONNMHBH@Could?5not?5open?5file?$AA@ 100137ec     WinNTFileSystem_md.obj
 0002:00002800       ??_C@_15DDHGOCBH@?$AA?4?$AA?4?$AA?$AA@ 10013800     WinNTFileSystem_md.obj
 0002:00002808       ??_C@_13JOFGPIOO@?$AA?4?$AA?$AA@ 10013808     WinNTFileSystem_md.obj
 0002:0000280c       ??_C@_15PKPONJIK@?$AA?2?$AA?$CK?$AA?$AA@ 1001380c     WinNTFileSystem_md.obj
 0002:00002814       ??_C@_13BBDEGPLJ@?$AA?$CK?$AA?$AA@ 10013814     WinNTFileSystem_md.obj
 0002:00002818       ??_C@_0BD@KMFKOGCJ@GetVolumePathNameW?$AA@ 10013818     WinNTFileSystem_md.obj
 0002:0000282c       ??_C@_08PNLNEKOB@kernel32?$AA@ 1001382c     WinNTFileSystem_md.obj
 0002:00002838       ??_C@_0N@KJJILAPP@?$CKsrc?5?$DN?$DN?5?8?2?2?8?$AA@ 10013838     canonicalize_md.obj
 0002:00002848       ??_C@_0DG@LJKIFFOM@?4?4?1?4?4?1?4?4?1src?1windows?1native?1java@ 10013848     canonicalize_md.obj
 0002:00002880       ??_C@_1M@DJNCMBIG@?$AA?2?$AA?2?$AA?$DP?$AA?2?$AA?$AA?$AA?$AA@ 10013880     canonicalize_md.obj
 0002:0000288c       ??_C@_1BC@FBJNHMLC@?$AA?2?$AA?2?$AA?$DP?$AA?2?$AAU?$AAN?$AAC?$AA?$AA?$AA?$AA@ 1001388c     canonicalize_md.obj
 0002:000028a0       ??_C@_0O@EDPLGMKO@?$CKsrc?5?$DN?$DN?5L?8?2?2?8?$AA@ 100138a0     canonicalize_md.obj
 0002:000028b0       ??_C@_04FGAJMCLA@?2?$CK?4?$CK?$AA@ 100138b0     dirent_md.obj
 0002:000028b8       ??_C@_03EMIMMIHL@?$CK?4?$CK?$AA@ 100138b8     dirent_md.obj
 0002:000028bc       ??_C@_03FFGKOOIA@Std?$AA@  100138bc     TimeZone_md.obj
 0002:000028c0       ??_C@_17GFIDPLDA@?$AAS?$AAt?$AAd?$AA?$AA@ 100138c0     TimeZone_md.obj
 0002:000028c8       ??_C@_0N@PEHDGIGO@StandardName?$AA@ 100138c8     TimeZone_md.obj
 0002:000028d8       ??_C@_1BK@BOBBLECB@?$AAS?$AAt?$AAa?$AAn?$AAd?$AAa?$AAr?$AAd?$AAN?$AAa?$AAm?$AAe?$AA?$AA@ 100138d8     TimeZone_md.obj
 0002:000028f4       ??_C@_03HOONMGKE@GMT?$AA@  100138f4     TimeZone_md.obj
 0002:000028f8       ??_C@_0P@EKMDNJBA@GMT?$CFc?$CF02d?3?$CF02d?$AA@ 100138f8     TimeZone_md.obj
 0002:00002908       ??_C@_05NJMIIFMB@MapID?$AA@ 10013908     TimeZone_md.obj
 0002:00002910       ??_C@_03NKEEOHDM@TZI?$AA@  10013910     TimeZone_md.obj
 0002:00002914       ??_C@_0DF@JEJGGGGH@SOFTWARE?2Microsoft?2Windows?2Curre@ 10013914     TimeZone_md.obj
 0002:0000294c       ??_C@_0DI@LLEGOPFO@SOFTWARE?2Microsoft?2Windows?5NT?2Cu@ 1001394c     TimeZone_md.obj
 0002:00002984       ??_C@_0BA@GCKJIEGO@TimeZoneKeyName?$AA@ 10013984     TimeZone_md.obj
 0002:00002994       ??_C@_0BM@HEGPJGEC@DynamicDaylightTimeDisabled?$AA@ 10013994     TimeZone_md.obj
 0002:000029b0       ??_C@_0BL@KGOKKEDK@DisableAutoDaylightTimeSet?$AA@ 100139b0     TimeZone_md.obj
 0002:000029cc       ??_C@_0DF@OCPBGDJE@System?2CurrentControlSet?2Control@ 100139cc     TimeZone_md.obj
 0002:00002a04       ??_C@_0CI@LOCDCEDD@tzmappings?3?5Illegal?5format?5at?5li@ 10013a04     TimeZone_md.obj
 0002:00002a2c       ??_C@_0BA@PMGFJNJD@can?8t?5open?5?$CFs?4?6?$AA@ 10013a2c     TimeZone_md.obj
 0002:00002a3c       ??_C@_0BA@PBEHAGHA@?2lib?2tzmappings?$AA@ 10013a3c     TimeZone_md.obj
 0002:00002a4c       ??_C@_04JCEIFDIJ@J2SE?$AA@ 10013a4c     WinCAPISeedGenerator.obj
 0002:00002a54       ??_C@_0BE@FBIJLPPP@CryptReleaseContext?$AA@ 10013a54     WinCAPISeedGenerator.obj
 0002:00002a68       ??_C@_0P@HGPEDCEI@CryptGenRandom?$AA@ 10013a68     WinCAPISeedGenerator.obj
 0002:00002a78       ??_C@_0BF@ILOJAFDL@CryptAcquireContextA?$AA@ 10013a78     WinCAPISeedGenerator.obj
 0002:00002a90       ??_C@_0N@JJPEKNFO@ADVAPI32?4DLL?$AA@ 10013a90     WinCAPISeedGenerator.obj
 0002:00002aa0       __real@0000000000000000    10013aa0     fdlibm:s_cos.obj
 0002:00002aa8       __real@bff0000000000000    10013aa8     fdlibm:s_atan.obj
 0002:00002ab0       __real@3ff8000000000000    10013ab0     fdlibm:s_atan.obj
 0002:00002ab8       __real@4000000000000000    10013ab8     fdlibm:s_atan.obj
 0002:00002ac0       __real@3fe5555555555555    10013ac0     fdlibm:s_log1p.obj
 0002:00002ac8       __real@3ff0000000000000    10013ac8     fdlibm:s_log1p.obj
 0002:00002ad0       __real@3fe0000000000000    10013ad0     fdlibm:s_log1p.obj
 0002:00002ad8       __real@c000000000000000    10013ad8     fdlibm:s_expm1.obj
 0002:00002ae0       __real@bfd0000000000000    10013ae0     fdlibm:s_expm1.obj
 0002:00002ae8       __real@4018000000000000    10013ae8     fdlibm:s_expm1.obj
 0002:00002af0       __real@4008000000000000    10013af0     fdlibm:s_expm1.obj
 0002:00002af8       __real@bfe0000000000000    10013af8     fdlibm:s_expm1.obj
 0002:00002b00       __real@3fd2000000000000    10013b00     fdlibm:k_cos.obj
 0002:00002b08       __real@3fd5555555555555    10013b08     fdlibm:e_log.obj
 0002:00002b10       __real@c008000000000000    10013b10     fdlibm:e_atan2.obj
 0002:00002b18       __real@3fd0000000000000    10013b18     fdlibm:e_pow.obj
 0002:00002b20       __real@4020000000000000    10013b20     fdlibm:k_rem_pio2.obj
 0002:00002b28       __real@3fc0000000000000    10013b28     fdlibm:k_rem_pio2.obj
 0002:00002b60       __load_config_used         10013b60     MSVCRT:loadcfg.obj
 0002:00002c10       ___safe_se_handler_table   10013c10     <linker-defined>
 0002:00002c14       ___rtc_iaa                 10013c14     MSVCRT:initsect.obj
 0002:00002c18       ___rtc_izz                 10013c18     MSVCRT:initsect.obj
 0002:00002c1c       ___rtc_taa                 10013c1c     MSVCRT:initsect.obj
 0002:00002c20       ___rtc_tzz                 10013c20     MSVCRT:initsect.obj
 0002:00002c24       __IMPORT_DESCRIPTOR_jvm    10013c24     jvm:jvm.dll
 0002:00002c38       __IMPORT_DESCRIPTOR_verify 10013c38     verify:verify.dll
 0002:00002c4c       __IMPORT_DESCRIPTOR_ADVAPI32 10013c4c     advapi32:ADVAPI32.dll
 0002:00002c60       __IMPORT_DESCRIPTOR_MSVCR71 10013c60     MSVCRT:MSVCR71.dll
 0002:00002c74       __IMPORT_DESCRIPTOR_KERNEL32 10013c74     kernel32:KERNEL32.dll
 0002:00002c88       __NULL_IMPORT_DESCRIPTOR   10013c88     jvm:jvm.dll
 0003:00000000       ___xc_a                    1001a000     MSVCRT:cinitexe.obj
 0003:00000004       ___xc_z                    1001a004     MSVCRT:cinitexe.obj
 0003:00000008       ___xi_a                    1001a008     MSVCRT:cinitexe.obj
 0003:0000000c       ___xi_z                    1001a00c     MSVCRT:cinitexe.obj
 0003:000014c0       ___security_cookie         1001b4c0     MSVCRT:seccook.obj
 0003:000014d8       _onNT                      1001b4d8     io_util_md.obj
 0003:000014f4       _fastEncoding              1001b4f4     jni_util.obj
 0003:00001594       _jvm_special_version       1001b594     Version.obj
 0003:00001595       _jdk_special_version       1001b595     Version.obj
 0003:00001604       _raf_fd                    1001b604     <common>
 0003:00001608       _fos_append                1001b608     <common>
 0003:0000160c       _fos_fd                    1001b60c     <common>
 0003:00001610       _fis_fd                    1001b610     <common>
 0003:00001614       _IO_handle_fdID            1001b614     <common>
 0003:00001618       _IO_fd_fdID                1001b618     <common>
 0003:0000161c       __adjust_fdiv              1001b61c     <common>
 0003:00001620       ___onexitend               1001b620     <common>
 0003:00001624       ___onexitbegin             1001b624     <common>
 0003:00001628       __pRawDllMain              1001b628     <common>

 entry point at        0001:0000f3de

 Static symbols

 0001:00000496       _getUTF                    10001496 f   ClassLoader.obj
 0001:00000822       _initIDs                   10001822 f   ClassLoader.obj
 0001:00001747       _environmentBlock9x        10002747 f   ProcessEnvironment_md.obj
 0001:00001d56       _check                     10002d56 f   SecurityManager.obj
 0001:00002eee       _cpchars                   10003eee f   System.obj
 0001:00003896       _handleNonSeekAvailable    10004896 f   io_util_md.obj
 0001:000038cc       _handleStdinAvailable      100048cc f   io_util_md.obj
 0001:0000417d       _newString8859_1           1000517d f   jni_util.obj
 0001:000041f9       _getString8859_1Chars      100051f9 f   jni_util.obj
 0001:00004290       _newString646_US           10005290 f   jni_util.obj
 0001:0000431b       _getString646_USChars      1000531b f   jni_util.obj
 0001:000043b1       _newStringCp1252           100053b1 f   jni_util.obj
 0001:00004446       _getStringCp1252Chars      10005446 f   jni_util.obj
 0001:0000466d       _jnuEncodingSupported      1000566d f   jni_util.obj
 0001:000054cd       _getParent                 100064cd f   jni_util_md.obj
 0001:000058a3       _getLocaleEntryIndex       100068a3 f   java_props_md.obj
 0001:00005900       _getEncodingInternal       10006900 f   java_props_md.obj
 0001:00005a32       _getHomeFromRegistry       10006a32 f   java_props_md.obj
 0001:00005b58       _haveMMX                   10006b58 f   java_props_md.obj
 0001:00005b8f       _cpu_isalist               10006b8f f   java_props_md.obj
 0001:00006057       _printToFile               10007057 f   MessageUtils.obj
 0001:0000677b       _setStaticIntField         1000777b f   Version.obj
 0001:0000694b       _get_thread_state_info     1000794b f   VM.obj
 0001:00006c6d       _throwIOException          10007c6d f   ProcessImpl_md.obj
 0001:00006cc6       _closeSafely               10007cc6 f   ProcessImpl_md.obj
 0001:00007eae       _isReservedDeviceNameW     10008eae f   WinNTFileSystem_md.obj
 0001:000088b9       _cp                        100098b9 f   canonicalize_md.obj
 0001:000088f5       _wcp                       100098f5 f   canonicalize_md.obj
 0001:0000893e       _nextsep                   1000993e f   canonicalize_md.obj
 0001:00009507       _getValueInRegistry        1000a507 f   TimeZone_md.obj
 0001:00009595       _customZoneName            1000a595 f   TimeZone_md.obj
 0001:000095e1       _getWinTimeZone            1000a5e1 f   TimeZone_md.obj
 0001:00009973       _matchJavaTZ               1000a973 f   TimeZone_md.obj
