 jawt

 Timestamp is 4cfac3d5 (Sat Dec 04 14:42:29 2010)

 Preferred load address is 10000000

 Start         Length     Name                   Class
 0001:00000000 00000350H .text                   CODE
 0002:00000000 00000044H .idata$5                DATA
 0002:00000050 000000c8H .rdata                  DATA
 0002:00000118 00000065H .rdata$debug            DATA
 0002:00000180 00000004H .rdata$sxdata           DATA
 0002:00000184 00000004H .rtc$IAA                DATA
 0002:00000188 00000004H .rtc$IZZ                DATA
 0002:0000018c 00000004H .rtc$TAA                DATA
 0002:00000190 00000004H .rtc$TZZ                DATA
 0002:00000194 0000003cH .idata$2                DATA
 0002:000001d0 00000014H .idata$3                DATA
 0002:000001e4 00000044H .idata$4                DATA
 0002:00000228 00000114H .idata$6                DATA
 0002:00000340 0000004aH .edata                  DATA
 0003:00000000 00000004H .CRT$XCA                DATA
 0003:00000004 00000004H .CRT$XCZ                DATA
 0003:00000008 00000004H .CRT$XIA                DATA
 0003:0000000c 00000004H .CRT$XIZ                DATA
 0003:00000010 00000008H .data                   DATA
 0003:00000018 00000014H .bss                    DATA
 0004:00000000 00000058H .rsrc$01                DATA
 0004:00000060 00000348H .rsrc$02                DATA

  Address         Publics by Value              Rva+Base     Lib:Object

 0000:00000001       ___safe_se_handler_count   00000001     <absolute>
 0001:00000000       _JAWT_GetAWT@8             10001000 f   jawt.obj
 0001:0000004c       _DSGetComponent@8          1000104c f   awt:awt.dll
 0001:00000052       _DSUnlockAWT@4             10001052 f   awt:awt.dll
 0001:00000058       _DSLockAWT@4               10001058 f   awt:awt.dll
 0001:0000005e       _DSFreeDrawingSurface@4    1000105e f   awt:awt.dll
 0001:00000064       _DSGetDrawingSurface@8     10001064 f   awt:awt.dll
 0001:0000006a       __CRT_INIT@12              1000106a f   MSVCRT:crtdll.obj
 0001:00000128       __DllMainCRTStartup@12     10001128 f   MSVCRT:crtdll.obj
 0001:0000020c       __initterm                 1000120c f   MSVCRT:MSVCR71.dll
 0001:00000212       __onexit                   10001212 f   MSVCRT:atonexit.obj
 0001:00000238       _atexit                    10001238 f   MSVCRT:atonexit.obj
 0001:0000024a       __RTC_Initialize           1000124a f   MSVCRT:initsect.obj
 0001:0000028e       __RTC_Terminate            1000128e f   MSVCRT:initsect.obj
 0001:000002d2       ___CppXcptFilter           100012d2 f   MSVCRT:MSVCR71.dll
 0001:000002d8       _DllMain@12                100012d8 f   MSVCRT:dllmain.obj
 0001:000002f8       __SEH_prolog               100012f8 f   MSVCRT:sehprolg.obj
 0001:00000333       __SEH_epilog               10001333 f   MSVCRT:sehprolg.obj
 0001:00000344       __except_handler3          10001344 f   MSVCRT:MSVCR71.dll
 0001:0000034a       ___dllonexit               1000134a f   MSVCRT:MSVCR71.dll
 0002:00000000       __imp__DisableThreadLibraryCalls@4 10002000     kernel32:KERNEL32.dll
 0002:00000004       \177KERNEL32_NULL_THUNK_DATA 10002004     kernel32:KERNEL32.dll
 0002:00000008       __imp___onexit             10002008     MSVCRT:MSVCR71.dll
 0002:0000000c       __imp____dllonexit         1000200c     MSVCRT:MSVCR71.dll
 0002:00000010       __imp___except_handler3    10002010     MSVCRT:MSVCR71.dll
 0002:00000014       __imp__free                10002014     MSVCRT:MSVCR71.dll
 0002:00000018       __imp___initterm           10002018     MSVCRT:MSVCR71.dll
 0002:0000001c       __imp__malloc              1000201c     MSVCRT:MSVCR71.dll
 0002:00000020       __imp___adjust_fdiv        10002020     MSVCRT:MSVCR71.dll
 0002:00000024       __imp____CppXcptFilter     10002024     MSVCRT:MSVCR71.dll
 0002:00000028       \177MSVCR71_NULL_THUNK_DATA 10002028     MSVCRT:MSVCR71.dll
 0002:0000002c       __imp__DSGetDrawingSurface@8 1000202c     awt:awt.dll
 0002:00000030       __imp__DSFreeDrawingSurface@4 10002030     awt:awt.dll
 0002:00000034       __imp__DSLockAWT@4         10002034     awt:awt.dll
 0002:00000038       __imp__DSUnlockAWT@4       10002038     awt:awt.dll
 0002:0000003c       __imp__DSGetComponent@8    1000203c     awt:awt.dll
 0002:00000040       \177awt_NULL_THUNK_DATA    10002040     awt:awt.dll
 0002:0000006c       ??_C@_1CO@OHAGJCBG@?$AAS?$AAu?$AAn?$AAA?$AAw?$AAt?$AAD?$AAr?$AAa?$AAw?$AAi?$AAn?$AAg?$AAS?$AAt?$AAa?$AAt?$AAe?$AAP?$AAr@ 1000206c     jawt.obj
 0002:000000d0       __load_config_used         100020d0     MSVCRT:loadcfg.obj
 0002:00000180       ___safe_se_handler_table   10002180     <linker-defined>
 0002:00000184       ___rtc_iaa                 10002184     MSVCRT:initsect.obj
 0002:00000188       ___rtc_izz                 10002188     MSVCRT:initsect.obj
 0002:0000018c       ___rtc_taa                 1000218c     MSVCRT:initsect.obj
 0002:00000190       ___rtc_tzz                 10002190     MSVCRT:initsect.obj
 0002:00000194       __IMPORT_DESCRIPTOR_awt    10002194     awt:awt.dll
 0002:000001a8       __IMPORT_DESCRIPTOR_MSVCR71 100021a8     MSVCRT:MSVCR71.dll
 0002:000001bc       __IMPORT_DESCRIPTOR_KERNEL32 100021bc     kernel32:KERNEL32.dll
 0002:000001d0       __NULL_IMPORT_DESCRIPTOR   100021d0     awt:awt.dll
 0003:00000000       ___xc_a                    10003000     MSVCRT:cinitexe.obj
 0003:00000004       ___xc_z                    10003004     MSVCRT:cinitexe.obj
 0003:00000008       ___xi_a                    10003008     MSVCRT:cinitexe.obj
 0003:0000000c       ___xi_z                    1000300c     MSVCRT:cinitexe.obj
 0003:00000014       ___security_cookie         10003014     MSVCRT:seccook.obj
 0003:0000001c       __adjust_fdiv              1000301c     <common>
 0003:00000020       ___onexitend               10003020     <common>
 0003:00000024       ___onexitbegin             10003024     <common>
 0003:00000028       __pRawDllMain              10003028     <common>

 entry point at        0001:00000128

 Static symbols

