 JdbcOdbc

 Timestamp is 4cfac3cc (Sat Dec 04 14:42:20 2010)

 Preferred load address is 10000000

 Start         Length     Name                   Class
 0001:00000000 00005cc8H .text                   CODE
 0002:00000000 0000010cH .idata$5                DATA
 0002:00000110 00000108H .rdata                  DATA
 0002:00000218 00000073H .rdata$debug            DATA
 0002:00000290 00000004H .rdata$sxdata           DATA
 0002:00000294 00000004H .rtc$IAA                DATA
 0002:00000298 00000004H .rtc$IZZ                DATA
 0002:0000029c 00000004H .rtc$TAA                DATA
 0002:000002a0 00000004H .rtc$TZZ                DATA
 0002:000002a4 0000003cH .idata$2                DATA
 0002:000002e0 00000014H .idata$3                DATA
 0002:000002f4 0000010cH .idata$4                DATA
 0002:00000400 000000e0H .idata$6                DATA
 0002:000004e0 00001d83H .edata                  DATA
 0003:00000000 00000004H .CRT$XCA                DATA
 0003:00000004 00000004H .CRT$XCZ                DATA
 0003:00000008 00000004H .CRT$XIA                DATA
 0003:0000000c 00000004H .CRT$XIZ                DATA
 0003:00000010 00000004H .data                   DATA
 0003:00000018 00000024H .bss                    DATA
 0004:00000000 00000058H .rsrc$01                DATA
 0004:00000060 00000358H .rsrc$02                DATA

  Address         Publics by Value              Rva+Base     Lib:Object

 0000:00000000       __except_list              00000000     <absolute>
 0000:00000001       ___safe_se_handler_count   00000001     <absolute>
 0000:00009876       __fltused                  00009876     <absolute>
 0000:00009876       __ldused                   00009876     <absolute>
 0001:00000000       _Java_sun_jdbc_odbc_JdbcOdbc_getSQLLENSize@8 10001000 f   JdbcOdbc.obj
 0001:00000006       _Java_sun_jdbc_odbc_JdbcOdbc_intTo4Bytes@16 10001006 f   JdbcOdbc.obj
 0001:00000006       _Java_sun_jdbc_odbc_JdbcOdbc_intToBytes@16 10001006 f   JdbcOdbc.obj
 0001:00000048       _Java_sun_jdbc_odbc_JdbcOdbc_longToBytes@20 10001048 f   JdbcOdbc.obj
 0001:0000008a       _Java_sun_jdbc_odbc_JdbcOdbc_bufferToInt@12 1000108a f   JdbcOdbc.obj
 0001:000000cd       _Java_sun_jdbc_odbc_JdbcOdbc_bufferToFloat@12 100010cd f   JdbcOdbc.obj
 0001:00000111       _Java_sun_jdbc_odbc_JdbcOdbc_bufferToDouble@12 10001111 f   JdbcOdbc.obj
 0001:00000157       _Java_sun_jdbc_odbc_JdbcOdbc_bufferToLong@12 10001157 f   JdbcOdbc.obj
 0001:000001a3       _Java_sun_jdbc_odbc_JdbcOdbc_allocConnect@20 100011a3 f   JdbcOdbc.obj
 0001:000001e6       _Java_sun_jdbc_odbc_JdbcOdbc_allocEnv@12 100011e6 f   JdbcOdbc.obj
 0001:00000226       _Java_sun_jdbc_odbc_JdbcOdbc_allocStmt@20 10001226 f   JdbcOdbc.obj
 0001:00000269       _Java_sun_jdbc_odbc_JdbcOdbc_bindColAtExec@40 10001269 f   JdbcOdbc.obj
 0001:00000403       _Java_sun_jdbc_odbc_JdbcOdbc_bindColBinary@44 10001403 f   JdbcOdbc.obj
 0001:0000056a       _Java_sun_jdbc_odbc_JdbcOdbc_bindColDate@48 1000156a f   JdbcOdbc.obj
 0001:00000772       _Java_sun_jdbc_odbc_JdbcOdbc_bindColInteger@40 10001772 f   JdbcOdbc.obj
 0001:000008d3       _Java_sun_jdbc_odbc_JdbcOdbc_bindColFloat@40 100018d3 f   JdbcOdbc.obj
 0001:00000a34       _Java_sun_jdbc_odbc_JdbcOdbc_bindColDouble@40 10001a34 f   JdbcOdbc.obj
 0001:00000b95       _Java_sun_jdbc_odbc_JdbcOdbc_bindColDefault@32 10001b95 f   JdbcOdbc.obj
 0001:00000c40       _Java_sun_jdbc_odbc_JdbcOdbc_bindColString@48 10001c40 f   JdbcOdbc.obj
 0001:00000dab       _Java_sun_jdbc_odbc_JdbcOdbc_bindColTime@48 10001dab f   JdbcOdbc.obj
 0001:00000fae       _Java_sun_jdbc_odbc_JdbcOdbc_bindColTimestamp@64 10001fae f   JdbcOdbc.obj
 0001:000012a9       _Java_sun_jdbc_odbc_JdbcOdbc_bindInParameterAtExec@44 100022a9 f   JdbcOdbc.obj
 0001:000013cf       _Java_sun_jdbc_odbc_JdbcOdbc_bindInOutParameterAtExec@52 100023cf f   JdbcOdbc.obj
 0001:000014da       _Java_sun_jdbc_odbc_JdbcOdbc_bindInParameterBinary@48 100024da f   JdbcOdbc.obj
 0001:00001644       _Java_sun_jdbc_odbc_JdbcOdbc_bindInParameterDate@44 10002644 f   JdbcOdbc.obj
 0001:00001720       _Java_sun_jdbc_odbc_JdbcOdbc_bindInParameterDouble@48 10002720 f   JdbcOdbc.obj
 0001:000017d7       _Java_sun_jdbc_odbc_JdbcOdbc_bindInParameterBigint@48 100027d7 f   JdbcOdbc.obj
 0001:0000188e       _Java_sun_jdbc_odbc_JdbcOdbc_bindInParameterFloat@48 1000288e f   JdbcOdbc.obj
 0001:00001944       _Java_sun_jdbc_odbc_JdbcOdbc_bindInParameterInteger@40 10002944 f   JdbcOdbc.obj
 0001:000019f9       _Java_sun_jdbc_odbc_JdbcOdbc_bindInParameterNull@44 100029f9 f   JdbcOdbc.obj
 0001:00001b1e       _Java_sun_jdbc_odbc_JdbcOdbc_bindInParameterString@48 10002b1e f   JdbcOdbc.obj
 0001:00001c3e       _Java_sun_jdbc_odbc_JdbcOdbc_bindInParameterTime@44 10002c3e f   JdbcOdbc.obj
 0001:00001d1a       _Java_sun_jdbc_odbc_JdbcOdbc_bindInParameterTimestamp@60 10002d1a f   JdbcOdbc.obj
 0001:00001e4f       _Java_sun_jdbc_odbc_JdbcOdbc_bindInParameterStringArray@48 10002e4f f   JdbcOdbc.obj
 0001:00001f83       _Java_sun_jdbc_odbc_JdbcOdbc_bindInParameterIntegerArray@36 10002f83 f   JdbcOdbc.obj
 0001:00002020       _Java_sun_jdbc_odbc_JdbcOdbc_bindInParameterFloatArray@40 10003020 f   JdbcOdbc.obj
 0001:000020c1       _Java_sun_jdbc_odbc_JdbcOdbc_bindInParameterDoubleArray@40 100030c1 f   JdbcOdbc.obj
 0001:00002162       _Java_sun_jdbc_odbc_JdbcOdbc_bindInParameterDateArray@44 10003162 f   JdbcOdbc.obj
 0001:000022ff       _Java_sun_jdbc_odbc_JdbcOdbc_bindInParameterTimeArray@44 100032ff f   JdbcOdbc.obj
 0001:0000249c       _Java_sun_jdbc_odbc_JdbcOdbc_bindInParameterTimestampArray@60 1000349c f   JdbcOdbc.obj
 0001:0000272a       _Java_sun_jdbc_odbc_JdbcOdbc_bindInParameterBinaryArray@44 1000372a f   JdbcOdbc.obj
 0001:0000287a       _Java_sun_jdbc_odbc_JdbcOdbc_bindInParameterAtExecArray@40 1000387a f   JdbcOdbc.obj
 0001:0000297a       _Java_sun_jdbc_odbc_JdbcOdbc_bindOutParameterString@44 1000397a f   JdbcOdbc.obj
 0001:00002a76       _Java_sun_jdbc_odbc_JdbcOdbc_bindInOutParameterDate@40 10003a76 f   JdbcOdbc.obj
 0001:00002b67       _Java_sun_jdbc_odbc_JdbcOdbc_bindInOutParameterTime@40 10003b67 f   JdbcOdbc.obj
 0001:00002c58       _Java_sun_jdbc_odbc_JdbcOdbc_bindInOutParameterStr@48 10003c58 f   JdbcOdbc.obj
 0001:00002d67       _Java_sun_jdbc_odbc_JdbcOdbc_bindInOutParameterNull@44 10003d67 f   JdbcOdbc.obj
 0001:00002e2a       _Java_sun_jdbc_odbc_JdbcOdbc_bindInOutParameterString@48 10003e2a f   JdbcOdbc.obj
 0001:00002f16       _Java_sun_jdbc_odbc_JdbcOdbc_bindInOutParameterBinary@48 10003f16 f   JdbcOdbc.obj
 0001:0000300a       _Java_sun_jdbc_odbc_JdbcOdbc_bindInOutParameterBin@48 1000400a f   JdbcOdbc.obj
 0001:00003114       _Java_sun_jdbc_odbc_JdbcOdbc_bindInOutParameterFixed@48 10004114 f   JdbcOdbc.obj
 0001:000031f0       _Java_sun_jdbc_odbc_JdbcOdbc_bindInOutParameterTimestamp@44 100041f0 f   JdbcOdbc.obj
 0001:000032eb       _Java_sun_jdbc_odbc_JdbcOdbc_bindInOutParameter@52 100042eb f   JdbcOdbc.obj
 0001:0000338c       _Java_sun_jdbc_odbc_JdbcOdbc_bindOutParameterNull@44 1000438c f   JdbcOdbc.obj
 0001:0000344f       _Java_sun_jdbc_odbc_JdbcOdbc_bindOutParameterFixed@48 1000444f f   JdbcOdbc.obj
 0001:0000354a       _Java_sun_jdbc_odbc_JdbcOdbc_bindOutParameterBinary@48 1000454a f   JdbcOdbc.obj
 0001:0000363e       _Java_sun_jdbc_odbc_JdbcOdbc_bindOutParameterDate@40 1000463e f   JdbcOdbc.obj
 0001:0000372f       _Java_sun_jdbc_odbc_JdbcOdbc_bindOutParameterTime@40 1000472f f   JdbcOdbc.obj
 0001:00003820       _Java_sun_jdbc_odbc_JdbcOdbc_bindOutParameterTimestamp@40 10004820 f   JdbcOdbc.obj
 0001:00003919       _Java_sun_jdbc_odbc_JdbcOdbc_browseConnect@28 10004919 f   JdbcOdbc.obj
 0001:000039c9       _Java_sun_jdbc_odbc_JdbcOdbc_cancel@20 100049c9 f   JdbcOdbc.obj
 0001:00003a00       _Java_sun_jdbc_odbc_JdbcOdbc_colAttributes@28 10004a00 f   JdbcOdbc.obj
 0001:00003a53       _Java_sun_jdbc_odbc_JdbcOdbc_colAttributesString@32 10004a53 f   JdbcOdbc.obj
 0001:00003ad5       _Java_sun_jdbc_odbc_JdbcOdbc_columns@52 10004ad5 f   JdbcOdbc.obj
 0001:00003bd8       _Java_sun_jdbc_odbc_JdbcOdbc_columnPrivileges@52 10004bd8 f   JdbcOdbc.obj
 0001:00003cdb       _Java_sun_jdbc_odbc_JdbcOdbc_describeParam@28 10004cdb f   JdbcOdbc.obj
 0001:00003d6b       _Java_sun_jdbc_odbc_JdbcOdbc_disconnect@20 10004d6b f   JdbcOdbc.obj
 0001:00003da2       _Java_sun_jdbc_odbc_JdbcOdbc_driverConnect@24 10004da2 f   JdbcOdbc.obj
 0001:00003e19       _Java_sun_jdbc_odbc_JdbcOdbc_error@44 10004e19 f   JdbcOdbc.obj
 0001:00003ed7       _Java_sun_jdbc_odbc_JdbcOdbc_execDirect@24 10004ed7 f   JdbcOdbc.obj
 0001:00003f37       _Java_sun_jdbc_odbc_JdbcOdbc_execute@20 10004f37 f   JdbcOdbc.obj
 0001:00003f6e       _Java_sun_jdbc_odbc_JdbcOdbc_fetch@20 10004f6e f   JdbcOdbc.obj
 0001:00003fa5       _Java_sun_jdbc_odbc_JdbcOdbc_fetchScroll@28 10004fa5 f   JdbcOdbc.obj
 0001:00003fe2       _Java_sun_jdbc_odbc_JdbcOdbc_foreignKeys@68 10004fe2 f   JdbcOdbc.obj
 0001:00004147       _Java_sun_jdbc_odbc_JdbcOdbc_freeConnect@20 10005147 f   JdbcOdbc.obj
 0001:0000417e       _Java_sun_jdbc_odbc_JdbcOdbc_freeEnv@20 1000517e f   JdbcOdbc.obj
 0001:000041b5       _Java_sun_jdbc_odbc_JdbcOdbc_freeStmt@24 100051b5 f   JdbcOdbc.obj
 0001:000041ef       _Java_sun_jdbc_odbc_JdbcOdbc_getConnectOption@24 100051ef f   JdbcOdbc.obj
 0001:00004235       _Java_sun_jdbc_odbc_JdbcOdbc_getConnectOptionString@28 10005235 f   JdbcOdbc.obj
 0001:00004296       _Java_sun_jdbc_odbc_JdbcOdbc_getCursorName@24 10005296 f   JdbcOdbc.obj
 0001:00004311       _Java_sun_jdbc_odbc_JdbcOdbc_getDataBinary@36 10005311 f   JdbcOdbc.obj
 0001:000043ab       _Java_sun_jdbc_odbc_JdbcOdbc_getDataFloat@24 100053ab f   JdbcOdbc.obj
 0001:000043ab       _Java_sun_jdbc_odbc_JdbcOdbc_getDataDouble@24 100053ab f   JdbcOdbc.obj
 0001:0000440d       _Java_sun_jdbc_odbc_JdbcOdbc_getDataInteger@24 1000540d f   JdbcOdbc.obj
 0001:0000446c       _Java_sun_jdbc_odbc_JdbcOdbc_getDataString@28 1000546c f   JdbcOdbc.obj
 0001:00004515       _Java_sun_jdbc_odbc_JdbcOdbc_getDataStringDate@28 10005515 f   JdbcOdbc.obj
 0001:000045d4       _Java_sun_jdbc_odbc_JdbcOdbc_convertDateString@16 100055d4 f   JdbcOdbc.obj
 0001:00004674       _Java_sun_jdbc_odbc_JdbcOdbc_convertTimeString@16 10005674 f   JdbcOdbc.obj
 0001:00004714       _Java_sun_jdbc_odbc_JdbcOdbc_convertTimestampString@16 10005714 f   JdbcOdbc.obj
 0001:000047c6       _Java_sun_jdbc_odbc_JdbcOdbc_getTimeStruct@24 100057c6 f   JdbcOdbc.obj
 0001:000047c6       _Java_sun_jdbc_odbc_JdbcOdbc_getDateStruct@24 100057c6 f   JdbcOdbc.obj
 0001:0000482c       _Java_sun_jdbc_odbc_JdbcOdbc_getTimestampStruct@44 1000582c f   JdbcOdbc.obj
 0001:000048b1       _Java_sun_jdbc_odbc_JdbcOdbc_getDataStringTime@28 100058b1 f   JdbcOdbc.obj
 0001:0000496e       _Java_sun_jdbc_odbc_JdbcOdbc_getDataStringTimestamp@28 1000596e f   JdbcOdbc.obj
 0001:00004a58       _Java_sun_jdbc_odbc_JdbcOdbc_getInfoShort@24 10005a58 f   JdbcOdbc.obj
 0001:00004a58       _Java_sun_jdbc_odbc_JdbcOdbc_getInfo@24 10005a58 f   JdbcOdbc.obj
 0001:00004aa8       _Java_sun_jdbc_odbc_JdbcOdbc_getInfoString@28 10005aa8 f   JdbcOdbc.obj
 0001:00004b26       _Java_sun_jdbc_odbc_JdbcOdbc_getStmtOption@24 10005b26 f   JdbcOdbc.obj
 0001:00004b6c       _Java_sun_jdbc_odbc_JdbcOdbc_getStmtAttr@24 10005b6c f   JdbcOdbc.obj
 0001:00004bbc       _Java_sun_jdbc_odbc_JdbcOdbc_getTypeInfo@24 10005bbc f   JdbcOdbc.obj
 0001:00004bf6       _Java_sun_jdbc_odbc_JdbcOdbc_moreResults@20 10005bf6 f   JdbcOdbc.obj
 0001:00004c2d       _Java_sun_jdbc_odbc_JdbcOdbc_nativeSql@28 10005c2d f   JdbcOdbc.obj
 0001:00004cdd       _Java_sun_jdbc_odbc_JdbcOdbc_numParams@20 10005cdd f   JdbcOdbc.obj
 0001:00004d20       _Java_sun_jdbc_odbc_JdbcOdbc_numResultCols@20 10005d20 f   JdbcOdbc.obj
 0001:00004d63       _Java_sun_jdbc_odbc_JdbcOdbc_paramData@20 10005d63 f   JdbcOdbc.obj
 0001:00004dc1       _Java_sun_jdbc_odbc_JdbcOdbc_paramDataInBlock@24 10005dc1 f   JdbcOdbc.obj
 0001:00004e31       _Java_sun_jdbc_odbc_JdbcOdbc_prepare@24 10005e31 f   JdbcOdbc.obj
 0001:00004e97       _Java_sun_jdbc_odbc_JdbcOdbc_primaryKeys@44 10005e97 f   JdbcOdbc.obj
 0001:00004f68       _Java_sun_jdbc_odbc_JdbcOdbc_procedures@44 10005f68 f   JdbcOdbc.obj
 0001:00005039       _Java_sun_jdbc_odbc_JdbcOdbc_procedureColumns@52 10006039 f   JdbcOdbc.obj
 0001:0000513c       _Java_sun_jdbc_odbc_JdbcOdbc_putData@28 1000613c f   JdbcOdbc.obj
 0001:0000519d       _Java_sun_jdbc_odbc_JdbcOdbc_rowCount@20 1000619d f   JdbcOdbc.obj
 0001:000051df       _Java_sun_jdbc_odbc_JdbcOdbc_setConnectOption@28 100061df f   JdbcOdbc.obj
 0001:0000521c       _Java_sun_jdbc_odbc_JdbcOdbc_setConnectOptionString@28 1000621c f   JdbcOdbc.obj
 0001:0000527d       _Java_sun_jdbc_odbc_JdbcOdbc_setCursorName@24 1000627d f   JdbcOdbc.obj
 0001:000052dd       _Java_sun_jdbc_odbc_JdbcOdbc_setStmtOption@28 100062dd f   JdbcOdbc.obj
 0001:0000531a       _Java_sun_jdbc_odbc_JdbcOdbc_setStmtAttr@32 1000631a f   JdbcOdbc.obj
 0001:0000535a       _Java_sun_jdbc_odbc_JdbcOdbc_setStmtAttrPtr@36 1000635a f   JdbcOdbc.obj
 0001:000053ef       _Java_sun_jdbc_odbc_JdbcOdbc_setPos@32 100063ef f   JdbcOdbc.obj
 0001:0000542f       _Java_sun_jdbc_odbc_JdbcOdbc_specialColumns@56 1000642f f   JdbcOdbc.obj
 0001:00005519       _Java_sun_jdbc_odbc_JdbcOdbc_statistics@52 10006519 f   JdbcOdbc.obj
 0001:0000560a       _Java_sun_jdbc_odbc_JdbcOdbc_tables@52 1000660a f   JdbcOdbc.obj
 0001:0000570d       _Java_sun_jdbc_odbc_JdbcOdbc_tablePrivileges@44 1000670d f   JdbcOdbc.obj
 0001:000057de       _Java_sun_jdbc_odbc_JdbcOdbc_transact@32 100067de f   JdbcOdbc.obj
 0001:0000581b       _Java_sun_jdbc_odbc_JdbcOdbc_ReleaseStoredBytes@24 1000681b f   JdbcOdbc.obj
 0001:00005841       _Java_sun_jdbc_odbc_JdbcOdbc_ReleaseStoredChars@24 10006841 f   JdbcOdbc.obj
 0001:00005865       _Java_sun_jdbc_odbc_JdbcOdbc_ReleaseStoredIntegers@24 10006865 f   JdbcOdbc.obj
 0001:0000588b       _Java_sun_jdbc_odbc_JdbcOdbcCallableStatement_getTheOutValue@12 1000688b f   JdbcOdbc.obj
 0001:00005894       _SQLAllocConnect@8         10006894 f   odbc32:ODBC32.dll
 0001:0000589a       _SQLAllocEnv@4             1000689a f   odbc32:ODBC32.dll
 0001:000058a0       _SQLAllocStmt@8            100068a0 f   odbc32:ODBC32.dll
 0001:000058a6       _SQLBindCol@24             100068a6 f   odbc32:ODBC32.dll
 0001:000058ac       _SQLBindParameter@40       100068ac f   odbc32:ODBC32.dll
 0001:000058b2       _SQLBrowseConnect@24       100068b2 f   odbc32:ODBC32.dll
 0001:000058b8       _SQLCancel@4               100068b8 f   odbc32:ODBC32.dll
 0001:000058be       _SQLColAttributes@28       100068be f   odbc32:ODBC32.dll
 0001:000058c4       _SQLColumns@36             100068c4 f   odbc32:ODBC32.dll
 0001:000058ca       _SQLColumnPrivileges@36    100068ca f   odbc32:ODBC32.dll
 0001:000058d0       _SQLDescribeParam@24       100068d0 f   odbc32:ODBC32.dll
 0001:000058d6       _SQLDisconnect@4           100068d6 f   odbc32:ODBC32.dll
 0001:000058dc       _SQLDriverConnect@32       100068dc f   odbc32:ODBC32.dll
 0001:000058e2       _SQLError@32               100068e2 f   odbc32:ODBC32.dll
 0001:000058e8       _SQLExecDirect@12          100068e8 f   odbc32:ODBC32.dll
 0001:000058ee       _SQLExecute@4              100068ee f   odbc32:ODBC32.dll
 0001:000058f4       _SQLFetch@4                100068f4 f   odbc32:ODBC32.dll
 0001:000058fa       _SQLFetchScroll@12         100068fa f   odbc32:ODBC32.dll
 0001:00005900       _SQLForeignKeys@52         10006900 f   odbc32:ODBC32.dll
 0001:00005906       _SQLFreeConnect@4          10006906 f   odbc32:ODBC32.dll
 0001:0000590c       _SQLFreeEnv@4              1000690c f   odbc32:ODBC32.dll
 0001:00005912       _SQLFreeStmt@8             10006912 f   odbc32:ODBC32.dll
 0001:00005918       _SQLGetConnectOption@12    10006918 f   odbc32:ODBC32.dll
 0001:0000591e       _SQLGetCursorName@16       1000691e f   odbc32:ODBC32.dll
 0001:00005924       _SQLGetData@24             10006924 f   odbc32:ODBC32.dll
 0001:0000592a       _SQLGetInfo@20             1000692a f   odbc32:ODBC32.dll
 0001:00005930       _SQLGetStmtOption@12       10006930 f   odbc32:ODBC32.dll
 0001:00005936       _SQLGetStmtAttr@20         10006936 f   odbc32:ODBC32.dll
 0001:0000593c       _SQLGetTypeInfo@8          1000693c f   odbc32:ODBC32.dll
 0001:00005942       _SQLMoreResults@4          10006942 f   odbc32:ODBC32.dll
 0001:00005948       _SQLNativeSql@24           10006948 f   odbc32:ODBC32.dll
 0001:0000594e       _SQLNumParams@8            1000694e f   odbc32:ODBC32.dll
 0001:00005954       _SQLNumResultCols@8        10006954 f   odbc32:ODBC32.dll
 0001:0000595a       _SQLParamData@8            1000695a f   odbc32:ODBC32.dll
 0001:00005960       _SQLPrepare@12             10006960 f   odbc32:ODBC32.dll
 0001:00005966       _SQLPrimaryKeys@28         10006966 f   odbc32:ODBC32.dll
 0001:0000596c       _SQLProcedures@28          1000696c f   odbc32:ODBC32.dll
 0001:00005972       _SQLProcedureColumns@36    10006972 f   odbc32:ODBC32.dll
 0001:00005978       _SQLPutData@12             10006978 f   odbc32:ODBC32.dll
 0001:0000597e       _SQLRowCount@8             1000697e f   odbc32:ODBC32.dll
 0001:00005984       _SQLSetConnectOption@12    10006984 f   odbc32:ODBC32.dll
 0001:0000598a       _SQLSetCursorName@12       1000698a f   odbc32:ODBC32.dll
 0001:00005990       _SQLSetStmtOption@12       10006990 f   odbc32:ODBC32.dll
 0001:00005996       _SQLSetStmtAttr@16         10006996 f   odbc32:ODBC32.dll
 0001:0000599c       _SQLSetPos@16              1000699c f   odbc32:ODBC32.dll
 0001:000059a2       _SQLSpecialColumns@40      100069a2 f   odbc32:ODBC32.dll
 0001:000059a8       _SQLStatistics@36          100069a8 f   odbc32:ODBC32.dll
 0001:000059ae       _SQLTables@36              100069ae f   odbc32:ODBC32.dll
 0001:000059b4       _SQLTablePrivileges@28     100069b4 f   odbc32:ODBC32.dll
 0001:000059ba       _SQLTransact@12            100069ba f   odbc32:ODBC32.dll
 0001:000059c0       _memcpy                    100069c0 f   MSVCRT:MSVCR71.dll
 0001:000059d0       _memset                    100069d0 f   MSVCRT:MSVCR71.dll
 0001:000059d6       _strlen                    100069d6 f   MSVCRT:MSVCR71.dll
 0001:000059dc       _strcpy                    100069dc f   MSVCRT:MSVCR71.dll
 0001:000059e2       __CRT_INIT@12              100069e2 f   MSVCRT:crtdll.obj
 0001:00005aa0       __DllMainCRTStartup@12     10006aa0 f   MSVCRT:crtdll.obj
 0001:00005b84       __initterm                 10006b84 f   MSVCRT:MSVCR71.dll
 0001:00005b8a       __onexit                   10006b8a f   MSVCRT:atonexit.obj
 0001:00005bb0       _atexit                    10006bb0 f   MSVCRT:atonexit.obj
 0001:00005bc2       __RTC_Initialize           10006bc2 f   MSVCRT:initsect.obj
 0001:00005c06       __RTC_Terminate            10006c06 f   MSVCRT:initsect.obj
 0001:00005c4a       ___CppXcptFilter           10006c4a f   MSVCRT:MSVCR71.dll
 0001:00005c50       _DllMain@12                10006c50 f   MSVCRT:dllmain.obj
 0001:00005c70       __SEH_prolog               10006c70 f   MSVCRT:sehprolg.obj
 0001:00005cab       __SEH_epilog               10006cab f   MSVCRT:sehprolg.obj
 0001:00005cbc       __except_handler3          10006cbc f   MSVCRT:MSVCR71.dll
 0001:00005cc2       ___dllonexit               10006cc2 f   MSVCRT:MSVCR71.dll
 0002:00000000       __imp__DisableThreadLibraryCalls@4 10007000     kernel32:KERNEL32.dll
 0002:00000004       \177KERNEL32_NULL_THUNK_DATA 10007004     kernel32:KERNEL32.dll
 0002:00000008       __imp___onexit             10007008     MSVCRT:MSVCR71.dll
 0002:0000000c       __imp___except_handler3    1000700c     MSVCRT:MSVCR71.dll
 0002:00000010       __imp____CppXcptFilter     10007010     MSVCRT:MSVCR71.dll
 0002:00000014       __imp___adjust_fdiv        10007014     MSVCRT:MSVCR71.dll
 0002:00000018       __imp__malloc              10007018     MSVCRT:MSVCR71.dll
 0002:0000001c       __imp___initterm           1000701c     MSVCRT:MSVCR71.dll
 0002:00000020       __imp__free                10007020     MSVCRT:MSVCR71.dll
 0002:00000024       __imp__strcpy              10007024     MSVCRT:MSVCR71.dll
 0002:00000028       __imp__sprintf             10007028     MSVCRT:MSVCR71.dll
 0002:0000002c       __imp__strlen              1000702c     MSVCRT:MSVCR71.dll
 0002:00000030       __imp__memset              10007030     MSVCRT:MSVCR71.dll
 0002:00000034       __imp__memcpy              10007034     MSVCRT:MSVCR71.dll
 0002:00000038       __imp____dllonexit         10007038     MSVCRT:MSVCR71.dll
 0002:0000003c       \177MSVCR71_NULL_THUNK_DATA 1000703c     MSVCRT:MSVCR71.dll
 0002:00000040       __imp__SQLFetch@4          10007040     odbc32:ODBC32.dll
 0002:00000044       __imp__SQLFetchScroll@12   10007044     odbc32:ODBC32.dll
 0002:00000048       __imp__SQLForeignKeys@52   10007048     odbc32:ODBC32.dll
 0002:0000004c       __imp__SQLFreeConnect@4    1000704c     odbc32:ODBC32.dll
 0002:00000050       __imp__SQLFreeEnv@4        10007050     odbc32:ODBC32.dll
 0002:00000054       __imp__SQLFreeStmt@8       10007054     odbc32:ODBC32.dll
 0002:00000058       __imp__SQLGetConnectOption@12 10007058     odbc32:ODBC32.dll
 0002:0000005c       __imp__SQLGetCursorName@16 1000705c     odbc32:ODBC32.dll
 0002:00000060       __imp__SQLGetData@24       10007060     odbc32:ODBC32.dll
 0002:00000064       __imp__SQLGetInfo@20       10007064     odbc32:ODBC32.dll
 0002:00000068       __imp__SQLGetStmtOption@12 10007068     odbc32:ODBC32.dll
 0002:0000006c       __imp__SQLGetStmtAttr@20   1000706c     odbc32:ODBC32.dll
 0002:00000070       __imp__SQLGetTypeInfo@8    10007070     odbc32:ODBC32.dll
 0002:00000074       __imp__SQLMoreResults@4    10007074     odbc32:ODBC32.dll
 0002:00000078       __imp__SQLNativeSql@24     10007078     odbc32:ODBC32.dll
 0002:0000007c       __imp__SQLNumParams@8      1000707c     odbc32:ODBC32.dll
 0002:00000080       __imp__SQLNumResultCols@8  10007080     odbc32:ODBC32.dll
 0002:00000084       __imp__SQLExecute@4        10007084     odbc32:ODBC32.dll
 0002:00000088       __imp__SQLPrepare@12       10007088     odbc32:ODBC32.dll
 0002:0000008c       __imp__SQLPrimaryKeys@28   1000708c     odbc32:ODBC32.dll
 0002:00000090       __imp__SQLProcedures@28    10007090     odbc32:ODBC32.dll
 0002:00000094       __imp__SQLProcedureColumns@36 10007094     odbc32:ODBC32.dll
 0002:00000098       __imp__SQLPutData@12       10007098     odbc32:ODBC32.dll
 0002:0000009c       __imp__SQLRowCount@8       1000709c     odbc32:ODBC32.dll
 0002:000000a0       __imp__SQLSetConnectOption@12 100070a0     odbc32:ODBC32.dll
 0002:000000a4       __imp__SQLSetCursorName@12 100070a4     odbc32:ODBC32.dll
 0002:000000a8       __imp__SQLSetStmtOption@12 100070a8     odbc32:ODBC32.dll
 0002:000000ac       __imp__SQLSetStmtAttr@16   100070ac     odbc32:ODBC32.dll
 0002:000000b0       __imp__SQLSetPos@16        100070b0     odbc32:ODBC32.dll
 0002:000000b4       __imp__SQLSpecialColumns@40 100070b4     odbc32:ODBC32.dll
 0002:000000b8       __imp__SQLStatistics@36    100070b8     odbc32:ODBC32.dll
 0002:000000bc       __imp__SQLTables@36        100070bc     odbc32:ODBC32.dll
 0002:000000c0       __imp__SQLTablePrivileges@28 100070c0     odbc32:ODBC32.dll
 0002:000000c4       __imp__SQLTransact@12      100070c4     odbc32:ODBC32.dll
 0002:000000c8       __imp__SQLExecDirect@12    100070c8     odbc32:ODBC32.dll
 0002:000000cc       __imp__SQLError@32         100070cc     odbc32:ODBC32.dll
 0002:000000d0       __imp__SQLDriverConnect@32 100070d0     odbc32:ODBC32.dll
 0002:000000d4       __imp__SQLDisconnect@4     100070d4     odbc32:ODBC32.dll
 0002:000000d8       __imp__SQLDescribeParam@24 100070d8     odbc32:ODBC32.dll
 0002:000000dc       __imp__SQLColumnPrivileges@36 100070dc     odbc32:ODBC32.dll
 0002:000000e0       __imp__SQLColumns@36       100070e0     odbc32:ODBC32.dll
 0002:000000e4       __imp__SQLColAttributes@28 100070e4     odbc32:ODBC32.dll
 0002:000000e8       __imp__SQLCancel@4         100070e8     odbc32:ODBC32.dll
 0002:000000ec       __imp__SQLBrowseConnect@24 100070ec     odbc32:ODBC32.dll
 0002:000000f0       __imp__SQLBindParameter@40 100070f0     odbc32:ODBC32.dll
 0002:000000f4       __imp__SQLBindCol@24       100070f4     odbc32:ODBC32.dll
 0002:000000f8       __imp__SQLAllocEnv@4       100070f8     odbc32:ODBC32.dll
 0002:000000fc       __imp__SQLAllocStmt@8      100070fc     odbc32:ODBC32.dll
 0002:00000100       __imp__SQLParamData@8      10007100     odbc32:ODBC32.dll
 0002:00000104       __imp__SQLAllocConnect@8   10007104     odbc32:ODBC32.dll
 0002:00000108       \177ODBC32_NULL_THUNK_DATA 10007108     odbc32:ODBC32.dll
 0002:0000012c       ??_C@_02DPKJAMEF@?$CFd?$AA@ 1000712c     JdbcOdbc.obj
 0002:00000130       ??_C@_0P@IIOANBBE@?$CF04i?9?$CF02i?9?$CF02i?$AA@ 10007130     JdbcOdbc.obj
 0002:00000140       ??_C@_0P@LBBLONKC@?$CF02i?3?$CF02i?3?$CF02i?$AA@ 10007140     JdbcOdbc.obj
 0002:00000150       ??_C@_0CE@CKHBAICJ@?$CF04i?9?$CF02i?9?$CF02i?5?$CF02i?3?$CF02i?3?$CF02i?4?$CF0@ 10007150     JdbcOdbc.obj
 0002:00000174       ??_C@_06HDIABLMC@?4?$CF09li?$AA@ 10007174     JdbcOdbc.obj
 0002:0000017c       ??_C@_0BO@LBDDLDLF@?$CF04i?9?$CF02i?9?$CF02i?5?$CF02i?3?$CF02i?3?$CF02i?$AA@ 1000717c     JdbcOdbc.obj
 0002:000001d0       __load_config_used         100071d0     MSVCRT:loadcfg.obj
 0002:00000290       ___safe_se_handler_table   10007290     <linker-defined>
 0002:00000294       ___rtc_iaa                 10007294     MSVCRT:initsect.obj
 0002:00000298       ___rtc_izz                 10007298     MSVCRT:initsect.obj
 0002:0000029c       ___rtc_taa                 1000729c     MSVCRT:initsect.obj
 0002:000002a0       ___rtc_tzz                 100072a0     MSVCRT:initsect.obj
 0002:000002a4       __IMPORT_DESCRIPTOR_ODBC32 100072a4     odbc32:ODBC32.dll
 0002:000002b8       __IMPORT_DESCRIPTOR_MSVCR71 100072b8     MSVCRT:MSVCR71.dll
 0002:000002cc       __IMPORT_DESCRIPTOR_KERNEL32 100072cc     kernel32:KERNEL32.dll
 0002:000002e0       __NULL_IMPORT_DESCRIPTOR   100072e0     odbc32:ODBC32.dll
 0003:00000000       ___xc_a                    1000a000     MSVCRT:cinitexe.obj
 0003:00000004       ___xc_z                    1000a004     MSVCRT:cinitexe.obj
 0003:00000008       ___xi_a                    1000a008     MSVCRT:cinitexe.obj
 0003:0000000c       ___xi_z                    1000a00c     MSVCRT:cinitexe.obj
 0003:00000010       ___security_cookie         1000a010     MSVCRT:seccook.obj
 0003:0000002c       __adjust_fdiv              1000a02c     <common>
 0003:00000030       ___onexitend               1000a030     <common>
 0003:00000034       ___onexitbegin             1000a034     <common>
 0003:00000038       __pRawDllMain              1000a038     <common>

 entry point at        0001:00005aa0

 Static symbols

