 awt

 Timestamp is 4cfaddc1 (Sat Dec 04 16:33:05 2010)

 Preferred load address is 10000000

 Start         Length     Name                   Class
 0001:00000000 0011d504H .text                   CODE
 0001:0011d510 0000214aH .text$x                 CODE
 0001:0011f660 000006dcH .text$yc                CODE
 0001:0011fd40 0000010fH .text$yd                CODE
 0002:00000000 000006f0H .idata$5                DATA
 0002:000006f0 00040fb0H .rdata                  DATA
 0002:000416a0 00000066H .rdata$debug            DATA
 0002:00041708 00000044H .rdata$r                DATA
 0002:00041750 000008d4H .rdata$sxdata           DATA
 0002:00042024 00000004H .rtc$IAA                DATA
 0002:00042028 00000004H .rtc$IZZ                DATA
 0002:0004202c 00000004H .rtc$TAA                DATA
 0002:00042030 00000004H .rtc$TZZ                DATA
 0002:00042034 0000bd70H .xdata$x                DATA
 0002:0004dda4 000000dcH .idata$2                DATA
 0002:0004de80 00000014H .idata$3                DATA
 0002:0004de94 000006f0H .idata$4                DATA
 0002:0004e584 00001cd6H .idata$6                DATA
 0002:00050260 0000b372H .edata                  DATA
 0003:00000000 00000004H .CRT$XCA                DATA
 0003:00000004 00000004H .CRT$XCL                DATA
 0003:00000008 000000a0H .CRT$XCU                DATA
 0003:000000a8 00000004H .CRT$XCZ                DATA
 0003:000000ac 00000004H .CRT$XIA                DATA
 0003:000000b0 00000004H .CRT$XIZ                DATA
 0003:000000c0 0000f8acH .data                   DATA
 0003:0000f96c 00000004H .data$_advapi32_RegCreateKeyExW DATA
 0003:0000f970 00000004H .data$_advapi32_RegDeleteKeyW DATA
 0003:0000f974 00000004H .data$_advapi32_RegEnumKeyExW DATA
 0003:0000f978 00000004H .data$_advapi32_RegOpenKeyExW DATA
 0003:0000f97c 00000004H .data$_advapi32_RegQueryValueExW DATA
 0003:0000f980 00000004H .data$_advapi32_RegSetValueExW DATA
 0003:0000f984 00000004H .data$_gdi32_CreateDCW  DATA
 0003:0000f988 00000004H .data$_gdi32_CreateEnhMetaFileW DATA
 0003:0000f98c 00000004H .data$_gdi32_CreateFontIndirectW DATA
 0003:0000f990 00000004H .data$_gdi32_CreateICW  DATA
 0003:0000f994 00000004H .data$_gdi32_CreateMetaFileW DATA
 0003:0000f998 00000004H .data$_gdi32_EnumFontFamiliesExW DATA
 0003:0000f99c 00000004H .data$_gdi32_ExtTextOutW DATA
 0003:0000f9a0 00000004H .data$_gdi32_GetCharWidthW DATA
 0003:0000f9a4 00000004H .data$_gdi32_GetObjectW DATA
 0003:0000f9a8 00000004H .data$_gdi32_GetTextExtentPoint32W DATA
 0003:0000f9ac 00000004H .data$_gdi32_GetTextExtentPointW DATA
 0003:0000f9b0 00000004H .data$_gdi32_GetTextFaceW DATA
 0003:0000f9b4 00000004H .data$_gdi32_GetTextMetricsW DATA
 0003:0000f9b8 00000004H .data$_gdi32_ResetDCW   DATA
 0003:0000f9bc 00000004H .data$_gdi32_StartDocW  DATA
 0003:0000f9c0 00000004H .data$_gdi32_TextOutW   DATA
 0003:0000f9c4 00000004H .data$_kernel32_CreateEventW DATA
 0003:0000f9c8 00000004H .data$_kernel32_CreateFileW DATA
 0003:0000f9cc 00000004H .data$_kernel32_CreateMutexW DATA
 0003:0000f9d0 00000004H .data$_kernel32_ExpandEnvironmentStringsW DATA
 0003:0000f9d4 00000004H .data$_kernel32_FormatMessageW DATA
 0003:0000f9d8 00000004H .data$_kernel32_GetCurrentDirectoryW DATA
 0003:0000f9dc 00000004H .data$_kernel32_GetLocaleInfoW DATA
 0003:0000f9e0 00000004H .data$_kernel32_GetModuleFileNameW DATA
 0003:0000f9e4 00000004H .data$_kernel32_GetModuleHandleW DATA
 0003:0000f9e8 00000004H .data$_kernel32_GetProcAddress DATA
 0003:0000f9ec 00000004H .data$_kernel32_GetProfileStringW DATA
 0003:0000f9f0 00000004H .data$_kernel32_GetVersionExW DATA
 0003:0000f9f4 00000004H .data$_kernel32_GetWindowsDirectoryW DATA
 0003:0000f9f8 00000004H .data$_kernel32_IsBadStringPtrW DATA
 0003:0000f9fc 00000004H .data$_kernel32_LCMapStringW DATA
 0003:0000fa00 00000004H .data$_kernel32_LoadLibraryW DATA
 0003:0000fa04 00000004H .data$_kernel32_MultiByteToWideChar DATA
 0003:0000fa08 00000004H .data$_kernel32_SetCurrentDirectoryW DATA
 0003:0000fa0c 00000004H .data$_kernel32_WideCharToMultiByte DATA
 0003:0000fa10 00000004H .data$_kernel32_lstrcmpW DATA
 0003:0000fa14 00000004H .data$_kernel32_lstrcpyW DATA
 0003:0000fa18 00000004H .data$_kernel32_lstrcpynW DATA
 0003:0000fa1c 00000004H .data$_kernel32_lstrlenW DATA
 0003:0000fa20 00000004H .data$_shell32_ShellExecuteW DATA
 0003:0000fa24 00000004H .data$_shell32_Shell_NotifyIconW DATA
 0003:0000fa28 00000004H .data$_user32_AppendMenuW DATA
 0003:0000fa2c 00000004H .data$_user32_CallWindowProcW DATA
 0003:0000fa30 00000004H .data$_user32_ChangeDisplaySettingsW DATA
 0003:0000fa34 00000004H .data$_user32_CreateWindowExW DATA
 0003:0000fa38 00000004H .data$_user32_DefWindowProcW DATA
 0003:0000fa3c 00000004H .data$_user32_DispatchMessageW DATA
 0003:0000fa40 00000004H .data$_user32_EnableWindow DATA
 0003:0000fa44 00000004H .data$_user32_EnumClipboardFormats DATA
 0003:0000fa48 00000004H .data$_user32_EnumDisplaySettingsW DATA
 0003:0000fa4c 00000004H .data$_user32_FindWindowW DATA
 0003:0000fa50 00000004H .data$_user32_GetClassInfoExW DATA
 0003:0000fa54 00000004H .data$_user32_GetClassInfoW DATA
 0003:0000fa58 00000004H .data$_user32_GetClassLongW DATA
 0003:0000fa5c 00000004H .data$_user32_GetClipboardData DATA
 0003:0000fa60 00000004H .data$_user32_GetClipboardFormatNameW DATA
 0003:0000fa64 00000004H .data$_user32_GetMenuItemInfoW DATA
 0003:0000fa68 00000004H .data$_user32_GetPropW  DATA
 0003:0000fa6c 00000004H .data$_user32_GetWindowLongW DATA
 0003:0000fa70 00000004H .data$_user32_GetWindowTextLengthW DATA
 0003:0000fa74 00000004H .data$_user32_GetWindowTextW DATA
 0003:0000fa78 00000004H .data$_user32_InsertMenuItemW DATA
 0003:0000fa7c 00000004H .data$_user32_IsClipboardFormatAvailable DATA
 0003:0000fa80 00000004H .data$_user32_LoadBitmapW DATA
 0003:0000fa84 00000004H .data$_user32_LoadCursorFromFileW DATA
 0003:0000fa88 00000004H .data$_user32_LoadCursorW DATA
 0003:0000fa8c 00000004H .data$_user32_LoadIconW DATA
 0003:0000fa90 00000004H .data$_user32_LoadImageW DATA
 0003:0000fa94 00000004H .data$_user32_LoadKeyboardLayoutW DATA
 0003:0000fa98 00000004H .data$_user32_MapVirtualKeyExW DATA
 0003:0000fa9c 00000004H .data$_user32_MapVirtualKeyW DATA
 0003:0000faa0 00000004H .data$_user32_MessageBoxW DATA
 0003:0000faa4 00000004H .data$_user32_PeekMessageW DATA
 0003:0000faa8 00000004H .data$_user32_PostMessageW DATA
 0003:0000faac 00000004H .data$_user32_RegisterClassExW DATA
 0003:0000fab0 00000004H .data$_user32_RegisterClassW DATA
 0003:0000fab4 00000004H .data$_user32_RegisterClipboardFormatW DATA
 0003:0000fab8 00000004H .data$_user32_RegisterWindowMessageW DATA
 0003:0000fabc 00000004H .data$_user32_RemovePropW DATA
 0003:0000fac0 00000004H .data$_user32_SendMessageW DATA
 0003:0000fac4 00000004H .data$_user32_SetClassLongW DATA
 0003:0000fac8 00000004H .data$_user32_SetMenuItemInfoW DATA
 0003:0000facc 00000004H .data$_user32_SetPropW  DATA
 0003:0000fad0 00000004H .data$_user32_SetWindowLongW DATA
 0003:0000fad4 00000004H .data$_user32_SetWindowTextW DATA
 0003:0000fad8 00000004H .data$_user32_SetWindowsHookExW DATA
 0003:0000fadc 00000004H .data$_user32_SystemParametersInfoW DATA
 0003:0000fae0 00000004H .data$_user32_UnregisterClassW DATA
 0003:0000fae4 00000004H .data$_user32_VkKeyScanW DATA
 0003:0000fae8 00000004H .data$_user32_wsprintfW DATA
 0003:0000faec 00000004H .data$_winspool_DeviceCapabilitiesW DATA
 0003:0000faf0 00000004H .data$_winspool_DocumentPropertiesW DATA
 0003:0000faf4 00000004H .data$_winspool_EnumPrintersW DATA
 0003:0000faf8 00000004H .data$_winspool_GetPrinterW DATA
 0003:0000fafc 00000004H .data$_winspool_OpenPrinterW DATA
 0003:0000fb00 00000004H .data$_winspool_StartDocPrinterW DATA
 0003:0000fb20 000315b8H .bss                    DATA
 0004:00000000 00000758H .rsrc$01                DATA
 0004:00000760 00014788H .rsrc$02                DATA

  Address         Publics by Value              Rva+Base     Lib:Object

 0000:00000000       __except_list              00000000     <absolute>
 0000:00000235       ___safe_se_handler_count   00000235     <absolute>
 0000:00009876       __fltused                  00009876     <absolute>
 0000:00009876       __ldused                   00009876     <absolute>
 0001:00000000       _Java_sun_java2d_loops_GraphicsPrimitiveMgr_initIDs@52 10001000 f   GraphicsPrimitiveMgr.obj
 0001:00000420       _GrPrim_RefineBounds       10001420 f   GraphicsPrimitiveMgr.obj
 0001:000005b0       _Java_sun_java2d_loops_GraphicsPrimitiveMgr_registerNativeLoops@8 100015b0 f   GraphicsPrimitiveMgr.obj
 0001:00000980       _RegisterPrimitives        10001980 f   GraphicsPrimitiveMgr.obj
 0001:00000b80       _GetNativePrim@8           10001b80 f   GraphicsPrimitiveMgr.obj
 0001:00000bc0       _GrPrim_Sg2dGetCompInfo@16 10001bc0 f   GraphicsPrimitiveMgr.obj
 0001:00000c10       _GrPrim_CompGetXorColor@8  10001c10 f   GraphicsPrimitiveMgr.obj
 0001:00000c70       _GrPrim_Sg2dGetClip@12     10001c70 f   GraphicsPrimitiveMgr.obj
 0001:00000cb0       _GrPrim_Sg2dGetPixel@8     10001cb0 f   GraphicsPrimitiveMgr.obj
 0001:00000cd0       _GrPrim_Sg2dGetEaRGB@8     10001cd0 f   GraphicsPrimitiveMgr.obj
 0001:00000cf0       _GrPrim_Sg2dGetLCDTextContrast@8 10001cf0 f   GraphicsPrimitiveMgr.obj
 0001:00000d10       _GrPrim_CompGetXorInfo@12  10001d10 f   GraphicsPrimitiveMgr.obj
 0001:00000d60       _GrPrim_CompGetAlphaInfo@12 10001d60 f   GraphicsPrimitiveMgr.obj
 0001:00000db0       _Transform_GetInfo@12      10001db0 f   GraphicsPrimitiveMgr.obj
 0001:00000e70       _Transform_transform@12    10001e70 f   GraphicsPrimitiveMgr.obj
 0001:00000ed0       _Java_sun_java2d_loops_Blit_Blit@48 10001ed0 f   Blit.obj
 0001:000012d0       _Java_sun_java2d_loops_BlitBg_BlitBg@52 100022d0 f   BlitBg.obj
 0001:00001710       _Java_sun_java2d_loops_ScaledBlit_Scale@72 10002710 f   ScaledBlit.obj
 0001:00002490       _Java_sun_java2d_loops_FillRect_FillRect@32 10003490 f   FillRect.obj
 0001:00002670       _Java_sun_java2d_loops_FillSpans_FillSpans@32 10003670 f   FillSpans.obj
 0001:00002870       _Java_sun_java2d_loops_FillParallelogram_FillParallelogram@64 10003870 f   FillParallelogram.obj
 0001:000032d0       _Java_sun_java2d_loops_DrawParallelogram_DrawParallelogram@80 100042d0 f   DrawParallelogram.obj
 0001:000052f0       _LineUtils_SetupBresenham  100062f0 f   DrawLine.obj
 0001:000064a0       _Java_sun_java2d_loops_DrawLine_DrawLine@32 100074a0 f   DrawLine.obj
 0001:000069d0       _Java_sun_java2d_loops_DrawRect_DrawRect@32 100079d0 f   DrawRect.obj
 0001:00006d90       _Java_sun_java2d_loops_DrawPolygons_DrawPolygons@44 10007d90 f   DrawPolygons.obj
 0001:00007990       _Java_sun_java2d_loops_DrawPath_DrawPath@28 10008990 f   DrawPath.obj
 0001:000080e0       _Java_sun_java2d_loops_FillPath_FillPath@28 100090e0 f   FillPath.obj
 0001:00008590       _ProcessFixedLine          10009590 f   ProcessPath.obj
 0001:00008ef0       _ProcessPath               10009ef0 f   ProcessPath.obj
 0001:0000b990       _FillPolygon               1000c990 f   ProcessPath.obj
 0001:0000c330       _StoreFixedLine            1000d330 f   ProcessPath.obj
 0001:0000caa0       _doFillPath                1000daa0 f   ProcessPath.obj
 0001:0000cbf0       _doDrawPath                1000dbf0 f   ProcessPath.obj
 0001:0000cc90       _Java_sun_java2d_loops_MaskBlit_MaskBlit@60 1000dc90 f   MaskBlit.obj
 0001:0000d100       _Java_sun_java2d_loops_MaskFill_MaskFill@48 1000e100 f   MaskFill.obj
 0001:0000d380       _Java_sun_java2d_loops_MaskFill_FillAAPgram@68 1000e380 f   MaskFill.obj
 0001:0000f9e0       _Java_sun_java2d_loops_MaskFill_DrawAAPgram@84 100109e0 f   MaskFill.obj
 0001:00012ba0       _Java_sun_java2d_loops_TransformHelper_Transform@80 10013ba0 f   TransformHelper.obj
 0001:00014400       _initAlphaTables           10015400 f   AlphaMath.obj
 0001:00014540       _RegisterAnyByte           10015540 f   AnyByte.obj
 0001:00014560       _AnyByteIsomorphicCopy     10015560 f   AnyByte.obj
 0001:000145c0       _AnyByteIsomorphicScaleCopy 100155c0 f   AnyByte.obj
 0001:00014670       _AnyByteIsomorphicXorCopy  10015670 f   AnyByte.obj
 0001:00014720       _AnyByteSetRect            10015720 f   AnyByte.obj
 0001:00014790       _AnyByteSetSpans           10015790 f   AnyByte.obj
 0001:00014840       _AnyByteSetParallelogram   10015840 f   AnyByte.obj
 0001:00014910       _AnyByteSetLine            10015910 f   AnyByte.obj
 0001:00014a60       _AnyByteXorRect            10015a60 f   AnyByte.obj
 0001:00014b00       _AnyByteXorSpans           10015b00 f   AnyByte.obj
 0001:00014bd0       _AnyByteXorLine            10015bd0 f   AnyByte.obj
 0001:00014d50       _AnyByteDrawGlyphList      10015d50 f   AnyByte.obj
 0001:00014ee0       _AnyByteDrawGlyphListXor   10015ee0 f   AnyByte.obj
 0001:000150a0       _RegisterByteBinary1Bit    100160a0 f   ByteBinary1Bit.obj
 0001:000150c0       _PixelForByteBinary        100160c0 f   ByteBinary1Bit.obj
 0001:00015120       _ByteBinary1BitSetRect     10016120 f   ByteBinary1Bit.obj
 0001:00015230       _ByteBinary1BitSetSpans    10016230 f   ByteBinary1Bit.obj
 0001:00015370       _ByteBinary1BitSetLine     10016370 f   ByteBinary1Bit.obj
 0001:000155a0       _ByteBinary1BitXorRect     100165a0 f   ByteBinary1Bit.obj
 0001:000156b0       _ByteBinary1BitXorSpans    100166b0 f   ByteBinary1Bit.obj
 0001:00015800       _ByteBinary1BitXorLine     10016800 f   ByteBinary1Bit.obj
 0001:00015a20       _ByteBinary1BitDrawGlyphList 10016a20 f   ByteBinary1Bit.obj
 0001:00015c50       _ByteBinary1BitDrawGlyphListAA 10016c50 f   ByteBinary1Bit.obj
 0001:00016000       _ByteBinary1BitDrawGlyphListXor 10017000 f   ByteBinary1Bit.obj
 0001:00016240       _ByteBinary1BitToByteBinary1BitConvert 10017240 f   ByteBinary1Bit.obj
 0001:00016480       _ByteBinary1BitToIntArgbConvert 10017480 f   ByteBinary1Bit.obj
 0001:000165c0       _IntArgbToByteBinary1BitConvert 100175c0 f   ByteBinary1Bit.obj
 0001:00016770       _IntArgbToByteBinary1BitXorBlit 10017770 f   ByteBinary1Bit.obj
 0001:00016940       _ByteBinary1BitToIntArgbAlphaMaskBlit 10017940 f   ByteBinary1Bit.obj
 0001:00016f00       _IntArgbToByteBinary1BitAlphaMaskBlit 10017f00 f   ByteBinary1Bit.obj
 0001:00017510       _ByteBinary1BitAlphaMaskFill 10018510 f   ByteBinary1Bit.obj
 0001:00017a60       _RegisterByteBinary2Bit    10018a60 f   ByteBinary2Bit.obj
 0001:00017a80       _ByteBinary2BitSetRect     10018a80 f   ByteBinary2Bit.obj
 0001:00017ba0       _ByteBinary2BitSetSpans    10018ba0 f   ByteBinary2Bit.obj
 0001:00017cf0       _ByteBinary2BitSetLine     10018cf0 f   ByteBinary2Bit.obj
 0001:00017f30       _ByteBinary2BitXorRect     10018f30 f   ByteBinary2Bit.obj
 0001:00018050       _ByteBinary2BitXorSpans    10019050 f   ByteBinary2Bit.obj
 0001:000181a0       _ByteBinary2BitXorLine     100191a0 f   ByteBinary2Bit.obj
 0001:000183d0       _ByteBinary2BitDrawGlyphList 100193d0 f   ByteBinary2Bit.obj
 0001:00018610       _ByteBinary2BitDrawGlyphListAA 10019610 f   ByteBinary2Bit.obj
 0001:000189d0       _ByteBinary2BitDrawGlyphListXor 100199d0 f   ByteBinary2Bit.obj
 0001:00018c10       _ByteBinary2BitToByteBinary2BitConvert 10019c10 f   ByteBinary2Bit.obj
 0001:00018e60       _ByteBinary2BitToIntArgbConvert 10019e60 f   ByteBinary2Bit.obj
 0001:00018fa0       _IntArgbToByteBinary2BitConvert 10019fa0 f   ByteBinary2Bit.obj
 0001:00019160       _IntArgbToByteBinary2BitXorBlit 1001a160 f   ByteBinary2Bit.obj
 0001:00019330       _ByteBinary2BitToIntArgbAlphaMaskBlit 1001a330 f   ByteBinary2Bit.obj
 0001:000198f0       _IntArgbToByteBinary2BitAlphaMaskBlit 1001a8f0 f   ByteBinary2Bit.obj
 0001:00019f10       _ByteBinary2BitAlphaMaskFill 1001af10 f   ByteBinary2Bit.obj
 0001:0001a460       _RegisterByteBinary4Bit    1001b460 f   ByteBinary4Bit.obj
 0001:0001a480       _ByteBinary4BitSetRect     1001b480 f   ByteBinary4Bit.obj
 0001:0001a5a0       _ByteBinary4BitSetSpans    1001b5a0 f   ByteBinary4Bit.obj
 0001:0001a6f0       _ByteBinary4BitSetLine     1001b6f0 f   ByteBinary4Bit.obj
 0001:0001a930       _ByteBinary4BitXorRect     1001b930 f   ByteBinary4Bit.obj
 0001:0001aa50       _ByteBinary4BitXorSpans    1001ba50 f   ByteBinary4Bit.obj
 0001:0001aba0       _ByteBinary4BitXorLine     1001bba0 f   ByteBinary4Bit.obj
 0001:0001add0       _ByteBinary4BitDrawGlyphList 1001bdd0 f   ByteBinary4Bit.obj
 0001:0001b010       _ByteBinary4BitDrawGlyphListAA 1001c010 f   ByteBinary4Bit.obj
 0001:0001b3d0       _ByteBinary4BitDrawGlyphListXor 1001c3d0 f   ByteBinary4Bit.obj
 0001:0001b610       _ByteBinary4BitToByteBinary4BitConvert 1001c610 f   ByteBinary4Bit.obj
 0001:0001b860       _ByteBinary4BitToIntArgbConvert 1001c860 f   ByteBinary4Bit.obj
 0001:0001b9b0       _IntArgbToByteBinary4BitConvert 1001c9b0 f   ByteBinary4Bit.obj
 0001:0001bb70       _IntArgbToByteBinary4BitXorBlit 1001cb70 f   ByteBinary4Bit.obj
 0001:0001bd40       _ByteBinary4BitToIntArgbAlphaMaskBlit 1001cd40 f   ByteBinary4Bit.obj
 0001:0001c300       _IntArgbToByteBinary4BitAlphaMaskBlit 1001d300 f   ByteBinary4Bit.obj
 0001:0001c920       _ByteBinary4BitAlphaMaskFill 1001d920 f   ByteBinary4Bit.obj
 0001:0001ce70       _RegisterByteIndexed       1001de70 f   ByteIndexed.obj
 0001:0001ce90       _PixelForByteIndexed       1001de90 f   ByteIndexed.obj
 0001:0001cef0       _checkSameLut              1001def0 f   ByteIndexed.obj
 0001:0001cf60       _IntArgbToByteIndexedConvert 1001df60 f   ByteIndexed.obj
 0001:0001d170       _ThreeByteBgrToByteIndexedConvert 1001e170 f   ByteIndexed.obj
 0001:0001d370       _ByteGrayToByteIndexedConvert 1001e370 f   ByteIndexed.obj
 0001:0001d550       _Index12GrayToByteIndexedConvert 1001e550 f   ByteIndexed.obj
 0001:0001d750       _ByteIndexedToByteIndexedConvert 1001e750 f   ByteIndexed.obj
 0001:0001d9e0       _IntArgbToByteIndexedScaleConvert 1001e9e0 f   ByteIndexed.obj
 0001:0001dc00       _ThreeByteBgrToByteIndexedScaleConvert 1001ec00 f   ByteIndexed.obj
 0001:0001de20       _ByteGrayToByteIndexedScaleConvert 1001ee20 f   ByteIndexed.obj
 0001:0001e020       _Index12GrayToByteIndexedScaleConvert 1001f020 f   ByteIndexed.obj
 0001:0001e230       _ByteIndexedToByteIndexedScaleConvert 1001f230 f   ByteIndexed.obj
 0001:0001e5b0       _ByteIndexedBmToByteIndexedXparOver 1001f5b0 f   ByteIndexed.obj
 0001:0001e7d0       _ByteIndexedBmToByteIndexedScaleXparOver 1001f7d0 f   ByteIndexed.obj
 0001:0001ea10       _IntArgbBmToByteIndexedScaleXparOver 1001fa10 f   ByteIndexed.obj
 0001:0001ec50       _ByteIndexedBmToByteIndexedXparBgCopy 1001fc50 f   ByteIndexed.obj
 0001:0001ee80       _IntArgbBmToByteIndexedXparOver 1001fe80 f   ByteIndexed.obj
 0001:0001f0b0       _IntArgbBmToByteIndexedXparBgCopy 100200b0 f   ByteIndexed.obj
 0001:0001f2e0       _IntArgbToByteIndexedXorBlit 100202e0 f   ByteIndexed.obj
 0001:0001f480       _ByteIndexedAlphaMaskFill  10020480 f   ByteIndexed.obj
 0001:0001fa40       _IntArgbToByteIndexedAlphaMaskBlit 10020a40 f   ByteIndexed.obj
 0001:000200c0       _IntArgbPreToByteIndexedAlphaMaskBlit 100210c0 f   ByteIndexed.obj
 0001:00020740       _IntRgbToByteIndexedAlphaMaskBlit 10021740 f   ByteIndexed.obj
 0001:00020dc0       _ByteIndexedDrawGlyphListAA 10021dc0 f   ByteIndexed.obj
 0001:00021200       _ByteIndexedNrstNbrTransformHelper 10022200 f   ByteIndexed.obj
 0001:00021390       _ByteIndexedBilinearTransformHelper 10022390 f   ByteIndexed.obj
 0001:00021820       _ByteIndexedBicubicTransformHelper 10022820 f   ByteIndexed.obj
 0001:00022ab0       _ByteIndexedBmNrstNbrTransformHelper 10023ab0 f   ByteIndexed.obj
 0001:00022ba0       _ByteIndexedBmBilinearTransformHelper 10023ba0 f   ByteIndexed.obj
 0001:00022da0       _ByteIndexedBmBicubicTransformHelper 10023da0 f   ByteIndexed.obj
 0001:000231f0       _RegisterByteGray          100241f0 f   ByteGray.obj
 0001:00023210       _PixelForByteGray          10024210 f   ByteGray.obj
 0001:00023280       _ByteGrayToIntArgbConvert  10024280 f   ByteGray.obj
 0001:00023340       _IntArgbToByteGrayConvert  10024340 f   ByteGray.obj
 0001:00023440       _ThreeByteBgrToByteGrayConvert 10024440 f   ByteGray.obj
 0001:00023520       _UshortGrayToByteGrayConvert 10024520 f   ByteGray.obj
 0001:000235c0       _ByteIndexedToByteGrayConvert 100245c0 f   ByteGray.obj
 0001:00023840       _Index8GrayToByteGrayConvert 10024840 f   ByteGray.obj
 0001:000238f0       _Index12GrayToByteGrayConvert 100248f0 f   ByteGray.obj
 0001:000239b0       _ByteGrayToIntArgbScaleConvert 100249b0 f   ByteGray.obj
 0001:00023a90       _IntArgbToByteGrayScaleConvert 10024a90 f   ByteGray.obj
 0001:00023ba0       _ThreeByteBgrToByteGrayScaleConvert 10024ba0 f   ByteGray.obj
 0001:00023cb0       _UshortGrayToByteGrayScaleConvert 10024cb0 f   ByteGray.obj
 0001:00023d70       _Index8GrayToByteGrayScaleConvert 10024d70 f   ByteGray.obj
 0001:00023e40       _Index12GrayToByteGrayScaleConvert 10024e40 f   ByteGray.obj
 0001:00023f10       _ByteIndexedToByteGrayScaleConvert 10024f10 f   ByteGray.obj
 0001:000241b0       _ByteIndexedBmToByteGrayXparOver 100251b0 f   ByteGray.obj
 0001:00024420       _ByteIndexedBmToByteGrayScaleXparOver 10025420 f   ByteGray.obj
 0001:000246a0       _IntArgbBmToByteGrayScaleXparOver 100256a0 f   ByteGray.obj
 0001:000247c0       _ByteIndexedBmToByteGrayXparBgCopy 100257c0 f   ByteGray.obj
 0001:00024a20       _IntArgbBmToByteGrayXparOver 10025a20 f   ByteGray.obj
 0001:00024b30       _IntArgbBmToByteGrayXparBgCopy 10025b30 f   ByteGray.obj
 0001:00024c50       _IntArgbToByteGrayXorBlit  10025c50 f   ByteGray.obj
 0001:00024d90       _ByteGraySrcMaskFill       10025d90 f   ByteGray.obj
 0001:00024ff0       _ByteGraySrcOverMaskFill   10025ff0 f   ByteGray.obj
 0001:000252d0       _ByteGrayAlphaMaskFill     100262d0 f   ByteGray.obj
 0001:00025630       _IntArgbToByteGraySrcOverMaskBlit 10026630 f   ByteGray.obj
 0001:00025a40       _IntArgbToByteGrayAlphaMaskBlit 10026a40 f   ByteGray.obj
 0001:00025e70       _IntArgbPreToByteGraySrcOverMaskBlit 10026e70 f   ByteGray.obj
 0001:00026290       _IntArgbPreToByteGrayAlphaMaskBlit 10027290 f   ByteGray.obj
 0001:000266c0       _IntRgbToByteGrayAlphaMaskBlit 100276c0 f   ByteGray.obj
 0001:00026af0       _ByteGrayDrawGlyphListAA   10027af0 f   ByteGray.obj
 0001:00026d60       _ByteGrayNrstNbrTransformHelper 10027d60 f   ByteGray.obj
 0001:00026e50       _ByteGrayBilinearTransformHelper 10027e50 f   ByteGray.obj
 0001:00027060       _ByteGrayBicubicTransformHelper 10028060 f   ByteGray.obj
 0001:00027500       _RegisterIndex8Gray        10028500 f   Index8Gray.obj
 0001:00027520       _PixelForIndex8Gray        10028520 f   Index8Gray.obj
 0001:000275a0       _IntArgbToIndex8GrayConvert 100285a0 f   Index8Gray.obj
 0001:000276c0       _ThreeByteBgrToIndex8GrayConvert 100286c0 f   Index8Gray.obj
 0001:000277c0       _ByteGrayToIndex8GrayConvert 100287c0 f   Index8Gray.obj
 0001:00027870       _Index12GrayToIndex8GrayConvert 10028870 f   Index8Gray.obj
 0001:00027930       _ByteIndexedToIndex8GrayConvert 10028930 f   Index8Gray.obj
 0001:00027c00       _Index8GrayToIndex8GrayConvert 10028c00 f   Index8Gray.obj
 0001:00027d30       _Index8GrayToIndex8GrayScaleConvert 10028d30 f   Index8Gray.obj
 0001:00027ef0       _IntArgbToIndex8GrayScaleConvert 10028ef0 f   Index8Gray.obj
 0001:00028020       _ThreeByteBgrToIndex8GrayScaleConvert 10029020 f   Index8Gray.obj
 0001:00028150       _UshortGrayToIndex8GrayScaleConvert 10029150 f   Index8Gray.obj
 0001:00028220       _ByteIndexedToIndex8GrayScaleConvert 10029220 f   Index8Gray.obj
 0001:00028510       _ByteGrayToIndex8GrayScaleConvert 10029510 f   Index8Gray.obj
 0001:000285e0       _Index12GrayToIndex8GrayScaleConvert 100295e0 f   Index8Gray.obj
 0001:000286c0       _ByteIndexedBmToIndex8GrayXparOver 100296c0 f   Index8Gray.obj
 0001:00028960       _ByteIndexedBmToIndex8GrayXparBgCopy 10029960 f   Index8Gray.obj
 0001:00028bf0       _IntArgbToIndex8GrayXorBlit 10029bf0 f   Index8Gray.obj
 0001:00028d40       _Index8GrayAlphaMaskFill   10029d40 f   Index8Gray.obj
 0001:000290c0       _IntArgbToIndex8GrayAlphaMaskBlit 1002a0c0 f   Index8Gray.obj
 0001:00029510       _IntArgbPreToIndex8GrayAlphaMaskBlit 1002a510 f   Index8Gray.obj
 0001:00029960       _IntRgbToIndex8GrayAlphaMaskBlit 1002a960 f   Index8Gray.obj
 0001:00029db0       _Index8GraySrcOverMaskFill 1002adb0 f   Index8Gray.obj
 0001:0002a0c0       _IntArgbToIndex8GraySrcOverMaskBlit 1002b0c0 f   Index8Gray.obj
 0001:0002a500       _IntArgbPreToIndex8GraySrcOverMaskBlit 1002b500 f   Index8Gray.obj
 0001:0002a950       _Index8GrayDrawGlyphListAA 1002b950 f   Index8Gray.obj
 0001:0002abe0       _Index8GrayNrstNbrTransformHelper 1002bbe0 f   Index8Gray.obj
 0001:0002acc0       _Index8GrayBilinearTransformHelper 1002bcc0 f   Index8Gray.obj
 0001:0002ae80       _Index8GrayBicubicTransformHelper 1002be80 f   Index8Gray.obj
 0001:0002b1c0       _RegisterIndex12Gray       1002c1c0 f   Index12Gray.obj
 0001:0002b1e0       _PixelForIndex12Gray       1002c1e0 f   Index12Gray.obj
 0001:0002b260       _IntArgbToIndex12GrayConvert 1002c260 f   Index12Gray.obj
 0001:0002b390       _ThreeByteBgrToIndex12GrayConvert 1002c390 f   Index12Gray.obj
 0001:0002b4a0       _ByteGrayToIndex12GrayConvert 1002c4a0 f   Index12Gray.obj
 0001:0002b550       _Index8GrayToIndex12GrayConvert 1002c550 f   Index12Gray.obj
 0001:0002b610       _ByteIndexedToIndex12GrayConvert 1002c610 f   Index12Gray.obj
 0001:0002b740       _Index12GrayToIndex12GrayConvert 1002c740 f   Index12Gray.obj
 0001:0002b880       _Index12GrayToIndex12GrayScaleConvert 1002c880 f   Index12Gray.obj
 0001:0002ba40       _Index12GrayToIntArgbScaleConvert 1002ca40 f   Index12Gray.obj
 0001:0002bb10       _IntArgbToIndex12GrayScaleConvert 1002cb10 f   Index12Gray.obj
 0001:0002bc50       _ThreeByteBgrToIndex12GrayScaleConvert 1002cc50 f   Index12Gray.obj
 0001:0002bd80       _UshortGrayToIndex12GrayScaleConvert 1002cd80 f   Index12Gray.obj
 0001:0002be50       _ByteIndexedToIndex12GrayScaleConvert 1002ce50 f   Index12Gray.obj
 0001:0002c150       _ByteGrayToIndex12GrayScaleConvert 1002d150 f   Index12Gray.obj
 0001:0002c220       _Index8GrayToIndex12GrayScaleConvert 1002d220 f   Index12Gray.obj
 0001:0002c520       _ByteIndexedBmToIndex12GrayXparOver 1002d520 f   Index12Gray.obj
 0001:0002c7c0       _ByteIndexedBmToIndex12GrayXparBgCopy 1002d7c0 f   Index12Gray.obj
 0001:0002ca60       _IntArgbToIndex12GrayXorBlit 1002da60 f   Index12Gray.obj
 0001:0002cbc0       _Index12GrayAlphaMaskFill  1002dbc0 f   Index12Gray.obj
 0001:0002cf50       _IntArgbToIndex12GrayAlphaMaskBlit 1002df50 f   Index12Gray.obj
 0001:0002d3b0       _IntArgbPreToIndex12GrayAlphaMaskBlit 1002e3b0 f   Index12Gray.obj
 0001:0002d810       _IntRgbToIndex12GrayAlphaMaskBlit 1002e810 f   Index12Gray.obj
 0001:0002dc60       _Index12GraySrcOverMaskFill 1002ec60 f   Index12Gray.obj
 0001:0002df80       _IntArgbToIndex12GraySrcOverMaskBlit 1002ef80 f   Index12Gray.obj
 0001:0002e3d0       _IntArgbPreToIndex12GraySrcOverMaskBlit 1002f3d0 f   Index12Gray.obj
 0001:0002e830       _Index12GrayDrawGlyphListAA 1002f830 f   Index12Gray.obj
 0001:0002ead0       _Index12GrayNrstNbrTransformHelper 1002fad0 f   Index12Gray.obj
 0001:0002ebb0       _Index12GrayBilinearTransformHelper 1002fbb0 f   Index12Gray.obj
 0001:0002ed90       _Index12GrayBicubicTransformHelper 1002fd90 f   Index12Gray.obj
 0001:0002f130       _RegisterAnyShort          10030130 f   AnyShort.obj
 0001:0002f150       _AnyShortIsomorphicCopy    10030150 f   AnyShort.obj
 0001:0002f1b0       _AnyShortIsomorphicScaleCopy 100301b0 f   AnyShort.obj
 0001:0002f260       _AnyShortIsomorphicXorCopy 10030260 f   AnyShort.obj
 0001:0002f310       _AnyShortSetRect           10030310 f   AnyShort.obj
 0001:0002f390       _AnyShortSetSpans          10030390 f   AnyShort.obj
 0001:0002f440       _AnyShortSetParallelogram  10030440 f   AnyShort.obj
 0001:0002f510       _AnyShortSetLine           10030510 f   AnyShort.obj
 0001:0002f660       _AnyShortXorRect           10030660 f   AnyShort.obj
 0001:0002f700       _AnyShortXorSpans          10030700 f   AnyShort.obj
 0001:0002f7e0       _AnyShortXorLine           100307e0 f   AnyShort.obj
 0001:0002f970       _AnyShortDrawGlyphList     10030970 f   AnyShort.obj
 0001:0002fb10       _AnyShortDrawGlyphListXor  10030b10 f   AnyShort.obj
 0001:0002fcd0       _RegisterUshort555Rgb      10030cd0 f   Ushort555Rgb.obj
 0001:0002fcf0       _PixelForUshort555Rgb      10030cf0 f   Ushort555Rgb.obj
 0001:0002fd20       _Ushort555RgbToIntArgbConvert 10030d20 f   Ushort555Rgb.obj
 0001:0002fe40       _IntArgbToUshort555RgbConvert 10030e40 f   Ushort555Rgb.obj
 0001:0002ff10       _ThreeByteBgrToUshort555RgbConvert 10030f10 f   Ushort555Rgb.obj
 0001:0002fff0       _ByteGrayToUshort555RgbConvert 10030ff0 f   Ushort555Rgb.obj
 0001:000300c0       _ByteIndexedToUshort555RgbConvert 100310c0 f   Ushort555Rgb.obj
 0001:000302a0       _Ushort555RgbToIntArgbScaleConvert 100312a0 f   Ushort555Rgb.obj
 0001:000303d0       _IntArgbToUshort555RgbScaleConvert 100313d0 f   Ushort555Rgb.obj
 0001:000304b0       _ThreeByteBgrToUshort555RgbScaleConvert 100314b0 f   Ushort555Rgb.obj
 0001:000305b0       _ByteGrayToUshort555RgbScaleConvert 100315b0 f   Ushort555Rgb.obj
 0001:00030690       _ByteIndexedToUshort555RgbScaleConvert 10031690 f   Ushort555Rgb.obj
 0001:00030880       _ByteIndexedBmToUshort555RgbXparOver 10031880 f   Ushort555Rgb.obj
 0001:00030aa0       _ByteIndexedBmToUshort555RgbScaleXparOver 10031aa0 f   Ushort555Rgb.obj
 0001:00030cd0       _IntArgbBmToUshort555RgbScaleXparOver 10031cd0 f   Ushort555Rgb.obj
 0001:00030dc0       _ByteIndexedBmToUshort555RgbXparBgCopy 10031dc0 f   Ushort555Rgb.obj
 0001:00030fd0       _IntArgbBmToUshort555RgbXparOver 10031fd0 f   Ushort555Rgb.obj
 0001:000310b0       _IntArgbBmToUshort555RgbXparBgCopy 100320b0 f   Ushort555Rgb.obj
 0001:000311a0       _IntArgbToUshort555RgbXorBlit 100321a0 f   Ushort555Rgb.obj
 0001:000312a0       _Ushort555RgbSrcMaskFill   100322a0 f   Ushort555Rgb.obj
 0001:00031620       _Ushort555RgbSrcOverMaskFill 10032620 f   Ushort555Rgb.obj
 0001:00031b00       _Ushort555RgbAlphaMaskFill 10032b00 f   Ushort555Rgb.obj
 0001:00031f90       _IntArgbToUshort555RgbSrcOverMaskBlit 10032f90 f   Ushort555Rgb.obj
 0001:00032580       _IntArgbToUshort555RgbAlphaMaskBlit 10033580 f   Ushort555Rgb.obj
 0001:00032ab0       _IntArgbPreToUshort555RgbSrcOverMaskBlit 10033ab0 f   Ushort555Rgb.obj
 0001:000330c0       _IntArgbPreToUshort555RgbAlphaMaskBlit 100340c0 f   Ushort555Rgb.obj
 0001:000335f0       _IntRgbToUshort555RgbAlphaMaskBlit 100345f0 f   Ushort555Rgb.obj
 0001:00033b20       _Ushort555RgbDrawGlyphListAA 10034b20 f   Ushort555Rgb.obj
 0001:00033e30       _Ushort555RgbDrawGlyphListLCD 10034e30 f   Ushort555Rgb.obj
 0001:000342a0       _RegisterUshort565Rgb      100352a0 f   Ushort565Rgb.obj
 0001:000342c0       _PixelForUshort565Rgb      100352c0 f   Ushort565Rgb.obj
 0001:000342f0       _Ushort565RgbToIntArgbConvert 100352f0 f   Ushort565Rgb.obj
 0001:00034410       _IntArgbToUshort565RgbConvert 10035410 f   Ushort565Rgb.obj
 0001:000344e0       _ThreeByteBgrToUshort565RgbConvert 100354e0 f   Ushort565Rgb.obj
 0001:000345c0       _ByteGrayToUshort565RgbConvert 100355c0 f   Ushort565Rgb.obj
 0001:00034690       _ByteIndexedToUshort565RgbConvert 10035690 f   Ushort565Rgb.obj
 0001:00034870       _Ushort565RgbToIntArgbScaleConvert 10035870 f   Ushort565Rgb.obj
 0001:000349a0       _IntArgbToUshort565RgbScaleConvert 100359a0 f   Ushort565Rgb.obj
 0001:00034a80       _ThreeByteBgrToUshort565RgbScaleConvert 10035a80 f   Ushort565Rgb.obj
 0001:00034b80       _ByteGrayToUshort565RgbScaleConvert 10035b80 f   Ushort565Rgb.obj
 0001:00034c60       _ByteIndexedToUshort565RgbScaleConvert 10035c60 f   Ushort565Rgb.obj
 0001:00034e50       _ByteIndexedBmToUshort565RgbXparOver 10035e50 f   Ushort565Rgb.obj
 0001:00035070       _ByteIndexedBmToUshort565RgbScaleXparOver 10036070 f   Ushort565Rgb.obj
 0001:000352a0       _IntArgbBmToUshort565RgbScaleXparOver 100362a0 f   Ushort565Rgb.obj
 0001:00035390       _ByteIndexedBmToUshort565RgbXparBgCopy 10036390 f   Ushort565Rgb.obj
 0001:000355a0       _IntArgbBmToUshort565RgbXparOver 100365a0 f   Ushort565Rgb.obj
 0001:00035680       _IntArgbBmToUshort565RgbXparBgCopy 10036680 f   Ushort565Rgb.obj
 0001:00035770       _IntArgbToUshort565RgbXorBlit 10036770 f   Ushort565Rgb.obj
 0001:00035870       _Ushort565RgbSrcMaskFill   10036870 f   Ushort565Rgb.obj
 0001:00035bf0       _Ushort565RgbSrcOverMaskFill 10036bf0 f   Ushort565Rgb.obj
 0001:000360d0       _Ushort565RgbAlphaMaskFill 100370d0 f   Ushort565Rgb.obj
 0001:00036560       _IntArgbToUshort565RgbSrcOverMaskBlit 10037560 f   Ushort565Rgb.obj
 0001:00036b50       _IntArgbPreToUshort565RgbSrcOverMaskBlit 10037b50 f   Ushort565Rgb.obj
 0001:00037160       _Ushort4444ArgbToUshort565RgbSrcOverMaskBlit 10038160 f   Ushort565Rgb.obj
 0001:00037850       _IntArgbToUshort565RgbAlphaMaskBlit 10038850 f   Ushort565Rgb.obj
 0001:00037d80       _IntArgbPreToUshort565RgbAlphaMaskBlit 10038d80 f   Ushort565Rgb.obj
 0001:000382b0       _IntRgbToUshort565RgbAlphaMaskBlit 100392b0 f   Ushort565Rgb.obj
 0001:000387e0       _Ushort565RgbDrawGlyphListAA 100397e0 f   Ushort565Rgb.obj
 0001:00038af0       _Ushort565RgbDrawGlyphListLCD 10039af0 f   Ushort565Rgb.obj
 0001:00038f60       _RegisterUshort4444Argb    10039f60 f   Ushort4444Argb.obj
 0001:00038f80       _PixelForUshort4444Argb    10039f80 f   Ushort4444Argb.obj
 0001:00038fc0       _IntArgbToUshort4444ArgbSrcOverMaskBlit 10039fc0 f   Ushort4444Argb.obj
 0001:00039690       _RegisterUshort555Rgbx     1003a690 f   Ushort555Rgbx.obj
 0001:000396b0       _PixelForUshort555Rgbx     1003a6b0 f   Ushort555Rgbx.obj
 0001:000396e0       _Ushort555RgbxToIntArgbConvert 1003a6e0 f   Ushort555Rgbx.obj
 0001:00039800       _IntArgbToUshort555RgbxConvert 1003a800 f   Ushort555Rgbx.obj
 0001:000398d0       _ThreeByteBgrToUshort555RgbxConvert 1003a8d0 f   Ushort555Rgbx.obj
 0001:000399b0       _ByteGrayToUshort555RgbxConvert 1003a9b0 f   Ushort555Rgbx.obj
 0001:00039a80       _ByteIndexedToUshort555RgbxConvert 1003aa80 f   Ushort555Rgbx.obj
 0001:00039c60       _Ushort555RgbxToIntArgbScaleConvert 1003ac60 f   Ushort555Rgbx.obj
 0001:00039d90       _IntArgbToUshort555RgbxScaleConvert 1003ad90 f   Ushort555Rgbx.obj
 0001:00039e70       _ThreeByteBgrToUshort555RgbxScaleConvert 1003ae70 f   Ushort555Rgbx.obj
 0001:00039f70       _ByteGrayToUshort555RgbxScaleConvert 1003af70 f   Ushort555Rgbx.obj
 0001:0003a050       _ByteIndexedToUshort555RgbxScaleConvert 1003b050 f   Ushort555Rgbx.obj
 0001:0003a240       _ByteIndexedBmToUshort555RgbxXparOver 1003b240 f   Ushort555Rgbx.obj
 0001:0003a460       _ByteIndexedBmToUshort555RgbxScaleXparOver 1003b460 f   Ushort555Rgbx.obj
 0001:0003a690       _IntArgbBmToUshort555RgbxScaleXparOver 1003b690 f   Ushort555Rgbx.obj
 0001:0003a780       _ByteIndexedBmToUshort555RgbxXparBgCopy 1003b780 f   Ushort555Rgbx.obj
 0001:0003a990       _IntArgbToUshort555RgbxXorBlit 1003b990 f   Ushort555Rgbx.obj
 0001:0003aa90       _Ushort555RgbxDrawGlyphListAA 1003ba90 f   Ushort555Rgbx.obj
 0001:0003ada0       _Ushort555RgbxDrawGlyphListLCD 1003bda0 f   Ushort555Rgbx.obj
 0001:0003b210       _RegisterUshortGray        1003c210 f   UshortGray.obj
 0001:0003b230       _PixelForUshortGray        1003c230 f   UshortGray.obj
 0001:0003b2a0       _UshortGrayToIntArgbConvert 1003c2a0 f   UshortGray.obj
 0001:0003b360       _IntArgbToUshortGrayConvert 1003c360 f   UshortGray.obj
 0001:0003b470       _ThreeByteBgrToUshortGrayConvert 1003c470 f   UshortGray.obj
 0001:0003b560       _ByteGrayToUshortGrayConvert 1003c560 f   UshortGray.obj
 0001:0003b610       _ByteIndexedToUshortGrayConvert 1003c610 f   UshortGray.obj
 0001:0003b8a0       _UshortGrayToIntArgbScaleConvert 1003c8a0 f   UshortGray.obj
 0001:0003b980       _IntArgbToUshortGrayScaleConvert 1003c980 f   UshortGray.obj
 0001:0003baa0       _ThreeByteBgrToUshortGrayScaleConvert 1003caa0 f   UshortGray.obj
 0001:0003bbb0       _ByteGrayToUshortGrayScaleConvert 1003cbb0 f   UshortGray.obj
 0001:0003bc70       _ByteIndexedToUshortGrayScaleConvert 1003cc70 f   UshortGray.obj
 0001:0003bf20       _ByteIndexedBmToUshortGrayXparOver 1003cf20 f   UshortGray.obj
 0001:0003c190       _ByteIndexedBmToUshortGrayScaleXparOver 1003d190 f   UshortGray.obj
 0001:0003c420       _IntArgbBmToUshortGrayScaleXparOver 1003d420 f   UshortGray.obj
 0001:0003c550       _ByteIndexedBmToUshortGrayXparBgCopy 1003d550 f   UshortGray.obj
 0001:0003c7b0       _IntArgbToUshortGrayXorBlit 1003d7b0 f   UshortGray.obj
 0001:0003c8f0       _UshortGraySrcMaskFill     1003d8f0 f   UshortGray.obj
 0001:0003cb60       _UshortGraySrcOverMaskFill 1003db60 f   UshortGray.obj
 0001:0003ce50       _UshortGrayAlphaMaskFill   1003de50 f   UshortGray.obj
 0001:0003d210       _IntArgbToUshortGraySrcOverMaskBlit 1003e210 f   UshortGray.obj
 0001:0003d630       _IntArgbToUshortGrayAlphaMaskBlit 1003e630 f   UshortGray.obj
 0001:0003dac0       _IntArgbPreToUshortGraySrcOverMaskBlit 1003eac0 f   UshortGray.obj
 0001:0003def0       _IntArgbPreToUshortGrayAlphaMaskBlit 1003eef0 f   UshortGray.obj
 0001:0003e380       _IntRgbToUshortGrayAlphaMaskBlit 1003f380 f   UshortGray.obj
 0001:0003e800       _UshortGrayDrawGlyphListAA 1003f800 f   UshortGray.obj
 0001:0003ea80       _RegisterUshortIndexed     1003fa80 f   UshortIndexed.obj
 0001:0003eaa0       _PixelForUshortIndexed     1003faa0 f   UshortIndexed.obj
 0001:0003eac0       _IntArgbToUshortIndexedConvert 1003fac0 f   UshortIndexed.obj
 0001:0003ecd0       _ThreeByteBgrToUshortIndexedConvert 1003fcd0 f   UshortIndexed.obj
 0001:0003eed0       _ByteGrayToUshortIndexedConvert 1003fed0 f   UshortIndexed.obj
 0001:0003f0c0       _Index12GrayToUshortIndexedConvert 100400c0 f   UshortIndexed.obj
 0001:0003f2c0       _UshortIndexedToIntArgbConvert 100402c0 f   UshortIndexed.obj
 0001:0003f370       _UshortIndexedToIntArgbScaleConvert 10040370 f   UshortIndexed.obj
 0001:0003f440       _UshortIndexedToUshortIndexedConvert 10040440 f   UshortIndexed.obj
 0001:0003f6e0       _IntArgbToUshortIndexedScaleConvert 100406e0 f   UshortIndexed.obj
 0001:0003f910       _ThreeByteBgrToUshortIndexedScaleConvert 10040910 f   UshortIndexed.obj
 0001:0003fb30       _ByteGrayToUshortIndexedScaleConvert 10040b30 f   UshortIndexed.obj
 0001:0003fd30       _Index12GrayToUshortIndexedScaleConvert 10040d30 f   UshortIndexed.obj
 0001:0003ff50       _UshortIndexedToUshortIndexedScaleConvert 10040f50 f   UshortIndexed.obj
 0001:000402e0       _ByteIndexedBmToUshortIndexedXparOver 100412e0 f   UshortIndexed.obj
 0001:00040510       _ByteIndexedBmToUshortIndexedScaleXparOver 10041510 f   UshortIndexed.obj
 0001:00040750       _IntArgbBmToUshortIndexedScaleXparOver 10041750 f   UshortIndexed.obj
 0001:00040990       _ByteIndexedBmToUshortIndexedXparBgCopy 10041990 f   UshortIndexed.obj
 0001:00040bd0       _IntArgbBmToUshortIndexedXparOver 10041bd0 f   UshortIndexed.obj
 0001:00040e00       _IntArgbBmToUshortIndexedXparBgCopy 10041e00 f   UshortIndexed.obj
 0001:00041040       _IntArgbToUshortIndexedXorBlit 10042040 f   UshortIndexed.obj
 0001:000411f0       _UshortIndexedAlphaMaskFill 100421f0 f   UshortIndexed.obj
 0001:000417c0       _IntArgbToUshortIndexedAlphaMaskBlit 100427c0 f   UshortIndexed.obj
 0001:00041e50       _IntArgbPreToUshortIndexedAlphaMaskBlit 10042e50 f   UshortIndexed.obj
 0001:000424e0       _IntRgbToUshortIndexedAlphaMaskBlit 100434e0 f   UshortIndexed.obj
 0001:00042b70       _UshortIndexedDrawGlyphListAA 10043b70 f   UshortIndexed.obj
 0001:00042fc0       _RegisterAny3Byte          10043fc0 f   Any3Byte.obj
 0001:00042fe0       _Any3ByteIsomorphicCopy    10043fe0 f   Any3Byte.obj
 0001:00043040       _Any3ByteIsomorphicScaleCopy 10044040 f   Any3Byte.obj
 0001:00043120       _Any3ByteIsomorphicXorCopy 10044120 f   Any3Byte.obj
 0001:00043230       _Any3ByteSetRect           10044230 f   Any3Byte.obj
 0001:000432f0       _Any3ByteSetSpans          100442f0 f   Any3Byte.obj
 0001:000433e0       _Any3ByteSetParallelogram  100443e0 f   Any3Byte.obj
 0001:000434f0       _Any3ByteSetLine           100444f0 f   Any3Byte.obj
 0001:00043690       _Any3ByteXorRect           10044690 f   Any3Byte.obj
 0001:00043800       _Any3ByteXorSpans          10044800 f   Any3Byte.obj
 0001:000439b0       _Any3ByteXorLine           100449b0 f   Any3Byte.obj
 0001:00043c30       _Any3ByteDrawGlyphList     10044c30 f   Any3Byte.obj
 0001:00043e10       _Any3ByteDrawGlyphListXor  10044e10 f   Any3Byte.obj
 0001:000440a0       _RegisterThreeByteBgr      100450a0 f   ThreeByteBgr.obj
 0001:000440c0       _ThreeByteBgrToIntArgbConvert 100450c0 f   ThreeByteBgr.obj
 0001:00044180       _IntArgbToThreeByteBgrConvert 10045180 f   ThreeByteBgr.obj
 0001:00044240       _ByteGrayToThreeByteBgrConvert 10045240 f   ThreeByteBgr.obj
 0001:00044300       _ByteIndexedToThreeByteBgrConvert 10045300 f   ThreeByteBgr.obj
 0001:000443d0       _ThreeByteBgrToIntArgbScaleConvert 100453d0 f   ThreeByteBgr.obj
 0001:000444c0       _IntArgbToThreeByteBgrScaleConvert 100454c0 f   ThreeByteBgr.obj
 0001:000445a0       _ByteGrayToThreeByteBgrScaleConvert 100455a0 f   ThreeByteBgr.obj
 0001:00044680       _ByteIndexedToThreeByteBgrScaleConvert 10045680 f   ThreeByteBgr.obj
 0001:00044770       _ByteIndexedBmToThreeByteBgrXparOver 10045770 f   ThreeByteBgr.obj
 0001:00044840       _ByteIndexedBmToThreeByteBgrScaleXparOver 10045840 f   ThreeByteBgr.obj
 0001:00044930       _IntArgbBmToThreeByteBgrScaleXparOver 10045930 f   ThreeByteBgr.obj
 0001:00044a20       _ByteIndexedBmToThreeByteBgrXparBgCopy 10045a20 f   ThreeByteBgr.obj
 0001:00044b40       _IntArgbBmToThreeByteBgrXparOver 10045b40 f   ThreeByteBgr.obj
 0001:00044c10       _IntArgbBmToThreeByteBgrXparBgCopy 10045c10 f   ThreeByteBgr.obj
 0001:00044d20       _IntArgbToThreeByteBgrXorBlit 10045d20 f   ThreeByteBgr.obj
 0001:00044ea0       _ThreeByteBgrSrcMaskFill   10045ea0 f   ThreeByteBgr.obj
 0001:00045200       _ThreeByteBgrSrcOverMaskFill 10046200 f   ThreeByteBgr.obj
 0001:00045650       _ThreeByteBgrAlphaMaskFill 10046650 f   ThreeByteBgr.obj
 0001:00045aa0       _IntArgbToThreeByteBgrSrcOverMaskBlit 10046aa0 f   ThreeByteBgr.obj
 0001:00046000       _IntArgbToThreeByteBgrAlphaMaskBlit 10047000 f   ThreeByteBgr.obj
 0001:000464f0       _IntArgbPreToThreeByteBgrSrcOverMaskBlit 100474f0 f   ThreeByteBgr.obj
 0001:00046a70       _IntArgbPreToThreeByteBgrAlphaMaskBlit 10047a70 f   ThreeByteBgr.obj
 0001:00046f60       _IntRgbToThreeByteBgrAlphaMaskBlit 10047f60 f   ThreeByteBgr.obj
 0001:00047450       _ThreeByteBgrDrawGlyphListAA 10048450 f   ThreeByteBgr.obj
 0001:00047780       _ThreeByteBgrDrawGlyphListLCD 10048780 f   ThreeByteBgr.obj
 0001:00047c30       _ThreeByteBgrNrstNbrTransformHelper 10048c30 f   ThreeByteBgr.obj
 0001:00047d50       _ThreeByteBgrBilinearTransformHelper 10048d50 f   ThreeByteBgr.obj
 0001:00047fb0       _ThreeByteBgrBicubicTransformHelper 10048fb0 f   ThreeByteBgr.obj
 0001:000485c0       _RegisterAnyInt            100495c0 f   AnyInt.obj
 0001:000485e0       _AnyIntIsomorphicCopy      100495e0 f   AnyInt.obj
 0001:00048640       _AnyIntIsomorphicXorCopy   10049640 f   AnyInt.obj
 0001:000486f0       _AnyIntIsomorphicScaleCopy 100496f0 f   AnyInt.obj
 0001:000487a0       _AnyIntSetRect             100497a0 f   AnyInt.obj
 0001:00048820       _AnyIntSetSpans            10049820 f   AnyInt.obj
 0001:000488d0       _AnyIntSetParallelogram    100498d0 f   AnyInt.obj
 0001:000489a0       _AnyIntSetLine             100499a0 f   AnyInt.obj
 0001:00048af0       _AnyIntXorRect             10049af0 f   AnyInt.obj
 0001:00048b90       _AnyIntXorSpans            10049b90 f   AnyInt.obj
 0001:00048c60       _AnyIntXorLine             10049c60 f   AnyInt.obj
 0001:00048de0       _AnyIntDrawGlyphList       10049de0 f   AnyInt.obj
 0001:00048f80       _AnyIntDrawGlyphListXor    10049f80 f   AnyInt.obj
 0001:00049140       _RegisterIntArgb           1004a140 f   IntArgb.obj
 0001:00049160       _ByteIndexedToIntArgbConvert 1004a160 f   IntArgb.obj
 0001:00049210       _Index12GrayToIntArgbConvert 1004a210 f   IntArgb.obj
 0001:000492c0       _ByteIndexedToIntArgbScaleConvert 1004a2c0 f   IntArgb.obj
 0001:00049390       _ByteIndexedBmToIntArgbXparOver 1004a390 f   IntArgb.obj
 0001:00049450       _ByteIndexedBmToIntArgbScaleXparOver 1004a450 f   IntArgb.obj
 0001:00049520       _IntArgbBmToIntArgbScaleXparOver 1004a520 f   IntArgb.obj
 0001:000495f0       _ByteIndexedBmToIntArgbXparBgCopy 1004a5f0 f   IntArgb.obj
 0001:000496b0       _IntArgbToIntArgbXorBlit   1004a6b0 f   IntArgb.obj
 0001:00049780       _IntArgbSrcMaskFill        1004a780 f   IntArgb.obj
 0001:00049ab0       _IntArgbSrcOverMaskFill    1004aab0 f   IntArgb.obj
 0001:00049f50       _IntArgbAlphaMaskFill      1004af50 f   IntArgb.obj
 0001:0004a3b0       _IntArgbToIntArgbSrcOverMaskBlit 1004b3b0 f   IntArgb.obj
 0001:0004a970       _IntArgbToIntArgbAlphaMaskBlit 1004b970 f   IntArgb.obj
 0001:0004ae70       _IntArgbPreToIntArgbSrcOverMaskBlit 1004be70 f   IntArgb.obj
 0001:0004b440       _IntArgbPreToIntArgbAlphaMaskBlit 1004c440 f   IntArgb.obj
 0001:0004b940       _IntRgbToIntArgbAlphaMaskBlit 1004c940 f   IntArgb.obj
 0001:0004be40       _IntArgbDrawGlyphListAA    1004ce40 f   IntArgb.obj
 0001:0004c1b0       _IntArgbDrawGlyphListLCD   1004d1b0 f   IntArgb.obj
 0001:0004c690       _IntArgbNrstNbrTransformHelper 1004d690 f   IntArgb.obj
 0001:0004c810       _IntArgbBilinearTransformHelper 1004d810 f   IntArgb.obj
 0001:0004cc70       _IntArgbBicubicTransformHelper 1004dc70 f   IntArgb.obj
 0001:0004de70       _RegisterIntArgbPre        1004ee70 f   IntArgbPre.obj
 0001:0004de90       _PixelForIntArgbPre        1004ee90 f   IntArgbPre.obj
 0001:0004df40       _IntArgbPreToIntArgbConvert 1004ef40 f   IntArgbPre.obj
 0001:0004e0a0       _IntArgbToIntArgbPreConvert 1004f0a0 f   IntArgbPre.obj
 0001:0004e200       _IntRgbToIntArgbPreConvert 1004f200 f   IntArgbPre.obj
 0001:0004e360       _ThreeByteBgrToIntArgbPreConvert 1004f360 f   IntArgbPre.obj
 0001:0004e4e0       _ByteGrayToIntArgbPreConvert 1004f4e0 f   IntArgbPre.obj
 0001:0004e650       _ByteIndexedToIntArgbPreConvert 1004f650 f   IntArgbPre.obj
 0001:0004e7c0       _IntArgbPreToIntArgbScaleConvert 1004f7c0 f   IntArgbPre.obj
 0001:0004e930       _IntArgbToIntArgbPreScaleConvert 1004f930 f   IntArgbPre.obj
 0001:0004eaa0       _IntRgbToIntArgbPreScaleConvert 1004faa0 f   IntArgbPre.obj
 0001:0004ec10       _ThreeByteBgrToIntArgbPreScaleConvert 1004fc10 f   IntArgbPre.obj
 0001:0004edb0       _ByteGrayToIntArgbPreScaleConvert 1004fdb0 f   IntArgbPre.obj
 0001:0004ef40       _ByteIndexedToIntArgbPreScaleConvert 1004ff40 f   IntArgbPre.obj
 0001:0004f0c0       _ByteIndexedBmToIntArgbPreXparOver 100500c0 f   IntArgbPre.obj
 0001:0004f230       _ByteIndexedBmToIntArgbPreScaleXparOver 10050230 f   IntArgbPre.obj
 0001:0004f3c0       _ByteIndexedBmToIntArgbPreXparBgCopy 100503c0 f   IntArgbPre.obj
 0001:0004f540       _IntArgbToIntArgbPreXorBlit 10050540 f   IntArgbPre.obj
 0001:0004f6d0       _IntArgbPreSrcMaskFill     100506d0 f   IntArgbPre.obj
 0001:0004f9f0       _IntArgbPreSrcOverMaskFill 100509f0 f   IntArgbPre.obj
 0001:0004fe60       _IntArgbPreAlphaMaskFill   10050e60 f   IntArgbPre.obj
 0001:000502b0       _IntArgbToIntArgbPreSrcOverMaskBlit 100512b0 f   IntArgbPre.obj
 0001:00050840       _IntArgbToIntArgbPreAlphaMaskBlit 10051840 f   IntArgbPre.obj
 0001:00050d30       _IntArgbPreToIntArgbPreSrcOverMaskBlit 10051d30 f   IntArgbPre.obj
 0001:000512d0       _IntArgbPreToIntArgbPreAlphaMaskBlit 100522d0 f   IntArgbPre.obj
 0001:000517c0       _IntRgbToIntArgbPreAlphaMaskBlit 100527c0 f   IntArgbPre.obj
 0001:00051cb0       _IntArgbPreDrawGlyphListAA 10052cb0 f   IntArgbPre.obj
 0001:00052050       _IntArgbPreDrawGlyphListLCD 10053050 f   IntArgbPre.obj
 0001:00052570       _IntArgbPreNrstNbrTransformHelper 10053570 f   IntArgbPre.obj
 0001:00052640       _IntArgbPreBilinearTransformHelper 10053640 f   IntArgbPre.obj
 0001:000527e0       _IntArgbPreBicubicTransformHelper 100537e0 f   IntArgbPre.obj
 0001:00052ab0       _RegisterIntArgbBm         10053ab0 f   IntArgbBm.obj
 0001:00052ad0       _PixelForIntArgbBm         10053ad0 f   IntArgbBm.obj
 0001:00052af0       _IntArgbBmToIntArgbConvert 10053af0 f   IntArgbBm.obj
 0001:00052ba0       _IntArgbToIntArgbBmConvert 10053ba0 f   IntArgbBm.obj
 0001:00052c50       _ByteIndexedToIntArgbBmConvert 10053c50 f   IntArgbBm.obj
 0001:00052d10       _IntArgbToIntArgbBmScaleConvert 10053d10 f   IntArgbBm.obj
 0001:00052dd0       _ByteIndexedToIntArgbBmScaleConvert 10053dd0 f   IntArgbBm.obj
 0001:00052ea0       _ByteIndexedBmToIntArgbBmXparOver 10053ea0 f   IntArgbBm.obj
 0001:00053090       _ByteIndexedBmToIntArgbBmScaleXparOver 10054090 f   IntArgbBm.obj
 0001:000532a0       _ByteIndexedBmToIntArgbBmXparBgCopy 100542a0 f   IntArgbBm.obj
 0001:00053490       _IntArgbToIntArgbBmXorBlit 10054490 f   IntArgbBm.obj
 0001:00053570       _IntArgbBmAlphaMaskFill    10054570 f   IntArgbBm.obj
 0001:000539e0       _IntArgbToIntArgbBmAlphaMaskBlit 100549e0 f   IntArgbBm.obj
 0001:00053ef0       _IntArgbPreToIntArgbBmAlphaMaskBlit 10054ef0 f   IntArgbBm.obj
 0001:00054400       _IntArgbBmDrawGlyphListAA  10055400 f   IntArgbBm.obj
 0001:00054780       _IntArgbBmDrawGlyphListLCD 10055780 f   IntArgbBm.obj
 0001:00054c70       _IntArgbBmNrstNbrTransformHelper 10055c70 f   IntArgbBm.obj
 0001:00054d60       _IntArgbBmBilinearTransformHelper 10055d60 f   IntArgbBm.obj
 0001:00054f80       _IntArgbBmBicubicTransformHelper 10055f80 f   IntArgbBm.obj
 0001:00055470       _RegisterIntRgb            10056470 f   IntRgb.obj
 0001:00055490       _IntRgbToIntArgbConvert    10056490 f   IntRgb.obj
 0001:00055540       _ThreeByteBgrToIntRgbConvert 10056540 f   IntRgb.obj
 0001:00055600       _ByteGrayToIntRgbConvert   10056600 f   IntRgb.obj
 0001:000556c0       _IntArgbBmToIntRgbXparOver 100566c0 f   IntRgb.obj
 0001:00055770       _IntArgbBmToIntRgbXparBgCopy 10056770 f   IntRgb.obj
 0001:00055830       _IntRgbToIntArgbScaleConvert 10056830 f   IntRgb.obj
 0001:000558f0       _ThreeByteBgrToIntRgbScaleConvert 100568f0 f   IntRgb.obj
 0001:000559e0       _ByteGrayToIntRgbScaleConvert 100569e0 f   IntRgb.obj
 0001:00055ab0       _IntArgbToIntRgbXorBlit    10056ab0 f   IntRgb.obj
 0001:00055b80       _IntRgbSrcMaskFill         10056b80 f   IntRgb.obj
 0001:00055e90       _IntRgbSrcOverMaskFill     10056e90 f   IntRgb.obj
 0001:000562f0       _IntRgbAlphaMaskFill       100572f0 f   IntRgb.obj
 0001:00056750       _IntArgbToIntRgbSrcOverMaskBlit 10057750 f   IntRgb.obj
 0001:00056cd0       _IntArgbToIntRgbAlphaMaskBlit 10057cd0 f   IntRgb.obj
 0001:000571d0       _IntArgbPreToIntRgbSrcOverMaskBlit 100581d0 f   IntRgb.obj
 0001:00057760       _IntArgbPreToIntRgbAlphaMaskBlit 10058760 f   IntRgb.obj
 0001:00057c50       _IntRgbToIntRgbAlphaMaskBlit 10058c50 f   IntRgb.obj
 0001:00058150       _IntRgbDrawGlyphListAA     10059150 f   IntRgb.obj
 0001:00058420       _IntRgbDrawGlyphListLCD    10059420 f   IntRgb.obj
 0001:00058850       _IntRgbNrstNbrTransformHelper 10059850 f   IntRgb.obj
 0001:00058920       _IntRgbBilinearTransformHelper 10059920 f   IntRgb.obj
 0001:00058ad0       _IntRgbBicubicTransformHelper 10059ad0 f   IntRgb.obj
 0001:00058e00       _RegisterIntBgr            10059e00 f   IntBgr.obj
 0001:00058e20       _PixelForIntBgr            10059e20 f   IntBgr.obj
 0001:00058e50       _IntBgrToIntArgbConvert    10059e50 f   IntBgr.obj
 0001:00058f20       _IntArgbToIntBgrConvert    10059f20 f   IntBgr.obj
 0001:00058fe0       _ThreeByteBgrToIntBgrConvert 10059fe0 f   IntBgr.obj
 0001:000590b0       _ByteIndexedToIntBgrConvert 1005a0b0 f   IntBgr.obj
 0001:00059280       _IntBgrToIntArgbScaleConvert 1005a280 f   IntBgr.obj
 0001:00059370       _IntArgbToIntBgrScaleConvert 1005a370 f   IntBgr.obj
 0001:00059450       _ThreeByteBgrToIntBgrScaleConvert 1005a450 f   IntBgr.obj
 0001:00059540       _ByteIndexedToIntBgrScaleConvert 1005a540 f   IntBgr.obj
 0001:00059730       _ByteIndexedBmToIntBgrXparOver 1005a730 f   IntBgr.obj
 0001:00059950       _IntArgbBmToIntBgrXparOver 1005a950 f   IntBgr.obj
 0001:00059a20       _IntArgbBmToIntBgrScaleXparOver 1005aa20 f   IntBgr.obj
 0001:00059b10       _ByteIndexedBmToIntBgrScaleXparOver 1005ab10 f   IntBgr.obj
 0001:00059d40       _ByteIndexedBmToIntBgrXparBgCopy 1005ad40 f   IntBgr.obj
 0001:00059f40       _IntArgbBmToIntBgrXparBgCopy 1005af40 f   IntBgr.obj
 0001:0005a020       _IntArgbToIntBgrXorBlit    1005b020 f   IntBgr.obj
 0001:0005a110       _IntBgrSrcMaskFill         1005b110 f   IntBgr.obj
 0001:0005a440       _IntBgrSrcOverMaskFill     1005b440 f   IntBgr.obj
 0001:0005a8a0       _IntBgrAlphaMaskFill       1005b8a0 f   IntBgr.obj
 0001:0005ad00       _IntArgbToIntBgrSrcOverMaskBlit 1005bd00 f   IntBgr.obj
 0001:0005b280       _IntArgbToIntBgrAlphaMaskBlit 1005c280 f   IntBgr.obj
 0001:0005b780       _IntArgbPreToIntBgrSrcOverMaskBlit 1005c780 f   IntBgr.obj
 0001:0005bd10       _IntArgbPreToIntBgrAlphaMaskBlit 1005cd10 f   IntBgr.obj
 0001:0005c200       _IntRgbToIntBgrAlphaMaskBlit 1005d200 f   IntBgr.obj
 0001:0005c700       _IntBgrToIntBgrAlphaMaskBlit 1005d700 f   IntBgr.obj
 0001:0005cc00       _IntBgrDrawGlyphListAA     1005dc00 f   IntBgr.obj
 0001:0005ced0       _IntBgrDrawGlyphListLCD    1005ded0 f   IntBgr.obj
 0001:0005d300       _IntBgrNrstNbrTransformHelper 1005e300 f   IntBgr.obj
 0001:0005d400       _IntBgrBilinearTransformHelper 1005e400 f   IntBgr.obj
 0001:0005d650       _IntBgrBicubicTransformHelper 1005e650 f   IntBgr.obj
 0001:0005dbd0       _RegisterIntRgbx           1005ebd0 f   IntRgbx.obj
 0001:0005dbf0       _PixelForIntRgbx           1005ebf0 f   IntRgbx.obj
 0001:0005dc00       _IntRgbxToIntArgbConvert   1005ec00 f   IntRgbx.obj
 0001:0005dcb0       _IntArgbToIntRgbxConvert   1005ecb0 f   IntRgbx.obj
 0001:0005dd60       _ThreeByteBgrToIntRgbxConvert 1005ed60 f   IntRgbx.obj
 0001:0005de20       _ByteGrayToIntRgbxConvert  1005ee20 f   IntRgbx.obj
 0001:0005dee0       _ByteIndexedToIntRgbxConvert 1005eee0 f   IntRgbx.obj
 0001:0005df90       _IntRgbxToIntArgbScaleConvert 1005ef90 f   IntRgbx.obj
 0001:0005e050       _IntArgbToIntRgbxScaleConvert 1005f050 f   IntRgbx.obj
 0001:0005e110       _ThreeByteBgrToIntRgbxScaleConvert 1005f110 f   IntRgbx.obj
 0001:0005e200       _ByteGrayToIntRgbxScaleConvert 1005f200 f   IntRgbx.obj
 0001:0005e2d0       _ByteIndexedToIntRgbxScaleConvert 1005f2d0 f   IntRgbx.obj
 0001:0005e3a0       _ByteIndexedBmToIntRgbxXparOver 1005f3a0 f   IntRgbx.obj
 0001:0005e460       _ByteIndexedBmToIntRgbxScaleXparOver 1005f460 f   IntRgbx.obj
 0001:0005e530       _IntArgbBmToIntRgbxScaleXparOver 1005f530 f   IntRgbx.obj
 0001:0005e600       _ByteIndexedBmToIntRgbxXparBgCopy 1005f600 f   IntRgbx.obj
 0001:0005e6d0       _IntArgbToIntRgbxXorBlit   1005f6d0 f   IntRgbx.obj
 0001:0005e7b0       _IntRgbxSrcMaskFill        1005f7b0 f   IntRgbx.obj
 0001:0005ead0       _IntRgbxSrcOverMaskFill    1005fad0 f   IntRgbx.obj
 0001:0005ef40       _IntRgbxAlphaMaskFill      1005ff40 f   IntRgbx.obj
 0001:0005f3a0       _IntArgbToIntRgbxSrcOverMaskBlit 100603a0 f   IntRgbx.obj
 0001:0005f930       _IntArgbToIntRgbxAlphaMaskBlit 10060930 f   IntRgbx.obj
 0001:0005fe30       _IntArgbPreToIntRgbxSrcOverMaskBlit 10060e30 f   IntRgbx.obj
 0001:000603d0       _IntArgbPreToIntRgbxAlphaMaskBlit 100613d0 f   IntRgbx.obj
 0001:000608d0       _IntRgbToIntRgbxAlphaMaskBlit 100618d0 f   IntRgbx.obj
 0001:00060dd0       _IntRgbxDrawGlyphListAA    10061dd0 f   IntRgbx.obj
 0001:000610b0       _IntRgbxDrawGlyphListLCD   100620b0 f   IntRgbx.obj
 0001:000614e0       _IntRgbxNrstNbrTransformHelper 100624e0 f   IntRgbx.obj
 0001:000615b0       _IntRgbxBilinearTransformHelper 100625b0 f   IntRgbx.obj
 0001:00061770       _IntRgbxBicubicTransformHelper 10062770 f   IntRgbx.obj
 0001:00061ad0       _RegisterAny4Byte          10062ad0 f   Any4Byte.obj
 0001:00061af0       _Any4ByteIsomorphicCopy    10062af0 f   Any4Byte.obj
 0001:00061b50       _Any4ByteIsomorphicScaleCopy 10062b50 f   Any4Byte.obj
 0001:00061c40       _Any4ByteIsomorphicXorCopy 10062c40 f   Any4Byte.obj
 0001:00061d80       _Any4ByteSetRect           10062d80 f   Any4Byte.obj
 0001:00061e50       _Any4ByteSetSpans          10062e50 f   Any4Byte.obj
 0001:00061f50       _Any4ByteSetParallelogram  10062f50 f   Any4Byte.obj
 0001:00062070       _Any4ByteSetLine           10063070 f   Any4Byte.obj
 0001:00062220       _Any4ByteXorRect           10063220 f   Any4Byte.obj
 0001:000623c0       _Any4ByteXorSpans          100633c0 f   Any4Byte.obj
 0001:000625a0       _Any4ByteXorLine           100635a0 f   Any4Byte.obj
 0001:00062880       _Any4ByteDrawGlyphList     10063880 f   Any4Byte.obj
 0001:00062a70       _Any4ByteDrawGlyphListXor  10063a70 f   Any4Byte.obj
 0001:00062d30       _RegisterFourByteAbgr      10063d30 f   FourByteAbgr.obj
 0001:00062d50       _PixelForFourByteAbgr      10063d50 f   FourByteAbgr.obj
 0001:00062d70       _FourByteAbgrToIntArgbConvert 10063d70 f   FourByteAbgr.obj
 0001:00062e40       _IntArgbToFourByteAbgrConvert 10063e40 f   FourByteAbgr.obj
 0001:00062f50       _IntRgbToFourByteAbgrConvert 10063f50 f   FourByteAbgr.obj
 0001:00063050       _ThreeByteBgrToFourByteAbgrConvert 10064050 f   FourByteAbgr.obj
 0001:00063130       _ByteGrayToFourByteAbgrConvert 10064130 f   FourByteAbgr.obj
 0001:00063200       _ByteIndexedToFourByteAbgrConvert 10064200 f   FourByteAbgr.obj
 0001:000632e0       _FourByteAbgrToIntArgbScaleConvert 100642e0 f   FourByteAbgr.obj
 0001:000633d0       _IntArgbToFourByteAbgrScaleConvert 100643d0 f   FourByteAbgr.obj
 0001:000634f0       _IntRgbToFourByteAbgrScaleConvert 100644f0 f   FourByteAbgr.obj
 0001:00063600       _ThreeByteBgrToFourByteAbgrScaleConvert 10064600 f   FourByteAbgr.obj
 0001:00063710       _ByteGrayToFourByteAbgrScaleConvert 10064710 f   FourByteAbgr.obj
 0001:000637f0       _ByteIndexedToFourByteAbgrScaleConvert 100647f0 f   FourByteAbgr.obj
 0001:000638e0       _ByteIndexedBmToFourByteAbgrXparOver 100648e0 f   FourByteAbgr.obj
 0001:000639c0       _ByteIndexedBmToFourByteAbgrScaleXparOver 100649c0 f   FourByteAbgr.obj
 0001:00063ac0       _IntArgbBmToFourByteAbgrScaleXparOver 10064ac0 f   FourByteAbgr.obj
 0001:00063bb0       _ByteIndexedBmToFourByteAbgrXparBgCopy 10064bb0 f   FourByteAbgr.obj
 0001:00063cf0       _IntArgbToFourByteAbgrXorBlit 10064cf0 f   FourByteAbgr.obj
 0001:00063ec0       _FourByteAbgrSrcMaskFill   10064ec0 f   FourByteAbgr.obj
 0001:00064240       _FourByteAbgrSrcOverMaskFill 10065240 f   FourByteAbgr.obj
 0001:000646d0       _FourByteAbgrAlphaMaskFill 100656d0 f   FourByteAbgr.obj
 0001:00064b20       _IntArgbToFourByteAbgrSrcOverMaskBlit 10065b20 f   FourByteAbgr.obj
 0001:000650c0       _IntArgbToFourByteAbgrAlphaMaskBlit 100660c0 f   FourByteAbgr.obj
 0001:000655b0       _IntArgbPreToFourByteAbgrSrcOverMaskBlit 100665b0 f   FourByteAbgr.obj
 0001:00065b70       _IntArgbPreToFourByteAbgrAlphaMaskBlit 10066b70 f   FourByteAbgr.obj
 0001:00066060       _IntRgbToFourByteAbgrAlphaMaskBlit 10067060 f   FourByteAbgr.obj
 0001:00066560       _FourByteAbgrDrawGlyphListAA 10067560 f   FourByteAbgr.obj
 0001:00066920       _FourByteAbgrDrawGlyphListLCD 10067920 f   FourByteAbgr.obj
 0001:00066e90       _FourByteAbgrNrstNbrTransformHelper 10067e90 f   FourByteAbgr.obj
 0001:00067020       _FourByteAbgrBilinearTransformHelper 10068020 f   FourByteAbgr.obj
 0001:00067450       _FourByteAbgrBicubicTransformHelper 10068450 f   FourByteAbgr.obj
 0001:00068480       _RegisterFourByteAbgrPre   10069480 f   FourByteAbgrPre.obj
 0001:000684a0       _PixelForFourByteAbgrPre   100694a0 f   FourByteAbgrPre.obj
 0001:00068560       _FourByteAbgrPreToIntArgbConvert 10069560 f   FourByteAbgrPre.obj
 0001:000686b0       _IntArgbToFourByteAbgrPreConvert 100696b0 f   FourByteAbgrPre.obj
 0001:00068820       _IntRgbToFourByteAbgrPreConvert 10069820 f   FourByteAbgrPre.obj
 0001:00068920       _ThreeByteBgrToFourByteAbgrPreConvert 10069920 f   FourByteAbgrPre.obj
 0001:00068a00       _ByteGrayToFourByteAbgrPreConvert 10069a00 f   FourByteAbgrPre.obj
 0001:00068ad0       _ByteIndexedToFourByteAbgrPreConvert 10069ad0 f   FourByteAbgrPre.obj
 0001:00068c50       _FourByteAbgrPreToIntArgbScaleConvert 10069c50 f   FourByteAbgrPre.obj
 0001:00068dd0       _IntArgbToFourByteAbgrPreScaleConvert 10069dd0 f   FourByteAbgrPre.obj
 0001:00068f50       _IntRgbToFourByteAbgrPreScaleConvert 10069f50 f   FourByteAbgrPre.obj
 0001:00069060       _ThreeByteBgrToFourByteAbgrPreScaleConvert 1006a060 f   FourByteAbgrPre.obj
 0001:00069170       _ByteGrayToFourByteAbgrPreScaleConvert 1006a170 f   FourByteAbgrPre.obj
 0001:00069250       _ByteIndexedToFourByteAbgrPreScaleConvert 1006a250 f   FourByteAbgrPre.obj
 0001:000693e0       _ByteIndexedBmToFourByteAbgrPreXparOver 1006a3e0 f   FourByteAbgrPre.obj
 0001:00069570       _ByteIndexedBmToFourByteAbgrPreScaleXparOver 1006a570 f   FourByteAbgrPre.obj
 0001:00069710       _IntArgbBmToFourByteAbgrPreScaleXparOver 1006a710 f   FourByteAbgrPre.obj
 0001:00069800       _ByteIndexedBmToFourByteAbgrPreXparBgCopy 1006a800 f   FourByteAbgrPre.obj
 0001:000699e0       _IntArgbToFourByteAbgrPreXorBlit 1006a9e0 f   FourByteAbgrPre.obj
 0001:00069c60       _FourByteAbgrPreSrcMaskFill 1006ac60 f   FourByteAbgrPre.obj
 0001:00069f90       _FourByteAbgrPreSrcOverMaskFill 1006af90 f   FourByteAbgrPre.obj
 0001:0006a3f0       _FourByteAbgrPreAlphaMaskFill 1006b3f0 f   FourByteAbgrPre.obj
 0001:0006a840       _IntArgbToFourByteAbgrPreSrcOverMaskBlit 1006b840 f   FourByteAbgrPre.obj
 0001:0006adb0       _IntArgbToFourByteAbgrPreAlphaMaskBlit 1006bdb0 f   FourByteAbgrPre.obj
 0001:0006b290       _IntArgbPreToFourByteAbgrPreSrcOverMaskBlit 1006c290 f   FourByteAbgrPre.obj
 0001:0006b810       _IntArgbPreToFourByteAbgrPreAlphaMaskBlit 1006c810 f   FourByteAbgrPre.obj
 0001:0006bcf0       _IntRgbToFourByteAbgrPreAlphaMaskBlit 1006ccf0 f   FourByteAbgrPre.obj
 0001:0006c1d0       _FourByteAbgrPreDrawGlyphListAA 1006d1d0 f   FourByteAbgrPre.obj
 0001:0006c5d0       _FourByteAbgrPreDrawGlyphListLCD 1006d5d0 f   FourByteAbgrPre.obj
 0001:0006cb70       _FourByteAbgrPreNrstNbrTransformHelper 1006db70 f   FourByteAbgrPre.obj
 0001:0006cc90       _FourByteAbgrPreBilinearTransformHelper 1006dc90 f   FourByteAbgrPre.obj
 0001:0006cf00       _FourByteAbgrPreBicubicTransformHelper 1006df00 f   FourByteAbgrPre.obj
 0001:0006d550       _Java_sun_java2d_pipe_BufferedMaskBlit_enqueueTile@76 1006e550 f   BufferedMaskBlit.obj
 0001:0006e030       _Java_sun_java2d_pipe_BufferedRenderPipe_fillSpans@48 1006f030 f   BufferedRenderPipe.obj
 0001:0006e270       _Java_sun_java2d_pipe_RenderBuffer_copyFromArray@36 1006f270 f   RenderBuffer.obj
 0001:0006e370       _Java_sun_java2d_pipe_ShapeSpanIterator_initIDs@8 1006f370 f   ShapeSpanIterator.obj
 0001:0006e3a0       _Java_sun_java2d_pipe_ShapeSpanIterator_setNormalize@12 1006f3a0 f   ShapeSpanIterator.obj
 0001:0006e470       _Java_sun_java2d_pipe_ShapeSpanIterator_setOutputAreaXYXY@24 1006f470 f   ShapeSpanIterator.obj
 0001:0006e540       _Java_sun_java2d_pipe_ShapeSpanIterator_setRule@12 1006f540 f   ShapeSpanIterator.obj
 0001:0006e580       _Java_sun_java2d_pipe_ShapeSpanIterator_addSegment@16 1006f580 f   ShapeSpanIterator.obj
 0001:0006f010       _Java_sun_java2d_pipe_ShapeSpanIterator_getPathBox@12 10070010 f   ShapeSpanIterator.obj
 0001:0006f070       _Java_sun_java2d_pipe_ShapeSpanIterator_intersectClipBox@24 10070070 f   ShapeSpanIterator.obj
 0001:0006f0c0       _Java_sun_java2d_pipe_ShapeSpanIterator_nextSpan@12 100700c0 f   ShapeSpanIterator.obj
 0001:0006f130       _Java_sun_java2d_pipe_ShapeSpanIterator_skipDownTo@12 10070130 f   ShapeSpanIterator.obj
 0001:0006f170       _Java_sun_java2d_pipe_ShapeSpanIterator_getNativeIterator@8 10070170 f   ShapeSpanIterator.obj
 0001:0006f180       _Java_sun_java2d_pipe_ShapeSpanIterator_dispose@8 10070180 f   ShapeSpanIterator.obj
 0001:0006f210       _Java_sun_java2d_pipe_ShapeSpanIterator_beginSubpath@16 10070210 f   ShapeSpanIterator.obj
 0001:0006f430       _Java_sun_java2d_pipe_ShapeSpanIterator_appendPoly@28 10070430 f   ShapeSpanIterator.obj
 0001:0006f9a0       _Java_sun_java2d_pipe_ShapeSpanIterator_appendLine@16 100709a0 f   ShapeSpanIterator.obj
 0001:0006fb60       _Java_sun_java2d_pipe_ShapeSpanIterator_appendQuadratic@24 10070b60 f   ShapeSpanIterator.obj
 0001:0006fe00       _Java_sun_java2d_pipe_ShapeSpanIterator_appendCubic@32 10070e00 f   ShapeSpanIterator.obj
 0001:00070140       _Java_sun_java2d_pipe_ShapeSpanIterator_endPath@8 10071140 f   ShapeSpanIterator.obj
 0001:00070210       _Java_sun_java2d_pipe_ShapeSpanIterator_getCPathConsumer@8 10071210 f   ShapeSpanIterator.obj
 0001:00071f50       _Java_sun_java2d_pipe_SpanClipRenderer_initIDs@16 10072f50 f   SpanClipRenderer.obj
 0001:00072040       _Java_sun_java2d_pipe_SpanClipRenderer_fillTile@28 10073040 f   SpanClipRenderer.obj
 0001:00072200       _Java_sun_java2d_pipe_SpanClipRenderer_eraseTile@28 10073200 f   SpanClipRenderer.obj
 0001:000727c0       _Java_sun_java2d_SurfaceData_initIDs@8 100737c0 f   SurfaceData.obj
 0001:000729c0       _Java_sun_java2d_SurfaceData_setDirtyNative@16 100739c0 f   SurfaceData.obj
 0001:000729f0       _Java_sun_java2d_SurfaceData_isOpaqueGray@12 100739f0 f   SurfaceData.obj
 0001:00072a20       _SurfaceData_MarkDirty     10073a20 f   SurfaceData.obj
 0001:00072ac0       _SurfaceData_SetValid      10073ac0 f   SurfaceData.obj
 0001:00072b20       _SurfaceData_GetOps@8      10073b20 f   SurfaceData.obj
 0001:00072c20       _SurfaceData_GetOpsNoSetup@8 10073c20 f   SurfaceData.obj
 0001:00072c40       _SurfaceData_SetOps@12     10073c40 f   SurfaceData.obj
 0001:00072cb0       _SurfaceData_ThrowInvalidPipeException@8 10073cb0 f   SurfaceData.obj
 0001:00072cd0       _SurfaceData_IntersectBounds@8 10073cd0 f   SurfaceData.obj
 0001:00072d50       _SurfaceData_IntersectBoundsXYXY@20 10073d50 f   SurfaceData.obj
 0001:00072dc0       _SurfaceData_IntersectBoundsXYWH@20 10073dc0 f   SurfaceData.obj
 0001:00072e80       _SurfaceData_IntersectBlitBounds@16 10073e80 f   SurfaceData.obj
 0001:00072f90       _SurfaceData_InitOps       10073f90 f   SurfaceData.obj
 0001:00072ff0       _SurfaceData_DisposeOps    10073ff0 f   SurfaceData.obj
 0001:00073050       _Java_sun_java2d_pipe_Region_initIDs@8 10074050 f   Region.obj
 0001:00073190       _Region_GetInfo@12         10074190 f   Region.obj
 0001:000732b0       _Region_GetBounds@12       100742b0 f   Region.obj
 0001:00073370       _Region_StartIteration@8   10074370 f   Region.obj
 0001:000733d0       _Region_CountIterationRects@4 100743d0 f   Region.obj
 0001:00073510       _Region_NextIteration@8    10074510 f   Region.obj
 0001:00073730       _Region_EndIteration@8     10074730 f   Region.obj
 0001:00073760       _RegionToYXBandedRectangles@32 10074760 f   Region.obj
 0001:000738c0       _DBN_GetPixelPointer       100748c0 f   DataBufferNative.obj
 0001:000739b0       _Java_sun_awt_image_DataBufferNative_getElem@20 100749b0 f   DataBufferNative.obj
 0001:00073ad0       _Java_sun_awt_image_DataBufferNative_setElem@24 10074ad0 f   DataBufferNative.obj
 0001:00073bd0       _Java_sun_awt_image_BufImgSurfaceData_initIDs@8 10074bd0 f   BufImgSurfaceData.obj
 0001:00073cd0       _Java_sun_awt_image_BufImgSurfaceData_freeNativeICMData@12 10074cd0 f   BufImgSurfaceData.obj
 0001:00073d30       _Java_sun_awt_image_BufImgSurfaceData_initRaster@40 10074d30 f   BufImgSurfaceData.obj
 0001:00074320       _Java_sun_java2d_Disposer_initIDs@8 10075320 f   Disposer.obj
 0001:00074380       _Disposer_AddRecord@20     10075380 f   Disposer.obj
 0001:000743e0       _Java_sun_java2d_DefaultDisposerRecord_invokeNativeDispose@24 100753e0 f   Disposer.obj
 0001:00074420       _J2dTraceImpl              10075420 f   Trace.obj
 0001:00074550       _J2dTraceInit@0            10075550 f   Trace.obj
 0001:00074620       _make_uns_ordered_dither_array 10075620 f   img_globals.obj
 0001:00074790       _make_sgn_ordered_dither_array 10075790 f   img_globals.obj
 0001:00074910       _sun_awt_image_GifImageDecoder_parseImage 10075910 f   gifdecoder.obj
 0001:00074920       _sun_awt_image_GifImageDecoder_initIDs 10075920 f   gifdecoder.obj
 0001:00074930       _Java_sun_awt_image_GifImageDecoder_initIDs@8 10075930 f   gifdecoder.obj
 0001:000749f0       _Java_sun_awt_image_GifImageDecoder_parseImage@44 100759f0 f   gifdecoder.obj
 0001:00075720       _awt_parseImage            10076720 f   awt_parseImage.obj
 0001:000758f0       _awt_parseRaster           100768f0 f   awt_parseImage.obj
 0001:000761f0       _awt_parseColorModel       100771f0 f   awt_parseImage.obj
 0001:000767d0       _awt_freeParsedRaster      100777d0 f   awt_parseImage.obj
 0001:00076810       _awt_freeParsedImage       10077810 f   awt_parseImage.obj
 0001:00076f60       _awt_getPixelByte          10077f60 f   awt_parseImage.obj
 0001:000772b0       _awt_setPixelByte          100782b0 f   awt_parseImage.obj
 0001:00077600       _awt_getPixelShort         10078600 f   awt_parseImage.obj
 0001:00077950       _awt_setPixelShort         10078950 f   awt_parseImage.obj
 0001:00077ca0       _Java_sun_awt_image_ImageRepresentation_initIDs@8 10078ca0 f   awt_ImageRep.obj
 0001:00077cf0       _Java_sun_awt_image_ImageRepresentation_setICMpixels@44 10078cf0 f   awt_ImageRep.obj
 0001:00078030       _Java_sun_awt_image_ImageRepresentation_setDiffICM@60 10079030 f   awt_ImageRep.obj
 0001:000786c0       _Java_sun_awt_image_ImagingLib_convolveBI@24 100796c0 f   awt_ImagingLib.obj
 0001:00079010       _Java_sun_awt_image_ImagingLib_convolveRaster@24 1007a010 f   awt_ImagingLib.obj
 0001:00079940       _Java_sun_awt_image_ImagingLib_transformBI@24 1007a940 f   awt_ImagingLib.obj
 0001:00079f40       _Java_sun_awt_image_ImagingLib_transformRaster@24 1007af40 f   awt_ImagingLib.obj
 0001:0007a4f0       _Java_sun_awt_image_ImagingLib_lookupByteBI@20 1007b4f0 f   awt_ImagingLib.obj
 0001:0007ac20       _Java_sun_awt_image_ImagingLib_lookupByteRaster@20 1007bc20 f   awt_ImagingLib.obj
 0001:0007b470       _Java_sun_awt_image_ImagingLib_init@8 1007c470 f   awt_ImagingLib.obj
 0001:00080840       _initInverseGrayLut        10081840 f   dither.obj
 0001:000809e0       _freeICMColorData          100819e0 f   dither.obj
 0001:00080a30       _initCubemap               10081a30 f   dither.obj
 0001:000811b0       _initDitherTables          100821b0 f   dither.obj
 0001:00081220       _make_dither_arrays        10082220 f   dither.obj
 0001:000813c0       _Java_java_awt_image_BufferedImage_initIDs@8 100823c0 f   imageInitIDs.obj
 0001:000814b0       _Java_java_awt_image_Raster_initIDs@8 100824b0 f   imageInitIDs.obj
 0001:000816d0       _Java_sun_awt_image_ByteComponentRaster_initIDs@8 100826d0 f   imageInitIDs.obj
 0001:000817e0       _Java_sun_awt_image_BytePackedRaster_initIDs@8 100827e0 f   imageInitIDs.obj
 0001:000818d0       _Java_sun_awt_image_ShortComponentRaster_initIDs@8 100828d0 f   imageInitIDs.obj
 0001:000819f0       _Java_sun_awt_image_IntegerComponentRaster_initIDs@8 100829f0 f   imageInitIDs.obj
 0001:00081b40       _Java_java_awt_image_SinglePixelPackedSampleModel_initIDs@8 10082b40 f   imageInitIDs.obj
 0001:00081c10       _Java_java_awt_image_ColorModel_initIDs@8 10082c10 f   imageInitIDs.obj
 0001:00081e00       _Java_java_awt_image_IndexColorModel_initIDs@8 10082e00 f   imageInitIDs.obj
 0001:00081ea0       _Java_java_awt_image_SampleModel_initIDs@8 10082ea0 f   imageInitIDs.obj
 0001:00081f70       _Java_java_awt_image_ComponentSampleModel_initIDs@8 10082f70 f   imageInitIDs.obj
 0001:00082010       _Java_java_awt_image_Kernel_initIDs@8 10083010 f   imageInitIDs.obj
 0001:000820b0       _Java_java_awt_image_DataBufferInt_initIDs@8 100830b0 f   imageInitIDs.obj
 0001:000820f0       _DAssert_Impl              100830f0 f   debug_assert.obj
 0001:00082170       _DAssert_SetCallback       10083170 f   debug_assert.obj
 0001:00082180       _DMem_Initialize           10083180 f   debug_mem.obj
 0001:00082200       _DMem_Shutdown             10083200 f   debug_mem.obj
 0001:00082220       _DMem_AllocateBlock        10083220 f   debug_mem.obj
 0001:00082440       _DMem_FreeBlock            10083440 f   debug_mem.obj
 0001:00082770       _DMem_ReportLeaks          10083770 f   debug_mem.obj
 0001:00082910       _DMem_SetAllocCallback     10083910 f   debug_mem.obj
 0001:00082940       _DMem_SetFreeCallback      10083940 f   debug_mem.obj
 0001:00082970       _DMem_SetCheckPtrCallback  10083970 f   debug_mem.obj
 0001:000829a0       _DMem_DisableMutex         100839a0 f   debug_mem.obj
 0001:000829b0       _DTrace_Initialize         100839b0 f   debug_trace.obj
 0001:000829c0       _DTrace_Shutdown           100839c0 f   debug_trace.obj
 0001:000829e0       _DTrace_DisableMutex       100839e0 f   debug_trace.obj
 0001:000829f0       _DTrace_EnableAll          100839f0 f   debug_trace.obj
 0001:00082a20       _DTrace_EnableFile         10083a20 f   debug_trace.obj
 0001:00082cb0       _DTrace_EnableLine         10083cb0 f   debug_trace.obj
 0001:00082d40       _DTrace_VPrintImpl         10083d40 f   debug_trace.obj
 0001:00082df0       _DTrace_PrintImpl          10083df0 f   debug_trace.obj
 0001:00082e20       _DTrace_VPrint             10083e20 f   debug_trace.obj
 0001:00082e60       _DTrace_VPrintln           10083e60 f   debug_trace.obj
 0001:00082e90       _DTrace_PrintFunction      10083e90 f   debug_trace.obj
 0001:00083030       _DTrace_SetOutputCallback  10084030 f   debug_trace.obj
 0001:000830c0       _Java_sun_awt_DebugHelperImpl_printImpl@12 100840c0 f   debug_trace.obj
 0001:00083140       _Java_sun_awt_DebugHelperImpl_printlnImpl@12 10084140 f   debug_trace.obj
 0001:000831d0       _Java_sun_awt_DebugHelperImpl_setCTracingOn__Z@12 100841d0 f   debug_trace.obj
 0001:000831f0       _Java_sun_awt_DebugHelperImpl_setCTracingOn__ZLjava_lang_String_2@16 100841f0 f   debug_trace.obj
 0001:00083240       _Java_sun_awt_DebugHelperImpl_setCTracingOn__ZLjava_lang_String_2I@20 10084240 f   debug_trace.obj
 0001:000832a0       _DMutex_Create             100842a0 f   debug_util.obj
 0001:000832d0       _DMutex_Destroy            100842d0 f   debug_util.obj
 0001:000832f0       _DMutex_Enter              100842f0 f   debug_util.obj
 0001:00083310       _DMutex_Exit               10084310 f   debug_util.obj
 0001:00083330       _OGLBlitLoops_IsoBlit      10084330 f   OGLBlitLoops.obj
 0001:00083fd0       _OGLBlitLoops_Blit         10084fd0 f   OGLBlitLoops.obj
 0001:00084770       _OGLBlitLoops_SurfaceToSwBlit 10085770 f   OGLBlitLoops.obj
 0001:00084b20       _OGLBlitLoops_CopyArea     10085b20 f   OGLBlitLoops.obj
 0001:00084cc0       _OGLBufImgOps_EnableConvolveOp 10085cc0 f   OGLBufImgOps.obj
 0001:00085160       _OGLBufImgOps_DisableConvolveOp 10086160 f   OGLBufImgOps.obj
 0001:000851a0       _OGLBufImgOps_EnableRescaleOp 100861a0 f   OGLBufImgOps.obj
 0001:000854b0       _OGLBufImgOps_DisableRescaleOp 100864b0 f   OGLBufImgOps.obj
 0001:000854f0       _OGLBufImgOps_EnableLookupOp 100864f0 f   OGLBufImgOps.obj
 0001:00085920       _OGLBufImgOps_DisableLookupOp 10086920 f   OGLBufImgOps.obj
 0001:00085990       _OGLContext_SetSurfaces    10086990 f   OGLContext.obj
 0001:00085c90       _OGLContext_ResetClip      10086c90 f   OGLContext.obj
 0001:00085cf0       _OGLContext_SetRectClip    10086cf0 f   OGLContext.obj
 0001:00085de0       _OGLContext_BeginShapeClip 10086de0 f   OGLContext.obj
 0001:00085ea0       _OGLContext_EndShapeClip   10086ea0 f   OGLContext.obj
 0001:00085f30       _OGLContext_SetExtraAlpha  10086f30 f   OGLContext.obj
 0001:00085f90       _OGLContext_ResetComposite 10086f90 f   OGLContext.obj
 0001:00086020       _OGLContext_SetAlphaComposite 10087020 f   OGLContext.obj
 0001:00086120       _OGLContext_SetXorComposite 10087120 f   OGLContext.obj
 0001:000861d0       _OGLContext_ResetTransform 100871d0 f   OGLContext.obj
 0001:00086230       _OGLContext_SetTransform   10087230 f   OGLContext.obj
 0001:000863b0       _OGLContext_CreateBlitTexture 100873b0 f   OGLContext.obj
 0001:00086530       _OGLContext_InitBlitTileTexture 10087530 f   OGLContext.obj
 0001:00086570       _OGLContext_DestroyContextResources 10087570 f   OGLContext.obj
 0001:000865c0       _OGLContext_IsExtensionAvailable 100875c0 f   OGLContext.obj
 0001:000866b0       _OGLContext_GetExtensionInfo 100876b0 f   OGLContext.obj
 0001:00086bf0       _OGLContext_IsVersionSupported 10087bf0 f   OGLContext.obj
 0001:00086c60       _OGLContext_CreateFragmentProgram 10087c60 f   OGLContext.obj
 0001:00086df0       _Java_sun_java2d_opengl_OGLContext_getOGLIdString@8 10087df0 f   OGLContext.obj
 0001:00086f10       _OGLFuncs_OpenLibrary      10087f10 f   OGLFuncs.obj
 0001:00086f60       _OGLFuncs_CloseLibrary     10087f60 f   OGLFuncs.obj
 0001:00086fc0       _OGLFuncs_InitPlatformFuncs 10087fc0 f   OGLFuncs.obj
 0001:00087190       _OGLFuncs_InitBaseFuncs    10088190 f   OGLFuncs.obj
 0001:00088300       _OGLFuncs_InitExtFuncs     10089300 f   OGLFuncs.obj
 0001:00088710       _OGLMaskBlit_MaskBlit      10089710 f   OGLMaskBlit.obj
 0001:00088920       _OGLMaskFill_MaskFill      10089920 f   OGLMaskFill.obj
 0001:00088ab0       _Java_sun_java2d_opengl_OGLMaskFill_maskFill@40 10089ab0 f   OGLMaskFill.obj
 0001:00088b60       _OGLPaints_ResetPaint      10089b60 f   OGLPaints.obj
 0001:00088d30       _OGLPaints_SetColor        10089d30 f   OGLPaints.obj
 0001:00088e80       _OGLPaints_SetGradientPaint 10089e80 f   OGLPaints.obj
 0001:000890c0       _OGLPaints_SetTexturePaint 1008a0c0 f   OGLPaints.obj
 0001:00089300       _OGLPaints_SetLinearGradientPaint 1008a300 f   OGLPaints.obj
 0001:000899a0       _OGLPaints_SetRadialGradientPaint 1008a9a0 f   OGLPaints.obj
 0001:00089c00       _Java_sun_java2d_opengl_OGLRenderQueue_flushBuffer@20 1008ac00 f   OGLRenderQueue.obj
 0001:0008ba10       _OGLRenderQueue_GetCurrentContext 1008ca10 f   OGLRenderQueue.obj
 0001:0008ba20       _OGLRenderQueue_GetCurrentDestination 1008ca20 f   OGLRenderQueue.obj
 0001:0008ba30       _OGLRenderQueue_CheckPreviousOp 1008ca30 f   OGLRenderQueue.obj
 0001:0008bb80       _OGLRenderer_DrawLine      1008cb80 f   OGLRenderer.obj
 0001:0008bd50       _OGLRenderer_DrawRect      1008cd50 f   OGLRenderer.obj
 0001:0008bee0       _OGLRenderer_DrawPoly      1008cee0 f   OGLRenderer.obj
 0001:0008c0d0       _Java_sun_java2d_opengl_OGLRenderer_drawPoly@32 1008d0d0 f   OGLRenderer.obj
 0001:0008c1b0       _OGLRenderer_DrawScanlines 1008d1b0 f   OGLRenderer.obj
 0001:0008c2a0       _OGLRenderer_FillRect      1008d2a0 f   OGLRenderer.obj
 0001:0008c340       _OGLRenderer_FillSpans     1008d340 f   OGLRenderer.obj
 0001:0008c450       _OGLRenderer_FillParallelogram 1008d450 f   OGLRenderer.obj
[...]
 0001:0011efa0       $L74862                    1011ffa0 f   awt_Win32GraphicsDevice.obj
 0001:0011efb7       __ehhandler$?Initialize@AwtWin32GraphicsDevice@@QAEXXZ 1011ffb7 f   awt_Win32GraphicsDevice.obj
 0001:0011efc1       $L74880                    1011ffc1 f   awt_Win32GraphicsDevice.obj
 0001:0011efdb       __ehhandler$?GetColorModel@AwtWin32GraphicsDevice@@QAEPAV_jobject@@PAUJNIEnv_@@E@Z 1011ffdb f   awt_Win32GraphicsDevice.obj
 0001:0011efe5       $L74947                    1011ffe5 f   awt_Win32GraphicsDevice.obj
 0001:0011efed       __ehhandler$?GetColorModel@AwtWin32GraphicsDevice@@SAPAV_jobject@@PAUJNIEnv_@@EH@Z 1011ffed f   awt_Win32GraphicsDevice.obj
 0001:0011eff7       $L74960                    1011fff7 f   awt_Win32GraphicsDevice.obj
 0001:0011efff       __ehhandler$?_getMonitorInfo@AwtWin32GraphicsDevice@@SAPAUtagMONITOR_INFO@@H@Z 1011ffff f   awt_Win32GraphicsDevice.obj
 0001:0011f009       $L74968                    10120009 f   awt_Win32GraphicsDevice.obj
 0001:0011f011       __ehhandler$?ResetAllMonitorInfo@AwtWin32GraphicsDevice@@SAXXZ 10120011 f   awt_Win32GraphicsDevice.obj
 0001:0011f01b       $L74978                    1012001b f   awt_Win32GraphicsDevice.obj
 0001:0011f023       __ehhandler$?DisableOffscreenAccelerationForDevice@AwtWin32GraphicsDevice@@SAXPAX@Z 10120023 f   awt_Win32GraphicsDevice.obj
 0001:0011f02d       $L74985                    1012002d f   awt_Win32GraphicsDevice.obj
 0001:0011f035       __ehhandler$?GetMonitor@AwtWin32GraphicsDevice@@SAPAXH@Z 10120035 f   awt_Win32GraphicsDevice.obj
 0001:0011f03f       $L74992                    1012003f f   awt_Win32GraphicsDevice.obj
 0001:0011f047       __ehhandler$?GetPalette@AwtWin32GraphicsDevice@@SAPAUHPALETTE__@@H@Z 10120047 f   awt_Win32GraphicsDevice.obj
 0001:0011f051       $L74998                    10120051 f   awt_Win32GraphicsDevice.obj
 0001:0011f059       __ehhandler$?UpdateDynamicColorModel@AwtWin32GraphicsDevice@@SAXH@Z 10120059 f   awt_Win32GraphicsDevice.obj
 0001:0011f063       $L75005                    10120063 f   awt_Win32GraphicsDevice.obj
 0001:0011f06b       __ehhandler$?UpdateSystemPalette@AwtWin32GraphicsDevice@@SAHH@Z 1012006b f   awt_Win32GraphicsDevice.obj
 0001:0011f075       $L75012                    10120075 f   awt_Win32GraphicsDevice.obj
 0001:0011f07d       __ehhandler$?SelectPalette@AwtWin32GraphicsDevice@@SAPAUHPALETTE__@@PAUHDC__@@H@Z 1012007d f   awt_Win32GraphicsDevice.obj
 0001:0011f087       $L75018                    10120087 f   awt_Win32GraphicsDevice.obj
 0001:0011f08f       __ehhandler$?RealizePalette@AwtWin32GraphicsDevice@@SAXPAUHDC__@@H@Z 1012008f f   awt_Win32GraphicsDevice.obj
 0001:0011f099       $L75025                    10120099 f   awt_Win32GraphicsDevice.obj
 0001:0011f0a1       __ehhandler$?GetColorData@AwtWin32GraphicsDevice@@SAPAU_ColorData@@H@Z 101200a1 f   awt_Win32GraphicsDevice.obj
 0001:0011f0ab       $L75034                    101200ab f   awt_Win32GraphicsDevice.obj
 0001:0011f0b3       __ehhandler$?GetGrayness@AwtWin32GraphicsDevice@@SAHH@Z 101200b3 f   awt_Win32GraphicsDevice.obj
 0001:0011f0bd       $L75043                    101200bd f   awt_Win32GraphicsDevice.obj
 0001:0011f0c5       __ehhandler$?GetDCFromScreen@AwtWin32GraphicsDevice@@SAPAUHDC__@@H@Z 101200c5 f   awt_Win32GraphicsDevice.obj
 0001:0011f0cf       $L75052                    101200cf f   awt_Win32GraphicsDevice.obj
 0001:0011f0d7       __ehhandler$?GetScreenFromMHND@AwtWin32GraphicsDevice@@SAHPAX@Z 101200d7 f   awt_Win32GraphicsDevice.obj
 0001:0011f0e1       __ehhandler$_Java_sun_awt_Win32GraphicsDevice_initIDs@8 101200e1 f   awt_Win32GraphicsDevice.obj
 0001:0011f0eb       __ehhandler$_Java_sun_awt_Win32GraphicsDevice_getMaxConfigsImpl@12 101200eb f   awt_Win32GraphicsDevice.obj
 0001:0011f0f5       __ehhandler$_Java_sun_awt_Win32GraphicsDevice_isPixFmtSupported@16 101200f5 f   awt_Win32GraphicsDevice.obj
 0001:0011f0ff       __ehhandler$_Java_sun_awt_Win32GraphicsDevice_getDefaultPixIDImpl@12 101200ff f   awt_Win32GraphicsDevice.obj
 0001:0011f109       __ehhandler$_Java_sun_awt_Win32GraphicsDevice_enterFullScreenExclusive@16 10120109 f   awt_Win32GraphicsDevice.obj
 0001:0011f113       __ehhandler$_Java_sun_awt_Win32GraphicsDevice_exitFullScreenExclusive@16 10120113 f   awt_Win32GraphicsDevice.obj
 0001:0011f11d       __ehhandler$?CreateDisplayMode@@YAPAV_jobject@@PAUJNIEnv_@@JJJJ@Z 1012011d f   awt_Win32GraphicsDevice.obj
 0001:0011f127       __ehhandler$_Java_sun_awt_Win32GraphicsDevice_getCurrentDisplayMode@12 10120127 f   awt_Win32GraphicsDevice.obj
 0001:0011f131       $L75181                    10120131 f   awt_Win32GraphicsDevice.obj
 0001:0011f139       __ehhandler$?GetAttachedDisplayDevice@@YAHHPAUtagDISPLAY_DEVICE@@@Z 10120139 f   awt_Win32GraphicsDevice.obj
 0001:0011f143       __ehhandler$_Java_sun_awt_Win32GraphicsDevice_configDisplayMode@32 10120143 f   awt_Win32GraphicsDevice.obj
 0001:0011f14d       __ehhandler$?addDisplayMode@@YAXPAUJNIEnv_@@PAV_jobject@@JJJJ@Z 1012014d f   awt_Win32GraphicsDevice.obj
 0001:0011f157       __ehhandler$_Java_sun_awt_Win32GraphicsDevice_enumDisplayModes@16 10120157 f   awt_Win32GraphicsDevice.obj
 0001:0011f170       __ehhandler$_Java_sun_awt_Win32GraphicsConfig_initIDs@8 10120170 f   awt_Win32GraphicsConfig.obj
 0001:0011f180       __ehhandler$?QueryInterface@AwtDropTarget@@UAGJABU_GUID@@PAPAX@Z 10120180 f   awt_DnDDT.obj
 0001:0011f18a       $L75163                    1012018a f   awt_DnDDT.obj
 0001:0011f192       __ehhandler$?DragEnter@AwtDropTarget@@UAGJPAUIDataObject@@KU_POINTL@@PAK@Z 10120192 f   awt_DnDDT.obj
 0001:0011f19c       $L75197                    1012019c f   awt_DnDDT.obj
 0001:0011f1a4       __ehhandler$?DragOver@AwtDropTarget@@UAGJKU_POINTL@@PAK@Z 101201a4 f   awt_DnDDT.obj
 0001:0011f1ae       $L75221                    101201ae f   awt_DnDDT.obj
 0001:0011f1b6       __ehhandler$?DragLeave@AwtDropTarget@@UAGJXZ 101201b6 f   awt_DnDDT.obj
 0001:0011f1c0       $L75245                    101201c0 f   awt_DnDDT.obj
 0001:0011f1c8       __ehhandler$?Drop@AwtDropTarget@@UAGJPAUIDataObject@@KU_POINTL@@PAK@Z 101201c8 f   awt_DnDDT.obj
 0001:0011f1d2       $L75311                    101201d2 f   awt_DnDDT.obj
 0001:0011f1ec       __ehhandler$?GetData@AwtDropTarget@@MAEPAV_jobject@@_J@Z 101201ec f   awt_DnDDT.obj
 0001:0011f1f6       __ehhandler$_Java_sun_awt_windows_WDropTargetContextPeer_getData@24 101201f6 f   awt_DnDDT.obj
 0001:0011f200       __ehhandler$_Java_sun_awt_windows_WDropTargetContextPeer_dropDone@24 10120200 f   awt_DnDDT.obj
 0001:0011f20a       __ehhandler$_Java_sun_awt_windows_WDropTargetContextPeerFileStream_freeStgMedium@16 1012020a f   awt_DnDDT.obj
 0001:0011f214       __ehhandler$_Java_sun_awt_windows_WDropTargetContextPeerIStream_Available@16 10120214 f   awt_DnDDT.obj
 0001:0011f21e       __ehhandler$_Java_sun_awt_windows_WDropTargetContextPeerIStream_Read@16 1012021e f   awt_DnDDT.obj
 0001:0011f228       __ehhandler$_Java_sun_awt_windows_WDropTargetContextPeerIStream_ReadBytes@28 10120228 f   awt_DnDDT.obj
 0001:0011f232       __ehhandler$_Java_sun_awt_windows_WDropTargetContextPeerIStream_Close@16 10120232 f   awt_DnDDT.obj
 0001:0011f240       __ehhandler$?LoadCache@AwtDragSource@@AAEXPAV_jlongArray@@@Z 10120240 f   awt_DnDDS.obj
 0001:0011f24a       __ehhandler$?MatchFormatEtc@AwtDragSource@@IAGJPAUtagFORMATETC@@0@Z 1012024a f   awt_DnDDS.obj
 0001:0011f254       __ehhandler$?QueryInterface@AwtDragSource@@UAGJABU_GUID@@PAPAX@Z 10120254 f   awt_DnDDS.obj
 0001:0011f25e       __ehhandler$?QueryContinueDrag@AwtDragSource@@UAGJHK@Z 1012025e f   awt_DnDDS.obj
 0001:0011f268       __ehhandler$?GiveFeedback@AwtDragSource@@UAGJK@Z 10120268 f   awt_DnDDS.obj
 0001:0011f272       $L73546                    10120272 f   awt_DnDDS.obj
 0001:0011f289       __ehhandler$?GetData@AwtDragSource@@UAGJPAUtagFORMATETC@@PAUtagSTGMEDIUM@@@Z 10120289 f   awt_DnDDS.obj
 0001:0011f293       __ehhandler$?GetDataHere@AwtDragSource@@UAGJPAUtagFORMATETC@@PAUtagSTGMEDIUM@@@Z 10120293 f   awt_DnDDS.obj
 0001:0011f29d       __ehhandler$?QueryGetData@AwtDragSource@@UAGJPAUtagFORMATETC@@@Z 1012029d f   awt_DnDDS.obj
 0001:0011f2a7       __ehhandler$?GetCanonicalFormatEtc@AwtDragSource@@UAGJPAUtagFORMATETC@@0@Z 101202a7 f   awt_DnDDS.obj
 0001:0011f2b1       $L73637                    101202b1 f   awt_DnDDS.obj
 0001:0011f2c8       __ehhandler$?EnumFormatEtc@AwtDragSource@@UAGJKPAPAUIEnumFORMATETC@@@Z 101202c8 f   awt_DnDDS.obj
 0001:0011f2d2       __ehhandler$?QueryInterface@ADSIEnumFormatEtc@AwtDragSource@@UAGJABU_GUID@@PAPAX@Z 101202d2 f   awt_DnDDS.obj
 0001:0011f2dc       __ehhandler$?Next@ADSIEnumFormatEtc@AwtDragSource@@UAGJKPAUtagFORMATETC@@PAK@Z 101202dc f   awt_DnDDS.obj
 0001:0011f2e6       __ehhandler$?Skip@ADSIEnumFormatEtc@AwtDragSource@@UAGJK@Z 101202e6 f   awt_DnDDS.obj
 0001:0011f2f0       $L73756                    101202f0 f   awt_DnDDS.obj
 0001:0011f307       __ehhandler$?Clone@ADSIEnumFormatEtc@AwtDragSource@@UAGJPAPAUIEnumFORMATETC@@@Z 10120307 f   awt_DnDDS.obj
 0001:0011f311       __ehhandler$?QueryInterface@ADSIStreamProxy@AwtDragSource@@UAGJABU_GUID@@PAPAX@Z 10120311 f   awt_DnDDS.obj
 0001:0011f31b       __ehhandler$?Read@ADSIStreamProxy@AwtDragSource@@UAGJPAXKPAK@Z 1012031b f   awt_DnDDS.obj
 0001:0011f325       __ehhandler$?Write@ADSIStreamProxy@AwtDragSource@@UAGJPBXKPAK@Z 10120325 f   awt_DnDDS.obj
 0001:0011f32f       __ehhandler$?Seek@ADSIStreamProxy@AwtDragSource@@UAGJT_LARGE_INTEGER@@KPAT_ULARGE_INTEGER@@@Z 1012032f f   awt_DnDDS.obj
 0001:0011f339       __ehhandler$?CopyTo@ADSIStreamProxy@AwtDragSource@@UAGJPAUIStream@@T_ULARGE_INTEGER@@PAT4@2@Z 10120339 f   awt_DnDDS.obj
 0001:0011f343       __ehhandler$?Stat@ADSIStreamProxy@AwtDragSource@@UAGJPAUtagSTATSTG@@K@Z 10120343 f   awt_DnDDS.obj
 0001:0011f34d       $L73906                    1012034d f   awt_DnDDS.obj
 0001:0011f364       __ehhandler$?Clone@ADSIStreamProxy@AwtDragSource@@UAGJPAPAUIStream@@@Z 10120364 f   awt_DnDDS.obj
 0001:0011f36e       __ehhandler$_Java_sun_awt_windows_WDragSourceContextPeer_setNativeCursor@24 1012036e f   awt_DnDDS.obj
 0001:0011f378       $L73941                    10120378 f   awt_DnDDS.obj
 0001:0011f38f       __ehhandler$_Java_sun_awt_windows_WDragSourceContextPeer_createDragSource@32 1012038f f   awt_DnDDS.obj
 0001:0011f399       __ehhandler$_Java_sun_awt_windows_WDragSourceContextPeer_doDragDrop@20 10120399 f   awt_DnDDS.obj
 0001:0011f3b0       $L31591                    101203b0 f   awt_TrayIcon.obj
 0001:0011f3b8       __ehhandler$??0AwtTrayIcon@@QAE@XZ 101203b8 f   awt_TrayIcon.obj
 0001:0011f3c2       $L31605                    101203c2 f   awt_TrayIcon.obj
 0001:0011f3ca       __ehhandler$??1AwtTrayIcon@@UAE@XZ 101203ca f   awt_TrayIcon.obj
 0001:0011f3d4       $L31625                    101203d4 f   awt_TrayIcon.obj
 0001:0011f3eb       __ehhandler$?Create@AwtTrayIcon@@SAPAV1@PAV_jobject@@0@Z 101203eb f   awt_TrayIcon.obj
 0001:0011f3f5       __ehhandler$_Java_java_awt_TrayIcon_initIDs@8 101203f5 f   awt_TrayIcon.obj
 0001:0011f3ff       __ehhandler$_Java_sun_awt_windows_WTrayIconPeer_create@8 101203ff f   awt_TrayIcon.obj
 0001:0011f409       __ehhandler$_Java_sun_awt_windows_WTrayIconPeer__1dispose@8 10120409 f   awt_TrayIcon.obj
 0001:0011f413       __ehhandler$_Java_sun_awt_windows_WTrayIconPeer_setToolTip@12 10120413 f   awt_TrayIcon.obj
 0001:0011f41d       __ehhandler$_Java_sun_awt_windows_WTrayIconPeer_setNativeIcon@28 1012041d f   awt_TrayIcon.obj
 0001:0011f427       __ehhandler$_Java_sun_awt_windows_WTrayIconPeer_updateNativeIcon@12 10120427 f   awt_TrayIcon.obj
 0001:0011f431       __ehhandler$_Java_sun_awt_windows_WTrayIconPeer__1displayMessage@20 10120431 f   awt_TrayIcon.obj
 0001:0011f440       $L31643                    10120440 f   awt_TrayIcon.obj
 0001:0011f454       __ehhandler$?AddTrayIconItem@AwtTrayIcon@@QAEXI@Z 10120454 f   awt_TrayIcon.obj
 0001:0011f460       $L54601                    10120460 f   D3DContext.obj
 0001:0011f477       __ehhandler$?CreateInstance@D3DContext@@SAJPAUIDirect3D9@@IPAPAV1@@Z 10120477 f   D3DContext.obj
 0001:0011f490       $L51988                    10120490 f   D3DGlyphCache.obj
 0001:0011f4a4       __ehhandler$?CreateInstance@D3DGlyphCache@@SAJPAVD3DContext@@W4GlyphCacheType@@PAPAV1@@Z 101204a4 f   D3DGlyphCache.obj
 0001:0011f4b0       $L51818                    101204b0 f   D3DMaskCache.obj
 0001:0011f4c4       __ehhandler$?CreateInstance@D3DMaskCache@@SAJPAVD3DContext@@PAPAV1@@Z 101204c4 f   D3DMaskCache.obj
 0001:0011f4d0       $L54005                    101204d0 f   D3DPipelineManager.obj
 0001:0011f4e4       __ehhandler$?CreateInstance@D3DPipelineManager@@CAPAV1@XZ 101204e4 f   D3DPipelineManager.obj
 0001:0011f4ee       $L54086                    101204ee f   D3DPipelineManager.obj
 0001:0011f4f6       __ehhandler$??1D3DInitializer@@EAE@XZ 101204f6 f   D3DPipelineManager.obj
 0001:0011f500       $L54097                    10120500 f   D3DPipelineManager.obj
 0001:0011f517       __ehhandler$?InitImpl@D3DInitializer@@MAEXXZ 10120517 f   D3DPipelineManager.obj
 0001:0011f530       $L52543                    10120530 f   D3DResourceManager.obj
 0001:0011f538       __ehhandler$??1D3DResource@@MAE@XZ 10120538 f   D3DResourceManager.obj
 0001:0011f542       $L52570                    10120542 f   D3DResourceManager.obj
 0001:0011f556       __ehhandler$?CreateInstance@D3DResourceManager@@SAJPAVD3DContext@@PAPAV1@@Z 10120556 f   D3DResourceManager.obj
 0001:0011f560       $L52597                    10120560 f   D3DResourceManager.obj
 0001:0011f577       __ehhandler$?CreateTexture@D3DResourceManager@@QAEJIIHHPAW4_D3DFORMAT@@KPAPAVD3DResource@@@Z 10120577 f   D3DResourceManager.obj
 0001:0011f581       $L52620                    10120581 f   D3DResourceManager.obj
 0001:0011f598       __ehhandler$?CreateRTSurface@D3DResourceManager@@QAEJIIHHPAW4_D3DFORMAT@@PAPAVD3DResource@@@Z 10120598 f   D3DResourceManager.obj
 0001:0011f5a2       $L52630                    101205a2 f   D3DResourceManager.obj
 0001:0011f5b9       __ehhandler$?CreateOSPSurface@D3DResourceManager@@AAEJIIW4_D3DFORMAT@@PAPAVD3DResource@@@Z 101205b9 f   D3DResourceManager.obj
 0001:0011f5c3       $L52640                    101205c3 f   D3DResourceManager.obj
 0001:0011f5da       __ehhandler$?CreateSwapChain@D3DResourceManager@@QAEJPAUHWND__@@IIIW4_D3DSWAPEFFECT@@IPAPAVD3DResource@@@Z 101205da f   D3DResourceManager.obj
 0001:0011f5f0       $L52646                    101205f0 f   D3DResourceManager.obj
 0001:0011f5f0       $L52603                    101205f0 f   D3DResourceManager.obj
 0001:0011f5f8       __ehhandler$??0D3DResource@@QAE@PAUIDirect3DResource9@@@Z 101205f8 f   D3DResourceManager.obj
 0001:0011f5f8       __ehhandler$??0D3DResource@@QAE@PAUIDirect3DSwapChain9@@@Z 101205f8 f   D3DResourceManager.obj
 0001:0011f610       $L53363                    10120610 f   D3DVertexCacher.obj
 0001:0011f627       __ehhandler$?CreateInstance@D3DVertexCacher@@SAJPAVD3DContext@@PAPAV1@@Z 10120627 f   D3DVertexCacher.obj
 0001:0011f640       __ehhandler$?SharedWindowProc@ComCtl32Util@@CGJPAUHWND__@@IIJIK@Z 10120640 f   ComCtl32Util.obj
 0001:0011f650       __ehhandler$?load_rich_edit_library@@YAXXZ 10120650 f   awt_dlls.obj
 0001:0011f660       _$E1                       10120660 f   GDIHashtable.obj
 0001:0011f690       _$E3                       10120690 f   Devices.obj
 0001:0011f6b0       _$E1                       101206b0 f   ObjectList.obj
 0001:0011f6d0       _$E1                       101206d0 f   awt_Brush.obj
 0001:0011f700       _$E1                       10120700 f   awt_Component.obj
 0001:0011f720       _$E3                       10120720 f   awt_Component.obj
 0001:0011f740       _$E6                       10120740 f   awt_Component.obj
 0001:0011f760       _$E9                       10120760 f   awt_Component.obj
 0001:0011f780       _$E11                      10120780 f   awt_Component.obj
 0001:0011f7a0       _$E13                      101207a0 f   awt_Component.obj
 0001:0011f7c0       _$E15                      101207c0 f   awt_Component.obj
 0001:0011f820       _$E17                      10120820 f   awt_Component.obj
 0001:0011f880       _$E19                      10120880 f   awt_Component.obj
 0001:0011f8c0       _$E21                      101208c0 f   awt_Component.obj
 0001:0011f910       _$E23                      10120910 f   awt_Component.obj
 0001:0011f930       _$E25                      10120930 f   awt_Component.obj
 0001:0011f950       _$E28                      10120950 f   awt_Component.obj
 0001:0011f970       _$E30                      10120970 f   awt_Component.obj
 0001:0011f990       _$E32                      10120990 f   awt_Component.obj
 0001:0011f9b0       _$E1                       101209b0 f   awt_Cursor.obj
 0001:0011f9d0       _$E1                       101209d0 f   awt_Debug.obj
 0001:0011f9f0       _$E1                       101209f0 f   awt_Font.obj
 0001:0011fa00       _$E3                       10120a00 f   awt_Font.obj
 0001:0011fa20       _$E1                       10120a20 f   awt_Frame.obj
 0001:0011fa50       _$E1                       10120a50 f   awt_GDIObject.obj
 0001:0011fa60       _$E1                       10120a60 f   awt_MenuItem.obj
 0001:0011fa80       _$E3                       10120a80 f   awt_MenuItem.obj
 0001:0011faa0       _$E5                       10120aa0 f   awt_MenuItem.obj
 0001:0011fb00       _$E7                       10120b00 f   awt_MenuItem.obj
 0001:0011fb50       _$E9                       10120b50 f   awt_MenuItem.obj
 0001:0011fb70       _$E1                       10120b70 f   awt_Pen.obj
 0001:0011fba0       _$E1                       10120ba0 f   awt_TextArea.obj
 0001:0011fc30       _$E3                       10120c30 f   awt_TextArea.obj
 0001:0011fc40       _$E4                       10120c40 f   awt_Toolkit.obj
 0001:0011fc60       _$E2                       10120c60 f   awt_DnDDS.obj
 0001:0011fc80       _$E1                       10120c80 f   awt_TrayIcon.obj
 0001:0011fca0       _$E3                       10120ca0 f   awt_TrayIcon.obj
 0001:0011fcc0       _$E5                       10120cc0 f   awt_TrayIcon.obj
 0001:0011fce0       _$E3                       10120ce0 f   D3DPipelineManager.obj
 0001:0011fd00       _$E5                       10120d00 f   D3DPipelineManager.obj
 0001:0011fd20       _$E1                       10120d20 f   ComCtl32Util.obj
 0001:0011fd40       _$E2                       10120d40 f   GDIHashtable.obj
 0001:0011fd50       _$E4                       10120d50 f   Devices.obj
 0001:0011fd60       _$E2                       10120d60 f   ObjectList.obj
 0001:0011fd70       _$E2                       10120d70 f   awt_Brush.obj
 0001:0011fd80       _$E4                       10120d80 f   awt_Component.obj
 0001:0011fd90       _$E7                       10120d90 f   awt_Component.obj
 0001:0011fda0       _$E26                      10120da0 f   awt_Component.obj
 0001:0011fdb0       _$E35                      10120db0 f   awt_Component.obj
 0001:0011fdc0       _$E2                       10120dc0 f   awt_Cursor.obj
 0001:0011fdd0       _$E2                       10120dd0 f   awt_Debug.obj
 0001:0011fde0       _$E4                       10120de0 f   awt_Font.obj
 0001:0011fdf0       _$E7                       10120df0 f   awt_Font.obj
 0001:0011fe00       _$E2                       10120e00 f   awt_Frame.obj
 0001:0011fe10       _$E2                       10120e10 f   awt_Pen.obj
 0001:0011fe20       _$E5                       10120e20 f   awt_Toolkit.obj
 0001:0011fe30       _$E6                       10120e30 f   D3DPipelineManager.obj
 0001:0011fe40       _$E2                       10120e40 f   ComCtl32Util.obj
