 dt_socket

 Timestamp is 4cfae48e (Sat Dec 04 17:02:06 2010)

 Preferred load address is 10000000

 Start         Length     Name                   Class
 0001:00000000 000021dcH .text                   CODE
 0002:00000000 000000e0H .idata$5                DATA
 0002:000000e0 00000208H .rdata                  DATA
 0002:000002e8 0000006bH .rdata$debug            DATA
 0002:00000360 00000004H .rdata$sxdata           DATA
 0002:00000364 00000004H .rtc$IAA                DATA
 0002:00000368 00000004H .rtc$IZZ                DATA
 0002:0000036c 00000004H .rtc$TAA                DATA
 0002:00000370 00000004H .rtc$TZZ                DATA
 0002:00000374 0000003cH .idata$2                DATA
 0002:000003b0 00000014H .idata$3                DATA
 0002:000003c4 000000e0H .idata$4                DATA
 0002:000004a4 00000182H .idata$6                DATA
 0002:00000630 00000055H .edata                  DATA
 0003:00000000 00000004H .CRT$XCA                DATA
 0003:00000004 00000004H .CRT$XCZ                DATA
 0003:00000008 00000004H .CRT$XIA                DATA
 0003:0000000c 00000004H .CRT$XIZ                DATA
 0003:00000010 00000998H .data                   DATA
 0003:000009a8 00000058H .bss                    DATA
 0004:00000000 00000058H .rsrc$01                DATA
 0004:00000060 00000368H .rsrc$02                DATA

  Address         Publics by Value              Rva+Base     Lib:Object

 0000:00000001       ___safe_se_handler_count   00000001     <absolute>
 0001:00000000       _jdwpTransport_OnLoad@16   10001000 f   socketTransport.obj
 0001:00001570       _DllMain@12                10002570 f   socket_md.obj
 0001:000015d0       _dbgsysListen              100025d0 f   socket_md.obj
 0001:000015f0       _dbgsysConnect             100025f0 f   socket_md.obj
 0001:00001640       _dbgsysFinishConnect       10002640 f   socket_md.obj
 0001:000017d0       _dbgsysAccept              100027d0 f   socket_md.obj
 0001:000017f0       _dbgsysRecvFrom            100027f0 f   socket_md.obj
 0001:00001820       _dbgsysSendTo              10002820 f   socket_md.obj
 0001:00001850       _dbgsysRecv                10002850 f   socket_md.obj
 0001:00001870       _dbgsysSend                10002870 f   socket_md.obj
 0001:00001890       _dbgsysGetHostByName       10002890 f   socket_md.obj
 0001:000018a0       _dbgsysHostToNetworkShort  100028a0 f   socket_md.obj
 0001:000018b0       _dbgsysSocket              100028b0 f   socket_md.obj
 0001:000018f0       _dbgsysSocketClose         100028f0 f   socket_md.obj
 0001:00001940       _dbgsysSocketAvailable     10002940 f   socket_md.obj
 0001:00001970       _dbgsysBind                10002970 f   socket_md.obj
 0001:00001990       _dbgsysInetAddr            10002990 f   socket_md.obj
 0001:000019a0       _dbgsysHostToNetworkLong   100029a0 f   socket_md.obj
 0001:000019b0       _dbgsysNetworkToHostShort  100029b0 f   socket_md.obj
 0001:000019c0       _dbgsysGetSocketName       100029c0 f   socket_md.obj
 0001:000019e0       _dbgsysNetworkToHostLong   100029e0 f   socket_md.obj
 0001:000019f0       _dbgsysSetSocketOption     100029f0 f   socket_md.obj
 0001:00001b70       _dbgsysConfigureBlocking   10002b70 f   socket_md.obj
 0001:00001bc0       _dbgsysPoll                10002bc0 f   socket_md.obj
 0001:00001da0       _dbgsysGetLastIOError      10002da0 f   socket_md.obj
 0001:00001e20       _dbgsysTlsAlloc            10002e20 f   socket_md.obj
 0001:00001e30       _dbgsysTlsFree             10002e30 f   socket_md.obj
 0001:00001e40       _dbgsysTlsPut              10002e40 f   socket_md.obj
 0001:00001e60       _dbgsysTlsGet              10002e60 f   socket_md.obj
 0001:00001e70       _dbgsysCurrentTimeMillis   10002e70 f   socket_md.obj
 0001:00001ef0       ___WSAFDIsSet@8            10002ef0 f   ws2_32:WS2_32.dll
 0001:00001ef6       _memset                    10002ef6 f   MSVCRT:MSVCR71.dll
 0001:00001efc       _strcpy                    10002efc f   MSVCRT:MSVCR71.dll
 0001:00001f02       _strlen                    10002f02 f   MSVCRT:MSVCR71.dll
 0001:00001f08       _strcat                    10002f08 f   MSVCRT:MSVCR71.dll
 0001:00001f0e       _memcpy                    10002f0e f   MSVCRT:MSVCR71.dll
 0001:00001f14       __CRT_INIT@12              10002f14 f   MSVCRT:crtdll.obj
 0001:00001fd2       __DllMainCRTStartup@12     10002fd2 f   MSVCRT:crtdll.obj
 0001:000020b6       __initterm                 100030b6 f   MSVCRT:MSVCR71.dll
 0001:000020bc       __onexit                   100030bc f   MSVCRT:atonexit.obj
 0001:000020e2       _atexit                    100030e2 f   MSVCRT:atonexit.obj
 0001:000020f4       __RTC_Initialize           100030f4 f   MSVCRT:initsect.obj
 0001:00002138       __RTC_Terminate            10003138 f   MSVCRT:initsect.obj
 0001:0000217c       ___CppXcptFilter           1000317c f   MSVCRT:MSVCR71.dll
 0001:00002184       __SEH_prolog               10003184 f   MSVCRT:sehprolg.obj
 0001:000021bf       __SEH_epilog               100031bf f   MSVCRT:sehprolg.obj
 0001:000021d0       __except_handler3          100031d0 f   MSVCRT:MSVCR71.dll
 0001:000021d6       ___dllonexit               100031d6 f   MSVCRT:MSVCR71.dll
 0002:00000000       __imp__SystemTimeToFileTime@8 10004000     kernel32:KERNEL32.dll
 0002:00000004       __imp__GetSystemTime@4     10004004     kernel32:KERNEL32.dll
 0002:00000008       __imp__TlsGetValue@4       10004008     kernel32:KERNEL32.dll
 0002:0000000c       __imp__TlsSetValue@8       1000400c     kernel32:KERNEL32.dll
 0002:00000010       __imp__TlsFree@4           10004010     kernel32:KERNEL32.dll
 0002:00000014       __imp__TlsAlloc@0          10004014     kernel32:KERNEL32.dll
 0002:00000018       __imp__SetHandleInformation@12 10004018     kernel32:KERNEL32.dll
 0002:0000001c       \177KERNEL32_NULL_THUNK_DATA 1000401c     kernel32:KERNEL32.dll
 0002:00000020       __imp___onexit             10004020     MSVCRT:MSVCR71.dll
 0002:00000024       __imp____dllonexit         10004024     MSVCRT:MSVCR71.dll
 0002:00000028       __imp___except_handler3    10004028     MSVCRT:MSVCR71.dll
 0002:0000002c       __imp____CppXcptFilter     1000402c     MSVCRT:MSVCR71.dll
 0002:00000030       __imp___adjust_fdiv        10004030     MSVCRT:MSVCR71.dll
 0002:00000034       __imp__malloc              10004034     MSVCRT:MSVCR71.dll
 0002:00000038       __imp___initterm           10004038     MSVCRT:MSVCR71.dll
 0002:0000003c       __imp__free                1000403c     MSVCRT:MSVCR71.dll
 0002:00000040       __imp__strncat             10004040     MSVCRT:MSVCR71.dll
 0002:00000044       __imp___iob                10004044     MSVCRT:MSVCR71.dll
 0002:00000048       __imp__fprintf             10004048     MSVCRT:MSVCR71.dll
 0002:0000004c       __imp__strchr              1000404c     MSVCRT:MSVCR71.dll
 0002:00000050       __imp__atoi                10004050     MSVCRT:MSVCR71.dll
 0002:00000054       __imp__memcpy              10004054     MSVCRT:MSVCR71.dll
 0002:00000058       __imp__strcat              10004058     MSVCRT:MSVCR71.dll
 0002:0000005c       __imp__sprintf             1000405c     MSVCRT:MSVCR71.dll
 0002:00000060       __imp__strlen              10004060     MSVCRT:MSVCR71.dll
 0002:00000064       __imp__strcpy              10004064     MSVCRT:MSVCR71.dll
 0002:00000068       __imp__memset              10004068     MSVCRT:MSVCR71.dll
 0002:0000006c       \177MSVCR71_NULL_THUNK_DATA 1000406c     MSVCRT:MSVCR71.dll
 0002:00000070       __imp__getprotobyname@4    10004070     ws2_32:WS2_32.dll
 0002:00000074       __imp__setsockopt@20       10004074     ws2_32:WS2_32.dll
 0002:00000078       __imp__ntohl@4             10004078     ws2_32:WS2_32.dll
 0002:0000007c       __imp__getsockname@12      1000407c     ws2_32:WS2_32.dll
 0002:00000080       __imp__ntohs@4             10004080     ws2_32:WS2_32.dll
 0002:00000084       __imp__htonl@4             10004084     ws2_32:WS2_32.dll
 0002:00000088       __imp__inet_addr@4         10004088     ws2_32:WS2_32.dll
 0002:0000008c       __imp__bind@12             1000408c     ws2_32:WS2_32.dll
 0002:00000090       __imp__ioctlsocket@12      10004090     ws2_32:WS2_32.dll
 0002:00000094       __imp__getsockopt@20       10004094     ws2_32:WS2_32.dll
 0002:00000098       __imp__WSASendDisconnect@8 10004098     ws2_32:WS2_32.dll
 0002:0000009c       __imp__closesocket@4       1000409c     ws2_32:WS2_32.dll
 0002:000000a0       __imp__socket@12           100040a0     ws2_32:WS2_32.dll
 0002:000000a4       __imp__htons@4             100040a4     ws2_32:WS2_32.dll
 0002:000000a8       __imp__gethostbyname@4     100040a8     ws2_32:WS2_32.dll
 0002:000000ac       __imp__send@16             100040ac     ws2_32:WS2_32.dll
 0002:000000b0       __imp__recv@16             100040b0     ws2_32:WS2_32.dll
 0002:000000b4       __imp__sendto@24           100040b4     ws2_32:WS2_32.dll
 0002:000000b8       __imp__recvfrom@24         100040b8     ws2_32:WS2_32.dll
 0002:000000bc       __imp__accept@12           100040bc     ws2_32:WS2_32.dll
 0002:000000c0       __imp__select@20           100040c0     ws2_32:WS2_32.dll
 0002:000000c4       __imp____WSAFDIsSet@8      100040c4     ws2_32:WS2_32.dll
 0002:000000c8       __imp__connect@12          100040c8     ws2_32:WS2_32.dll
 0002:000000cc       __imp__WSAGetLastError@0   100040cc     ws2_32:WS2_32.dll
 0002:000000d0       __imp__listen@8            100040d0     ws2_32:WS2_32.dll
 0002:000000d4       __imp__WSAStartup@8        100040d4     ws2_32:WS2_32.dll
 0002:000000d8       __imp__WSACleanup@0        100040d8     ws2_32:WS2_32.dll
 0002:000000dc       \177WS2_32_NULL_THUNK_DATA 100040dc     ws2_32:WS2_32.dll
 0002:000002a0       __load_config_used         100042a0     MSVCRT:loadcfg.obj
 0002:00000360       ___safe_se_handler_table   10004360     <linker-defined>
 0002:00000364       ___rtc_iaa                 10004364     MSVCRT:initsect.obj
 0002:00000368       ___rtc_izz                 10004368     MSVCRT:initsect.obj
 0002:0000036c       ___rtc_taa                 1000436c     MSVCRT:initsect.obj
 0002:00000370       ___rtc_tzz                 10004370     MSVCRT:initsect.obj
 0002:00000374       __IMPORT_DESCRIPTOR_WS2_32 10004374     ws2_32:WS2_32.dll
 0002:00000388       __IMPORT_DESCRIPTOR_MSVCR71 10004388     MSVCRT:MSVCR71.dll
 0002:0000039c       __IMPORT_DESCRIPTOR_KERNEL32 1000439c     kernel32:KERNEL32.dll
 0002:000003b0       __NULL_IMPORT_DESCRIPTOR   100043b0     ws2_32:WS2_32.dll
 0003:00000000       ___xc_a                    10005000     MSVCRT:cinitexe.obj
 0003:00000004       ___xc_z                    10005004     MSVCRT:cinitexe.obj
 0003:00000008       ___xi_a                    10005008     MSVCRT:cinitexe.obj
 0003:0000000c       ___xi_z                    1000500c     MSVCRT:cinitexe.obj
 0003:000009a4       ___security_cookie         100059a4     MSVCRT:seccook.obj
 0003:000009f0       __adjust_fdiv              100059f0     <common>
 0003:000009f4       ___onexitend               100059f4     <common>
 0003:000009f8       ___onexitbegin             100059f8     <common>
 0003:000009fc       __pRawDllMain              100059fc     <common>

 entry point at        0001:00001fd2

 Static symbols

 0001:000000d0       _socketTransport_getCapabilities@8 100010d0 f   socketTransport.obj
 0001:00000110       _socketTransport_startListening@12 10001110 f   socketTransport.obj
 0001:00000300       _setLastError              10001300 f   socketTransport.obj
 0001:00000440       _setOptions                10001440 f   socketTransport.obj
 0001:000004e0       _parseAddress              100014e0 f   socketTransport.obj
 0001:00000680       _socketTransport_accept@20 10001680 f   socketTransport.obj
 0001:000008b0       _getLastError              100018b0 f   socketTransport.obj
 0001:000008d0       _handshake                 100018d0 f   socketTransport.obj
 0001:00000b20       _socketTransport_stopListening@4 10001b20 f   socketTransport.obj
 0001:00000ba0       _socketTransport_attach@24 10001ba0 f   socketTransport.obj
 0001:00000d90       _socketTransport_isOpen@4  10001d90 f   socketTransport.obj
 0001:00000db0       _socketTransport_close@4   10001db0 f   socketTransport.obj
 0001:00000e10       _socketTransport_writePacket@8 10001e10 f   socketTransport.obj
 0001:00001060       _socketTransport_readPacket@8 10002060 f   socketTransport.obj
 0001:000014a0       _recv_fully                100024a0 f   socketTransport.obj
 0001:00001500       _socketTransport_getLastError@8 10002500 f   socketTransport.obj
