 hpi

 Timestamp is 4cfad635 (Sat Dec 04 16:00:53 2010)

 Preferred load address is 10000000

 Start         Length     Name                   Class
 0001:00000000 00004220H .text                   CODE
 0002:00000000 00000150H .idata$5                DATA
 0002:00000150 00000098H .rdata                  DATA
 0002:000001e8 0000006fH .rdata$debug            DATA
 0002:00000260 00000004H .rdata$sxdata           DATA
 0002:00000264 00000004H .rtc$IAA                DATA
 0002:00000268 00000004H .rtc$IZZ                DATA
 0002:0000026c 00000004H .rtc$TAA                DATA
 0002:00000270 00000004H .rtc$TZZ                DATA
 0002:00000274 00000028H .idata$2                DATA
 0002:0000029c 00000014H .idata$3                DATA
 0002:000002b0 00000150H .idata$4                DATA
 0002:00000400 00000508H .idata$6                DATA
 0002:00000910 00000049H .edata                  DATA
 0003:00000000 00000004H .CRT$XCA                DATA
 0003:00000004 00000004H .CRT$XCZ                DATA
 0003:00000008 00000004H .CRT$XIA                DATA
 0003:0000000c 00000004H .CRT$XIZ                DATA
 0003:00000010 00001c54H .data                   DATA
 0003:00001c68 00000178H .bss                    DATA
 0004:00000000 00000058H .rsrc$01                DATA
 0004:00000060 00000350H .rsrc$02                DATA

  Address         Publics by Value              Rva+Base     Lib:Object

 0000:00000001       ___safe_se_handler_count   00000001     <absolute>
 0001:00000000       _sysBuildFunName           10001000 f   linker_md.obj
 0001:000000c0       _sysBuildLibName           100010c0 f   linker_md.obj
 0001:000001a0       _sysLoadLibrary            100011a0 f   linker_md.obj
 0001:00000210       _sysUnloadLibrary          10001210 f   linker_md.obj
 0001:00000220       _sysFindLibraryEntry       10001220 f   linker_md.obj
 0001:00000240       _InitializeMem             10001240 f   memory_md.obj
 0001:00000260       _sysMapMem                 10001260 f   memory_md.obj
 0001:00000330       _sysUnmapMem               10001330 f   memory_md.obj
 0001:000003f0       _sysCommitMem              100013f0 f   memory_md.obj
 0001:000004b0       _sysDecommitMem            100014b0 f   memory_md.obj
 0001:000005a0       _sysAllocBlock             100015a0 f   memory_md.obj
 0001:000005d0       _sysFreeBlock              100015d0 f   memory_md.obj
 0001:000005f0       _sysMalloc                 100015f0 f   memory_md.obj
 0001:00000620       _sysRealloc                10001620 f   memory_md.obj
 0001:00000640       _sysFree                   10001640 f   memory_md.obj
 0001:00000660       _sysCalloc                 10001660 f   memory_md.obj
 0001:000006a0       _sysStrdup                 100016a0 f   memory_md.obj
 0001:000006c0       _sysMonitorInit            100016c0 f   monitor_md.obj
 0001:00000750       _sysMonitorDestroy         10001750 f   monitor_md.obj
 0001:00000790       _sysMonitorEnter           10001790 f   monitor_md.obj
 0001:000008d0       _sysMonitorEntered         100018d0 f   monitor_md.obj
 0001:00000950       _sysMonitorExit            10001950 f   monitor_md.obj
 0001:00000a70       _sysMonitorNotify          10001a70 f   monitor_md.obj
 0001:00000af0       _sysMonitorNotifyAll       10001af0 f   monitor_md.obj
 0001:00000b70       _sysMonitorWait            10001b70 f   monitor_md.obj
 0001:00000da0       _sysMonitorGetInfo         10001da0 f   monitor_md.obj
 0001:00000f00       _sysMonitorSizeof          10001f00 f   monitor_md.obj
 0001:00000f10       _sysMonitorInUse           10001f10 f   monitor_md.obj
 0001:00000f50       _sysMonitorOwner           10001f50 f   monitor_md.obj
 0001:00000f60       _sysNativePath             10001f60 f   path_md.obj
 0001:00001230       _sysListen                 10002230 f   socket_md.obj
 0001:00001950       _sysConnect                10002950 f   socket_md.obj
 0001:000019d0       _sysBind                   100029d0 f   socket_md.obj
 0001:00001a50       _sysAccept                 10002a50 f   socket_md.obj
 0001:00001ab0       _sysRecvFrom               10002ab0 f   socket_md.obj
 0001:00001b20       _sysSendTo                 10002b20 f   socket_md.obj
 0001:00001b90       _sysRecv                   10002b90 f   socket_md.obj
 0001:00001c00       _sysSend                   10002c00 f   socket_md.obj
 0001:00001c70       _sysGetHostName            10002c70 f   socket_md.obj
 0001:00001cd0       _sysGetHostByAddr          10002cd0 f   socket_md.obj
 0001:00001d30       _sysGetHostByName          10002d30 f   socket_md.obj
 0001:00001d90       _sysSocket                 10002d90 f   socket_md.obj
 0001:00001e10       _sysSocketShutdown         10002e10 f   socket_md.obj
 0001:00001e80       _sysSocketClose            10002e80 f   socket_md.obj
 0001:00001f60       _sysTimeout                10002f60 f   socket_md.obj
 0001:00002050       _sysSocketAvailable        10003050 f   socket_md.obj
 0001:000020b0       _sysGetSockName            100030b0 f   socket_md.obj
 0001:00002130       _sysGetSockOpt             10003130 f   socket_md.obj
 0001:000021e0       _sysSetSockOpt             100031e0 f   socket_md.obj
 0001:00002290       _sysGetProtoByName         10003290 f   socket_md.obj
 0001:00002300       _sysOpen                   10003300 f   sys_api_md.obj
 0001:00002370       _sysAvailable              10003370 f   sys_api_md.obj
 0001:00002660       _sysSync                   10003660 f   sys_api_md.obj
 0001:000026a0       _sysSetLength              100036a0 f   sys_api_md.obj
 0001:00002720       _sysFileSizeFD             10003720 f   sys_api_md.obj
 0001:00002810       _sysFfileMode              10003810 f   sys_api_md.obj
 0001:00002840       _sysFileType               10003840 f   sys_api_md.obj
 0001:000028a0       _sysRead                   100038a0 f   sys_api_md.obj
 0001:000028c0       _sysWrite                  100038c0 f   sys_api_md.obj
 0001:000028e0       _sysClose                  100038e0 f   sys_api_md.obj
 0001:00002900       _sysSeek                   10003900 f   sys_api_md.obj
 0001:00002920       _sysSignalNotify           10003920 f   system_md.obj
 0001:00002970       _sysSignalWait             10003970 f   system_md.obj
 0001:00002a10       _sysSignal                 10003a10 f   system_md.obj
 0001:00002a30       _sysRaise                  10003a30 f   system_md.obj
 0001:00002a50       _sysThreadBootstrap        10003a50 f   system_md.obj
 0001:00002af0       _sysGetMilliTicks          10003af0 f   system_md.obj
 0001:00002b00       _sysTimeMillis             10003b00 f   system_md.obj
 0001:00002bb0       _sysAllocateMem            10003bb0 f   system_md.obj
 0001:00002bd0       _sysShutdown               10003bd0 f   system_md.obj
 0001:00002be0       _sleep                     10003be0 f   system_md.obj
 0001:00002c00       _sysGetLastErrorString     10003c00 f   system_md.obj
 0001:00002d00       _sysThreadAlloc            10003d00 f   threads_md.obj
 0001:00002e50       _threadBootstrapMD         10003e50 f   threads_md.obj
 0001:00002f30       _sysThreadStackPointer     10003f30 f   threads_md.obj
 0001:00003140       _sysThreadStackTop         10004140 f   threads_md.obj
 0001:00003150       _sysThreadRegs             10004150 f   threads_md.obj
 0001:00003170       _sysThreadCreate           10004170 f   threads_md.obj
 0001:00003270       _sysThreadFree             10004270 f   threads_md.obj
 0001:00003390       _sysThreadYield            10004390 f   threads_md.obj
 0001:000033a0       _sysThreadSuspend          100043a0 f   threads_md.obj
 0001:00003470       _sysThreadResume           10004470 f   threads_md.obj
 0001:00003520       _sysThreadGetPriority      10004520 f   threads_md.obj
 0001:00003600       _sysThreadSetPriority      10004600 f   threads_md.obj
 0001:000036b0       _sysThreadSelf             100046b0 f   threads_md.obj
 0001:000036e0       _sysThreadEnumerateOver    100046e0 f   threads_md.obj
 0001:00003770       _sysThreadSingle           10004770 f   threads_md.obj
 0001:000038a0       _sysThreadMulti            100048a0 f   threads_md.obj
 0001:000038f0       _sysThreadNativeID         100048f0 f   threads_md.obj
 0001:00003900       _sysThreadCheckStack       10004900 f   threads_md.obj
 0001:00003910       _sysThreadPostException    10004910 f   threads_md.obj
 0001:00003930       _sysThreadInterrupt        10004930 f   threads_md.obj
 0001:00003960       _sysThreadIsInterrupted    10004960 f   threads_md.obj
 0001:000039a0       _sysGetSysInfo             100049a0 f   threads_md.obj
 0001:000039e0       _sysThreadCPUTime          100049e0 f   threads_md.obj
 0001:00003a50       _sysThreadGetStatus        10004a50 f   threads_md.obj
 0001:00003b50       _sysAdjustTimeSlice        10004b50 f   threads_md.obj
 0001:00003b60       _sysThreadProfSuspend      10004b60 f   threads_md.obj
 0001:00003b80       _sysThreadProfResume       10004b80 f   threads_md.obj
 0001:00003ba0       _sysThreadIsRunning        10004ba0 f   threads_md.obj
 0001:00003c20       _sysThreadInterruptEvent   10004c20 f   threads_md.obj
 0001:00003c30       _sysSetLoggingLevel        10004c30 f   hpi.obj
 0001:00003c50       _sysSetMonitoringOn        10004c50 f   hpi.obj
 0001:00003c70       _allocThreadBlock          10004c70 f   hpi.obj
 0001:00003cb0       _freeThreadBlock           10004cb0 f   hpi.obj
 0001:00003cd0       _DLL_Initialize@8          10004cd0 f   hpi.obj
 0001:00003de6       _strlen                    10004de6 f   MSVCRT:MSVCR71.dll
 0001:00003dec       _strcpy                    10004dec f   MSVCRT:MSVCR71.dll
 0001:00003e00       __allshr                   10004e00 f   MSVCRT:llshr.obj
 0001:00003e22       _memset                    10004e22 f   MSVCRT:MSVCR71.dll
 0001:00003e30       __alldiv                   10004e30 f   MSVCRT:lldiv.obj
 0001:00003ee0       __allshl                   10004ee0 f   MSVCRT:llshl.obj
 0001:00003f00       __allmul                   10004f00 f   MSVCRT:llmul.obj
 0001:00003f34       _strcmp                    10004f34 f   MSVCRT:MSVCR71.dll
 0001:00003f3a       __CRT_INIT@12              10004f3a f   MSVCRT:crtdll.obj
 0001:00003ff8       __DllMainCRTStartup@12     10004ff8 f   MSVCRT:crtdll.obj
 0001:000040dc       __initterm                 100050dc f   MSVCRT:MSVCR71.dll
 0001:000040e2       __onexit                   100050e2 f   MSVCRT:atonexit.obj
 0001:00004108       _atexit                    10005108 f   MSVCRT:atonexit.obj
 0001:0000411a       __RTC_Initialize           1000511a f   MSVCRT:initsect.obj
 0001:0000415e       __RTC_Terminate            1000515e f   MSVCRT:initsect.obj
 0001:000041a2       ___CppXcptFilter           100051a2 f   MSVCRT:MSVCR71.dll
 0001:000041a8       _DllMain@12                100051a8 f   MSVCRT:dllmain.obj
 0001:000041c8       __SEH_prolog               100051c8 f   MSVCRT:sehprolg.obj
 0001:00004203       __SEH_epilog               10005203 f   MSVCRT:sehprolg.obj
 0001:00004214       __except_handler3          10005214 f   MSVCRT:MSVCR71.dll
 0001:0000421a       ___dllonexit               1000521a f   MSVCRT:MSVCR71.dll
 0002:00000000       __imp__CreateSemaphoreA@16 10006000     kernel32:KERNEL32.dll
 0002:00000004       __imp__DisableThreadLibraryCalls@4 10006004     kernel32:KERNEL32.dll
 0002:00000008       __imp__GetThreadTimes@20   10006008     kernel32:KERNEL32.dll
 0002:0000000c       __imp__TlsGetValue@4       1000600c     kernel32:KERNEL32.dll
 0002:00000010       __imp__SetThreadPriority@8 10006010     kernel32:KERNEL32.dll
 0002:00000014       __imp__GetThreadPriority@4 10006014     kernel32:KERNEL32.dll
 0002:00000018       __imp__ResumeThread@4      10006018     kernel32:KERNEL32.dll
 0002:0000001c       __imp__SuspendThread@4     1000601c     kernel32:KERNEL32.dll
 0002:00000020       __imp__GetThreadContext@8  10006020     kernel32:KERNEL32.dll
 0002:00000024       __imp__VirtualQuery@12     10006024     kernel32:KERNEL32.dll
 0002:00000028       __imp__TlsAlloc@0          10006028     kernel32:KERNEL32.dll
 0002:0000002c       __imp__GetVersionExA@4     1000602c     kernel32:KERNEL32.dll
 0002:00000030       __imp__GetCurrentProcess@0 10006030     kernel32:KERNEL32.dll
 0002:00000034       __imp__GetCurrentThreadId@0 10006034     kernel32:KERNEL32.dll
 0002:00000038       __imp__GetCurrentThread@0  10006038     kernel32:KERNEL32.dll
 0002:0000003c       __imp__DuplicateHandle@28  1000603c     kernel32:KERNEL32.dll
 0002:00000040       __imp__TlsSetValue@8       10006040     kernel32:KERNEL32.dll
 0002:00000044       __imp__FormatMessageA@28   10006044     kernel32:KERNEL32.dll
 0002:00000048       __imp__Sleep@4             10006048     kernel32:KERNEL32.dll
 0002:0000004c       __imp__SystemTimeToFileTime@8 1000604c     kernel32:KERNEL32.dll
 0002:00000050       __imp__GetSystemTime@4     10006050     kernel32:KERNEL32.dll
 0002:00000054       __imp__GetTickCount@0      10006054     kernel32:KERNEL32.dll
 0002:00000058       __imp__CreateEventA@16     10006058     kernel32:KERNEL32.dll
 0002:0000005c       __imp__SetFilePointer@16   1000605c     kernel32:KERNEL32.dll
 0002:00000060       __imp__SetEndOfFile@4      10006060     kernel32:KERNEL32.dll
 0002:00000064       __imp__FlushFileBuffers@4  10006064     kernel32:KERNEL32.dll
 0002:00000068       __imp__GetStdHandle@4      10006068     kernel32:KERNEL32.dll
 0002:0000006c       __imp__GetNumberOfConsoleInputEvents@8 1000606c     kernel32:KERNEL32.dll
 0002:00000070       __imp__PeekConsoleInputA@16 10006070     kernel32:KERNEL32.dll
 0002:00000074       __imp__PeekNamedPipe@24    10006074     kernel32:KERNEL32.dll
 0002:00000078       __imp__SetHandleInformation@12 10006078     kernel32:KERNEL32.dll
 0002:0000007c       __imp__GetLastError@0      1000607c     kernel32:KERNEL32.dll
 0002:00000080       __imp__LoadLibraryA@4      10006080     kernel32:KERNEL32.dll
 0002:00000084       __imp__FreeLibrary@4       10006084     kernel32:KERNEL32.dll
 0002:00000088       __imp__GetProcAddress@8    10006088     kernel32:KERNEL32.dll
 0002:0000008c       __imp__GetSystemInfo@4     1000608c     kernel32:KERNEL32.dll
 0002:00000090       __imp__VirtualAlloc@16     10006090     kernel32:KERNEL32.dll
 0002:00000094       __imp__VirtualFree@12      10006094     kernel32:KERNEL32.dll
 0002:00000098       __imp__InitializeCriticalSection@4 10006098     kernel32:KERNEL32.dll
 0002:0000009c       __imp__CloseHandle@4       1000609c     kernel32:KERNEL32.dll
 0002:000000a0       __imp__WaitForSingleObject@8 100060a0     kernel32:KERNEL32.dll
 0002:000000a4       __imp__LeaveCriticalSection@4 100060a4     kernel32:KERNEL32.dll
 0002:000000a8       __imp__IsDBCSLeadByte@4    100060a8     kernel32:KERNEL32.dll
 0002:000000ac       __imp__EnterCriticalSection@4 100060ac     kernel32:KERNEL32.dll
 0002:000000b0       __imp__ReleaseSemaphore@12 100060b0     kernel32:KERNEL32.dll
 0002:000000b4       __imp__SetEvent@4          100060b4     kernel32:KERNEL32.dll
 0002:000000b8       __imp__ResetEvent@4        100060b8     kernel32:KERNEL32.dll
 0002:000000bc       \177KERNEL32_NULL_THUNK_DATA 100060bc     kernel32:KERNEL32.dll
 0002:000000c0       __imp___onexit             100060c0     MSVCRT:MSVCR71.dll
 0002:000000c4       __imp____dllonexit         100060c4     MSVCRT:MSVCR71.dll
 0002:000000c8       __imp___except_handler3    100060c8     MSVCRT:MSVCR71.dll
 0002:000000cc       __imp____CppXcptFilter     100060cc     MSVCRT:MSVCR71.dll
 0002:000000d0       __imp___adjust_fdiv        100060d0     MSVCRT:MSVCR71.dll
 0002:000000d4       __imp___initterm           100060d4     MSVCRT:MSVCR71.dll
 0002:000000d8       __imp__strcmp              100060d8     MSVCRT:MSVCR71.dll
 0002:000000dc       __imp___endthreadex        100060dc     MSVCRT:MSVCR71.dll
 0002:000000e0       __imp___beginthreadex      100060e0     MSVCRT:MSVCR71.dll
 0002:000000e4       __imp__strerror            100060e4     MSVCRT:MSVCR71.dll
 0002:000000e8       __imp__memset              100060e8     MSVCRT:MSVCR71.dll
 0002:000000ec       __imp___setmode            100060ec     MSVCRT:MSVCR71.dll
 0002:000000f0       __imp___control87          100060f0     MSVCRT:MSVCR71.dll
 0002:000000f4       __imp__raise               100060f4     MSVCRT:MSVCR71.dll
 0002:000000f8       __imp__signal              100060f8     MSVCRT:MSVCR71.dll
 0002:000000fc       __imp___stati64            100060fc     MSVCRT:MSVCR71.dll
 0002:00000100       __imp___get_osfhandle      10006100     MSVCRT:MSVCR71.dll
 0002:00000104       __imp___fstati64           10006104     MSVCRT:MSVCR71.dll
 0002:00000108       __imp___lseeki64           10006108     MSVCRT:MSVCR71.dll
 0002:0000010c       __imp___errno              1000610c     MSVCRT:MSVCR71.dll
 0002:00000110       __imp__strcpy              10006110     MSVCRT:MSVCR71.dll
 0002:00000114       __imp__isalpha             10006114     MSVCRT:MSVCR71.dll
 0002:00000118       __imp__calloc              10006118     MSVCRT:MSVCR71.dll
 0002:0000011c       __imp__free                1000611c     MSVCRT:MSVCR71.dll
 0002:00000120       __imp__realloc             10006120     MSVCRT:MSVCR71.dll
 0002:00000124       __imp__malloc              10006124     MSVCRT:MSVCR71.dll
 0002:00000128       __imp___iob                10006128     MSVCRT:MSVCR71.dll
 0002:0000012c       __imp__strncpy             1000612c     MSVCRT:MSVCR71.dll
 0002:00000130       __imp__sprintf             10006130     MSVCRT:MSVCR71.dll
 0002:00000134       __imp__strlen              10006134     MSVCRT:MSVCR71.dll
 0002:00000138       __imp__strdup              10006138     MSVCRT:MSVCR71.dll
 0002:00000138       __imp___strdup             10006138     MSVCRT:MSVCR71.dll
 0002:0000013c       __imp__open                1000613c     MSVCRT:MSVCR71.dll
 0002:0000013c       __imp___open               1000613c     MSVCRT:MSVCR71.dll
 0002:00000140       __imp__read                10006140     MSVCRT:MSVCR71.dll
 0002:00000140       __imp___read               10006140     MSVCRT:MSVCR71.dll
 0002:00000144       __imp__write               10006144     MSVCRT:MSVCR71.dll
 0002:00000144       __imp___write              10006144     MSVCRT:MSVCR71.dll
 0002:00000148       __imp___close              10006148     MSVCRT:MSVCR71.dll
 0002:00000148       __imp__close               10006148     MSVCRT:MSVCR71.dll
 0002:0000014c       \177MSVCR71_NULL_THUNK_DATA 1000614c     MSVCRT:MSVCR71.dll
 0002:000001a0       __load_config_used         100061a0     MSVCRT:loadcfg.obj
 0002:00000260       ___safe_se_handler_table   10006260     <linker-defined>
 0002:00000264       ___rtc_iaa                 10006264     MSVCRT:initsect.obj
 0002:00000268       ___rtc_izz                 10006268     MSVCRT:initsect.obj
 0002:0000026c       ___rtc_taa                 1000626c     MSVCRT:initsect.obj
 0002:00000270       ___rtc_tzz                 10006270     MSVCRT:initsect.obj
 0002:00000274       __IMPORT_DESCRIPTOR_MSVCR71 10006274     MSVCRT:MSVCR71.dll
 0002:00000288       __IMPORT_DESCRIPTOR_KERNEL32 10006288     kernel32:KERNEL32.dll
 0002:0000029c       __NULL_IMPORT_DESCRIPTOR   1000629c     MSVCRT:MSVCR71.dll
 0003:00000000       ___xc_a                    10007000     MSVCRT:cinitexe.obj
 0003:00000004       ___xc_z                    10007004     MSVCRT:cinitexe.obj
 0003:00000008       ___xi_a                    10007008     MSVCRT:cinitexe.obj
 0003:0000000c       ___xi_z                    1000700c     MSVCRT:cinitexe.obj
 0003:00001c60       ___security_cookie         10008c60     MSVCRT:seccook.obj
 0003:00001da8       _ThreadsInitialized        10008da8     threads_md.obj
 0003:00001db8       _logging_level             10008db8     hpi.obj
 0003:00001dbc       _profiler_on               10008dbc     hpi.obj
 0003:00001dc0       _vm_calls                  10008dc0     hpi.obj
 0003:00001dc8       _nReservedBytes            10008dc8     <common>
 0003:00001dcc       __sys_queue_lock           10008dcc     <common>
 0003:00001dd0       __adjust_fdiv              10008dd0     <common>
 0003:00001dd4       ___onexitend               10008dd4     <common>
 0003:00001dd8       ___onexitbegin             10008dd8     <common>
 0003:00001ddc       __pRawDllMain              10008ddc     <common>

 entry point at        0001:00003ff8

 Static symbols

 0001:00000310       _roundUp                   10001310 f   memory_md.obj
 0001:00000590       _roundDown                 10001590 f   memory_md.obj
 0001:000007e0       @sysMonitorEnter2@8        100017e0 f   monitor_md.obj
 0001:00000890       _initializeSemaphore       10001890 f   monitor_md.obj
 0001:00000990       @sysMonitorExit2@8         10001990 f   monitor_md.obj
 0001:00000e50       _dumpWaitingQueue          10001e50 f   monitor_md.obj
 0001:00000ea0       _findWaitersHelper         10001ea0 f   monitor_md.obj
 0001:00001290       _initSockFnTable           10002290 f   socket_md.obj
 0001:00002490       _nonSeekAvailable          10003490 f   sys_api_md.obj
 0001:000024f0       _stdinAvailable            100034f0 f   sys_api_md.obj
 0001:000029a0       _lookupSignal              100039a0 f   system_md.obj
 0001:00002dc0       _RecordNTTIB               10003dc0 f   threads_md.obj
 0001:00002de0       _queueInsert               10003de0 f   threads_md.obj
 0001:00003210       __start@4                  10004210 f   threads_md.obj
 0001:000032f0       _removefromActiveQ         100042f0 f   threads_md.obj
 0001:00003790       _threadSingleHelper        10004790 f   threads_md.obj
 0001:000038c0       _threadMultiHelper         100048c0 f   threads_md.obj
 0001:00003cf0       _GetInterface@12           10004cf0 f   hpi.obj
